data_for_container/data/Revlon Dataset Updated Aug 2019.csv
Channel,Category,Sub Category,Manufacturer,Brand,Revenue,Date,Units,Price,Price Tier
PRESTIGE,FRAGRANCES,MEN,CHANEL INC,CHANEL,6253422,8/1/2017,23,271888,d.$100+
PRESTIGE,FRAGRANCES,MEN,CHANEL INC,CHANEL,8624949,9/1/2017,22,392043,d.$100+
PRESTIGE,FRAGRANCES,MEN,CHANEL INC,CHANEL,6503186,10/1/2017,95,68455,c.$50 - $100
PRESTIGE,FRAGRANCES,MEN,CHANEL INC,CHANEL,9279552,11/1/2017,2,4639776,d.$100+
PRESTIGE,FRAGRANCES,MEN,CHANEL INC,CHANEL,29305447,12/1/2017,75,390739,d.$100+
PRESTIGE,FRAGRANCES,MEN,CHANEL INC,CHANEL,5127128,1/1/2018,65,78879,c.$50 - $100
PRESTIGE,FRAGRANCES,MEN,CHANEL INC,CHANEL,8120185,2/1/2018,82,99027,c.$50 - $100
PRESTIGE,FRAGRANCES,MEN,CHANEL INC,CHANEL,8198990,3/1/2018,80,102487,d.$100+
PRESTIGE,FRAGRANCES,MEN,CHANEL INC,CHANEL,6361967,4/1/2018,82,77585,c.$50 - $100
PRESTIGE,FRAGRANCES,MEN,CHANEL INC,CHANEL,6773304,5/1/2018,82,82601,c.$50 - $100
PRESTIGE,FRAGRANCES,MEN,CHANEL INC,CHANEL,12338043,6/1/2018,20,616902,d.$100+
PRESTIGE,FRAGRANCES,MEN,CHANEL INC,CHANEL,6415385,7/1/2018,76,84413,c.$50 - $100
PRESTIGE,FRAGRANCES,MEN,CHANEL INC,CHANEL,6635031,8/1/2018,23,288480,d.$100+
PRESTIGE,FRAGRANCES,MEN,CHANEL INC,CHANEL,8801054,9/1/2018,14,628647,d.$100+
PRESTIGE,FRAGRANCES,MEN,CHANEL INC,CHANEL,7076090,10/1/2018,100,70761,c.$50 - $100
PRESTIGE,FRAGRANCES,MEN,CHANEL INC,CHANEL,10231631,11/1/2018,35,292332,d.$100+
PRESTIGE,FRAGRANCES,MEN,CHANEL INC,CHANEL,32274189,12/1/2018,38,849321,d.$100+
PRESTIGE,FRAGRANCES,MEN,CHANEL INC,CHANEL,5703917,1/1/2019,35,162969,d.$100+
PRESTIGE,FRAGRANCES,MEN,CHANEL INC,CHANEL,8602298,2/1/2019,19,452753,d.$100+
PRESTIGE,FRAGRANCES,MEN,CHANEL INC,CHANEL,8606572,3/1/2019,89,96703,c.$50 - $100
PRESTIGE,FRAGRANCES,MEN,CHANEL INC,CHANEL,7503353,4/1/2019,51,147125,d.$100+
PRESTIGE,FRAGRANCES,MEN,CHANEL INC,CHANEL,7818642,5/1/2019,15,521243,d.$100+
PRESTIGE,FRAGRANCES,MEN,CHANEL INC,CHANEL,14855403,6/1/2019,14,1061100,d.$100+
PRESTIGE,FRAGRANCES,MEN,CHANEL INC,CHANEL,8073880,7/1/2019,25,322955,d.$100+
PRESTIGE,FRAGRANCES,MEN,CHANEL INC,CHANEL,8286759,8/1/2019,2,4143380,d.$100+
PRESTIGE,FRAGRANCES,WOMEN,CHANEL INC,CHANEL,17512844,8/1/2017,87,201297,d.$100+
PRESTIGE,FRAGRANCES,WOMEN,CHANEL INC,CHANEL,25848532,9/1/2017,99,261096,d.$100+
PRESTIGE,FRAGRANCES,WOMEN,CHANEL INC,CHANEL,19619762,10/1/2017,77,254802,d.$100+
PRESTIGE,FRAGRANCES,WOMEN,CHANEL INC,CHANEL,28991460,11/1/2017,99,292843,d.$100+
PRESTIGE,FRAGRANCES,WOMEN,CHANEL INC,CHANEL,103213992,12/1/2017,48,2150292,d.$100+
PRESTIGE,FRAGRANCES,WOMEN,CHANEL INC,CHANEL,13733659,1/1/2018,49,280279,d.$100+
PRESTIGE,FRAGRANCES,WOMEN,CHANEL INC,CHANEL,21073041,2/1/2018,95,221821,d.$100+
PRESTIGE,FRAGRANCES,WOMEN,CHANEL INC,CHANEL,24168649,3/1/2018,66,366192,d.$100+
PRESTIGE,FRAGRANCES,WOMEN,CHANEL INC,CHANEL,18781937,4/1/2018,82,229048,d.$100+
PRESTIGE,FRAGRANCES,WOMEN,CHANEL INC,CHANEL,30658810,5/1/2018,83,369383,d.$100+
PRESTIGE,FRAGRANCES,WOMEN,CHANEL INC,CHANEL,21175874,6/1/2018,40,529397,d.$100+
PRESTIGE,FRAGRANCES,WOMEN,CHANEL INC,CHANEL,17312520,7/1/2018,0,0,a.less than $25
PRESTIGE,FRAGRANCES,WOMEN,CHANEL INC,CHANEL,17704635,8/1/2018,7,2529234,d.$100+
PRESTIGE,FRAGRANCES,WOMEN,CHANEL INC,CHANEL,31573349,9/1/2018,10,3157335,d.$100+
PRESTIGE,FRAGRANCES,WOMEN,CHANEL INC,CHANEL,21959979,10/1/2018,1,21959979,d.$100+
PRESTIGE,FRAGRANCES,WOMEN,CHANEL INC,CHANEL,32480874,11/1/2018,22,1476403,d.$100+
PRESTIGE,FRAGRANCES,WOMEN,CHANEL INC,CHANEL,114185054,12/1/2018,64,1784141,d.$100+
PRESTIGE,FRAGRANCES,WOMEN,CHANEL INC,CHANEL,15021380,1/1/2019,42,357652,d.$100+
PRESTIGE,FRAGRANCES,WOMEN,CHANEL INC,CHANEL,23181476,2/1/2019,1,23181476,d.$100+
PRESTIGE,FRAGRANCES,WOMEN,CHANEL INC,CHANEL,25757151,3/1/2019,67,384435,d.$100+
PRESTIGE,FRAGRANCES,WOMEN,CHANEL INC,CHANEL,23919402,4/1/2019,50,478388,d.$100+
PRESTIGE,FRAGRANCES,WOMEN,CHANEL INC,CHANEL,31471520,5/1/2019,64,491743,d.$100+
PRESTIGE,FRAGRANCES,WOMEN,CHANEL INC,CHANEL,22720922,6/1/2019,93,244311,d.$100+
PRESTIGE,FRAGRANCES,WOMEN,CHANEL INC,CHANEL,19726528,7/1/2019,30,657551,d.$100+
PRESTIGE,FRAGRANCES,WOMEN,CHANEL INC,CHANEL,20173819,8/1/2019,22,916992,d.$100+
PRESTIGE,MAKEUP,MAKEUP TOTAL ALL OTHER,CHANEL INC,CHANEL,-957,8/1/2017,58,-17,a.less than $25
PRESTIGE,MAKEUP,MAKEUP TOTAL ALL OTHER,CHANEL INC,CHANEL,226,9/1/2017,30,8,a.less than $25
PRESTIGE,MAKEUP,MAKEUP TOTAL ALL OTHER,CHANEL INC,CHANEL,93058,10/1/2017,5,18612,c.$50 - $100
PRESTIGE,MAKEUP,MAKEUP TOTAL ALL OTHER,CHANEL INC,CHANEL,195492,11/1/2017,6,32582,c.$50 - $100
PRESTIGE,MAKEUP,MAKEUP TOTAL ALL OTHER,CHANEL INC,CHANEL,115821,12/1/2017,7,16546,c.$50 - $100
PRESTIGE,MAKEUP,MAKEUP TOTAL ALL OTHER,CHANEL INC,CHANEL,-424,1/1/2018,84,-5,a.less than $25
PRESTIGE,MAKEUP,MAKEUP TOTAL ALL OTHER,CHANEL INC,CHANEL,1682,2/1/2018,51,33,a.less than $25
PRESTIGE,MAKEUP,MAKEUP TOTAL ALL OTHER,CHANEL INC,CHANEL,2675,3/1/2018,94,28,a.less than $25
PRESTIGE,MAKEUP,MAKEUP TOTAL ALL OTHER,CHANEL INC,CHANEL,1146,4/1/2018,82,14,a.less than $25
PRESTIGE,MAKEUP,MAKEUP TOTAL ALL OTHER,CHANEL INC,CHANEL,875,5/1/2018,80,11,a.less than $25
PRESTIGE,MAKEUP,MAKEUP TOTAL ALL OTHER,CHANEL INC,CHANEL,-409,6/1/2018,32,-13,a.less than $25
PRESTIGE,MAKEUP,MAKEUP TOTAL ALL OTHER,CHANEL INC,CHANEL,1000,7/1/2018,7,143,a.less than $25
PRESTIGE,MAKEUP,MAKEUP TOTAL ALL OTHER,CHANEL INC,CHANEL,694,8/1/2018,14,50,a.less than $25
PRESTIGE,MAKEUP,MAKEUP TOTAL ALL OTHER,CHANEL INC,CHANEL,0,9/1/2018,1,0,a.less than $25
PRESTIGE,MAKEUP,MAKEUP TOTAL ALL OTHER,CHANEL INC,CHANEL,-375,10/1/2018,99,-4,a.less than $25
PRESTIGE,MAKEUP,MAKEUP TOTAL ALL OTHER,CHANEL INC,CHANEL,71920,11/1/2018,85,846,a.less than $25
PRESTIGE,MAKEUP,MAKEUP TOTAL ALL OTHER,CHANEL INC,CHANEL,115794,12/1/2018,30,3860,b.$25 - $50
PRESTIGE,MAKEUP,MAKEUP TOTAL ALL OTHER,CHANEL INC,CHANEL,642,1/1/2019,26,25,a.less than $25
PRESTIGE,MAKEUP,MAKEUP TOTAL ALL OTHER,CHANEL INC,CHANEL,63318,2/1/2019,70,905,a.less than $25
PRESTIGE,MAKEUP,MAKEUP TOTAL ALL OTHER,CHANEL INC,CHANEL,147757,3/1/2019,71,2081,a.less than $25
PRESTIGE,MAKEUP,MAKEUP TOTAL ALL OTHER,CHANEL INC,CHANEL,53611,4/1/2019,43,1247,a.less than $25
PRESTIGE,MAKEUP,MAKEUP TOTAL ALL OTHER,CHANEL INC,CHANEL,23060,5/1/2019,41,562,a.less than $25
PRESTIGE,MAKEUP,MAKEUP TOTAL ALL OTHER,CHANEL INC,CHANEL,18630,6/1/2019,61,305,a.less than $25
PRESTIGE,MAKEUP,MAKEUP TOTAL ALL OTHER,CHANEL INC,CHANEL,13768,7/1/2019,97,142,a.less than $25
PRESTIGE,MAKEUP,MAKEUP TOTAL ALL OTHER,CHANEL INC,CHANEL,9131,8/1/2019,96,95,a.less than $25
PRESTIGE,MAKEUP,MAKEUP TOTAL EYE,CHANEL INC,CHANEL,3763488,8/1/2017,56,67205,c.$50 - $100
PRESTIGE,MAKEUP,MAKEUP TOTAL EYE,CHANEL INC,CHANEL,4792032,9/1/2017,79,60659,c.$50 - $100
PRESTIGE,MAKEUP,MAKEUP TOTAL EYE,CHANEL INC,CHANEL,3522312,10/1/2017,92,38286,c.$50 - $100
PRESTIGE,MAKEUP,MAKEUP TOTAL EYE,CHANEL INC,CHANEL,4930837,11/1/2017,21,234802,d.$100+
PRESTIGE,MAKEUP,MAKEUP TOTAL EYE,CHANEL INC,CHANEL,6299986,12/1/2017,6,1049998,d.$100+
PRESTIGE,MAKEUP,MAKEUP TOTAL EYE,CHANEL INC,CHANEL,3132009,1/1/2018,81,38667,c.$50 - $100
PRESTIGE,MAKEUP,MAKEUP TOTAL EYE,CHANEL INC,CHANEL,3390861,2/1/2018,34,99731,c.$50 - $100
PRESTIGE,MAKEUP,MAKEUP TOTAL EYE,CHANEL INC,CHANEL,4684615,3/1/2018,61,76797,c.$50 - $100
PRESTIGE,MAKEUP,MAKEUP TOTAL EYE,CHANEL INC,CHANEL,3443298,4/1/2018,81,42510,c.$50 - $100
PRESTIGE,MAKEUP,MAKEUP TOTAL EYE,CHANEL INC,CHANEL,4911075,5/1/2018,2,2455538,d.$100+
PRESTIGE,MAKEUP,MAKEUP TOTAL EYE,CHANEL INC,CHANEL,4971817,6/1/2018,20,248591,d.$100+
PRESTIGE,MAKEUP,MAKEUP TOTAL EYE,CHANEL INC,CHANEL,3346821,7/1/2018,68,49218,c.$50 - $100
PRESTIGE,MAKEUP,MAKEUP TOTAL EYE,CHANEL INC,CHANEL,3251351,8/1/2018,32,101605,d.$100+
PRESTIGE,MAKEUP,MAKEUP TOTAL EYE,CHANEL INC,CHANEL,5026176,9/1/2018,13,386629,d.$100+
PRESTIGE,MAKEUP,MAKEUP TOTAL EYE,CHANEL INC,CHANEL,3523004,10/1/2018,86,40965,c.$50 - $100
PRESTIGE,MAKEUP,MAKEUP TOTAL EYE,CHANEL INC,CHANEL,5015874,11/1/2018,73,68711,c.$50 - $100
PRESTIGE,MAKEUP,MAKEUP TOTAL EYE,CHANEL INC,CHANEL,6438309,12/1/2018,51,126241,d.$100+
PRESTIGE,MAKEUP,MAKEUP TOTAL EYE,CHANEL INC,CHANEL,3215705,1/1/2019,8,401963,d.$100+
PRESTIGE,MAKEUP,MAKEUP TOTAL EYE,CHANEL INC,CHANEL,3504371,2/1/2019,14,250312,d.$100+
PRESTIGE,MAKEUP,MAKEUP TOTAL EYE,CHANEL INC,CHANEL,4835600,3/1/2019,64,75556,c.$50 - $100
PRESTIGE,MAKEUP,MAKEUP TOTAL EYE,CHANEL INC,CHANEL,4011774,4/1/2019,16,250736,d.$100+
PRESTIGE,MAKEUP,MAKEUP TOTAL EYE,CHANEL INC,CHANEL,4791586,5/1/2019,78,61431,c.$50 - $100
PRESTIGE,MAKEUP,MAKEUP TOTAL EYE,CHANEL INC,CHANEL,4465142,6/1/2019,48,93024,c.$50 - $100
PRESTIGE,MAKEUP,MAKEUP TOTAL EYE,CHANEL INC,CHANEL,3760337,7/1/2019,54,69636,c.$50 - $100
PRESTIGE,MAKEUP,MAKEUP TOTAL EYE,CHANEL INC,CHANEL,3568663,8/1/2019,30,118955,d.$100+
PRESTIGE,MAKEUP,MAKEUP TOTAL FACE,CHANEL INC,CHANEL,5192224,8/1/2017,23,225749,d.$100+
PRESTIGE,MAKEUP,MAKEUP TOTAL FACE,CHANEL INC,CHANEL,8548540,9/1/2017,91,93940,c.$50 - $100
PRESTIGE,MAKEUP,MAKEUP TOTAL FACE,CHANEL INC,CHANEL,6011432,10/1/2017,96,62619,c.$50 - $100
PRESTIGE,MAKEUP,MAKEUP TOTAL FACE,CHANEL INC,CHANEL,6521522,11/1/2017,48,135865,d.$100+
PRESTIGE,MAKEUP,MAKEUP TOTAL FACE,CHANEL INC,CHANEL,9693386,12/1/2017,22,440608,d.$100+
PRESTIGE,MAKEUP,MAKEUP TOTAL FACE,CHANEL INC,CHANEL,5302382,1/1/2018,24,220933,d.$100+
PRESTIGE,MAKEUP,MAKEUP TOTAL FACE,CHANEL INC,CHANEL,5572808,2/1/2018,2,2786404,d.$100+
PRESTIGE,MAKEUP,MAKEUP TOTAL FACE,CHANEL INC,CHANEL,8060871,3/1/2018,34,237084,d.$100+
PRESTIGE,MAKEUP,MAKEUP TOTAL FACE,CHANEL INC,CHANEL,5809558,4/1/2018,100,58096,c.$50 - $100
PRESTIGE,MAKEUP,MAKEUP TOTAL FACE,CHANEL INC,CHANEL,6016800,5/1/2018,16,376050,d.$100+
PRESTIGE,MAKEUP,MAKEUP TOTAL FACE,CHANEL INC,CHANEL,7106290,6/1/2018,71,100089,d.$100+
PRESTIGE,MAKEUP,MAKEUP TOTAL FACE,CHANEL INC,CHANEL,5724521,7/1/2018,7,817789,d.$100+
PRESTIGE,MAKEUP,MAKEUP TOTAL FACE,CHANEL INC,CHANEL,5339749,8/1/2018,36,148326,d.$100+
PRESTIGE,MAKEUP,MAKEUP TOTAL FACE,CHANEL INC,CHANEL,7713450,9/1/2018,99,77914,c.$50 - $100
PRESTIGE,MAKEUP,MAKEUP TOTAL FACE,CHANEL INC,CHANEL,5708400,10/1/2018,81,70474,c.$50 - $100
PRESTIGE,MAKEUP,MAKEUP TOTAL FACE,CHANEL INC,CHANEL,6190212,11/1/2018,18,343901,d.$100+
PRESTIGE,MAKEUP,MAKEUP TOTAL FACE,CHANEL INC,CHANEL,9206934,12/1/2018,15,613796,d.$100+
PRESTIGE,MAKEUP,MAKEUP TOTAL FACE,CHANEL INC,CHANEL,4761466,1/1/2019,87,54729,c.$50 - $100
PRESTIGE,MAKEUP,MAKEUP TOTAL FACE,CHANEL INC,CHANEL,5221579,2/1/2019,75,69621,c.$50 - $100
PRESTIGE,MAKEUP,MAKEUP TOTAL FACE,CHANEL INC,CHANEL,7726289,3/1/2019,59,130954,d.$100+
PRESTIGE,MAKEUP,MAKEUP TOTAL FACE,CHANEL INC,CHANEL,6451208,4/1/2019,45,143360,d.$100+
PRESTIGE,MAKEUP,MAKEUP TOTAL FACE,CHANEL INC,CHANEL,5752818,5/1/2019,98,58702,c.$50 - $100
PRESTIGE,MAKEUP,MAKEUP TOTAL FACE,CHANEL INC,CHANEL,6410661,6/1/2019,18,356148,d.$100+
PRESTIGE,MAKEUP,MAKEUP TOTAL FACE,CHANEL INC,CHANEL,5066690,7/1/2019,77,65801,c.$50 - $100
PRESTIGE,MAKEUP,MAKEUP TOTAL FACE,CHANEL INC,CHANEL,4772233,8/1/2019,58,82280,c.$50 - $100
PRESTIGE,MAKEUP,MAKEUP TOTAL LIP,CHANEL INC,CHANEL,3050499,8/1/2017,75,40673,c.$50 - $100
PRESTIGE,MAKEUP,MAKEUP TOTAL LIP,CHANEL INC,CHANEL,4518748,9/1/2017,68,66452,c.$50 - $100
PRESTIGE,MAKEUP,MAKEUP TOTAL LIP,CHANEL INC,CHANEL,3776869,10/1/2017,98,38539,c.$50 - $100
PRESTIGE,MAKEUP,MAKEUP TOTAL LIP,CHANEL INC,CHANEL,3914785,11/1/2017,23,170208,d.$100+
PRESTIGE,MAKEUP,MAKEUP TOTAL LIP,CHANEL INC,CHANEL,6536157,12/1/2017,65,100556,d.$100+
PRESTIGE,MAKEUP,MAKEUP TOTAL LIP,CHANEL INC,CHANEL,2918099,1/1/2018,77,37897,c.$50 - $100
PRESTIGE,MAKEUP,MAKEUP TOTAL LIP,CHANEL INC,CHANEL,3578263,2/1/2018,14,255590,d.$100+
PRESTIGE,MAKEUP,MAKEUP TOTAL LIP,CHANEL INC,CHANEL,5061813,3/1/2018,52,97343,c.$50 - $100
PRESTIGE,MAKEUP,MAKEUP TOTAL LIP,CHANEL INC,CHANEL,3549847,4/1/2018,31,114511,d.$100+
PRESTIGE,MAKEUP,MAKEUP TOTAL LIP,CHANEL INC,CHANEL,3657893,5/1/2018,81,45159,c.$50 - $100
PRESTIGE,MAKEUP,MAKEUP TOTAL LIP,CHANEL INC,CHANEL,3691324,6/1/2018,92,40123,c.$50 - $100
PRESTIGE,MAKEUP,MAKEUP TOTAL LIP,CHANEL INC,CHANEL,2695901,7/1/2018,16,168494,d.$100+
PRESTIGE,MAKEUP,MAKEUP TOTAL LIP,CHANEL INC,CHANEL,2587326,8/1/2018,90,28748,c.$50 - $100
PRESTIGE,MAKEUP,MAKEUP TOTAL LIP,CHANEL INC,CHANEL,3813376,9/1/2018,0,0,a.less than $25
PRESTIGE,MAKEUP,MAKEUP TOTAL LIP,CHANEL INC,CHANEL,2962676,10/1/2018,72,41148,c.$50 - $100
PRESTIGE,MAKEUP,MAKEUP TOTAL LIP,CHANEL INC,CHANEL,3523148,11/1/2018,47,74961,c.$50 - $100
PRESTIGE,MAKEUP,MAKEUP TOTAL LIP,CHANEL INC,CHANEL,5731075,12/1/2018,88,65126,c.$50 - $100
PRESTIGE,MAKEUP,MAKEUP TOTAL LIP,CHANEL INC,CHANEL,2517734,1/1/2019,84,29973,c.$50 - $100
PRESTIGE,MAKEUP,MAKEUP TOTAL LIP,CHANEL INC,CHANEL,2946150,2/1/2019,15,196410,d.$100+
PRESTIGE,MAKEUP,MAKEUP TOTAL LIP,CHANEL INC,CHANEL,4103300,3/1/2019,42,97698,c.$50 - $100
PRESTIGE,MAKEUP,MAKEUP TOTAL LIP,CHANEL INC,CHANEL,3321226,4/1/2019,90,36903,c.$50 - $100
PRESTIGE,MAKEUP,MAKEUP TOTAL LIP,CHANEL INC,CHANEL,2977052,5/1/2019,69,43146,c.$50 - $100
PRESTIGE,MAKEUP,MAKEUP TOTAL LIP,CHANEL INC,CHANEL,3129367,6/1/2019,93,33649,c.$50 - $100
PRESTIGE,MAKEUP,MAKEUP TOTAL LIP,CHANEL INC,CHANEL,2603265,7/1/2019,10,260327,d.$100+
PRESTIGE,MAKEUP,MAKEUP TOTAL LIP,CHANEL INC,CHANEL,2885943,8/1/2019,59,48914,c.$50 - $100
PRESTIGE,MAKEUP,MAKEUP TOTAL NAIL,CHANEL INC,CHANEL,265180,8/1/2017,51,5200,c.$50 - $100
PRESTIGE,MAKEUP,MAKEUP TOTAL NAIL,CHANEL INC,CHANEL,344548,9/1/2017,98,3516,b.$25 - $50
PRESTIGE,MAKEUP,MAKEUP TOTAL NAIL,CHANEL INC,CHANEL,263329,10/1/2017,24,10972,c.$50 - $100
PRESTIGE,MAKEUP,MAKEUP TOTAL NAIL,CHANEL INC,CHANEL,280066,11/1/2017,40,7002,c.$50 - $100
PRESTIGE,MAKEUP,MAKEUP TOTAL NAIL,CHANEL INC,CHANEL,564587,12/1/2017,6,94098,c.$50 - $100
PRESTIGE,MAKEUP,MAKEUP TOTAL NAIL,CHANEL INC,CHANEL,216881,1/1/2018,72,3012,b.$25 - $50
PRESTIGE,MAKEUP,MAKEUP TOTAL NAIL,CHANEL INC,CHANEL,238582,2/1/2018,44,5422,c.$50 - $100
PRESTIGE,MAKEUP,MAKEUP TOTAL NAIL,CHANEL INC,CHANEL,335238,3/1/2018,24,13968,c.$50 - $100
PRESTIGE,MAKEUP,MAKEUP TOTAL NAIL,CHANEL INC,CHANEL,268895,4/1/2018,40,6722,c.$50 - $100
PRESTIGE,MAKEUP,MAKEUP TOTAL NAIL,CHANEL INC,CHANEL,293173,5/1/2018,22,13326,c.$50 - $100
PRESTIGE,MAKEUP,MAKEUP TOTAL NAIL,CHANEL INC,CHANEL,310079,6/1/2018,48,6460,c.$50 - $100
PRESTIGE,MAKEUP,MAKEUP TOTAL NAIL,CHANEL INC,CHANEL,213851,7/1/2018,70,3055,b.$25 - $50
PRESTIGE,MAKEUP,MAKEUP TOTAL NAIL,CHANEL INC,CHANEL,190266,8/1/2018,55,3459,b.$25 - $50
PRESTIGE,MAKEUP,MAKEUP TOTAL NAIL,CHANEL INC,CHANEL,334471,9/1/2018,81,4129,b.$25 - $50
PRESTIGE,MAKEUP,MAKEUP TOTAL NAIL,CHANEL INC,CHANEL,235821,10/1/2018,31,7607,c.$50 - $100
PRESTIGE,MAKEUP,MAKEUP TOTAL NAIL,CHANEL INC,CHANEL,279648,11/1/2018,29,9643,c.$50 - $100
PRESTIGE,MAKEUP,MAKEUP TOTAL NAIL,CHANEL INC,CHANEL,494004,12/1/2018,86,5744,c.$50 - $100
PRESTIGE,MAKEUP,MAKEUP TOTAL NAIL,CHANEL INC,CHANEL,223763,1/1/2019,17,13163,c.$50 - $100
PRESTIGE,MAKEUP,MAKEUP TOTAL NAIL,CHANEL INC,CHANEL,272873,2/1/2019,77,3544,b.$25 - $50
PRESTIGE,MAKEUP,MAKEUP TOTAL NAIL,CHANEL INC,CHANEL,365492,3/1/2019,14,26107,c.$50 - $100
PRESTIGE,MAKEUP,MAKEUP TOTAL NAIL,CHANEL INC,CHANEL,273392,4/1/2019,62,4410,b.$25 - $50
PRESTIGE,MAKEUP,MAKEUP TOTAL NAIL,CHANEL INC,CHANEL,285888,5/1/2019,64,4467,b.$25 - $50
PRESTIGE,MAKEUP,MAKEUP TOTAL NAIL,CHANEL INC,CHANEL,334671,6/1/2019,39,8581,c.$50 - $100
PRESTIGE,MAKEUP,MAKEUP TOTAL NAIL,CHANEL INC,CHANEL,235157,7/1/2019,28,8398,c.$50 - $100
PRESTIGE,MAKEUP,MAKEUP TOTAL NAIL,CHANEL INC,CHANEL,236833,8/1/2019,53,4469,b.$25 - $50
PRESTIGE,MAKEUP,MAKEUP TOTAL SETS,CHANEL INC,CHANEL,97821,8/1/2017,60,1630,a.less than $25
PRESTIGE,MAKEUP,MAKEUP TOTAL SETS,CHANEL INC,CHANEL,39032,9/1/2017,52,751,a.less than $25
PRESTIGE,MAKEUP,MAKEUP TOTAL SETS,CHANEL INC,CHANEL,274919,10/1/2017,40,6873,c.$50 - $100
PRESTIGE,MAKEUP,MAKEUP TOTAL SETS,CHANEL INC,CHANEL,639365,11/1/2017,67,9543,c.$50 - $100
PRESTIGE,MAKEUP,MAKEUP TOTAL SETS,CHANEL INC,CHANEL,913839,12/1/2017,89,10268,c.$50 - $100
PRESTIGE,MAKEUP,MAKEUP TOTAL SETS,CHANEL INC,CHANEL,10104,1/1/2018,38,266,a.less than $25
PRESTIGE,MAKEUP,MAKEUP TOTAL SETS,CHANEL INC,CHANEL,24466,2/1/2018,96,255,a.less than $25
PRESTIGE,MAKEUP,MAKEUP TOTAL SETS,CHANEL INC,CHANEL,17138,3/1/2018,10,1714,a.less than $25
PRESTIGE,MAKEUP,MAKEUP TOTAL SETS,CHANEL INC,CHANEL,6622,4/1/2018,18,368,a.less than $25
PRESTIGE,MAKEUP,MAKEUP TOTAL SETS,CHANEL INC,CHANEL,5715,5/1/2018,90,64,a.less than $25
PRESTIGE,MAKEUP,MAKEUP TOTAL SETS,CHANEL INC,CHANEL,2352,6/1/2018,76,31,a.less than $25
PRESTIGE,MAKEUP,MAKEUP TOTAL SETS,CHANEL INC,CHANEL,371005,7/1/2018,79,4696,b.$25 - $50
PRESTIGE,MAKEUP,MAKEUP TOTAL SETS,CHANEL INC,CHANEL,66971,8/1/2018,5,13394,c.$50 - $100
PRESTIGE,MAKEUP,MAKEUP TOTAL SETS,CHANEL INC,CHANEL,26086,9/1/2018,12,2174,a.less than $25
PRESTIGE,MAKEUP,MAKEUP TOTAL SETS,CHANEL INC,CHANEL,27800,10/1/2018,95,293,a.less than $25
PRESTIGE,MAKEUP,MAKEUP TOTAL SETS,CHANEL INC,CHANEL,530896,11/1/2018,81,6554,c.$50 - $100
PRESTIGE,MAKEUP,MAKEUP TOTAL SETS,CHANEL INC,CHANEL,1486453,12/1/2018,20,74323,c.$50 - $100
PRESTIGE,MAKEUP,MAKEUP TOTAL SETS,CHANEL INC,CHANEL,27026,1/1/2019,93,291,a.less than $25
PRESTIGE,MAKEUP,MAKEUP TOTAL SETS,CHANEL INC,CHANEL,38117,2/1/2019,2,19059,c.$50 - $100
PRESTIGE,MAKEUP,MAKEUP TOTAL SETS,CHANEL INC,CHANEL,43522,3/1/2019,69,631,a.less than $25
PRESTIGE,MAKEUP,MAKEUP TOTAL SETS,CHANEL INC,CHANEL,27278,4/1/2019,93,293,a.less than $25
PRESTIGE,MAKEUP,MAKEUP TOTAL SETS,CHANEL INC,CHANEL,21113,5/1/2019,2,10557,c.$50 - $100
PRESTIGE,MAKEUP,MAKEUP TOTAL SETS,CHANEL INC,CHANEL,13696,6/1/2019,17,806,a.less than $25
PRESTIGE,MAKEUP,MAKEUP TOTAL SETS,CHANEL INC,CHANEL,339408,7/1/2019,24,14142,c.$50 - $100
PRESTIGE,MAKEUP,MAKEUP TOTAL SETS,CHANEL INC,CHANEL,39402,8/1/2019,15,2627,b.$25 - $50
