data_for_container/data/Revlon Dataset Updated Aug 2019.csv
Channel,Category,Sub Category,Manufacturer,Brand,Revenue,Date,Units,Price,Price Tier
PRESTIGE,SKINCARE,SKINCARE TOTAL BODY,CHANEL INC,CHANEL,10255,8/1/2017,71,144,a.less than $25
PRESTIGE,SKINCARE,SKINCARE TOTAL BODY,CHANEL INC,CHANEL,18260,9/1/2017,94,194,a.less than $25
PRESTIGE,SKINCARE,SKINCARE TOTAL BODY,CHANEL INC,CHANEL,12779,10/1/2017,98,130,a.less than $25
PRESTIGE,SKINCARE,SKINCARE TOTAL BODY,CHANEL INC,CHANEL,17593,11/1/2017,84,209,a.less than $25
PRESTIGE,SKINCARE,SKINCARE TOTAL BODY,CHANEL INC,CHANEL,50703,12/1/2017,78,650,a.less than $25
PRESTIGE,SKINCARE,SKINCARE TOTAL BODY,CHANEL INC,CHANEL,12433,1/1/2018,96,130,a.less than $25
PRESTIGE,SKINCARE,SKINCARE TOTAL BODY,CHANEL INC,CHANEL,16457,2/1/2018,27,610,a.less than $25
PRESTIGE,SKINCARE,SKINCARE TOTAL BODY,CHANEL INC,CHANEL,23115,3/1/2018,89,260,a.less than $25
PRESTIGE,SKINCARE,SKINCARE TOTAL BODY,CHANEL INC,CHANEL,14714,4/1/2018,66,223,a.less than $25
PRESTIGE,SKINCARE,SKINCARE TOTAL BODY,CHANEL INC,CHANEL,18896,5/1/2018,79,239,a.less than $25
PRESTIGE,SKINCARE,SKINCARE TOTAL BODY,CHANEL INC,CHANEL,15998,6/1/2018,4,4000,b.$25 - $50
PRESTIGE,SKINCARE,SKINCARE TOTAL BODY,CHANEL INC,CHANEL,11922,7/1/2018,60,199,a.less than $25
PRESTIGE,SKINCARE,SKINCARE TOTAL BODY,CHANEL INC,CHANEL,11217,8/1/2018,83,135,a.less than $25
PRESTIGE,SKINCARE,SKINCARE TOTAL BODY,CHANEL INC,CHANEL,28449,9/1/2018,37,769,a.less than $25
PRESTIGE,SKINCARE,SKINCARE TOTAL BODY,CHANEL INC,CHANEL,94131,10/1/2018,54,1743,a.less than $25
PRESTIGE,SKINCARE,SKINCARE TOTAL BODY,CHANEL INC,CHANEL,139152,11/1/2018,21,6626,c.$50 - $100
PRESTIGE,SKINCARE,SKINCARE TOTAL BODY,CHANEL INC,CHANEL,234065,12/1/2018,10,23407,c.$50 - $100
PRESTIGE,SKINCARE,SKINCARE TOTAL BODY,CHANEL INC,CHANEL,62339,1/1/2019,49,1272,a.less than $25
PRESTIGE,SKINCARE,SKINCARE TOTAL BODY,CHANEL INC,CHANEL,67350,2/1/2019,5,13470,c.$50 - $100
PRESTIGE,SKINCARE,SKINCARE TOTAL BODY,CHANEL INC,CHANEL,83136,3/1/2019,15,5542,c.$50 - $100
PRESTIGE,SKINCARE,SKINCARE TOTAL BODY,CHANEL INC,CHANEL,75359,4/1/2019,27,2791,b.$25 - $50
PRESTIGE,SKINCARE,SKINCARE TOTAL BODY,CHANEL INC,CHANEL,80570,5/1/2019,18,4476,b.$25 - $50
PRESTIGE,SKINCARE,SKINCARE TOTAL BODY,CHANEL INC,CHANEL,99011,6/1/2019,62,1597,a.less than $25
PRESTIGE,SKINCARE,SKINCARE TOTAL BODY,CHANEL INC,CHANEL,71496,7/1/2019,8,8937,c.$50 - $100
PRESTIGE,SKINCARE,SKINCARE TOTAL BODY,CHANEL INC,CHANEL,70280,8/1/2019,70,1004,a.less than $25
PRESTIGE,SKINCARE,SKINCARE TOTAL FACE,CHANEL INC,CHANEL,5306821,8/1/2017,42,126353,d.$100+
PRESTIGE,SKINCARE,SKINCARE TOTAL FACE,CHANEL INC,CHANEL,8078371,9/1/2017,97,83282,c.$50 - $100
PRESTIGE,SKINCARE,SKINCARE TOTAL FACE,CHANEL INC,CHANEL,5522088,10/1/2017,91,60682,c.$50 - $100
PRESTIGE,SKINCARE,SKINCARE TOTAL FACE,CHANEL INC,CHANEL,6759863,11/1/2017,57,118594,d.$100+
PRESTIGE,SKINCARE,SKINCARE TOTAL FACE,CHANEL INC,CHANEL,10332439,12/1/2017,53,194952,d.$100+
PRESTIGE,SKINCARE,SKINCARE TOTAL FACE,CHANEL INC,CHANEL,5050109,1/1/2018,42,120241,d.$100+
PRESTIGE,SKINCARE,SKINCARE TOTAL FACE,CHANEL INC,CHANEL,5790335,2/1/2018,70,82719,c.$50 - $100
PRESTIGE,SKINCARE,SKINCARE TOTAL FACE,CHANEL INC,CHANEL,9249761,3/1/2018,55,168177,d.$100+
PRESTIGE,SKINCARE,SKINCARE TOTAL FACE,CHANEL INC,CHANEL,6031670,4/1/2018,67,90025,c.$50 - $100
PRESTIGE,SKINCARE,SKINCARE TOTAL FACE,CHANEL INC,CHANEL,6172040,5/1/2018,14,440860,d.$100+
PRESTIGE,SKINCARE,SKINCARE TOTAL FACE,CHANEL INC,CHANEL,7010687,6/1/2018,86,81520,c.$50 - $100
PRESTIGE,SKINCARE,SKINCARE TOTAL FACE,CHANEL INC,CHANEL,5256851,7/1/2018,78,67396,c.$50 - $100
PRESTIGE,SKINCARE,SKINCARE TOTAL FACE,CHANEL INC,CHANEL,4872930,8/1/2018,6,812155,d.$100+
PRESTIGE,SKINCARE,SKINCARE TOTAL FACE,CHANEL INC,CHANEL,7845782,9/1/2018,50,156916,d.$100+
PRESTIGE,SKINCARE,SKINCARE TOTAL FACE,CHANEL INC,CHANEL,5541533,10/1/2018,75,73887,c.$50 - $100
PRESTIGE,SKINCARE,SKINCARE TOTAL FACE,CHANEL INC,CHANEL,6446262,11/1/2018,60,107438,d.$100+
PRESTIGE,SKINCARE,SKINCARE TOTAL FACE,CHANEL INC,CHANEL,10978227,12/1/2018,93,118045,d.$100+
PRESTIGE,SKINCARE,SKINCARE TOTAL FACE,CHANEL INC,CHANEL,5100311,1/1/2019,75,68004,c.$50 - $100
PRESTIGE,SKINCARE,SKINCARE TOTAL FACE,CHANEL INC,CHANEL,5377071,2/1/2019,86,62524,c.$50 - $100
PRESTIGE,SKINCARE,SKINCARE TOTAL FACE,CHANEL INC,CHANEL,8783023,3/1/2019,43,204256,d.$100+
PRESTIGE,SKINCARE,SKINCARE TOTAL FACE,CHANEL INC,CHANEL,7103328,4/1/2019,68,104461,d.$100+
PRESTIGE,SKINCARE,SKINCARE TOTAL FACE,CHANEL INC,CHANEL,5197836,5/1/2019,6,866306,d.$100+
PRESTIGE,SKINCARE,SKINCARE TOTAL FACE,CHANEL INC,CHANEL,6530506,6/1/2019,79,82665,c.$50 - $100
PRESTIGE,SKINCARE,SKINCARE TOTAL FACE,CHANEL INC,CHANEL,5312540,7/1/2019,20,265627,d.$100+
PRESTIGE,SKINCARE,SKINCARE TOTAL FACE,CHANEL INC,CHANEL,5067425,8/1/2019,91,55686,c.$50 - $100
PRESTIGE,SKINCARE,SKINCARE TOTAL SETS & KITS,CHANEL INC,CHANEL,48754,8/1/2017,49,995,a.less than $25
PRESTIGE,SKINCARE,SKINCARE TOTAL SETS & KITS,CHANEL INC,CHANEL,63714,9/1/2017,27,2360,a.less than $25
PRESTIGE,SKINCARE,SKINCARE TOTAL SETS & KITS,CHANEL INC,CHANEL,41358,10/1/2017,37,1118,a.less than $25
PRESTIGE,SKINCARE,SKINCARE TOTAL SETS & KITS,CHANEL INC,CHANEL,140573,11/1/2017,86,1635,a.less than $25
PRESTIGE,SKINCARE,SKINCARE TOTAL SETS & KITS,CHANEL INC,CHANEL,199627,12/1/2017,43,4642,b.$25 - $50
PRESTIGE,SKINCARE,SKINCARE TOTAL SETS & KITS,CHANEL INC,CHANEL,55464,1/1/2018,9,6163,c.$50 - $100
PRESTIGE,SKINCARE,SKINCARE TOTAL SETS & KITS,CHANEL INC,CHANEL,47073,2/1/2018,7,6725,c.$50 - $100
PRESTIGE,SKINCARE,SKINCARE TOTAL SETS & KITS,CHANEL INC,CHANEL,84677,3/1/2018,79,1072,a.less than $25
PRESTIGE,SKINCARE,SKINCARE TOTAL SETS & KITS,CHANEL INC,CHANEL,81608,4/1/2018,44,1855,a.less than $25
PRESTIGE,SKINCARE,SKINCARE TOTAL SETS & KITS,CHANEL INC,CHANEL,142434,5/1/2018,17,8378,c.$50 - $100
PRESTIGE,SKINCARE,SKINCARE TOTAL SETS & KITS,CHANEL INC,CHANEL,117159,6/1/2018,20,5858,c.$50 - $100
PRESTIGE,SKINCARE,SKINCARE TOTAL SETS & KITS,CHANEL INC,CHANEL,93265,7/1/2018,19,4909,b.$25 - $50
PRESTIGE,SKINCARE,SKINCARE TOTAL SETS & KITS,CHANEL INC,CHANEL,78704,8/1/2018,4,19676,c.$50 - $100
PRESTIGE,SKINCARE,SKINCARE TOTAL SETS & KITS,CHANEL INC,CHANEL,235745,9/1/2018,27,8731,c.$50 - $100
PRESTIGE,SKINCARE,SKINCARE TOTAL SETS & KITS,CHANEL INC,CHANEL,156037,10/1/2018,84,1858,a.less than $25
PRESTIGE,SKINCARE,SKINCARE TOTAL SETS & KITS,CHANEL INC,CHANEL,167424,11/1/2018,17,9848,c.$50 - $100
PRESTIGE,SKINCARE,SKINCARE TOTAL SETS & KITS,CHANEL INC,CHANEL,227891,12/1/2018,24,9495,c.$50 - $100
PRESTIGE,SKINCARE,SKINCARE TOTAL SETS & KITS,CHANEL INC,CHANEL,63299,1/1/2019,80,791,a.less than $25
PRESTIGE,SKINCARE,SKINCARE TOTAL SETS & KITS,CHANEL INC,CHANEL,55596,2/1/2019,46,1209,a.less than $25
PRESTIGE,SKINCARE,SKINCARE TOTAL SETS & KITS,CHANEL INC,CHANEL,87781,3/1/2019,6,14630,c.$50 - $100
PRESTIGE,SKINCARE,SKINCARE TOTAL SETS & KITS,CHANEL INC,CHANEL,58183,4/1/2019,20,2909,b.$25 - $50
PRESTIGE,SKINCARE,SKINCARE TOTAL SETS & KITS,CHANEL INC,CHANEL,49818,5/1/2019,22,2264,a.less than $25
PRESTIGE,SKINCARE,SKINCARE TOTAL SETS & KITS,CHANEL INC,CHANEL,53692,6/1/2019,91,590,a.less than $25
PRESTIGE,SKINCARE,SKINCARE TOTAL SETS & KITS,CHANEL INC,CHANEL,59604,7/1/2019,25,2384,a.less than $25
PRESTIGE,SKINCARE,SKINCARE TOTAL SETS & KITS,CHANEL INC,CHANEL,45225,8/1/2019,80,565,a.less than $25
PRESTIGE,SKINCARE,SKINCARE TOTAL SUN,CHANEL INC,CHANEL,117054,8/1/2017,79,1482,a.less than $25
PRESTIGE,SKINCARE,SKINCARE TOTAL SUN,CHANEL INC,CHANEL,132698,9/1/2017,8,16587,c.$50 - $100
PRESTIGE,SKINCARE,SKINCARE TOTAL SUN,CHANEL INC,CHANEL,75495,10/1/2017,39,1936,a.less than $25
PRESTIGE,SKINCARE,SKINCARE TOTAL SUN,CHANEL INC,CHANEL,90031,11/1/2017,8,11254,c.$50 - $100
PRESTIGE,SKINCARE,SKINCARE TOTAL SUN,CHANEL INC,CHANEL,118966,12/1/2017,63,1888,a.less than $25
PRESTIGE,SKINCARE,SKINCARE TOTAL SUN,CHANEL INC,CHANEL,53422,1/1/2018,15,3561,b.$25 - $50
PRESTIGE,SKINCARE,SKINCARE TOTAL SUN,CHANEL INC,CHANEL,75124,2/1/2018,51,1473,a.less than $25
PRESTIGE,SKINCARE,SKINCARE TOTAL SUN,CHANEL INC,CHANEL,149303,3/1/2018,51,2928,b.$25 - $50
PRESTIGE,SKINCARE,SKINCARE TOTAL SUN,CHANEL INC,CHANEL,124363,4/1/2018,3,41454,c.$50 - $100
PRESTIGE,SKINCARE,SKINCARE TOTAL SUN,CHANEL INC,CHANEL,146576,5/1/2018,69,2124,a.less than $25
PRESTIGE,SKINCARE,SKINCARE TOTAL SUN,CHANEL INC,CHANEL,169881,6/1/2018,65,2614,b.$25 - $50
PRESTIGE,SKINCARE,SKINCARE TOTAL SUN,CHANEL INC,CHANEL,119198,7/1/2018,64,1862,a.less than $25
PRESTIGE,SKINCARE,SKINCARE TOTAL SUN,CHANEL INC,CHANEL,93568,8/1/2018,78,1200,a.less than $25
PRESTIGE,SKINCARE,SKINCARE TOTAL SUN,CHANEL INC,CHANEL,123699,9/1/2018,41,3017,b.$25 - $50
PRESTIGE,SKINCARE,SKINCARE TOTAL SUN,CHANEL INC,CHANEL,73651,10/1/2018,68,1083,a.less than $25
PRESTIGE,SKINCARE,SKINCARE TOTAL SUN,CHANEL INC,CHANEL,83776,11/1/2018,7,11968,c.$50 - $100
PRESTIGE,SKINCARE,SKINCARE TOTAL SUN,CHANEL INC,CHANEL,128972,12/1/2018,45,2866,b.$25 - $50
PRESTIGE,SKINCARE,SKINCARE TOTAL SUN,CHANEL INC,CHANEL,60004,1/1/2019,100,600,a.less than $25
PRESTIGE,SKINCARE,SKINCARE TOTAL SUN,CHANEL INC,CHANEL,69510,2/1/2019,28,2483,a.less than $25
PRESTIGE,SKINCARE,SKINCARE TOTAL SUN,CHANEL INC,CHANEL,134792,3/1/2019,50,2696,b.$25 - $50
PRESTIGE,SKINCARE,SKINCARE TOTAL SUN,CHANEL INC,CHANEL,121094,4/1/2019,17,7123,c.$50 - $100
PRESTIGE,SKINCARE,SKINCARE TOTAL SUN,CHANEL INC,CHANEL,165774,5/1/2019,47,3527,b.$25 - $50
PRESTIGE,SKINCARE,SKINCARE TOTAL SUN,CHANEL INC,CHANEL,232716,6/1/2019,7,33245,c.$50 - $100
PRESTIGE,SKINCARE,SKINCARE TOTAL SUN,CHANEL INC,CHANEL,139126,7/1/2019,16,8695,c.$50 - $100
PRESTIGE,SKINCARE,SKINCARE TOTAL SUN,CHANEL INC,CHANEL,105882,8/1/2019,2,52941,c.$50 - $100
MASS,FRAG MASS,MEN,ESTEE LAUDER INC,CLINIQUE,19505.953,8/1/2017,81,241,a.less than $25
MASS,FRAG MASS,MEN,ESTEE LAUDER INC,CLINIQUE,18289.696,9/1/2017,55,333,a.less than $25
MASS,FRAG MASS,MEN,ESTEE LAUDER INC,CLINIQUE,26153.09,10/1/2017,10,2615,b.$25 - $50
MASS,FRAG MASS,MEN,ESTEE LAUDER INC,CLINIQUE,28574.78,11/1/2017,5,5715,c.$50 - $100
MASS,FRAG MASS,MEN,ESTEE LAUDER INC,CLINIQUE,39013.6,12/1/2017,74,527,a.less than $25
MASS,FRAG MASS,MEN,ESTEE LAUDER INC,CLINIQUE,6987.67,1/1/2018,47,149,a.less than $25
MASS,FRAG MASS,MEN,ESTEE LAUDER INC,CLINIQUE,13528.95,2/1/2018,8,1691,a.less than $25
MASS,FRAG MASS,MEN,ESTEE LAUDER INC,CLINIQUE,18922.994,3/1/2018,8,2365,a.less than $25
MASS,FRAG MASS,MEN,ESTEE LAUDER INC,CLINIQUE,11575.64,4/1/2018,99,117,a.less than $25
MASS,FRAG MASS,MEN,ESTEE LAUDER INC,CLINIQUE,43857.174,5/1/2018,22,1994,a.less than $25
MASS,FRAG MASS,MEN,ESTEE LAUDER INC,CLINIQUE,46905.35,6/1/2018,67,700,a.less than $25
MASS,FRAG MASS,MEN,ESTEE LAUDER INC,CLINIQUE,35034.914,7/1/2018,44,796,a.less than $25
MASS,FRAG MASS,MEN,ESTEE LAUDER INC,CLINIQUE,39176.327,8/1/2018,64,612,a.less than $25
MASS,FRAG MASS,MEN,ESTEE LAUDER INC,CLINIQUE,47019.94,9/1/2018,39,1206,a.less than $25
MASS,FRAG MASS,MEN,ESTEE LAUDER INC,CLINIQUE,45919.661,10/1/2018,8,5740,c.$50 - $100
MASS,FRAG MASS,MEN,ESTEE LAUDER INC,CLINIQUE,50466.029,11/1/2018,46,1097,a.less than $25
MASS,FRAG MASS,MEN,ESTEE LAUDER INC,CLINIQUE,143549.284,12/1/2018,70,2051,a.less than $25
MASS,FRAG MASS,MEN,ESTEE LAUDER INC,CLINIQUE,44945.006,1/1/2019,78,576,a.less than $25
MASS,FRAG MASS,MEN,ESTEE LAUDER INC,CLINIQUE,51920.776,2/1/2019,71,731,a.less than $25
MASS,FRAG MASS,MEN,ESTEE LAUDER INC,CLINIQUE,60703.37,3/1/2019,11,5518,c.$50 - $100
MASS,FRAG MASS,MEN,ESTEE LAUDER INC,CLINIQUE,46562.21,4/1/2019,83,561,a.less than $25
MASS,FRAG MASS,MEN,ESTEE LAUDER INC,CLINIQUE,45918.97,5/1/2019,58,792,a.less than $25
MASS,FRAG MASS,MEN,ESTEE LAUDER INC,CLINIQUE,69363.8,6/1/2019,16,4335,b.$25 - $50
MASS,FRAG MASS,MEN,ESTEE LAUDER INC,CLINIQUE,43662.35,7/1/2019,29,1506,a.less than $25
MASS,FRAG MASS,MEN,ESTEE LAUDER INC,CLINIQUE,45281.93,8/1/2019,27,1677,a.less than $25
MASS,FRAG MASS,WOMEN,ESTEE LAUDER INC,CLINIQUE,89478.354,8/1/2017,37,2418,a.less than $25
MASS,FRAG MASS,WOMEN,ESTEE LAUDER INC,CLINIQUE,118490.287,9/1/2017,59,2008,a.less than $25
MASS,FRAG MASS,WOMEN,ESTEE LAUDER INC,CLINIQUE,101354.594,10/1/2017,49,2068,a.less than $25
MASS,FRAG MASS,WOMEN,ESTEE LAUDER INC,CLINIQUE,105589.368,11/1/2017,93,1135,a.less than $25
MASS,FRAG MASS,WOMEN,ESTEE LAUDER INC,CLINIQUE,367679.616,12/1/2017,21,17509,c.$50 - $100
MASS,FRAG MASS,WOMEN,ESTEE LAUDER INC,CLINIQUE,64723.251,1/1/2018,73,887,a.less than $25
MASS,FRAG MASS,WOMEN,ESTEE LAUDER INC,CLINIQUE,122547.736,2/1/2018,66,1857,a.less than $25
MASS,FRAG MASS,WOMEN,ESTEE LAUDER INC,CLINIQUE,120640.584,3/1/2018,1,120641,d.$100+
MASS,FRAG MASS,WOMEN,ESTEE LAUDER INC,CLINIQUE,92137.782,4/1/2018,57,1616,a.less than $25
MASS,FRAG MASS,WOMEN,ESTEE LAUDER INC,CLINIQUE,137435.111,5/1/2018,90,1527,a.less than $25
MASS,FRAG MASS,WOMEN,ESTEE LAUDER INC,CLINIQUE,125550.337,6/1/2018,37,3393,b.$25 - $50
MASS,FRAG MASS,WOMEN,ESTEE LAUDER INC,CLINIQUE,86356.742,7/1/2018,60,1439,a.less than $25
MASS,FRAG MASS,WOMEN,ESTEE LAUDER INC,CLINIQUE,101942.929,8/1/2018,54,1888,a.less than $25
MASS,FRAG MASS,WOMEN,ESTEE LAUDER INC,CLINIQUE,105691.58,9/1/2018,91,1161,a.less than $25
MASS,FRAG MASS,WOMEN,ESTEE LAUDER INC,CLINIQUE,92611.129,10/1/2018,88,1052,a.less than $25
MASS,FRAG MASS,WOMEN,ESTEE LAUDER INC,CLINIQUE,93750.477,11/1/2018,24,3906,b.$25 - $50
MASS,FRAG MASS,WOMEN,ESTEE LAUDER INC,CLINIQUE,356320.446,12/1/2018,80,4454,b.$25 - $50
MASS,FRAG MASS,WOMEN,ESTEE LAUDER INC,CLINIQUE,84887.887,1/1/2019,49,1732,a.less than $25
MASS,FRAG MASS,WOMEN,ESTEE LAUDER INC,CLINIQUE,135227.404,2/1/2019,72,1878,a.less than $25
MASS,FRAG MASS,WOMEN,ESTEE LAUDER INC,CLINIQUE,151755.617,3/1/2019,74,2051,a.less than $25
MASS,FRAG MASS,WOMEN,ESTEE LAUDER INC,CLINIQUE,117778.06,4/1/2019,66,1785,a.less than $25
MASS,FRAG MASS,WOMEN,ESTEE LAUDER INC,CLINIQUE,202644.529,5/1/2019,62,3268,b.$25 - $50
MASS,FRAG MASS,WOMEN,ESTEE LAUDER INC,CLINIQUE,144972.893,6/1/2019,92,1576,a.less than $25
MASS,FRAG MASS,WOMEN,ESTEE LAUDER INC,CLINIQUE,115183.097,7/1/2019,70,1645,a.less than $25
MASS,FRAG MASS,WOMEN,ESTEE LAUDER INC,CLINIQUE,126857.03,8/1/2019,55,2306,a.less than $25
PRESTIGE,FRAGRANCES,MEN,ESTEE LAUDER INC,CLINIQUE,300667,8/1/2017,92,3268,b.$25 - $50
PRESTIGE,FRAGRANCES,MEN,ESTEE LAUDER INC,CLINIQUE,390850,9/1/2017,64,6107,c.$50 - $100
PRESTIGE,FRAGRANCES,MEN,ESTEE LAUDER INC,CLINIQUE,323332,10/1/2017,81,3992,b.$25 - $50
PRESTIGE,FRAGRANCES,MEN,ESTEE LAUDER INC,CLINIQUE,422737,11/1/2017,71,5954,c.$50 - $100
PRESTIGE,FRAGRANCES,MEN,ESTEE LAUDER INC,CLINIQUE,1294501,12/1/2017,31,41758,c.$50 - $100
PRESTIGE,FRAGRANCES,MEN,ESTEE LAUDER INC,CLINIQUE,192875,1/1/2018,75,2572,b.$25 - $50
PRESTIGE,FRAGRANCES,MEN,ESTEE LAUDER INC,CLINIQUE,336627,2/1/2018,44,7651,c.$50 - $100
PRESTIGE,FRAGRANCES,MEN,ESTEE LAUDER INC,CLINIQUE,353913,3/1/2018,30,11797,c.$50 - $100
PRESTIGE,FRAGRANCES,MEN,ESTEE LAUDER INC,CLINIQUE,267851,4/1/2018,20,13393,c.$50 - $100
PRESTIGE,FRAGRANCES,MEN,ESTEE LAUDER INC,CLINIQUE,254172,5/1/2018,28,9078,c.$50 - $100
PRESTIGE,FRAGRANCES,MEN,ESTEE LAUDER INC,CLINIQUE,403952,6/1/2018,18,22442,c.$50 - $100
PRESTIGE,FRAGRANCES,MEN,ESTEE LAUDER INC,CLINIQUE,243648,7/1/2018,67,3637,b.$25 - $50
PRESTIGE,FRAGRANCES,MEN,ESTEE LAUDER INC,CLINIQUE,288839,8/1/2018,35,8253,c.$50 - $100
PRESTIGE,FRAGRANCES,MEN,ESTEE LAUDER INC,CLINIQUE,379414,9/1/2018,29,13083,c.$50 - $100
PRESTIGE,FRAGRANCES,MEN,ESTEE LAUDER INC,CLINIQUE,327312,10/1/2018,23,14231,c.$50 - $100
PRESTIGE,FRAGRANCES,MEN,ESTEE LAUDER INC,CLINIQUE,449067,11/1/2018,19,23635,c.$50 - $100
PRESTIGE,FRAGRANCES,MEN,ESTEE LAUDER INC,CLINIQUE,1366894,12/1/2018,90,15188,c.$50 - $100
PRESTIGE,FRAGRANCES,MEN,ESTEE LAUDER INC,CLINIQUE,207550,1/1/2019,82,2531,b.$25 - $50
PRESTIGE,FRAGRANCES,MEN,ESTEE LAUDER INC,CLINIQUE,342769,2/1/2019,44,7790,c.$50 - $100
PRESTIGE,FRAGRANCES,MEN,ESTEE LAUDER INC,CLINIQUE,338982,3/1/2019,56,6053,c.$50 - $100
PRESTIGE,FRAGRANCES,MEN,ESTEE LAUDER INC,CLINIQUE,232621,4/1/2019,97,2398,a.less than $25
PRESTIGE,FRAGRANCES,MEN,ESTEE LAUDER INC,CLINIQUE,230790,5/1/2019,82,2815,b.$25 - $50
PRESTIGE,FRAGRANCES,MEN,ESTEE LAUDER INC,CLINIQUE,418291,6/1/2019,13,32176,c.$50 - $100
PRESTIGE,FRAGRANCES,MEN,ESTEE LAUDER INC,CLINIQUE,251384,7/1/2019,37,6794,c.$50 - $100
PRESTIGE,FRAGRANCES,MEN,ESTEE LAUDER INC,CLINIQUE,269698,8/1/2019,34,7932,c.$50 - $100
