data_for_container/data/Revlon Dataset Updated Aug 2019.csv
Channel,Category,Sub Category,Manufacturer,Brand,Revenue,Date,Units,Price,Price Tier
PRESTIGE,FRAGRANCES,WOMEN,ESTEE LAUDER INC,CLINIQUE,3430166,8/1/2017,26,131929,d.$100+
PRESTIGE,FRAGRANCES,WOMEN,ESTEE LAUDER INC,CLINIQUE,5000567,9/1/2017,69,72472,c.$50 - $100
PRESTIGE,FRAGRANCES,WOMEN,ESTEE LAUDER INC,CLINIQUE,4109155,10/1/2017,72,57072,c.$50 - $100
PRESTIGE,FRAGRANCES,WOMEN,ESTEE LAUDER INC,CLINIQUE,6238226,11/1/2017,24,259926,d.$100+
PRESTIGE,FRAGRANCES,WOMEN,ESTEE LAUDER INC,CLINIQUE,16566527,12/1/2017,46,360142,d.$100+
PRESTIGE,FRAGRANCES,WOMEN,ESTEE LAUDER INC,CLINIQUE,2111093,1/1/2018,74,28528,c.$50 - $100
PRESTIGE,FRAGRANCES,WOMEN,ESTEE LAUDER INC,CLINIQUE,3531337,2/1/2018,34,103863,d.$100+
PRESTIGE,FRAGRANCES,WOMEN,ESTEE LAUDER INC,CLINIQUE,4441374,3/1/2018,99,44862,c.$50 - $100
PRESTIGE,FRAGRANCES,WOMEN,ESTEE LAUDER INC,CLINIQUE,4033144,4/1/2018,67,60196,c.$50 - $100
PRESTIGE,FRAGRANCES,WOMEN,ESTEE LAUDER INC,CLINIQUE,4385243,5/1/2018,86,50991,c.$50 - $100
PRESTIGE,FRAGRANCES,WOMEN,ESTEE LAUDER INC,CLINIQUE,3473036,6/1/2018,22,157865,d.$100+
PRESTIGE,FRAGRANCES,WOMEN,ESTEE LAUDER INC,CLINIQUE,2596690,7/1/2018,47,55249,c.$50 - $100
PRESTIGE,FRAGRANCES,WOMEN,ESTEE LAUDER INC,CLINIQUE,3379725,8/1/2018,18,187763,d.$100+
PRESTIGE,FRAGRANCES,WOMEN,ESTEE LAUDER INC,CLINIQUE,4489658,9/1/2018,52,86340,c.$50 - $100
PRESTIGE,FRAGRANCES,WOMEN,ESTEE LAUDER INC,CLINIQUE,4004636,10/1/2018,44,91014,c.$50 - $100
PRESTIGE,FRAGRANCES,WOMEN,ESTEE LAUDER INC,CLINIQUE,6369865,11/1/2018,59,107964,d.$100+
PRESTIGE,FRAGRANCES,WOMEN,ESTEE LAUDER INC,CLINIQUE,17403918,12/1/2018,2,8701959,d.$100+
PRESTIGE,FRAGRANCES,WOMEN,ESTEE LAUDER INC,CLINIQUE,2178792,1/1/2019,43,50670,c.$50 - $100
PRESTIGE,FRAGRANCES,WOMEN,ESTEE LAUDER INC,CLINIQUE,3551623,2/1/2019,10,355162,d.$100+
PRESTIGE,FRAGRANCES,WOMEN,ESTEE LAUDER INC,CLINIQUE,4965049,3/1/2019,15,331003,d.$100+
PRESTIGE,FRAGRANCES,WOMEN,ESTEE LAUDER INC,CLINIQUE,3849160,4/1/2019,96,40095,c.$50 - $100
PRESTIGE,FRAGRANCES,WOMEN,ESTEE LAUDER INC,CLINIQUE,3990804,5/1/2019,30,133027,d.$100+
PRESTIGE,FRAGRANCES,WOMEN,ESTEE LAUDER INC,CLINIQUE,3279018,6/1/2019,50,65580,c.$50 - $100
PRESTIGE,FRAGRANCES,WOMEN,ESTEE LAUDER INC,CLINIQUE,2992668,7/1/2019,11,272061,d.$100+
PRESTIGE,FRAGRANCES,WOMEN,ESTEE LAUDER INC,CLINIQUE,3562565,8/1/2019,31,114921,d.$100+
PRESTIGE,HAIR CARE,HAIR SPRAY,ESTEE LAUDER INC,CLINIQUE,63204,8/1/2017,93,680,a.less than $25
PRESTIGE,HAIR CARE,HAIR SPRAY,ESTEE LAUDER INC,CLINIQUE,78000,9/1/2017,93,839,a.less than $25
PRESTIGE,HAIR CARE,HAIR SPRAY,ESTEE LAUDER INC,CLINIQUE,45670,10/1/2017,64,714,a.less than $25
PRESTIGE,HAIR CARE,HAIR SPRAY,ESTEE LAUDER INC,CLINIQUE,44198,11/1/2017,86,514,a.less than $25
PRESTIGE,HAIR CARE,HAIR SPRAY,ESTEE LAUDER INC,CLINIQUE,63321,12/1/2017,60,1055,a.less than $25
PRESTIGE,HAIR CARE,HAIR SPRAY,ESTEE LAUDER INC,CLINIQUE,36584,1/1/2018,0,0,a.less than $25
PRESTIGE,HAIR CARE,HAIR SPRAY,ESTEE LAUDER INC,CLINIQUE,54673,2/1/2018,6,9112,c.$50 - $100
PRESTIGE,HAIR CARE,HAIR SPRAY,ESTEE LAUDER INC,CLINIQUE,80307,3/1/2018,15,5354,c.$50 - $100
PRESTIGE,HAIR CARE,HAIR SPRAY,ESTEE LAUDER INC,CLINIQUE,50260,4/1/2018,69,728,a.less than $25
PRESTIGE,HAIR CARE,HAIR SPRAY,ESTEE LAUDER INC,CLINIQUE,39286,5/1/2018,53,741,a.less than $25
PRESTIGE,HAIR CARE,HAIR SPRAY,ESTEE LAUDER INC,CLINIQUE,53821,6/1/2018,37,1455,a.less than $25
PRESTIGE,HAIR CARE,HAIR SPRAY,ESTEE LAUDER INC,CLINIQUE,37264,7/1/2018,24,1553,a.less than $25
PRESTIGE,HAIR CARE,HAIR SPRAY,ESTEE LAUDER INC,CLINIQUE,54284,8/1/2018,42,1292,a.less than $25
PRESTIGE,HAIR CARE,HAIR SPRAY,ESTEE LAUDER INC,CLINIQUE,71771,9/1/2018,3,23924,c.$50 - $100
PRESTIGE,HAIR CARE,HAIR SPRAY,ESTEE LAUDER INC,CLINIQUE,47424,10/1/2018,15,3162,b.$25 - $50
PRESTIGE,HAIR CARE,HAIR SPRAY,ESTEE LAUDER INC,CLINIQUE,41726,11/1/2018,96,435,a.less than $25
PRESTIGE,HAIR CARE,HAIR SPRAY,ESTEE LAUDER INC,CLINIQUE,58400,12/1/2018,56,1043,a.less than $25
PRESTIGE,HAIR CARE,HAIR SPRAY,ESTEE LAUDER INC,CLINIQUE,34956,1/1/2019,36,971,a.less than $25
PRESTIGE,HAIR CARE,HAIR SPRAY,ESTEE LAUDER INC,CLINIQUE,52187,2/1/2019,31,1683,a.less than $25
PRESTIGE,HAIR CARE,HAIR SPRAY,ESTEE LAUDER INC,CLINIQUE,77943,3/1/2019,5,15589,c.$50 - $100
PRESTIGE,HAIR CARE,HAIR SPRAY,ESTEE LAUDER INC,CLINIQUE,45469,4/1/2019,81,561,a.less than $25
PRESTIGE,HAIR CARE,HAIR SPRAY,ESTEE LAUDER INC,CLINIQUE,37930,5/1/2019,63,602,a.less than $25
PRESTIGE,HAIR CARE,HAIR SPRAY,ESTEE LAUDER INC,CLINIQUE,46517,6/1/2019,0,0,a.less than $25
PRESTIGE,HAIR CARE,HAIR SPRAY,ESTEE LAUDER INC,CLINIQUE,36341,7/1/2019,18,2019,a.less than $25
PRESTIGE,HAIR CARE,HAIR SPRAY,ESTEE LAUDER INC,CLINIQUE,42178,8/1/2019,93,454,a.less than $25
PRESTIGE,MAKEUP,MAKEUP TOTAL ALL OTHER,ESTEE LAUDER INC,CLINIQUE,22653,8/1/2017,35,647,a.less than $25
PRESTIGE,MAKEUP,MAKEUP TOTAL ALL OTHER,ESTEE LAUDER INC,CLINIQUE,30140,9/1/2017,85,355,a.less than $25
PRESTIGE,MAKEUP,MAKEUP TOTAL ALL OTHER,ESTEE LAUDER INC,CLINIQUE,22669,10/1/2017,68,333,a.less than $25
PRESTIGE,MAKEUP,MAKEUP TOTAL ALL OTHER,ESTEE LAUDER INC,CLINIQUE,19581,11/1/2017,5,3916,b.$25 - $50
PRESTIGE,MAKEUP,MAKEUP TOTAL ALL OTHER,ESTEE LAUDER INC,CLINIQUE,30319,12/1/2017,99,306,a.less than $25
PRESTIGE,MAKEUP,MAKEUP TOTAL ALL OTHER,ESTEE LAUDER INC,CLINIQUE,12375,1/1/2018,4,3094,b.$25 - $50
PRESTIGE,MAKEUP,MAKEUP TOTAL ALL OTHER,ESTEE LAUDER INC,CLINIQUE,14149,2/1/2018,96,147,a.less than $25
PRESTIGE,MAKEUP,MAKEUP TOTAL ALL OTHER,ESTEE LAUDER INC,CLINIQUE,20572,3/1/2018,8,2572,b.$25 - $50
PRESTIGE,MAKEUP,MAKEUP TOTAL ALL OTHER,ESTEE LAUDER INC,CLINIQUE,61047,4/1/2018,82,744,a.less than $25
PRESTIGE,MAKEUP,MAKEUP TOTAL ALL OTHER,ESTEE LAUDER INC,CLINIQUE,53727,5/1/2018,29,1853,a.less than $25
PRESTIGE,MAKEUP,MAKEUP TOTAL ALL OTHER,ESTEE LAUDER INC,CLINIQUE,47831,6/1/2018,87,550,a.less than $25
PRESTIGE,MAKEUP,MAKEUP TOTAL ALL OTHER,ESTEE LAUDER INC,CLINIQUE,30551,7/1/2018,45,679,a.less than $25
PRESTIGE,MAKEUP,MAKEUP TOTAL ALL OTHER,ESTEE LAUDER INC,CLINIQUE,36851,8/1/2018,11,3350,b.$25 - $50
PRESTIGE,MAKEUP,MAKEUP TOTAL ALL OTHER,ESTEE LAUDER INC,CLINIQUE,13613,9/1/2018,87,156,a.less than $25
PRESTIGE,MAKEUP,MAKEUP TOTAL ALL OTHER,ESTEE LAUDER INC,CLINIQUE,12006,10/1/2018,78,154,a.less than $25
PRESTIGE,MAKEUP,MAKEUP TOTAL ALL OTHER,ESTEE LAUDER INC,CLINIQUE,20893,11/1/2018,61,343,a.less than $25
PRESTIGE,MAKEUP,MAKEUP TOTAL ALL OTHER,ESTEE LAUDER INC,CLINIQUE,23165,12/1/2018,8,2896,b.$25 - $50
PRESTIGE,MAKEUP,MAKEUP TOTAL ALL OTHER,ESTEE LAUDER INC,CLINIQUE,16230,1/1/2019,52,312,a.less than $25
PRESTIGE,MAKEUP,MAKEUP TOTAL ALL OTHER,ESTEE LAUDER INC,CLINIQUE,12236,2/1/2019,76,161,a.less than $25
PRESTIGE,MAKEUP,MAKEUP TOTAL ALL OTHER,ESTEE LAUDER INC,CLINIQUE,15167,3/1/2019,79,192,a.less than $25
PRESTIGE,MAKEUP,MAKEUP TOTAL ALL OTHER,ESTEE LAUDER INC,CLINIQUE,15538,4/1/2019,20,777,a.less than $25
PRESTIGE,MAKEUP,MAKEUP TOTAL ALL OTHER,ESTEE LAUDER INC,CLINIQUE,14696,5/1/2019,3,4899,b.$25 - $50
PRESTIGE,MAKEUP,MAKEUP TOTAL ALL OTHER,ESTEE LAUDER INC,CLINIQUE,17716,6/1/2019,53,334,a.less than $25
PRESTIGE,MAKEUP,MAKEUP TOTAL ALL OTHER,ESTEE LAUDER INC,CLINIQUE,12003,7/1/2019,91,132,a.less than $25
PRESTIGE,MAKEUP,MAKEUP TOTAL ALL OTHER,ESTEE LAUDER INC,CLINIQUE,8387,8/1/2019,36,233,a.less than $25
PRESTIGE,MAKEUP,MAKEUP TOTAL EYE,ESTEE LAUDER INC,CLINIQUE,13613615,8/1/2017,28,486201,d.$100+
PRESTIGE,MAKEUP,MAKEUP TOTAL EYE,ESTEE LAUDER INC,CLINIQUE,16978117,9/1/2017,4,4244529,d.$100+
PRESTIGE,MAKEUP,MAKEUP TOTAL EYE,ESTEE LAUDER INC,CLINIQUE,11860980,10/1/2017,39,304128,d.$100+
PRESTIGE,MAKEUP,MAKEUP TOTAL EYE,ESTEE LAUDER INC,CLINIQUE,11675335,11/1/2017,26,449051,d.$100+
PRESTIGE,MAKEUP,MAKEUP TOTAL EYE,ESTEE LAUDER INC,CLINIQUE,17234492,12/1/2017,75,229793,d.$100+
PRESTIGE,MAKEUP,MAKEUP TOTAL EYE,ESTEE LAUDER INC,CLINIQUE,8707037,1/1/2018,98,88847,c.$50 - $100
PRESTIGE,MAKEUP,MAKEUP TOTAL EYE,ESTEE LAUDER INC,CLINIQUE,13076069,2/1/2018,55,237747,d.$100+
PRESTIGE,MAKEUP,MAKEUP TOTAL EYE,ESTEE LAUDER INC,CLINIQUE,16946873,3/1/2018,99,171181,d.$100+
PRESTIGE,MAKEUP,MAKEUP TOTAL EYE,ESTEE LAUDER INC,CLINIQUE,12036035,4/1/2018,50,240721,d.$100+
PRESTIGE,MAKEUP,MAKEUP TOTAL EYE,ESTEE LAUDER INC,CLINIQUE,9544620,5/1/2018,85,112290,d.$100+
PRESTIGE,MAKEUP,MAKEUP TOTAL EYE,ESTEE LAUDER INC,CLINIQUE,12055099,6/1/2018,5,2411020,d.$100+
PRESTIGE,MAKEUP,MAKEUP TOTAL EYE,ESTEE LAUDER INC,CLINIQUE,9176284,7/1/2018,11,834208,d.$100+
PRESTIGE,MAKEUP,MAKEUP TOTAL EYE,ESTEE LAUDER INC,CLINIQUE,12610897,8/1/2018,68,185454,d.$100+
PRESTIGE,MAKEUP,MAKEUP TOTAL EYE,ESTEE LAUDER INC,CLINIQUE,15820363,9/1/2018,11,1438215,d.$100+
PRESTIGE,MAKEUP,MAKEUP TOTAL EYE,ESTEE LAUDER INC,CLINIQUE,11703315,10/1/2018,26,450128,d.$100+
PRESTIGE,MAKEUP,MAKEUP TOTAL EYE,ESTEE LAUDER INC,CLINIQUE,11202554,11/1/2018,74,151386,d.$100+
PRESTIGE,MAKEUP,MAKEUP TOTAL EYE,ESTEE LAUDER INC,CLINIQUE,17205982,12/1/2018,79,217797,d.$100+
PRESTIGE,MAKEUP,MAKEUP TOTAL EYE,ESTEE LAUDER INC,CLINIQUE,8872998,1/1/2019,41,216415,d.$100+
PRESTIGE,MAKEUP,MAKEUP TOTAL EYE,ESTEE LAUDER INC,CLINIQUE,12423529,2/1/2019,65,191131,d.$100+
PRESTIGE,MAKEUP,MAKEUP TOTAL EYE,ESTEE LAUDER INC,CLINIQUE,17295812,3/1/2019,12,1441318,d.$100+
PRESTIGE,MAKEUP,MAKEUP TOTAL EYE,ESTEE LAUDER INC,CLINIQUE,10836605,4/1/2019,67,161740,d.$100+
PRESTIGE,MAKEUP,MAKEUP TOTAL EYE,ESTEE LAUDER INC,CLINIQUE,8967393,5/1/2019,40,224185,d.$100+
PRESTIGE,MAKEUP,MAKEUP TOTAL EYE,ESTEE LAUDER INC,CLINIQUE,10863288,6/1/2019,22,493786,d.$100+
PRESTIGE,MAKEUP,MAKEUP TOTAL EYE,ESTEE LAUDER INC,CLINIQUE,8641700,7/1/2019,28,308632,d.$100+
PRESTIGE,MAKEUP,MAKEUP TOTAL EYE,ESTEE LAUDER INC,CLINIQUE,10282043,8/1/2019,99,103859,d.$100+
PRESTIGE,MAKEUP,MAKEUP TOTAL FACE,ESTEE LAUDER INC,CLINIQUE,26240433,8/1/2017,94,279154,d.$100+
PRESTIGE,MAKEUP,MAKEUP TOTAL FACE,ESTEE LAUDER INC,CLINIQUE,32917027,9/1/2017,31,1061840,d.$100+
PRESTIGE,MAKEUP,MAKEUP TOTAL FACE,ESTEE LAUDER INC,CLINIQUE,24411744,10/1/2017,90,271242,d.$100+
PRESTIGE,MAKEUP,MAKEUP TOTAL FACE,ESTEE LAUDER INC,CLINIQUE,21610659,11/1/2017,43,502573,d.$100+
PRESTIGE,MAKEUP,MAKEUP TOTAL FACE,ESTEE LAUDER INC,CLINIQUE,30697801,12/1/2017,33,930236,d.$100+
PRESTIGE,MAKEUP,MAKEUP TOTAL FACE,ESTEE LAUDER INC,CLINIQUE,17820523,1/1/2018,12,1485044,d.$100+
PRESTIGE,MAKEUP,MAKEUP TOTAL FACE,ESTEE LAUDER INC,CLINIQUE,26517175,2/1/2018,73,363249,d.$100+
PRESTIGE,MAKEUP,MAKEUP TOTAL FACE,ESTEE LAUDER INC,CLINIQUE,34829486,3/1/2018,38,916565,d.$100+
PRESTIGE,MAKEUP,MAKEUP TOTAL FACE,ESTEE LAUDER INC,CLINIQUE,25042259,4/1/2018,79,316991,d.$100+
PRESTIGE,MAKEUP,MAKEUP TOTAL FACE,ESTEE LAUDER INC,CLINIQUE,19507798,5/1/2018,7,2786828,d.$100+
PRESTIGE,MAKEUP,MAKEUP TOTAL FACE,ESTEE LAUDER INC,CLINIQUE,23856006,6/1/2018,39,611692,d.$100+
PRESTIGE,MAKEUP,MAKEUP TOTAL FACE,ESTEE LAUDER INC,CLINIQUE,18474751,7/1/2018,24,769781,d.$100+
PRESTIGE,MAKEUP,MAKEUP TOTAL FACE,ESTEE LAUDER INC,CLINIQUE,25684522,8/1/2018,99,259440,d.$100+
PRESTIGE,MAKEUP,MAKEUP TOTAL FACE,ESTEE LAUDER INC,CLINIQUE,31601902,9/1/2018,74,427053,d.$100+
PRESTIGE,MAKEUP,MAKEUP TOTAL FACE,ESTEE LAUDER INC,CLINIQUE,24265703,10/1/2018,46,527515,d.$100+
PRESTIGE,MAKEUP,MAKEUP TOTAL FACE,ESTEE LAUDER INC,CLINIQUE,22032907,11/1/2018,21,1049186,d.$100+
PRESTIGE,MAKEUP,MAKEUP TOTAL FACE,ESTEE LAUDER INC,CLINIQUE,30942919,12/1/2018,48,644644,d.$100+
PRESTIGE,MAKEUP,MAKEUP TOTAL FACE,ESTEE LAUDER INC,CLINIQUE,17821027,1/1/2019,15,1188068,d.$100+
PRESTIGE,MAKEUP,MAKEUP TOTAL FACE,ESTEE LAUDER INC,CLINIQUE,25600772,2/1/2019,37,691913,d.$100+
PRESTIGE,MAKEUP,MAKEUP TOTAL FACE,ESTEE LAUDER INC,CLINIQUE,36217997,3/1/2019,42,862333,d.$100+
PRESTIGE,MAKEUP,MAKEUP TOTAL FACE,ESTEE LAUDER INC,CLINIQUE,23402978,4/1/2019,7,3343283,d.$100+
PRESTIGE,MAKEUP,MAKEUP TOTAL FACE,ESTEE LAUDER INC,CLINIQUE,19411770,5/1/2019,29,669371,d.$100+
PRESTIGE,MAKEUP,MAKEUP TOTAL FACE,ESTEE LAUDER INC,CLINIQUE,22754572,6/1/2019,97,234583,d.$100+
PRESTIGE,MAKEUP,MAKEUP TOTAL FACE,ESTEE LAUDER INC,CLINIQUE,18676933,7/1/2019,51,366214,d.$100+
PRESTIGE,MAKEUP,MAKEUP TOTAL FACE,ESTEE LAUDER INC,CLINIQUE,21811931,8/1/2019,4,5452983,d.$100+
PRESTIGE,MAKEUP,MAKEUP TOTAL LIP,ESTEE LAUDER INC,CLINIQUE,5871011,8/1/2017,29,202449,d.$100+
PRESTIGE,MAKEUP,MAKEUP TOTAL LIP,ESTEE LAUDER INC,CLINIQUE,8314040,9/1/2017,54,153964,d.$100+
PRESTIGE,MAKEUP,MAKEUP TOTAL LIP,ESTEE LAUDER INC,CLINIQUE,6117105,10/1/2017,97,63063,c.$50 - $100
PRESTIGE,MAKEUP,MAKEUP TOTAL LIP,ESTEE LAUDER INC,CLINIQUE,5265975,11/1/2017,88,59841,c.$50 - $100
PRESTIGE,MAKEUP,MAKEUP TOTAL LIP,ESTEE LAUDER INC,CLINIQUE,8209587,12/1/2017,25,328383,d.$100+
PRESTIGE,MAKEUP,MAKEUP TOTAL LIP,ESTEE LAUDER INC,CLINIQUE,3984648,1/1/2018,56,71154,c.$50 - $100
PRESTIGE,MAKEUP,MAKEUP TOTAL LIP,ESTEE LAUDER INC,CLINIQUE,6177136,2/1/2018,65,95033,c.$50 - $100
PRESTIGE,MAKEUP,MAKEUP TOTAL LIP,ESTEE LAUDER INC,CLINIQUE,8025141,3/1/2018,53,151418,d.$100+
PRESTIGE,MAKEUP,MAKEUP TOTAL LIP,ESTEE LAUDER INC,CLINIQUE,6228425,4/1/2018,82,75956,c.$50 - $100
PRESTIGE,MAKEUP,MAKEUP TOTAL LIP,ESTEE LAUDER INC,CLINIQUE,4748338,5/1/2018,50,94967,c.$50 - $100
PRESTIGE,MAKEUP,MAKEUP TOTAL LIP,ESTEE LAUDER INC,CLINIQUE,5644771,6/1/2018,30,188159,d.$100+
PRESTIGE,MAKEUP,MAKEUP TOTAL LIP,ESTEE LAUDER INC,CLINIQUE,4183618,7/1/2018,42,99610,c.$50 - $100
PRESTIGE,MAKEUP,MAKEUP TOTAL LIP,ESTEE LAUDER INC,CLINIQUE,5397100,8/1/2018,99,54516,c.$50 - $100
PRESTIGE,MAKEUP,MAKEUP TOTAL LIP,ESTEE LAUDER INC,CLINIQUE,6807950,9/1/2018,78,87281,c.$50 - $100
PRESTIGE,MAKEUP,MAKEUP TOTAL LIP,ESTEE LAUDER INC,CLINIQUE,5276275,10/1/2018,53,99552,c.$50 - $100
PRESTIGE,MAKEUP,MAKEUP TOTAL LIP,ESTEE LAUDER INC,CLINIQUE,4767636,11/1/2018,40,119191,d.$100+
PRESTIGE,MAKEUP,MAKEUP TOTAL LIP,ESTEE LAUDER INC,CLINIQUE,7289509,12/1/2018,40,182238,d.$100+
PRESTIGE,MAKEUP,MAKEUP TOTAL LIP,ESTEE LAUDER INC,CLINIQUE,3753945,1/1/2019,21,178759,d.$100+
PRESTIGE,MAKEUP,MAKEUP TOTAL LIP,ESTEE LAUDER INC,CLINIQUE,5784932,2/1/2019,92,62880,c.$50 - $100
PRESTIGE,MAKEUP,MAKEUP TOTAL LIP,ESTEE LAUDER INC,CLINIQUE,8187893,3/1/2019,79,103644,d.$100+
PRESTIGE,MAKEUP,MAKEUP TOTAL LIP,ESTEE LAUDER INC,CLINIQUE,5417889,4/1/2019,62,87385,c.$50 - $100
PRESTIGE,MAKEUP,MAKEUP TOTAL LIP,ESTEE LAUDER INC,CLINIQUE,4323751,5/1/2019,45,96083,c.$50 - $100
PRESTIGE,MAKEUP,MAKEUP TOTAL LIP,ESTEE LAUDER INC,CLINIQUE,5014626,6/1/2019,50,100293,d.$100+
PRESTIGE,MAKEUP,MAKEUP TOTAL LIP,ESTEE LAUDER INC,CLINIQUE,4082477,7/1/2019,91,44862,c.$50 - $100
PRESTIGE,MAKEUP,MAKEUP TOTAL LIP,ESTEE LAUDER INC,CLINIQUE,4756557,8/1/2019,98,48536,c.$50 - $100
PRESTIGE,MAKEUP,MAKEUP TOTAL NAIL,ESTEE LAUDER INC,CLINIQUE,174,8/1/2017,55,3,a.less than $25
PRESTIGE,MAKEUP,MAKEUP TOTAL NAIL,ESTEE LAUDER INC,CLINIQUE,263,9/1/2017,80,3,a.less than $25
PRESTIGE,MAKEUP,MAKEUP TOTAL NAIL,ESTEE LAUDER INC,CLINIQUE,237,10/1/2017,21,11,a.less than $25
PRESTIGE,MAKEUP,MAKEUP TOTAL NAIL,ESTEE LAUDER INC,CLINIQUE,-20,11/1/2017,63,0,a.less than $25
PRESTIGE,MAKEUP,MAKEUP TOTAL NAIL,ESTEE LAUDER INC,CLINIQUE,91,12/1/2017,46,2,a.less than $25
PRESTIGE,MAKEUP,MAKEUP TOTAL NAIL,ESTEE LAUDER INC,CLINIQUE,7,1/1/2018,74,0,a.less than $25
PRESTIGE,MAKEUP,MAKEUP TOTAL NAIL,ESTEE LAUDER INC,CLINIQUE,76,2/1/2018,58,1,a.less than $25
PRESTIGE,MAKEUP,MAKEUP TOTAL NAIL,ESTEE LAUDER INC,CLINIQUE,-25,3/1/2018,50,-1,a.less than $25
PRESTIGE,MAKEUP,MAKEUP TOTAL NAIL,ESTEE LAUDER INC,CLINIQUE,36,4/1/2018,67,1,a.less than $25
PRESTIGE,MAKEUP,MAKEUP TOTAL NAIL,ESTEE LAUDER INC,CLINIQUE,42,5/1/2018,70,1,a.less than $25
PRESTIGE,MAKEUP,MAKEUP TOTAL NAIL,ESTEE LAUDER INC,CLINIQUE,37,6/1/2018,77,0,a.less than $25
PRESTIGE,MAKEUP,MAKEUP TOTAL NAIL,ESTEE LAUDER INC,CLINIQUE,164,7/1/2018,1,164,a.less than $25
PRESTIGE,MAKEUP,MAKEUP TOTAL NAIL,ESTEE LAUDER INC,CLINIQUE,-15,8/1/2018,47,0,a.less than $25
PRESTIGE,MAKEUP,MAKEUP TOTAL NAIL,ESTEE LAUDER INC,CLINIQUE,32,9/1/2018,18,2,a.less than $25
PRESTIGE,MAKEUP,MAKEUP TOTAL NAIL,ESTEE LAUDER INC,CLINIQUE,-9,10/1/2018,22,0,a.less than $25
PRESTIGE,MAKEUP,MAKEUP TOTAL NAIL,ESTEE LAUDER INC,CLINIQUE,44,11/1/2018,11,4,a.less than $25
PRESTIGE,MAKEUP,MAKEUP TOTAL NAIL,ESTEE LAUDER INC,CLINIQUE,25,12/1/2018,25,1,a.less than $25
PRESTIGE,MAKEUP,MAKEUP TOTAL NAIL,ESTEE LAUDER INC,CLINIQUE,18,1/1/2019,35,1,a.less than $25
PRESTIGE,MAKEUP,MAKEUP TOTAL NAIL,ESTEE LAUDER INC,CLINIQUE,25,2/1/2019,72,0,a.less than $25
PRESTIGE,MAKEUP,MAKEUP TOTAL NAIL,ESTEE LAUDER INC,CLINIQUE,19,3/1/2019,94,0,a.less than $25
PRESTIGE,MAKEUP,MAKEUP TOTAL NAIL,ESTEE LAUDER INC,CLINIQUE,36,4/1/2019,73,0,a.less than $25
PRESTIGE,MAKEUP,MAKEUP TOTAL NAIL,ESTEE LAUDER INC,CLINIQUE,13,5/1/2019,42,0,a.less than $25
PRESTIGE,MAKEUP,MAKEUP TOTAL NAIL,ESTEE LAUDER INC,CLINIQUE,0,6/1/2019,43,0,a.less than $25
PRESTIGE,MAKEUP,MAKEUP TOTAL NAIL,ESTEE LAUDER INC,CLINIQUE,10,7/1/2019,20,1,a.less than $25
PRESTIGE,MAKEUP,MAKEUP TOTAL NAIL,ESTEE LAUDER INC,CLINIQUE,2,8/1/2019,13,0,a.less than $25
