data_for_container/data/Revlon Dataset Updated Aug 2019.csv
Channel,Category,Sub Category,Manufacturer,Brand,Revenue,Date,Units,Price,Price Tier
PRESTIGE,MAKEUP,MAKEUP TOTAL SETS,ESTEE LAUDER INC,CLINIQUE,166798,8/1/2017,45,3707,b.$25 - $50
PRESTIGE,MAKEUP,MAKEUP TOTAL SETS,ESTEE LAUDER INC,CLINIQUE,920730,9/1/2017,72,12788,c.$50 - $100
PRESTIGE,MAKEUP,MAKEUP TOTAL SETS,ESTEE LAUDER INC,CLINIQUE,3298403,10/1/2017,10,329840,d.$100+
PRESTIGE,MAKEUP,MAKEUP TOTAL SETS,ESTEE LAUDER INC,CLINIQUE,5073530,11/1/2017,63,80532,c.$50 - $100
PRESTIGE,MAKEUP,MAKEUP TOTAL SETS,ESTEE LAUDER INC,CLINIQUE,4721567,12/1/2017,9,524619,d.$100+
PRESTIGE,MAKEUP,MAKEUP TOTAL SETS,ESTEE LAUDER INC,CLINIQUE,466873,1/1/2018,64,7295,c.$50 - $100
PRESTIGE,MAKEUP,MAKEUP TOTAL SETS,ESTEE LAUDER INC,CLINIQUE,612718,2/1/2018,23,26640,c.$50 - $100
PRESTIGE,MAKEUP,MAKEUP TOTAL SETS,ESTEE LAUDER INC,CLINIQUE,728383,3/1/2018,30,24279,c.$50 - $100
PRESTIGE,MAKEUP,MAKEUP TOTAL SETS,ESTEE LAUDER INC,CLINIQUE,1114924,4/1/2018,93,11988,c.$50 - $100
PRESTIGE,MAKEUP,MAKEUP TOTAL SETS,ESTEE LAUDER INC,CLINIQUE,828007,5/1/2018,11,75273,c.$50 - $100
PRESTIGE,MAKEUP,MAKEUP TOTAL SETS,ESTEE LAUDER INC,CLINIQUE,744932,6/1/2018,47,15850,c.$50 - $100
PRESTIGE,MAKEUP,MAKEUP TOTAL SETS,ESTEE LAUDER INC,CLINIQUE,427664,7/1/2018,49,8728,c.$50 - $100
PRESTIGE,MAKEUP,MAKEUP TOTAL SETS,ESTEE LAUDER INC,CLINIQUE,185600,8/1/2018,39,4759,b.$25 - $50
PRESTIGE,MAKEUP,MAKEUP TOTAL SETS,ESTEE LAUDER INC,CLINIQUE,948285,9/1/2018,14,67735,c.$50 - $100
PRESTIGE,MAKEUP,MAKEUP TOTAL SETS,ESTEE LAUDER INC,CLINIQUE,2194799,10/1/2018,3,731600,d.$100+
PRESTIGE,MAKEUP,MAKEUP TOTAL SETS,ESTEE LAUDER INC,CLINIQUE,5448710,11/1/2018,30,181624,d.$100+
PRESTIGE,MAKEUP,MAKEUP TOTAL SETS,ESTEE LAUDER INC,CLINIQUE,8759837,12/1/2018,84,104284,d.$100+
PRESTIGE,MAKEUP,MAKEUP TOTAL SETS,ESTEE LAUDER INC,CLINIQUE,907376,1/1/2019,93,9757,c.$50 - $100
PRESTIGE,MAKEUP,MAKEUP TOTAL SETS,ESTEE LAUDER INC,CLINIQUE,385775,2/1/2019,64,6028,c.$50 - $100
PRESTIGE,MAKEUP,MAKEUP TOTAL SETS,ESTEE LAUDER INC,CLINIQUE,771818,3/1/2019,84,9188,c.$50 - $100
PRESTIGE,MAKEUP,MAKEUP TOTAL SETS,ESTEE LAUDER INC,CLINIQUE,761335,4/1/2019,77,9887,c.$50 - $100
PRESTIGE,MAKEUP,MAKEUP TOTAL SETS,ESTEE LAUDER INC,CLINIQUE,677423,5/1/2019,69,9818,c.$50 - $100
PRESTIGE,MAKEUP,MAKEUP TOTAL SETS,ESTEE LAUDER INC,CLINIQUE,461318,6/1/2019,13,35486,c.$50 - $100
PRESTIGE,MAKEUP,MAKEUP TOTAL SETS,ESTEE LAUDER INC,CLINIQUE,625170,7/1/2019,32,19537,c.$50 - $100
PRESTIGE,MAKEUP,MAKEUP TOTAL SETS,ESTEE LAUDER INC,CLINIQUE,273020,8/1/2019,66,4137,b.$25 - $50
PRESTIGE,SKINCARE,SKINCARE TOTAL BODY,ESTEE LAUDER INC,CLINIQUE,556422,8/1/2017,9,61825,c.$50 - $100
PRESTIGE,SKINCARE,SKINCARE TOTAL BODY,ESTEE LAUDER INC,CLINIQUE,696312,9/1/2017,75,9284,c.$50 - $100
PRESTIGE,SKINCARE,SKINCARE TOTAL BODY,ESTEE LAUDER INC,CLINIQUE,467285,10/1/2017,75,6230,c.$50 - $100
PRESTIGE,SKINCARE,SKINCARE TOTAL BODY,ESTEE LAUDER INC,CLINIQUE,460754,11/1/2017,87,5296,c.$50 - $100
PRESTIGE,SKINCARE,SKINCARE TOTAL BODY,ESTEE LAUDER INC,CLINIQUE,1069905,12/1/2017,9,118878,d.$100+
PRESTIGE,SKINCARE,SKINCARE TOTAL BODY,ESTEE LAUDER INC,CLINIQUE,334345,1/1/2018,23,14537,c.$50 - $100
PRESTIGE,SKINCARE,SKINCARE TOTAL BODY,ESTEE LAUDER INC,CLINIQUE,516934,2/1/2018,20,25847,c.$50 - $100
PRESTIGE,SKINCARE,SKINCARE TOTAL BODY,ESTEE LAUDER INC,CLINIQUE,637970,3/1/2018,84,7595,c.$50 - $100
PRESTIGE,SKINCARE,SKINCARE TOTAL BODY,ESTEE LAUDER INC,CLINIQUE,429823,4/1/2018,95,4524,b.$25 - $50
PRESTIGE,SKINCARE,SKINCARE TOTAL BODY,ESTEE LAUDER INC,CLINIQUE,348325,5/1/2018,46,7572,c.$50 - $100
PRESTIGE,SKINCARE,SKINCARE TOTAL BODY,ESTEE LAUDER INC,CLINIQUE,421347,6/1/2018,82,5138,c.$50 - $100
PRESTIGE,SKINCARE,SKINCARE TOTAL BODY,ESTEE LAUDER INC,CLINIQUE,304846,7/1/2018,81,3764,b.$25 - $50
PRESTIGE,SKINCARE,SKINCARE TOTAL BODY,ESTEE LAUDER INC,CLINIQUE,402418,8/1/2018,83,4848,b.$25 - $50
PRESTIGE,SKINCARE,SKINCARE TOTAL BODY,ESTEE LAUDER INC,CLINIQUE,623129,9/1/2018,37,16841,c.$50 - $100
PRESTIGE,SKINCARE,SKINCARE TOTAL BODY,ESTEE LAUDER INC,CLINIQUE,441023,10/1/2018,63,7000,c.$50 - $100
PRESTIGE,SKINCARE,SKINCARE TOTAL BODY,ESTEE LAUDER INC,CLINIQUE,440990,11/1/2018,11,40090,c.$50 - $100
PRESTIGE,SKINCARE,SKINCARE TOTAL BODY,ESTEE LAUDER INC,CLINIQUE,948870,12/1/2018,39,24330,c.$50 - $100
PRESTIGE,SKINCARE,SKINCARE TOTAL BODY,ESTEE LAUDER INC,CLINIQUE,316856,1/1/2019,34,9319,c.$50 - $100
PRESTIGE,SKINCARE,SKINCARE TOTAL BODY,ESTEE LAUDER INC,CLINIQUE,435326,2/1/2019,74,5883,c.$50 - $100
PRESTIGE,SKINCARE,SKINCARE TOTAL BODY,ESTEE LAUDER INC,CLINIQUE,644476,3/1/2019,0,0,a.less than $25
PRESTIGE,SKINCARE,SKINCARE TOTAL BODY,ESTEE LAUDER INC,CLINIQUE,394902,4/1/2019,21,18805,c.$50 - $100
PRESTIGE,SKINCARE,SKINCARE TOTAL BODY,ESTEE LAUDER INC,CLINIQUE,326859,5/1/2019,70,4669,b.$25 - $50
PRESTIGE,SKINCARE,SKINCARE TOTAL BODY,ESTEE LAUDER INC,CLINIQUE,392072,6/1/2019,82,4781,b.$25 - $50
PRESTIGE,SKINCARE,SKINCARE TOTAL BODY,ESTEE LAUDER INC,CLINIQUE,310675,7/1/2019,8,38834,c.$50 - $100
PRESTIGE,SKINCARE,SKINCARE TOTAL BODY,ESTEE LAUDER INC,CLINIQUE,345043,8/1/2019,31,11130,c.$50 - $100
PRESTIGE,SKINCARE,SKINCARE TOTAL FACE,ESTEE LAUDER INC,CLINIQUE,42994228,8/1/2017,28,1535508,d.$100+
PRESTIGE,SKINCARE,SKINCARE TOTAL FACE,ESTEE LAUDER INC,CLINIQUE,56158594,9/1/2017,92,610420,d.$100+
PRESTIGE,SKINCARE,SKINCARE TOTAL FACE,ESTEE LAUDER INC,CLINIQUE,37822383,10/1/2017,4,9455596,d.$100+
PRESTIGE,SKINCARE,SKINCARE TOTAL FACE,ESTEE LAUDER INC,CLINIQUE,36209459,11/1/2017,77,470253,d.$100+
PRESTIGE,SKINCARE,SKINCARE TOTAL FACE,ESTEE LAUDER INC,CLINIQUE,59400419,12/1/2017,26,2284632,d.$100+
PRESTIGE,SKINCARE,SKINCARE TOTAL FACE,ESTEE LAUDER INC,CLINIQUE,31008737,1/1/2018,87,356422,d.$100+
PRESTIGE,SKINCARE,SKINCARE TOTAL FACE,ESTEE LAUDER INC,CLINIQUE,43627267,2/1/2018,76,574043,d.$100+
PRESTIGE,SKINCARE,SKINCARE TOTAL FACE,ESTEE LAUDER INC,CLINIQUE,61330445,3/1/2018,92,666635,d.$100+
PRESTIGE,SKINCARE,SKINCARE TOTAL FACE,ESTEE LAUDER INC,CLINIQUE,41372448,4/1/2018,23,1798802,d.$100+
PRESTIGE,SKINCARE,SKINCARE TOTAL FACE,ESTEE LAUDER INC,CLINIQUE,32990478,5/1/2018,76,434085,d.$100+
PRESTIGE,SKINCARE,SKINCARE TOTAL FACE,ESTEE LAUDER INC,CLINIQUE,41818769,6/1/2018,41,1019970,d.$100+
PRESTIGE,SKINCARE,SKINCARE TOTAL FACE,ESTEE LAUDER INC,CLINIQUE,32014055,7/1/2018,38,842475,d.$100+
PRESTIGE,SKINCARE,SKINCARE TOTAL FACE,ESTEE LAUDER INC,CLINIQUE,40981404,8/1/2018,4,10245351,d.$100+
PRESTIGE,SKINCARE,SKINCARE TOTAL FACE,ESTEE LAUDER INC,CLINIQUE,53123580,9/1/2018,1,53123580,d.$100+
PRESTIGE,SKINCARE,SKINCARE TOTAL FACE,ESTEE LAUDER INC,CLINIQUE,37287214,10/1/2018,83,449244,d.$100+
PRESTIGE,SKINCARE,SKINCARE TOTAL FACE,ESTEE LAUDER INC,CLINIQUE,36511851,11/1/2018,92,396868,d.$100+
PRESTIGE,SKINCARE,SKINCARE TOTAL FACE,ESTEE LAUDER INC,CLINIQUE,58894288,12/1/2018,32,1840447,d.$100+
PRESTIGE,SKINCARE,SKINCARE TOTAL FACE,ESTEE LAUDER INC,CLINIQUE,33769437,1/1/2019,11,3069949,d.$100+
PRESTIGE,SKINCARE,SKINCARE TOTAL FACE,ESTEE LAUDER INC,CLINIQUE,43688351,2/1/2019,64,682630,d.$100+
PRESTIGE,SKINCARE,SKINCARE TOTAL FACE,ESTEE LAUDER INC,CLINIQUE,64136272,3/1/2019,40,1603407,d.$100+
PRESTIGE,SKINCARE,SKINCARE TOTAL FACE,ESTEE LAUDER INC,CLINIQUE,39594080,4/1/2019,44,899865,d.$100+
PRESTIGE,SKINCARE,SKINCARE TOTAL FACE,ESTEE LAUDER INC,CLINIQUE,32203560,5/1/2019,28,1150127,d.$100+
PRESTIGE,SKINCARE,SKINCARE TOTAL FACE,ESTEE LAUDER INC,CLINIQUE,39564150,6/1/2019,29,1364281,d.$100+
PRESTIGE,SKINCARE,SKINCARE TOTAL FACE,ESTEE LAUDER INC,CLINIQUE,33416702,7/1/2019,81,412552,d.$100+
PRESTIGE,SKINCARE,SKINCARE TOTAL FACE,ESTEE LAUDER INC,CLINIQUE,38581937,8/1/2019,17,2269526,d.$100+
PRESTIGE,SKINCARE,SKINCARE TOTAL SETS & KITS,ESTEE LAUDER INC,CLINIQUE,1464127,8/1/2017,76,19265,c.$50 - $100
PRESTIGE,SKINCARE,SKINCARE TOTAL SETS & KITS,ESTEE LAUDER INC,CLINIQUE,2837012,9/1/2017,83,34181,c.$50 - $100
PRESTIGE,SKINCARE,SKINCARE TOTAL SETS & KITS,ESTEE LAUDER INC,CLINIQUE,4386894,10/1/2017,93,47171,c.$50 - $100
PRESTIGE,SKINCARE,SKINCARE TOTAL SETS & KITS,ESTEE LAUDER INC,CLINIQUE,6438257,11/1/2017,65,99050,c.$50 - $100
PRESTIGE,SKINCARE,SKINCARE TOTAL SETS & KITS,ESTEE LAUDER INC,CLINIQUE,9648949,12/1/2017,20,482447,d.$100+
PRESTIGE,SKINCARE,SKINCARE TOTAL SETS & KITS,ESTEE LAUDER INC,CLINIQUE,1964103,1/1/2018,38,51687,c.$50 - $100
PRESTIGE,SKINCARE,SKINCARE TOTAL SETS & KITS,ESTEE LAUDER INC,CLINIQUE,1546731,2/1/2018,23,67249,c.$50 - $100
PRESTIGE,SKINCARE,SKINCARE TOTAL SETS & KITS,ESTEE LAUDER INC,CLINIQUE,2620468,3/1/2018,81,32351,c.$50 - $100
PRESTIGE,SKINCARE,SKINCARE TOTAL SETS & KITS,ESTEE LAUDER INC,CLINIQUE,4188475,4/1/2018,22,190385,d.$100+
PRESTIGE,SKINCARE,SKINCARE TOTAL SETS & KITS,ESTEE LAUDER INC,CLINIQUE,2557035,5/1/2018,65,39339,c.$50 - $100
PRESTIGE,SKINCARE,SKINCARE TOTAL SETS & KITS,ESTEE LAUDER INC,CLINIQUE,2073833,6/1/2018,55,37706,c.$50 - $100
PRESTIGE,SKINCARE,SKINCARE TOTAL SETS & KITS,ESTEE LAUDER INC,CLINIQUE,2146647,7/1/2018,81,26502,c.$50 - $100
PRESTIGE,SKINCARE,SKINCARE TOTAL SETS & KITS,ESTEE LAUDER INC,CLINIQUE,1337847,8/1/2018,3,445949,d.$100+
PRESTIGE,SKINCARE,SKINCARE TOTAL SETS & KITS,ESTEE LAUDER INC,CLINIQUE,3221016,9/1/2018,24,134209,d.$100+
PRESTIGE,SKINCARE,SKINCARE TOTAL SETS & KITS,ESTEE LAUDER INC,CLINIQUE,4966546,10/1/2018,77,64501,c.$50 - $100
PRESTIGE,SKINCARE,SKINCARE TOTAL SETS & KITS,ESTEE LAUDER INC,CLINIQUE,7254412,11/1/2018,99,73277,c.$50 - $100
PRESTIGE,SKINCARE,SKINCARE TOTAL SETS & KITS,ESTEE LAUDER INC,CLINIQUE,12993727,12/1/2018,82,158460,d.$100+
PRESTIGE,SKINCARE,SKINCARE TOTAL SETS & KITS,ESTEE LAUDER INC,CLINIQUE,2846819,1/1/2019,17,167460,d.$100+
PRESTIGE,SKINCARE,SKINCARE TOTAL SETS & KITS,ESTEE LAUDER INC,CLINIQUE,1565019,2/1/2019,67,23358,c.$50 - $100
PRESTIGE,SKINCARE,SKINCARE TOTAL SETS & KITS,ESTEE LAUDER INC,CLINIQUE,3370652,3/1/2019,25,134826,d.$100+
PRESTIGE,SKINCARE,SKINCARE TOTAL SETS & KITS,ESTEE LAUDER INC,CLINIQUE,3447352,4/1/2019,11,313396,d.$100+
PRESTIGE,SKINCARE,SKINCARE TOTAL SETS & KITS,ESTEE LAUDER INC,CLINIQUE,2579243,5/1/2019,15,171950,d.$100+
PRESTIGE,SKINCARE,SKINCARE TOTAL SETS & KITS,ESTEE LAUDER INC,CLINIQUE,2683220,6/1/2019,97,27662,c.$50 - $100
PRESTIGE,SKINCARE,SKINCARE TOTAL SETS & KITS,ESTEE LAUDER INC,CLINIQUE,4187561,7/1/2019,11,380687,d.$100+
PRESTIGE,SKINCARE,SKINCARE TOTAL SETS & KITS,ESTEE LAUDER INC,CLINIQUE,1879068,8/1/2019,55,34165,c.$50 - $100
PRESTIGE,SKINCARE,SKINCARE TOTAL SUN,ESTEE LAUDER INC,CLINIQUE,1009390,8/1/2017,75,13459,c.$50 - $100
PRESTIGE,SKINCARE,SKINCARE TOTAL SUN,ESTEE LAUDER INC,CLINIQUE,1165946,9/1/2017,91,12813,c.$50 - $100
PRESTIGE,SKINCARE,SKINCARE TOTAL SUN,ESTEE LAUDER INC,CLINIQUE,715242,10/1/2017,45,15894,c.$50 - $100
PRESTIGE,SKINCARE,SKINCARE TOTAL SUN,ESTEE LAUDER INC,CLINIQUE,585671,11/1/2017,25,23427,c.$50 - $100
PRESTIGE,SKINCARE,SKINCARE TOTAL SUN,ESTEE LAUDER INC,CLINIQUE,788139,12/1/2017,20,39407,c.$50 - $100
PRESTIGE,SKINCARE,SKINCARE TOTAL SUN,ESTEE LAUDER INC,CLINIQUE,480850,1/1/2018,95,5062,c.$50 - $100
PRESTIGE,SKINCARE,SKINCARE TOTAL SUN,ESTEE LAUDER INC,CLINIQUE,781722,2/1/2018,1,781722,d.$100+
PRESTIGE,SKINCARE,SKINCARE TOTAL SUN,ESTEE LAUDER INC,CLINIQUE,1562263,3/1/2018,60,26038,c.$50 - $100
PRESTIGE,SKINCARE,SKINCARE TOTAL SUN,ESTEE LAUDER INC,CLINIQUE,1470721,4/1/2018,46,31972,c.$50 - $100
PRESTIGE,SKINCARE,SKINCARE TOTAL SUN,ESTEE LAUDER INC,CLINIQUE,1276288,5/1/2018,42,30388,c.$50 - $100
PRESTIGE,SKINCARE,SKINCARE TOTAL SUN,ESTEE LAUDER INC,CLINIQUE,1819819,6/1/2018,84,21665,c.$50 - $100
PRESTIGE,SKINCARE,SKINCARE TOTAL SUN,ESTEE LAUDER INC,CLINIQUE,1135178,7/1/2018,83,13677,c.$50 - $100
PRESTIGE,SKINCARE,SKINCARE TOTAL SUN,ESTEE LAUDER INC,CLINIQUE,960422,8/1/2018,76,12637,c.$50 - $100
PRESTIGE,SKINCARE,SKINCARE TOTAL SUN,ESTEE LAUDER INC,CLINIQUE,1089266,9/1/2018,99,11003,c.$50 - $100
PRESTIGE,SKINCARE,SKINCARE TOTAL SUN,ESTEE LAUDER INC,CLINIQUE,715783,10/1/2018,92,7780,c.$50 - $100
PRESTIGE,SKINCARE,SKINCARE TOTAL SUN,ESTEE LAUDER INC,CLINIQUE,604571,11/1/2018,93,6501,c.$50 - $100
PRESTIGE,SKINCARE,SKINCARE TOTAL SUN,ESTEE LAUDER INC,CLINIQUE,844166,12/1/2018,60,14069,c.$50 - $100
PRESTIGE,SKINCARE,SKINCARE TOTAL SUN,ESTEE LAUDER INC,CLINIQUE,521235,1/1/2019,58,8987,c.$50 - $100
PRESTIGE,SKINCARE,SKINCARE TOTAL SUN,ESTEE LAUDER INC,CLINIQUE,790886,2/1/2019,73,10834,c.$50 - $100
PRESTIGE,SKINCARE,SKINCARE TOTAL SUN,ESTEE LAUDER INC,CLINIQUE,1638176,3/1/2019,91,18002,c.$50 - $100
PRESTIGE,SKINCARE,SKINCARE TOTAL SUN,ESTEE LAUDER INC,CLINIQUE,1292732,4/1/2019,87,14859,c.$50 - $100
PRESTIGE,SKINCARE,SKINCARE TOTAL SUN,ESTEE LAUDER INC,CLINIQUE,1360334,5/1/2019,30,45344,c.$50 - $100
PRESTIGE,SKINCARE,SKINCARE TOTAL SUN,ESTEE LAUDER INC,CLINIQUE,1669729,6/1/2019,82,20363,c.$50 - $100
PRESTIGE,SKINCARE,SKINCARE TOTAL SUN,ESTEE LAUDER INC,CLINIQUE,1094831,7/1/2019,30,36494,c.$50 - $100
PRESTIGE,SKINCARE,SKINCARE TOTAL SUN,ESTEE LAUDER INC,CLINIQUE,892085,8/1/2019,51,17492,c.$50 - $100
MASS,BEAUTY TOOLS,A/O TLS,COTY CORP,COVER GIRL,36262,8/1/2017,90,403,a.less than $25
MASS,BEAUTY TOOLS,A/O TLS,COTY CORP,COVER GIRL,42880,9/1/2017,74,579,a.less than $25
MASS,BEAUTY TOOLS,A/O TLS,COTY CORP,COVER GIRL,32015,10/1/2017,90,356,a.less than $25
MASS,BEAUTY TOOLS,A/O TLS,COTY CORP,COVER GIRL,30394,11/1/2017,72,422,a.less than $25
MASS,BEAUTY TOOLS,A/O TLS,COTY CORP,COVER GIRL,32174,12/1/2017,14,2298,a.less than $25
MASS,BEAUTY TOOLS,A/O TLS,COTY CORP,COVER GIRL,26030,1/1/2018,30,868,a.less than $25
MASS,BEAUTY TOOLS,A/O TLS,COTY CORP,COVER GIRL,25950,2/1/2018,12,2163,a.less than $25
MASS,BEAUTY TOOLS,A/O TLS,COTY CORP,COVER GIRL,30723,3/1/2018,50,614,a.less than $25
MASS,BEAUTY TOOLS,A/O TLS,COTY CORP,COVER GIRL,20663,4/1/2018,45,459,a.less than $25
MASS,BEAUTY TOOLS,A/O TLS,COTY CORP,COVER GIRL,20869,5/1/2018,24,870,a.less than $25
MASS,BEAUTY TOOLS,A/O TLS,COTY CORP,COVER GIRL,27527,6/1/2018,17,1619,a.less than $25
MASS,BEAUTY TOOLS,A/O TLS,COTY CORP,COVER GIRL,26053,7/1/2018,100,261,a.less than $25
MASS,BEAUTY TOOLS,A/O TLS,COTY CORP,COVER GIRL,25862,8/1/2018,72,359,a.less than $25
MASS,BEAUTY TOOLS,A/O TLS,COTY CORP,COVER GIRL,32719,9/1/2018,95,344,a.less than $25
MASS,BEAUTY TOOLS,A/O TLS,COTY CORP,COVER GIRL,26030,10/1/2018,8,3254,b.$25 - $50
MASS,BEAUTY TOOLS,A/O TLS,COTY CORP,COVER GIRL,28204,11/1/2018,51,553,a.less than $25
MASS,BEAUTY TOOLS,A/O TLS,COTY CORP,COVER GIRL,32771,12/1/2018,81,405,a.less than $25
MASS,BEAUTY TOOLS,A/O TLS,COTY CORP,COVER GIRL,25766,1/1/2019,84,307,a.less than $25
MASS,BEAUTY TOOLS,A/O TLS,COTY CORP,COVER GIRL,26855,2/1/2019,85,316,a.less than $25
MASS,BEAUTY TOOLS,A/O TLS,COTY CORP,COVER GIRL,37724,3/1/2019,92,410,a.less than $25
MASS,BEAUTY TOOLS,A/O TLS,COTY CORP,COVER GIRL,22289,4/1/2019,45,495,a.less than $25
MASS,BEAUTY TOOLS,A/O TLS,COTY CORP,COVER GIRL,17284,5/1/2019,47,368,a.less than $25
MASS,BEAUTY TOOLS,A/O TLS,COTY CORP,COVER GIRL,13441,6/1/2019,70,192,a.less than $25
MASS,BEAUTY TOOLS,A/O TLS,COTY CORP,COVER GIRL,10273,7/1/2019,7,1468,a.less than $25
MASS,BEAUTY TOOLS,A/O TLS,COTY CORP,COVER GIRL,9002,8/1/2019,25,360,a.less than $25
MASS,BEAUTY TOOLS,EYE TLS,COTY CORP,COVER GIRL,122661,8/1/2017,79,1553,a.less than $25
MASS,BEAUTY TOOLS,EYE TLS,COTY CORP,COVER GIRL,152084,9/1/2017,47,3236,b.$25 - $50
MASS,BEAUTY TOOLS,EYE TLS,COTY CORP,COVER GIRL,117763,10/1/2017,7,16823,c.$50 - $100
MASS,BEAUTY TOOLS,EYE TLS,COTY CORP,COVER GIRL,107594,11/1/2017,5,21519,c.$50 - $100
MASS,BEAUTY TOOLS,EYE TLS,COTY CORP,COVER GIRL,135697,12/1/2017,10,13570,c.$50 - $100
MASS,BEAUTY TOOLS,EYE TLS,COTY CORP,COVER GIRL,105079,1/1/2018,69,1523,a.less than $25
MASS,BEAUTY TOOLS,EYE TLS,COTY CORP,COVER GIRL,119748,2/1/2018,63,1901,a.less than $25
MASS,BEAUTY TOOLS,EYE TLS,COTY CORP,COVER GIRL,157202,3/1/2018,94,1672,a.less than $25
MASS,BEAUTY TOOLS,EYE TLS,COTY CORP,COVER GIRL,131007,4/1/2018,9,14556,c.$50 - $100
MASS,BEAUTY TOOLS,EYE TLS,COTY CORP,COVER GIRL,127910,5/1/2018,78,1640,a.less than $25
MASS,BEAUTY TOOLS,EYE TLS,COTY CORP,COVER GIRL,179875,6/1/2018,73,2464,a.less than $25
MASS,BEAUTY TOOLS,EYE TLS,COTY CORP,COVER GIRL,146809,7/1/2018,14,10486,c.$50 - $100
MASS,BEAUTY TOOLS,EYE TLS,COTY CORP,COVER GIRL,162222,8/1/2018,5,32444,c.$50 - $100
MASS,BEAUTY TOOLS,EYE TLS,COTY CORP,COVER GIRL,159654,9/1/2018,68,2348,a.less than $25
MASS,BEAUTY TOOLS,EYE TLS,COTY CORP,COVER GIRL,85030,10/1/2018,42,2025,a.less than $25
MASS,BEAUTY TOOLS,EYE TLS,COTY CORP,COVER GIRL,104442,11/1/2018,33,3165,b.$25 - $50
MASS,BEAUTY TOOLS,EYE TLS,COTY CORP,COVER GIRL,94521,12/1/2018,29,3259,b.$25 - $50
MASS,BEAUTY TOOLS,EYE TLS,COTY CORP,COVER GIRL,101512,1/1/2019,93,1092,a.less than $25
MASS,BEAUTY TOOLS,EYE TLS,COTY CORP,COVER GIRL,106839,2/1/2019,1,106839,d.$100+
MASS,BEAUTY TOOLS,EYE TLS,COTY CORP,COVER GIRL,195468,3/1/2019,26,7518,c.$50 - $100
MASS,BEAUTY TOOLS,EYE TLS,COTY CORP,COVER GIRL,136421,4/1/2019,17,8025,c.$50 - $100
MASS,BEAUTY TOOLS,EYE TLS,COTY CORP,COVER GIRL,113603,5/1/2019,40,2840,b.$25 - $50
MASS,BEAUTY TOOLS,EYE TLS,COTY CORP,COVER GIRL,107724,6/1/2019,61,1766,a.less than $25
MASS,BEAUTY TOOLS,EYE TLS,COTY CORP,COVER GIRL,87336,7/1/2019,84,1040,a.less than $25
MASS,BEAUTY TOOLS,EYE TLS,COTY CORP,COVER GIRL,101439,8/1/2019,22,4611,b.$25 - $50
