data_for_container/data/Revlon Dataset Updated Aug 2019.csv
Channel,Category,Sub Category,Manufacturer,Brand,Revenue,Date,Units,Price,Price Tier
MASS,BEAUTY TOOLS,KITS,COTY CORP,COVER GIRL,22,8/1/2017,40,1,a.less than $25
MASS,BEAUTY TOOLS,KITS,COTY CORP,COVER GIRL,36,9/1/2017,79,0,a.less than $25
MASS,BEAUTY TOOLS,KITS,COTY CORP,COVER GIRL,14,10/1/2017,58,0,a.less than $25
MASS,BEAUTY TOOLS,KITS,COTY CORP,COVER GIRL,8,11/1/2017,83,0,a.less than $25
MASS,BEAUTY TOOLS,KITS,COTY CORP,COVER GIRL,11,12/1/2017,63,0,a.less than $25
MASS,BEAUTY TOOLS,KITS,COTY CORP,COVER GIRL,618,1/1/2018,81,8,a.less than $25
MASS,BEAUTY TOOLS,KITS,COTY CORP,COVER GIRL,25,2/1/2018,57,0,a.less than $25
MASS,BEAUTY TOOLS,KITS,COTY CORP,COVER GIRL,779,3/1/2018,32,24,a.less than $25
MASS,BEAUTY TOOLS,KITS,COTY CORP,COVER GIRL,13,4/1/2018,58,0,a.less than $25
MASS,BEAUTY TOOLS,KITS,COTY CORP,COVER GIRL,7,5/1/2018,94,0,a.less than $25
MASS,BEAUTY TOOLS,KITS,COTY CORP,COVER GIRL,7,6/1/2018,3,2,a.less than $25
MASS,BEAUTY TOOLS,KITS,COTY CORP,COVER GIRL,5,7/1/2018,44,0,a.less than $25
MASS,BEAUTY TOOLS,KITS,COTY CORP,COVER GIRL,7,8/1/2018,93,0,a.less than $25
MASS,BEAUTY TOOLS,KITS,COTY CORP,COVER GIRL,1193,9/1/2018,43,28,a.less than $25
MASS,BEAUTY TOOLS,KITS,COTY CORP,COVER GIRL,0,10/1/2018,34,0,a.less than $25
MASS,BEAUTY TOOLS,KITS,COTY CORP,COVER GIRL,167,11/1/2018,61,3,a.less than $25
MASS,BEAUTY TOOLS,KITS,COTY CORP,COVER GIRL,329,12/1/2018,46,7,a.less than $25
MASS,BEAUTY TOOLS,KITS,COTY CORP,COVER GIRL,4,1/1/2019,23,0,a.less than $25
MASS,BEAUTY TOOLS,KITS,COTY CORP,COVER GIRL,4,2/1/2019,81,0,a.less than $25
MASS,BEAUTY TOOLS,KITS,COTY CORP,COVER GIRL,0,3/1/2019,32,0,a.less than $25
MASS,BEAUTY TOOLS,KITS,COTY CORP,COVER GIRL,0,4/1/2019,80,0,a.less than $25
MASS,BEAUTY TOOLS,KITS,COTY CORP,COVER GIRL,0,5/1/2019,25,0,a.less than $25
MASS,BEAUTY TOOLS,KITS,COTY CORP,COVER GIRL,0,6/1/2019,75,0,a.less than $25
MASS,BEAUTY TOOLS,KITS,COTY CORP,COVER GIRL,0,7/1/2019,44,0,a.less than $25
MASS,BEAUTY TOOLS,KITS,COTY CORP,COVER GIRL,261,8/1/2019,22,12,a.less than $25
MASS,BEAUTY TOOLS,NAIL TLS,COTY CORP,COVER GIRL,77,8/1/2017,75,1,a.less than $25
MASS,BEAUTY TOOLS,NAIL TLS,COTY CORP,COVER GIRL,66,9/1/2017,66,1,a.less than $25
MASS,BEAUTY TOOLS,NAIL TLS,COTY CORP,COVER GIRL,53,10/1/2017,93,1,a.less than $25
MASS,BEAUTY TOOLS,NAIL TLS,COTY CORP,COVER GIRL,56,11/1/2017,87,1,a.less than $25
MASS,BEAUTY TOOLS,NAIL TLS,COTY CORP,COVER GIRL,61,12/1/2017,85,1,a.less than $25
MASS,BEAUTY TOOLS,NAIL TLS,COTY CORP,COVER GIRL,32,1/1/2018,15,2,a.less than $25
MASS,BEAUTY TOOLS,NAIL TLS,COTY CORP,COVER GIRL,44,2/1/2018,18,2,a.less than $25
MASS,BEAUTY TOOLS,NAIL TLS,COTY CORP,COVER GIRL,80,3/1/2018,45,2,a.less than $25
MASS,BEAUTY TOOLS,NAIL TLS,COTY CORP,COVER GIRL,43,4/1/2018,62,1,a.less than $25
MASS,BEAUTY TOOLS,NAIL TLS,COTY CORP,COVER GIRL,21,5/1/2018,33,1,a.less than $25
MASS,BEAUTY TOOLS,NAIL TLS,COTY CORP,COVER GIRL,44,6/1/2018,3,15,a.less than $25
MASS,BEAUTY TOOLS,NAIL TLS,COTY CORP,COVER GIRL,18,7/1/2018,94,0,a.less than $25
MASS,BEAUTY TOOLS,NAIL TLS,COTY CORP,COVER GIRL,23,8/1/2018,14,2,a.less than $25
MASS,BEAUTY TOOLS,NAIL TLS,COTY CORP,COVER GIRL,17,9/1/2018,97,0,a.less than $25
MASS,BEAUTY TOOLS,NAIL TLS,COTY CORP,COVER GIRL,12,10/1/2018,54,0,a.less than $25
MASS,BEAUTY TOOLS,NAIL TLS,COTY CORP,COVER GIRL,8,11/1/2018,33,0,a.less than $25
MASS,BEAUTY TOOLS,NAIL TLS,COTY CORP,COVER GIRL,21,12/1/2018,85,0,a.less than $25
MASS,BEAUTY TOOLS,NAIL TLS,COTY CORP,COVER GIRL,19,1/1/2019,35,1,a.less than $25
MASS,BEAUTY TOOLS,NAIL TLS,COTY CORP,COVER GIRL,13,2/1/2019,82,0,a.less than $25
MASS,BEAUTY TOOLS,NAIL TLS,COTY CORP,COVER GIRL,16,3/1/2019,9,2,a.less than $25
MASS,BEAUTY TOOLS,NAIL TLS,COTY CORP,COVER GIRL,23,4/1/2019,40,1,a.less than $25
MASS,BEAUTY TOOLS,NAIL TLS,COTY CORP,COVER GIRL,8,5/1/2019,42,0,a.less than $25
MASS,BEAUTY TOOLS,NAIL TLS,COTY CORP,COVER GIRL,17,6/1/2019,35,0,a.less than $25
MASS,BEAUTY TOOLS,NAIL TLS,COTY CORP,COVER GIRL,9,7/1/2019,41,0,a.less than $25
MASS,BEAUTY TOOLS,NAIL TLS,COTY CORP,COVER GIRL,3,8/1/2019,49,0,a.less than $25
MASS,CC,EM,COTY CORP,COVER GIRL,27206420,8/1/2017,36,755734,d.$100+
MASS,CC,EM,COTY CORP,COVER GIRL,34167931,9/1/2017,52,657076,d.$100+
MASS,CC,EM,COTY CORP,COVER GIRL,26900043,10/1/2017,8,3362505,d.$100+
MASS,CC,EM,COTY CORP,COVER GIRL,25099341,11/1/2017,95,264204,d.$100+
MASS,CC,EM,COTY CORP,COVER GIRL,34493094,12/1/2017,2,17246547,d.$100+
MASS,CC,EM,COTY CORP,COVER GIRL,24220762,1/1/2018,40,605519,d.$100+
MASS,CC,EM,COTY CORP,COVER GIRL,28060113,2/1/2018,47,597024,d.$100+
MASS,CC,EM,COTY CORP,COVER GIRL,36191017,3/1/2018,30,1206367,d.$100+
MASS,CC,EM,COTY CORP,COVER GIRL,25649124,4/1/2018,88,291467,d.$100+
MASS,CC,EM,COTY CORP,COVER GIRL,25493270,5/1/2018,44,579393,d.$100+
MASS,CC,EM,COTY CORP,COVER GIRL,30138208,6/1/2018,84,358788,d.$100+
MASS,CC,EM,COTY CORP,COVER GIRL,25052806,7/1/2018,45,556729,d.$100+
MASS,CC,EM,COTY CORP,COVER GIRL,24712129,8/1/2018,35,706061,d.$100+
MASS,CC,EM,COTY CORP,COVER GIRL,29085475,9/1/2018,36,807930,d.$100+
MASS,CC,EM,COTY CORP,COVER GIRL,24691345,10/1/2018,23,1073537,d.$100+
MASS,CC,EM,COTY CORP,COVER GIRL,24985872,11/1/2018,96,260270,d.$100+
MASS,CC,EM,COTY CORP,COVER GIRL,31825695,12/1/2018,75,424343,d.$100+
MASS,CC,EM,COTY CORP,COVER GIRL,23400733,1/1/2019,32,731273,d.$100+
MASS,CC,EM,COTY CORP,COVER GIRL,24075619,2/1/2019,63,382153,d.$100+
MASS,CC,EM,COTY CORP,COVER GIRL,34592880,3/1/2019,32,1081028,d.$100+
MASS,CC,EM,COTY CORP,COVER GIRL,25252550,4/1/2019,14,1803754,d.$100+
MASS,CC,EM,COTY CORP,COVER GIRL,24222423,5/1/2019,42,576724,d.$100+
MASS,CC,EM,COTY CORP,COVER GIRL,28655497,6/1/2019,73,392541,d.$100+
MASS,CC,EM,COTY CORP,COVER GIRL,21837386,7/1/2019,81,269597,d.$100+
MASS,CC,EM,COTY CORP,COVER GIRL,23895194,8/1/2019,7,3413599,d.$100+
MASS,CC,FM,COTY CORP,COVER GIRL,33337445,8/1/2017,33,1010226,d.$100+
MASS,CC,FM,COTY CORP,COVER GIRL,41999053,9/1/2017,52,807674,d.$100+
MASS,CC,FM,COTY CORP,COVER GIRL,34341269,10/1/2017,16,2146329,d.$100+
MASS,CC,FM,COTY CORP,COVER GIRL,33547365,11/1/2017,40,838684,d.$100+
MASS,CC,FM,COTY CORP,COVER GIRL,42704142,12/1/2017,70,610059,d.$100+
MASS,CC,FM,COTY CORP,COVER GIRL,32277326,1/1/2018,54,597728,d.$100+
MASS,CC,FM,COTY CORP,COVER GIRL,35387782,2/1/2018,98,361100,d.$100+
MASS,CC,FM,COTY CORP,COVER GIRL,43457791,3/1/2018,7,6208256,d.$100+
MASS,CC,FM,COTY CORP,COVER GIRL,32898575,4/1/2018,60,548310,d.$100+
MASS,CC,FM,COTY CORP,COVER GIRL,32041766,5/1/2018,88,364111,d.$100+
MASS,CC,FM,COTY CORP,COVER GIRL,37337397,6/1/2018,25,1493496,d.$100+
MASS,CC,FM,COTY CORP,COVER GIRL,28626621,7/1/2018,32,894582,d.$100+
MASS,CC,FM,COTY CORP,COVER GIRL,29356934,8/1/2018,91,322604,d.$100+
MASS,CC,FM,COTY CORP,COVER GIRL,36617949,9/1/2018,100,366179,d.$100+
MASS,CC,FM,COTY CORP,COVER GIRL,30568530,10/1/2018,16,1910533,d.$100+
MASS,CC,FM,COTY CORP,COVER GIRL,30094202,11/1/2018,92,327111,d.$100+
MASS,CC,FM,COTY CORP,COVER GIRL,38959163,12/1/2018,97,401641,d.$100+
MASS,CC,FM,COTY CORP,COVER GIRL,29247756,1/1/2019,29,1008543,d.$100+
MASS,CC,FM,COTY CORP,COVER GIRL,30570622,2/1/2019,71,430572,d.$100+
MASS,CC,FM,COTY CORP,COVER GIRL,42271951,3/1/2019,82,515512,d.$100+
MASS,CC,FM,COTY CORP,COVER GIRL,30885246,4/1/2019,88,350969,d.$100+
MASS,CC,FM,COTY CORP,COVER GIRL,30220248,5/1/2019,81,373089,d.$100+
MASS,CC,FM,COTY CORP,COVER GIRL,35245168,6/1/2019,52,677792,d.$100+
MASS,CC,FM,COTY CORP,COVER GIRL,26364597,7/1/2019,13,2028046,d.$100+
MASS,CC,FM,COTY CORP,COVER GIRL,28366351,8/1/2019,27,1050606,d.$100+
MASS,CC,KITS,COTY CORP,COVER GIRL,3352,8/1/2017,30,112,a.less than $25
MASS,CC,KITS,COTY CORP,COVER GIRL,2952,9/1/2017,48,62,a.less than $25
MASS,CC,KITS,COTY CORP,COVER GIRL,23593,10/1/2017,68,347,a.less than $25
MASS,CC,KITS,COTY CORP,COVER GIRL,25054,11/1/2017,71,353,a.less than $25
MASS,CC,KITS,COTY CORP,COVER GIRL,284121,12/1/2017,4,71030,c.$50 - $100
MASS,CC,KITS,COTY CORP,COVER GIRL,28227,1/1/2018,97,291,a.less than $25
MASS,CC,KITS,COTY CORP,COVER GIRL,6463,2/1/2018,74,87,a.less than $25
MASS,CC,KITS,COTY CORP,COVER GIRL,2658,3/1/2018,17,156,a.less than $25
MASS,CC,KITS,COTY CORP,COVER GIRL,1429,4/1/2018,91,16,a.less than $25
MASS,CC,KITS,COTY CORP,COVER GIRL,715,5/1/2018,51,14,a.less than $25
MASS,CC,KITS,COTY CORP,COVER GIRL,694,6/1/2018,25,28,a.less than $25
MASS,CC,KITS,COTY CORP,COVER GIRL,204,7/1/2018,36,6,a.less than $25
MASS,CC,KITS,COTY CORP,COVER GIRL,554,8/1/2018,25,22,a.less than $25
MASS,CC,KITS,COTY CORP,COVER GIRL,242,9/1/2018,60,4,a.less than $25
MASS,CC,KITS,COTY CORP,COVER GIRL,128,10/1/2018,100,1,a.less than $25
MASS,CC,KITS,COTY CORP,COVER GIRL,187,11/1/2018,64,3,a.less than $25
MASS,CC,KITS,COTY CORP,COVER GIRL,706,12/1/2018,99,7,a.less than $25
MASS,CC,KITS,COTY CORP,COVER GIRL,172,1/1/2019,43,4,a.less than $25
MASS,CC,KITS,COTY CORP,COVER GIRL,1302,2/1/2019,20,65,a.less than $25
MASS,CC,KITS,COTY CORP,COVER GIRL,53715,3/1/2019,50,1074,a.less than $25
MASS,CC,KITS,COTY CORP,COVER GIRL,40428,4/1/2019,16,2527,b.$25 - $50
MASS,CC,KITS,COTY CORP,COVER GIRL,28975,5/1/2019,60,483,a.less than $25
MASS,CC,KITS,COTY CORP,COVER GIRL,19913,6/1/2019,52,383,a.less than $25
MASS,CC,KITS,COTY CORP,COVER GIRL,12186,7/1/2019,8,1523,a.less than $25
MASS,CC,KITS,COTY CORP,COVER GIRL,10479,8/1/2019,56,187,a.less than $25
MASS,CC,LM,COTY CORP,COVER GIRL,8605355,8/1/2017,71,121202,d.$100+
MASS,CC,LM,COTY CORP,COVER GIRL,10563290,9/1/2017,29,364251,d.$100+
MASS,CC,LM,COTY CORP,COVER GIRL,8997754,10/1/2017,99,90886,c.$50 - $100
MASS,CC,LM,COTY CORP,COVER GIRL,8381505,11/1/2017,41,204427,d.$100+
MASS,CC,LM,COTY CORP,COVER GIRL,11289689,12/1/2017,63,179201,d.$100+
MASS,CC,LM,COTY CORP,COVER GIRL,7520181,1/1/2018,76,98950,c.$50 - $100
MASS,CC,LM,COTY CORP,COVER GIRL,8487879,2/1/2018,58,146343,d.$100+
MASS,CC,LM,COTY CORP,COVER GIRL,10288269,3/1/2018,84,122479,d.$100+
MASS,CC,LM,COTY CORP,COVER GIRL,8068149,4/1/2018,71,113636,d.$100+
MASS,CC,LM,COTY CORP,COVER GIRL,7971968,5/1/2018,28,284713,d.$100+
MASS,CC,LM,COTY CORP,COVER GIRL,9531628,6/1/2018,57,167222,d.$100+
MASS,CC,LM,COTY CORP,COVER GIRL,7084767,7/1/2018,68,104188,d.$100+
MASS,CC,LM,COTY CORP,COVER GIRL,7033747,8/1/2018,10,703375,d.$100+
MASS,CC,LM,COTY CORP,COVER GIRL,8726311,9/1/2018,37,235846,d.$100+
MASS,CC,LM,COTY CORP,COVER GIRL,7587358,10/1/2018,25,303494,d.$100+
MASS,CC,LM,COTY CORP,COVER GIRL,7099693,11/1/2018,94,75529,c.$50 - $100
MASS,CC,LM,COTY CORP,COVER GIRL,9517858,12/1/2018,23,413820,d.$100+
MASS,CC,LM,COTY CORP,COVER GIRL,6834565,1/1/2019,81,84377,c.$50 - $100
MASS,CC,LM,COTY CORP,COVER GIRL,7279704,2/1/2019,45,161771,d.$100+
MASS,CC,LM,COTY CORP,COVER GIRL,10394806,3/1/2019,7,1484972,d.$100+
MASS,CC,LM,COTY CORP,COVER GIRL,7862581,4/1/2019,42,187204,d.$100+
MASS,CC,LM,COTY CORP,COVER GIRL,7535857,5/1/2019,14,538276,d.$100+
MASS,CC,LM,COTY CORP,COVER GIRL,8763357,6/1/2019,14,625954,d.$100+
MASS,CC,LM,COTY CORP,COVER GIRL,6465469,7/1/2019,72,89798,c.$50 - $100
MASS,CC,LM,COTY CORP,COVER GIRL,6580937,8/1/2019,59,111541,d.$100+
MASS,CC,NC,COTY CORP,COVER GIRL,553877,8/1/2017,46,12041,c.$50 - $100
MASS,CC,NC,COTY CORP,COVER GIRL,715999,9/1/2017,23,31130,c.$50 - $100
MASS,CC,NC,COTY CORP,COVER GIRL,534815,10/1/2017,94,5690,c.$50 - $100
MASS,CC,NC,COTY CORP,COVER GIRL,464329,11/1/2017,69,6729,c.$50 - $100
MASS,CC,NC,COTY CORP,COVER GIRL,700006,12/1/2017,18,38889,c.$50 - $100
MASS,CC,NC,COTY CORP,COVER GIRL,315144,1/1/2018,45,7003,c.$50 - $100
MASS,CC,NC,COTY CORP,COVER GIRL,306932,2/1/2018,70,4385,b.$25 - $50
MASS,CC,NC,COTY CORP,COVER GIRL,358681,3/1/2018,17,21099,c.$50 - $100
MASS,CC,NC,COTY CORP,COVER GIRL,303853,4/1/2018,37,8212,c.$50 - $100
MASS,CC,NC,COTY CORP,COVER GIRL,303484,5/1/2018,77,3941,b.$25 - $50
MASS,CC,NC,COTY CORP,COVER GIRL,405364,6/1/2018,51,7948,c.$50 - $100
MASS,CC,NC,COTY CORP,COVER GIRL,313081,7/1/2018,40,7827,c.$50 - $100
MASS,CC,NC,COTY CORP,COVER GIRL,278820,8/1/2018,3,92940,c.$50 - $100
MASS,CC,NC,COTY CORP,COVER GIRL,321599,9/1/2018,26,12369,c.$50 - $100
MASS,CC,NC,COTY CORP,COVER GIRL,225672,10/1/2018,94,2401,a.less than $25
MASS,CC,NC,COTY CORP,COVER GIRL,237417,11/1/2018,67,3544,b.$25 - $50
MASS,CC,NC,COTY CORP,COVER GIRL,374920,12/1/2018,19,19733,c.$50 - $100
MASS,CC,NC,COTY CORP,COVER GIRL,302068,1/1/2019,78,3873,b.$25 - $50
MASS,CC,NC,COTY CORP,COVER GIRL,277665,2/1/2019,74,3752,b.$25 - $50
MASS,CC,NC,COTY CORP,COVER GIRL,194304,3/1/2019,23,8448,c.$50 - $100
MASS,CC,NC,COTY CORP,COVER GIRL,88369,4/1/2019,97,911,a.less than $25
MASS,CC,NC,COTY CORP,COVER GIRL,67913,5/1/2019,10,6791,c.$50 - $100
MASS,CC,NC,COTY CORP,COVER GIRL,58703,6/1/2019,34,1727,a.less than $25
MASS,CC,NC,COTY CORP,COVER GIRL,48862,7/1/2019,6,8144,c.$50 - $100
MASS,CC,NC,COTY CORP,COVER GIRL,26972,8/1/2019,73,369,a.less than $25
MASS,MURS,MURS LQ,COTY CORP,COVER GIRL,58489,8/1/2017,69,848,a.less than $25
MASS,MURS,MURS LQ,COTY CORP,COVER GIRL,70365,9/1/2017,99,711,a.less than $25
MASS,MURS,MURS LQ,COTY CORP,COVER GIRL,54395,10/1/2017,20,2720,b.$25 - $50
MASS,MURS,MURS LQ,COTY CORP,COVER GIRL,53115,11/1/2017,76,699,a.less than $25
MASS,MURS,MURS LQ,COTY CORP,COVER GIRL,63917,12/1/2017,63,1015,a.less than $25
MASS,MURS,MURS LQ,COTY CORP,COVER GIRL,46997,1/1/2018,1,46997,c.$50 - $100
MASS,MURS,MURS LQ,COTY CORP,COVER GIRL,55549,2/1/2018,9,6172,c.$50 - $100
MASS,MURS,MURS LQ,COTY CORP,COVER GIRL,59274,3/1/2018,43,1378,a.less than $25
MASS,MURS,MURS LQ,COTY CORP,COVER GIRL,40869,4/1/2018,82,498,a.less than $25
MASS,MURS,MURS LQ,COTY CORP,COVER GIRL,40676,5/1/2018,93,437,a.less than $25
MASS,MURS,MURS LQ,COTY CORP,COVER GIRL,46689,6/1/2018,11,4244,b.$25 - $50
MASS,MURS,MURS LQ,COTY CORP,COVER GIRL,35394,7/1/2018,47,753,a.less than $25
MASS,MURS,MURS LQ,COTY CORP,COVER GIRL,38727,8/1/2018,38,1019,a.less than $25
MASS,MURS,MURS LQ,COTY CORP,COVER GIRL,44571,9/1/2018,17,2622,b.$25 - $50
MASS,MURS,MURS LQ,COTY CORP,COVER GIRL,35764,10/1/2018,8,4471,b.$25 - $50
MASS,MURS,MURS LQ,COTY CORP,COVER GIRL,31774,11/1/2018,94,338,a.less than $25
MASS,MURS,MURS LQ,COTY CORP,COVER GIRL,47603,12/1/2018,86,554,a.less than $25
MASS,MURS,MURS LQ,COTY CORP,COVER GIRL,32624,1/1/2019,6,5437,c.$50 - $100
MASS,MURS,MURS LQ,COTY CORP,COVER GIRL,33786,2/1/2019,42,804,a.less than $25
MASS,MURS,MURS LQ,COTY CORP,COVER GIRL,45115,3/1/2019,96,470,a.less than $25
MASS,MURS,MURS LQ,COTY CORP,COVER GIRL,31202,4/1/2019,25,1248,a.less than $25
MASS,MURS,MURS LQ,COTY CORP,COVER GIRL,25684,5/1/2019,82,313,a.less than $25
MASS,MURS,MURS LQ,COTY CORP,COVER GIRL,21989,6/1/2019,8,2749,b.$25 - $50
MASS,MURS,MURS LQ,COTY CORP,COVER GIRL,15379,7/1/2019,13,1183,a.less than $25
MASS,MURS,MURS LQ,COTY CORP,COVER GIRL,13523,8/1/2019,56,241,a.less than $25
MASS,APDEO,A/O FORM,UNILEVER CORP,DEGREE,0,8/1/2017,58,0,a.less than $25
MASS,APDEO,A/O FORM,UNILEVER CORP,DEGREE,0,9/1/2017,63,0,a.less than $25
MASS,APDEO,A/O FORM,UNILEVER CORP,DEGREE,0,10/1/2017,73,0,a.less than $25
MASS,APDEO,A/O FORM,UNILEVER CORP,DEGREE,0,11/1/2017,65,0,a.less than $25
MASS,APDEO,A/O FORM,UNILEVER CORP,DEGREE,0,12/1/2017,75,0,a.less than $25
MASS,APDEO,A/O FORM,UNILEVER CORP,DEGREE,0,1/1/2018,34,0,a.less than $25
MASS,APDEO,A/O FORM,UNILEVER CORP,DEGREE,0,2/1/2018,94,0,a.less than $25
MASS,APDEO,A/O FORM,UNILEVER CORP,DEGREE,0,3/1/2018,50,0,a.less than $25
MASS,APDEO,A/O FORM,UNILEVER CORP,DEGREE,0,4/1/2018,23,0,a.less than $25
MASS,APDEO,A/O FORM,UNILEVER CORP,DEGREE,0,5/1/2018,69,0,a.less than $25
MASS,APDEO,A/O FORM,UNILEVER CORP,DEGREE,0,6/1/2018,24,0,a.less than $25
MASS,APDEO,A/O FORM,UNILEVER CORP,DEGREE,0,7/1/2018,85,0,a.less than $25
MASS,APDEO,A/O FORM,UNILEVER CORP,DEGREE,0,8/1/2018,20,0,a.less than $25
MASS,APDEO,A/O FORM,UNILEVER CORP,DEGREE,0,9/1/2018,28,0,a.less than $25
MASS,APDEO,A/O FORM,UNILEVER CORP,DEGREE,0,10/1/2018,15,0,a.less than $25
MASS,APDEO,A/O FORM,UNILEVER CORP,DEGREE,0,11/1/2018,12,0,a.less than $25
MASS,APDEO,A/O FORM,UNILEVER CORP,DEGREE,0,12/1/2018,55,0,a.less than $25
MASS,APDEO,A/O FORM,UNILEVER CORP,DEGREE,203,1/1/2019,23,9,a.less than $25
MASS,APDEO,A/O FORM,UNILEVER CORP,DEGREE,13031,2/1/2019,64,204,a.less than $25
MASS,APDEO,A/O FORM,UNILEVER CORP,DEGREE,25134,3/1/2019,20,1257,a.less than $25
MASS,APDEO,A/O FORM,UNILEVER CORP,DEGREE,17270,4/1/2019,89,194,a.less than $25
MASS,APDEO,A/O FORM,UNILEVER CORP,DEGREE,17679,5/1/2019,14,1263,a.less than $25
MASS,APDEO,A/O FORM,UNILEVER CORP,DEGREE,24717,6/1/2019,3,8239,c.$50 - $100
MASS,APDEO,A/O FORM,UNILEVER CORP,DEGREE,19588,7/1/2019,55,356,a.less than $25
MASS,APDEO,A/O FORM,UNILEVER CORP,DEGREE,24225,8/1/2019,18,1346,a.less than $25
