data_for_container/data/Revlon Dataset Updated Aug 2019.csv
Channel,Category,Sub Category,Manufacturer,Brand,Revenue,Date,Units,Price,Price Tier
MASS,APDEO,AER,UNILEVER CORP,DEGREE,6158304,8/1/2017,79,77953,c.$50 - $100
MASS,APDEO,AER,UNILEVER CORP,DEGREE,7253360,9/1/2017,92,78841,c.$50 - $100
MASS,APDEO,AER,UNILEVER CORP,DEGREE,5684449,10/1/2017,53,107254,d.$100+
MASS,APDEO,AER,UNILEVER CORP,DEGREE,5005775,11/1/2017,97,51606,c.$50 - $100
MASS,APDEO,AER,UNILEVER CORP,DEGREE,5539401,12/1/2017,56,98918,c.$50 - $100
MASS,APDEO,AER,UNILEVER CORP,DEGREE,4712524,1/1/2018,88,53551,c.$50 - $100
MASS,APDEO,AER,UNILEVER CORP,DEGREE,5347518,2/1/2018,1,5347518,d.$100+
MASS,APDEO,AER,UNILEVER CORP,DEGREE,7569973,3/1/2018,84,90119,c.$50 - $100
MASS,APDEO,AER,UNILEVER CORP,DEGREE,5483249,4/1/2018,52,105447,d.$100+
MASS,APDEO,AER,UNILEVER CORP,DEGREE,6097536,5/1/2018,47,129735,d.$100+
MASS,APDEO,AER,UNILEVER CORP,DEGREE,8357608,6/1/2018,91,91842,c.$50 - $100
MASS,APDEO,AER,UNILEVER CORP,DEGREE,6622474,7/1/2018,33,200681,d.$100+
MASS,APDEO,AER,UNILEVER CORP,DEGREE,6843451,8/1/2018,6,1140575,d.$100+
MASS,APDEO,AER,UNILEVER CORP,DEGREE,8212967,9/1/2018,26,315883,d.$100+
MASS,APDEO,AER,UNILEVER CORP,DEGREE,6563436,10/1/2018,97,67664,c.$50 - $100
MASS,APDEO,AER,UNILEVER CORP,DEGREE,5489712,11/1/2018,30,182990,d.$100+
MASS,APDEO,AER,UNILEVER CORP,DEGREE,6603555,12/1/2018,19,347556,d.$100+
MASS,APDEO,AER,UNILEVER CORP,DEGREE,5448458,1/1/2019,26,209556,d.$100+
MASS,APDEO,AER,UNILEVER CORP,DEGREE,5798722,2/1/2019,59,98283,c.$50 - $100
MASS,APDEO,AER,UNILEVER CORP,DEGREE,8068383,3/1/2019,17,474611,d.$100+
MASS,APDEO,AER,UNILEVER CORP,DEGREE,6268746,4/1/2019,11,569886,d.$100+
MASS,APDEO,AER,UNILEVER CORP,DEGREE,7191428,5/1/2019,35,205469,d.$100+
MASS,APDEO,AER,UNILEVER CORP,DEGREE,10067110,6/1/2019,38,264924,d.$100+
MASS,APDEO,AER,UNILEVER CORP,DEGREE,8312330,7/1/2019,85,97792,c.$50 - $100
MASS,APDEO,AER,UNILEVER CORP,DEGREE,8241302,8/1/2019,85,96956,c.$50 - $100
MASS,APDEO,SFTSOL,UNILEVER CORP,DEGREE,3595990,8/1/2017,55,65382,c.$50 - $100
MASS,APDEO,SFTSOL,UNILEVER CORP,DEGREE,4100634,9/1/2017,69,59429,c.$50 - $100
MASS,APDEO,SFTSOL,UNILEVER CORP,DEGREE,3039064,10/1/2017,92,33033,c.$50 - $100
MASS,APDEO,SFTSOL,UNILEVER CORP,DEGREE,2902621,11/1/2017,47,61758,c.$50 - $100
MASS,APDEO,SFTSOL,UNILEVER CORP,DEGREE,3569350,12/1/2017,28,127477,d.$100+
MASS,APDEO,SFTSOL,UNILEVER CORP,DEGREE,2692000,1/1/2018,45,59822,c.$50 - $100
MASS,APDEO,SFTSOL,UNILEVER CORP,DEGREE,2952806,2/1/2018,64,46138,c.$50 - $100
MASS,APDEO,SFTSOL,UNILEVER CORP,DEGREE,3771374,3/1/2018,79,47739,c.$50 - $100
MASS,APDEO,SFTSOL,UNILEVER CORP,DEGREE,3303667,4/1/2018,19,173877,d.$100+
MASS,APDEO,SFTSOL,UNILEVER CORP,DEGREE,3378920,5/1/2018,4,844730,d.$100+
MASS,APDEO,SFTSOL,UNILEVER CORP,DEGREE,4326109,6/1/2018,80,54076,c.$50 - $100
MASS,APDEO,SFTSOL,UNILEVER CORP,DEGREE,3465429,7/1/2018,31,111788,d.$100+
MASS,APDEO,SFTSOL,UNILEVER CORP,DEGREE,3403992,8/1/2018,15,226933,d.$100+
MASS,APDEO,SFTSOL,UNILEVER CORP,DEGREE,3953483,9/1/2018,52,76029,c.$50 - $100
MASS,APDEO,SFTSOL,UNILEVER CORP,DEGREE,3077561,10/1/2018,79,38956,c.$50 - $100
MASS,APDEO,SFTSOL,UNILEVER CORP,DEGREE,2848033,11/1/2018,26,109540,d.$100+
MASS,APDEO,SFTSOL,UNILEVER CORP,DEGREE,3598221,12/1/2018,57,63127,c.$50 - $100
MASS,APDEO,SFTSOL,UNILEVER CORP,DEGREE,2636188,1/1/2019,99,26628,c.$50 - $100
MASS,APDEO,SFTSOL,UNILEVER CORP,DEGREE,2786655,2/1/2019,75,37155,c.$50 - $100
MASS,APDEO,SFTSOL,UNILEVER CORP,DEGREE,3654356,3/1/2019,90,40604,c.$50 - $100
MASS,APDEO,SFTSOL,UNILEVER CORP,DEGREE,3018463,4/1/2019,20,150923,d.$100+
MASS,APDEO,SFTSOL,UNILEVER CORP,DEGREE,3343635,5/1/2019,95,35196,c.$50 - $100
MASS,APDEO,SFTSOL,UNILEVER CORP,DEGREE,4213446,6/1/2019,12,351121,d.$100+
MASS,APDEO,SFTSOL,UNILEVER CORP,DEGREE,3384012,7/1/2019,1,3384012,d.$100+
MASS,APDEO,SFTSOL,UNILEVER CORP,DEGREE,3427953,8/1/2019,70,48971,c.$50 - $100
MASS,APDEO,ST/SL,UNILEVER CORP,DEGREE,33038353,8/1/2017,86,384167,d.$100+
MASS,APDEO,ST/SL,UNILEVER CORP,DEGREE,38375045,9/1/2017,6,6395841,d.$100+
MASS,APDEO,ST/SL,UNILEVER CORP,DEGREE,29047149,10/1/2017,52,558599,d.$100+
MASS,APDEO,ST/SL,UNILEVER CORP,DEGREE,28924690,11/1/2017,62,466527,d.$100+
MASS,APDEO,ST/SL,UNILEVER CORP,DEGREE,34947700,12/1/2017,66,529511,d.$100+
MASS,APDEO,ST/SL,UNILEVER CORP,DEGREE,25746016,1/1/2018,19,1355053,d.$100+
MASS,APDEO,ST/SL,UNILEVER CORP,DEGREE,29103373,2/1/2018,40,727584,d.$100+
MASS,APDEO,ST/SL,UNILEVER CORP,DEGREE,36162215,3/1/2018,88,410934,d.$100+
MASS,APDEO,ST/SL,UNILEVER CORP,DEGREE,29205515,4/1/2018,3,9735172,d.$100+
MASS,APDEO,ST/SL,UNILEVER CORP,DEGREE,30129946,5/1/2018,78,386281,d.$100+
MASS,APDEO,ST/SL,UNILEVER CORP,DEGREE,39686669,6/1/2018,77,515411,d.$100+
MASS,APDEO,ST/SL,UNILEVER CORP,DEGREE,32198026,7/1/2018,79,407570,d.$100+
MASS,APDEO,ST/SL,UNILEVER CORP,DEGREE,33290974,8/1/2018,96,346781,d.$100+
MASS,APDEO,ST/SL,UNILEVER CORP,DEGREE,39594558,9/1/2018,9,4399395,d.$100+
MASS,APDEO,ST/SL,UNILEVER CORP,DEGREE,30166506,10/1/2018,49,615643,d.$100+
MASS,APDEO,ST/SL,UNILEVER CORP,DEGREE,28563218,11/1/2018,73,391277,d.$100+
MASS,APDEO,ST/SL,UNILEVER CORP,DEGREE,35639715,12/1/2018,55,647995,d.$100+
MASS,APDEO,ST/SL,UNILEVER CORP,DEGREE,25789642,1/1/2019,78,330636,d.$100+
MASS,APDEO,ST/SL,UNILEVER CORP,DEGREE,28892183,2/1/2019,53,545136,d.$100+
MASS,APDEO,ST/SL,UNILEVER CORP,DEGREE,37121993,3/1/2019,88,421841,d.$100+
MASS,APDEO,ST/SL,UNILEVER CORP,DEGREE,28669474,4/1/2019,63,455071,d.$100+
MASS,APDEO,ST/SL,UNILEVER CORP,DEGREE,31554809,5/1/2019,3,10518270,d.$100+
MASS,APDEO,ST/SL,UNILEVER CORP,DEGREE,40818640,6/1/2019,26,1569948,d.$100+
MASS,APDEO,ST/SL,UNILEVER CORP,DEGREE,33074803,7/1/2019,0,0,a.less than $25
MASS,APDEO,ST/SL,UNILEVER CORP,DEGREE,34301219,8/1/2019,37,927060,d.$100+
MASS,APDEO,AER,UNILEVER CORP,DOVE,7205271,8/1/2017,30,240176,d.$100+
MASS,APDEO,AER,UNILEVER CORP,DOVE,8283913,9/1/2017,17,487289,d.$100+
MASS,APDEO,AER,UNILEVER CORP,DOVE,6902346,10/1/2017,33,209162,d.$100+
MASS,APDEO,AER,UNILEVER CORP,DOVE,6010183,11/1/2017,13,462322,d.$100+
MASS,APDEO,AER,UNILEVER CORP,DOVE,7183122,12/1/2017,45,159625,d.$100+
MASS,APDEO,AER,UNILEVER CORP,DOVE,6240850,1/1/2018,7,891550,d.$100+
MASS,APDEO,AER,UNILEVER CORP,DOVE,6724537,2/1/2018,65,103454,d.$100+
MASS,APDEO,AER,UNILEVER CORP,DOVE,10810292,3/1/2018,17,635900,d.$100+
MASS,APDEO,AER,UNILEVER CORP,DOVE,8879498,4/1/2018,33,269076,d.$100+
MASS,APDEO,AER,UNILEVER CORP,DOVE,9950799,5/1/2018,90,110564,d.$100+
MASS,APDEO,AER,UNILEVER CORP,DOVE,13224904,6/1/2018,20,661245,d.$100+
MASS,APDEO,AER,UNILEVER CORP,DOVE,10641839,7/1/2018,98,108590,d.$100+
MASS,APDEO,AER,UNILEVER CORP,DOVE,11148690,8/1/2018,61,182765,d.$100+
MASS,APDEO,AER,UNILEVER CORP,DOVE,12492923,9/1/2018,54,231350,d.$100+
MASS,APDEO,AER,UNILEVER CORP,DOVE,10111102,10/1/2018,86,117571,d.$100+
MASS,APDEO,AER,UNILEVER CORP,DOVE,8389519,11/1/2018,66,127114,d.$100+
MASS,APDEO,AER,UNILEVER CORP,DOVE,10219765,12/1/2018,33,309690,d.$100+
MASS,APDEO,AER,UNILEVER CORP,DOVE,8888463,1/1/2019,94,94558,c.$50 - $100
MASS,APDEO,AER,UNILEVER CORP,DOVE,9319801,2/1/2019,23,405209,d.$100+
MASS,APDEO,AER,UNILEVER CORP,DOVE,12853078,3/1/2019,95,135296,d.$100+
MASS,APDEO,AER,UNILEVER CORP,DOVE,9902201,4/1/2019,32,309444,d.$100+
MASS,APDEO,AER,UNILEVER CORP,DOVE,11474978,5/1/2019,76,150987,d.$100+
MASS,APDEO,AER,UNILEVER CORP,DOVE,15819273,6/1/2019,76,208148,d.$100+
MASS,APDEO,AER,UNILEVER CORP,DOVE,12956857,7/1/2019,98,132213,d.$100+
MASS,APDEO,AER,UNILEVER CORP,DOVE,13844021,8/1/2019,23,601914,d.$100+
MASS,APDEO,R-ON,UNILEVER CORP,DOVE,29184,8/1/2017,39,748,a.less than $25
MASS,APDEO,R-ON,UNILEVER CORP,DOVE,34401,9/1/2017,43,800,a.less than $25
MASS,APDEO,R-ON,UNILEVER CORP,DOVE,28456,10/1/2017,16,1779,a.less than $25
MASS,APDEO,R-ON,UNILEVER CORP,DOVE,29622,11/1/2017,49,605,a.less than $25
MASS,APDEO,R-ON,UNILEVER CORP,DOVE,34046,12/1/2017,32,1064,a.less than $25
MASS,APDEO,R-ON,UNILEVER CORP,DOVE,27055,1/1/2018,45,601,a.less than $25
MASS,APDEO,R-ON,UNILEVER CORP,DOVE,26130,2/1/2018,11,2375,a.less than $25
MASS,APDEO,R-ON,UNILEVER CORP,DOVE,33769,3/1/2018,34,993,a.less than $25
MASS,APDEO,R-ON,UNILEVER CORP,DOVE,28315,4/1/2018,14,2023,a.less than $25
MASS,APDEO,R-ON,UNILEVER CORP,DOVE,27992,5/1/2018,23,1217,a.less than $25
MASS,APDEO,R-ON,UNILEVER CORP,DOVE,37155,6/1/2018,18,2064,a.less than $25
MASS,APDEO,R-ON,UNILEVER CORP,DOVE,30702,7/1/2018,96,320,a.less than $25
MASS,APDEO,R-ON,UNILEVER CORP,DOVE,31626,8/1/2018,92,344,a.less than $25
MASS,APDEO,R-ON,UNILEVER CORP,DOVE,34838,9/1/2018,71,491,a.less than $25
MASS,APDEO,R-ON,UNILEVER CORP,DOVE,26457,10/1/2018,1,26457,c.$50 - $100
MASS,APDEO,R-ON,UNILEVER CORP,DOVE,27469,11/1/2018,42,654,a.less than $25
MASS,APDEO,R-ON,UNILEVER CORP,DOVE,30720,12/1/2018,24,1280,a.less than $25
MASS,APDEO,R-ON,UNILEVER CORP,DOVE,25648,1/1/2019,57,450,a.less than $25
MASS,APDEO,R-ON,UNILEVER CORP,DOVE,26669,2/1/2019,40,667,a.less than $25
MASS,APDEO,R-ON,UNILEVER CORP,DOVE,33039,3/1/2019,54,612,a.less than $25
MASS,APDEO,R-ON,UNILEVER CORP,DOVE,26208,4/1/2019,29,904,a.less than $25
MASS,APDEO,R-ON,UNILEVER CORP,DOVE,26075,5/1/2019,97,269,a.less than $25
MASS,APDEO,R-ON,UNILEVER CORP,DOVE,31739,6/1/2019,93,341,a.less than $25
MASS,APDEO,R-ON,UNILEVER CORP,DOVE,26522,7/1/2019,40,663,a.less than $25
MASS,APDEO,R-ON,UNILEVER CORP,DOVE,29620,8/1/2019,83,357,a.less than $25
MASS,APDEO,SFTSOL,UNILEVER CORP,DOVE,2605225,8/1/2017,59,44156,c.$50 - $100
MASS,APDEO,SFTSOL,UNILEVER CORP,DOVE,3006771,9/1/2017,19,158251,d.$100+
MASS,APDEO,SFTSOL,UNILEVER CORP,DOVE,2245023,10/1/2017,99,22677,c.$50 - $100
MASS,APDEO,SFTSOL,UNILEVER CORP,DOVE,2091182,11/1/2017,78,26810,c.$50 - $100
MASS,APDEO,SFTSOL,UNILEVER CORP,DOVE,2652411,12/1/2017,15,176827,d.$100+
MASS,APDEO,SFTSOL,UNILEVER CORP,DOVE,2166734,1/1/2018,78,27779,c.$50 - $100
MASS,APDEO,SFTSOL,UNILEVER CORP,DOVE,2307756,2/1/2018,21,109893,d.$100+
MASS,APDEO,SFTSOL,UNILEVER CORP,DOVE,3035528,3/1/2018,91,33357,c.$50 - $100
MASS,APDEO,SFTSOL,UNILEVER CORP,DOVE,2588643,4/1/2018,84,30817,c.$50 - $100
MASS,APDEO,SFTSOL,UNILEVER CORP,DOVE,2633061,5/1/2018,57,46194,c.$50 - $100
MASS,APDEO,SFTSOL,UNILEVER CORP,DOVE,3370158,6/1/2018,45,74892,c.$50 - $100
MASS,APDEO,SFTSOL,UNILEVER CORP,DOVE,2643373,7/1/2018,59,44803,c.$50 - $100
MASS,APDEO,SFTSOL,UNILEVER CORP,DOVE,2700606,8/1/2018,11,245510,d.$100+
MASS,APDEO,SFTSOL,UNILEVER CORP,DOVE,3068501,9/1/2018,47,65287,c.$50 - $100
MASS,APDEO,SFTSOL,UNILEVER CORP,DOVE,2464045,10/1/2018,88,28001,c.$50 - $100
MASS,APDEO,SFTSOL,UNILEVER CORP,DOVE,2300511,11/1/2018,34,67662,c.$50 - $100
MASS,APDEO,SFTSOL,UNILEVER CORP,DOVE,2927195,12/1/2018,64,45737,c.$50 - $100
MASS,APDEO,SFTSOL,UNILEVER CORP,DOVE,2180011,1/1/2019,11,198183,d.$100+
MASS,APDEO,SFTSOL,UNILEVER CORP,DOVE,2373138,2/1/2019,19,124902,d.$100+
MASS,APDEO,SFTSOL,UNILEVER CORP,DOVE,3014826,3/1/2019,54,55830,c.$50 - $100
MASS,APDEO,SFTSOL,UNILEVER CORP,DOVE,2442236,4/1/2019,56,43611,c.$50 - $100
MASS,APDEO,SFTSOL,UNILEVER CORP,DOVE,2707454,5/1/2019,28,96695,c.$50 - $100
MASS,APDEO,SFTSOL,UNILEVER CORP,DOVE,3402335,6/1/2019,5,680467,d.$100+
MASS,APDEO,SFTSOL,UNILEVER CORP,DOVE,2667989,7/1/2019,56,47643,c.$50 - $100
MASS,APDEO,SFTSOL,UNILEVER CORP,DOVE,2781320,8/1/2019,4,695330,d.$100+
MASS,APDEO,ST/SL,UNILEVER CORP,DOVE,28442033,8/1/2017,17,1673061,d.$100+
MASS,APDEO,ST/SL,UNILEVER CORP,DOVE,32576386,9/1/2017,28,1163442,d.$100+
MASS,APDEO,ST/SL,UNILEVER CORP,DOVE,24924374,10/1/2017,60,415406,d.$100+
MASS,APDEO,ST/SL,UNILEVER CORP,DOVE,24144056,11/1/2017,42,574858,d.$100+
MASS,APDEO,ST/SL,UNILEVER CORP,DOVE,30420689,12/1/2017,96,316882,d.$100+
MASS,APDEO,ST/SL,UNILEVER CORP,DOVE,23285372,1/1/2018,90,258726,d.$100+
MASS,APDEO,ST/SL,UNILEVER CORP,DOVE,24355007,2/1/2018,88,276761,d.$100+
MASS,APDEO,ST/SL,UNILEVER CORP,DOVE,31837001,3/1/2018,74,430230,d.$100+
MASS,APDEO,ST/SL,UNILEVER CORP,DOVE,25362921,4/1/2018,58,437292,d.$100+
MASS,APDEO,ST/SL,UNILEVER CORP,DOVE,26712327,5/1/2018,66,404732,d.$100+
MASS,APDEO,ST/SL,UNILEVER CORP,DOVE,34652367,6/1/2018,42,825056,d.$100+
MASS,APDEO,ST/SL,UNILEVER CORP,DOVE,27909439,7/1/2018,11,2537222,d.$100+
MASS,APDEO,ST/SL,UNILEVER CORP,DOVE,28911325,8/1/2018,79,365966,d.$100+
MASS,APDEO,ST/SL,UNILEVER CORP,DOVE,33494150,9/1/2018,19,1762850,d.$100+
MASS,APDEO,ST/SL,UNILEVER CORP,DOVE,26134100,10/1/2018,21,1244481,d.$100+
MASS,APDEO,ST/SL,UNILEVER CORP,DOVE,24898223,11/1/2018,47,529749,d.$100+
MASS,APDEO,ST/SL,UNILEVER CORP,DOVE,32066065,12/1/2018,39,822207,d.$100+
MASS,APDEO,ST/SL,UNILEVER CORP,DOVE,24153268,1/1/2019,7,3450467,d.$100+
MASS,APDEO,ST/SL,UNILEVER CORP,DOVE,26306327,2/1/2019,77,341641,d.$100+
MASS,APDEO,ST/SL,UNILEVER CORP,DOVE,34344068,3/1/2019,42,817716,d.$100+
MASS,APDEO,ST/SL,UNILEVER CORP,DOVE,26536423,4/1/2019,88,301550,d.$100+
MASS,APDEO,ST/SL,UNILEVER CORP,DOVE,29082876,5/1/2019,40,727072,d.$100+
MASS,APDEO,ST/SL,UNILEVER CORP,DOVE,38384470,6/1/2019,18,2132471,d.$100+
MASS,APDEO,ST/SL,UNILEVER CORP,DOVE,30241039,7/1/2019,79,382798,d.$100+
MASS,APDEO,ST/SL,UNILEVER CORP,DOVE,31960946,8/1/2019,92,347402,d.$100+
PRESTIGE,FRAGRANCES,MEN,ESTEE LAUDER INC,ESTEE LAUDER,182231,8/1/2017,42,4339,b.$25 - $50
PRESTIGE,FRAGRANCES,MEN,ESTEE LAUDER INC,ESTEE LAUDER,283089,9/1/2017,96,2949,b.$25 - $50
PRESTIGE,FRAGRANCES,MEN,ESTEE LAUDER INC,ESTEE LAUDER,222809,10/1/2017,83,2684,b.$25 - $50
PRESTIGE,FRAGRANCES,MEN,ESTEE LAUDER INC,ESTEE LAUDER,331968,11/1/2017,44,7545,c.$50 - $100
PRESTIGE,FRAGRANCES,MEN,ESTEE LAUDER INC,ESTEE LAUDER,974629,12/1/2017,43,22666,c.$50 - $100
PRESTIGE,FRAGRANCES,MEN,ESTEE LAUDER INC,ESTEE LAUDER,130253,1/1/2018,67,1944,a.less than $25
PRESTIGE,FRAGRANCES,MEN,ESTEE LAUDER INC,ESTEE LAUDER,173005,2/1/2018,75,2307,a.less than $25
PRESTIGE,FRAGRANCES,MEN,ESTEE LAUDER INC,ESTEE LAUDER,219822,3/1/2018,98,2243,a.less than $25
PRESTIGE,FRAGRANCES,MEN,ESTEE LAUDER INC,ESTEE LAUDER,156213,4/1/2018,13,12016,c.$50 - $100
PRESTIGE,FRAGRANCES,MEN,ESTEE LAUDER INC,ESTEE LAUDER,167490,5/1/2018,79,2120,a.less than $25
PRESTIGE,FRAGRANCES,MEN,ESTEE LAUDER INC,ESTEE LAUDER,276724,6/1/2018,75,3690,b.$25 - $50
PRESTIGE,FRAGRANCES,MEN,ESTEE LAUDER INC,ESTEE LAUDER,143208,7/1/2018,91,1574,a.less than $25
PRESTIGE,FRAGRANCES,MEN,ESTEE LAUDER INC,ESTEE LAUDER,159103,8/1/2018,75,2121,a.less than $25
PRESTIGE,FRAGRANCES,MEN,ESTEE LAUDER INC,ESTEE LAUDER,231231,9/1/2018,79,2927,b.$25 - $50
PRESTIGE,FRAGRANCES,MEN,ESTEE LAUDER INC,ESTEE LAUDER,200468,10/1/2018,100,2005,a.less than $25
PRESTIGE,FRAGRANCES,MEN,ESTEE LAUDER INC,ESTEE LAUDER,308127,11/1/2018,7,44018,c.$50 - $100
PRESTIGE,FRAGRANCES,MEN,ESTEE LAUDER INC,ESTEE LAUDER,857617,12/1/2018,17,50448,c.$50 - $100
PRESTIGE,FRAGRANCES,MEN,ESTEE LAUDER INC,ESTEE LAUDER,106435,1/1/2019,86,1238,a.less than $25
PRESTIGE,FRAGRANCES,MEN,ESTEE LAUDER INC,ESTEE LAUDER,165712,2/1/2019,35,4735,b.$25 - $50
PRESTIGE,FRAGRANCES,MEN,ESTEE LAUDER INC,ESTEE LAUDER,213355,3/1/2019,81,2634,b.$25 - $50
PRESTIGE,FRAGRANCES,MEN,ESTEE LAUDER INC,ESTEE LAUDER,141488,4/1/2019,96,1474,a.less than $25
PRESTIGE,FRAGRANCES,MEN,ESTEE LAUDER INC,ESTEE LAUDER,163279,5/1/2019,50,3266,b.$25 - $50
PRESTIGE,FRAGRANCES,MEN,ESTEE LAUDER INC,ESTEE LAUDER,228699,6/1/2019,98,2334,a.less than $25
PRESTIGE,FRAGRANCES,MEN,ESTEE LAUDER INC,ESTEE LAUDER,101236,7/1/2019,97,1044,a.less than $25
PRESTIGE,FRAGRANCES,MEN,ESTEE LAUDER INC,ESTEE LAUDER,144679,8/1/2019,32,4521,b.$25 - $50
PRESTIGE,FRAGRANCES,WOMEN,ESTEE LAUDER INC,ESTEE LAUDER,7993527,8/1/2017,39,204962,d.$100+
PRESTIGE,FRAGRANCES,WOMEN,ESTEE LAUDER INC,ESTEE LAUDER,13963759,9/1/2017,81,172392,d.$100+
PRESTIGE,FRAGRANCES,WOMEN,ESTEE LAUDER INC,ESTEE LAUDER,10195319,10/1/2017,65,156851,d.$100+
PRESTIGE,FRAGRANCES,WOMEN,ESTEE LAUDER INC,ESTEE LAUDER,15878380,11/1/2017,32,496199,d.$100+
PRESTIGE,FRAGRANCES,WOMEN,ESTEE LAUDER INC,ESTEE LAUDER,49378459,12/1/2017,22,2244475,d.$100+
PRESTIGE,FRAGRANCES,WOMEN,ESTEE LAUDER INC,ESTEE LAUDER,4533256,1/1/2018,78,58119,c.$50 - $100
PRESTIGE,FRAGRANCES,WOMEN,ESTEE LAUDER INC,ESTEE LAUDER,7149827,2/1/2018,15,476655,d.$100+
PRESTIGE,FRAGRANCES,WOMEN,ESTEE LAUDER INC,ESTEE LAUDER,11388683,3/1/2018,86,132427,d.$100+
PRESTIGE,FRAGRANCES,WOMEN,ESTEE LAUDER INC,ESTEE LAUDER,8709115,4/1/2018,69,126219,d.$100+
PRESTIGE,FRAGRANCES,WOMEN,ESTEE LAUDER INC,ESTEE LAUDER,12511971,5/1/2018,12,1042664,d.$100+
PRESTIGE,FRAGRANCES,WOMEN,ESTEE LAUDER INC,ESTEE LAUDER,9017220,6/1/2018,1,9017220,d.$100+
PRESTIGE,FRAGRANCES,WOMEN,ESTEE LAUDER INC,ESTEE LAUDER,6550011,7/1/2018,45,145556,d.$100+
PRESTIGE,FRAGRANCES,WOMEN,ESTEE LAUDER INC,ESTEE LAUDER,7066058,8/1/2018,29,243657,d.$100+
PRESTIGE,FRAGRANCES,WOMEN,ESTEE LAUDER INC,ESTEE LAUDER,11864491,9/1/2018,43,275918,d.$100+
PRESTIGE,FRAGRANCES,WOMEN,ESTEE LAUDER INC,ESTEE LAUDER,10241986,10/1/2018,20,512099,d.$100+
PRESTIGE,FRAGRANCES,WOMEN,ESTEE LAUDER INC,ESTEE LAUDER,14885280,11/1/2018,5,2977056,d.$100+
PRESTIGE,FRAGRANCES,WOMEN,ESTEE LAUDER INC,ESTEE LAUDER,45220041,12/1/2018,70,646001,d.$100+
PRESTIGE,FRAGRANCES,WOMEN,ESTEE LAUDER INC,ESTEE LAUDER,3931618,1/1/2019,54,72808,c.$50 - $100
PRESTIGE,FRAGRANCES,WOMEN,ESTEE LAUDER INC,ESTEE LAUDER,6576494,2/1/2019,68,96713,c.$50 - $100
PRESTIGE,FRAGRANCES,WOMEN,ESTEE LAUDER INC,ESTEE LAUDER,10190856,3/1/2019,41,248557,d.$100+
PRESTIGE,FRAGRANCES,WOMEN,ESTEE LAUDER INC,ESTEE LAUDER,8097005,4/1/2019,56,144589,d.$100+
PRESTIGE,FRAGRANCES,WOMEN,ESTEE LAUDER INC,ESTEE LAUDER,11101639,5/1/2019,74,150022,d.$100+
PRESTIGE,FRAGRANCES,WOMEN,ESTEE LAUDER INC,ESTEE LAUDER,7775257,6/1/2019,100,77753,c.$50 - $100
PRESTIGE,FRAGRANCES,WOMEN,ESTEE LAUDER INC,ESTEE LAUDER,5383311,7/1/2019,16,336457,d.$100+
PRESTIGE,FRAGRANCES,WOMEN,ESTEE LAUDER INC,ESTEE LAUDER,8305317,8/1/2019,99,83892,c.$50 - $100
