data_for_container/data/Revlon Dataset Updated Aug 2019.csv
Channel,Category,Sub Category,Manufacturer,Brand,Revenue,Date,Units,Price,Price Tier
PRESTIGE,MAKEUP,MAKEUP TOTAL ALL OTHER,ESTEE LAUDER INC,ESTEE LAUDER,503099,8/1/2017,20,25155,c.$50 - $100
PRESTIGE,MAKEUP,MAKEUP TOTAL ALL OTHER,ESTEE LAUDER INC,ESTEE LAUDER,847855,9/1/2017,92,9216,c.$50 - $100
PRESTIGE,MAKEUP,MAKEUP TOTAL ALL OTHER,ESTEE LAUDER INC,ESTEE LAUDER,501871,10/1/2017,100,5019,c.$50 - $100
PRESTIGE,MAKEUP,MAKEUP TOTAL ALL OTHER,ESTEE LAUDER INC,ESTEE LAUDER,497074,11/1/2017,33,15063,c.$50 - $100
PRESTIGE,MAKEUP,MAKEUP TOTAL ALL OTHER,ESTEE LAUDER INC,ESTEE LAUDER,701629,12/1/2017,7,100233,d.$100+
PRESTIGE,MAKEUP,MAKEUP TOTAL ALL OTHER,ESTEE LAUDER INC,ESTEE LAUDER,353916,1/1/2018,83,4264,b.$25 - $50
PRESTIGE,MAKEUP,MAKEUP TOTAL ALL OTHER,ESTEE LAUDER INC,ESTEE LAUDER,480401,2/1/2018,22,21836,c.$50 - $100
PRESTIGE,MAKEUP,MAKEUP TOTAL ALL OTHER,ESTEE LAUDER INC,ESTEE LAUDER,873049,3/1/2018,76,11487,c.$50 - $100
PRESTIGE,MAKEUP,MAKEUP TOTAL ALL OTHER,ESTEE LAUDER INC,ESTEE LAUDER,551980,4/1/2018,55,10036,c.$50 - $100
PRESTIGE,MAKEUP,MAKEUP TOTAL ALL OTHER,ESTEE LAUDER INC,ESTEE LAUDER,511643,5/1/2018,54,9475,c.$50 - $100
PRESTIGE,MAKEUP,MAKEUP TOTAL ALL OTHER,ESTEE LAUDER INC,ESTEE LAUDER,611079,6/1/2018,49,12471,c.$50 - $100
PRESTIGE,MAKEUP,MAKEUP TOTAL ALL OTHER,ESTEE LAUDER INC,ESTEE LAUDER,450821,7/1/2018,16,28176,c.$50 - $100
PRESTIGE,MAKEUP,MAKEUP TOTAL ALL OTHER,ESTEE LAUDER INC,ESTEE LAUDER,533692,8/1/2018,27,19766,c.$50 - $100
PRESTIGE,MAKEUP,MAKEUP TOTAL ALL OTHER,ESTEE LAUDER INC,ESTEE LAUDER,869588,9/1/2018,82,10605,c.$50 - $100
PRESTIGE,MAKEUP,MAKEUP TOTAL ALL OTHER,ESTEE LAUDER INC,ESTEE LAUDER,556286,10/1/2018,85,6545,c.$50 - $100
PRESTIGE,MAKEUP,MAKEUP TOTAL ALL OTHER,ESTEE LAUDER INC,ESTEE LAUDER,553951,11/1/2018,61,9081,c.$50 - $100
PRESTIGE,MAKEUP,MAKEUP TOTAL ALL OTHER,ESTEE LAUDER INC,ESTEE LAUDER,760206,12/1/2018,50,15204,c.$50 - $100
PRESTIGE,MAKEUP,MAKEUP TOTAL ALL OTHER,ESTEE LAUDER INC,ESTEE LAUDER,435964,1/1/2019,93,4688,b.$25 - $50
PRESTIGE,MAKEUP,MAKEUP TOTAL ALL OTHER,ESTEE LAUDER INC,ESTEE LAUDER,595046,2/1/2019,8,74381,c.$50 - $100
PRESTIGE,MAKEUP,MAKEUP TOTAL ALL OTHER,ESTEE LAUDER INC,ESTEE LAUDER,1160341,3/1/2019,7,165763,d.$100+
PRESTIGE,MAKEUP,MAKEUP TOTAL ALL OTHER,ESTEE LAUDER INC,ESTEE LAUDER,776201,4/1/2019,16,48513,c.$50 - $100
PRESTIGE,MAKEUP,MAKEUP TOTAL ALL OTHER,ESTEE LAUDER INC,ESTEE LAUDER,825623,5/1/2019,14,58973,c.$50 - $100
PRESTIGE,MAKEUP,MAKEUP TOTAL ALL OTHER,ESTEE LAUDER INC,ESTEE LAUDER,804405,6/1/2019,3,268135,d.$100+
PRESTIGE,MAKEUP,MAKEUP TOTAL ALL OTHER,ESTEE LAUDER INC,ESTEE LAUDER,537882,7/1/2019,25,21515,c.$50 - $100
PRESTIGE,MAKEUP,MAKEUP TOTAL ALL OTHER,ESTEE LAUDER INC,ESTEE LAUDER,724666,8/1/2019,69,10502,c.$50 - $100
PRESTIGE,MAKEUP,MAKEUP TOTAL EYE,ESTEE LAUDER INC,ESTEE LAUDER,4266950,8/1/2017,30,142232,d.$100+
PRESTIGE,MAKEUP,MAKEUP TOTAL EYE,ESTEE LAUDER INC,ESTEE LAUDER,6584817,9/1/2017,33,199540,d.$100+
PRESTIGE,MAKEUP,MAKEUP TOTAL EYE,ESTEE LAUDER INC,ESTEE LAUDER,4248742,10/1/2017,68,62482,c.$50 - $100
PRESTIGE,MAKEUP,MAKEUP TOTAL EYE,ESTEE LAUDER INC,ESTEE LAUDER,3842774,11/1/2017,53,72505,c.$50 - $100
PRESTIGE,MAKEUP,MAKEUP TOTAL EYE,ESTEE LAUDER INC,ESTEE LAUDER,5055893,12/1/2017,29,174341,d.$100+
PRESTIGE,MAKEUP,MAKEUP TOTAL EYE,ESTEE LAUDER INC,ESTEE LAUDER,2627502,1/1/2018,94,27952,c.$50 - $100
PRESTIGE,MAKEUP,MAKEUP TOTAL EYE,ESTEE LAUDER INC,ESTEE LAUDER,3661369,2/1/2018,39,93881,c.$50 - $100
PRESTIGE,MAKEUP,MAKEUP TOTAL EYE,ESTEE LAUDER INC,ESTEE LAUDER,6330151,3/1/2018,20,316508,d.$100+
PRESTIGE,MAKEUP,MAKEUP TOTAL EYE,ESTEE LAUDER INC,ESTEE LAUDER,4331060,4/1/2018,31,139712,d.$100+
PRESTIGE,MAKEUP,MAKEUP TOTAL EYE,ESTEE LAUDER INC,ESTEE LAUDER,4435940,5/1/2018,66,67211,c.$50 - $100
PRESTIGE,MAKEUP,MAKEUP TOTAL EYE,ESTEE LAUDER INC,ESTEE LAUDER,5051662,6/1/2018,93,54319,c.$50 - $100
PRESTIGE,MAKEUP,MAKEUP TOTAL EYE,ESTEE LAUDER INC,ESTEE LAUDER,2941042,7/1/2018,29,101415,d.$100+
PRESTIGE,MAKEUP,MAKEUP TOTAL EYE,ESTEE LAUDER INC,ESTEE LAUDER,3617896,8/1/2018,56,64605,c.$50 - $100
PRESTIGE,MAKEUP,MAKEUP TOTAL EYE,ESTEE LAUDER INC,ESTEE LAUDER,5985863,9/1/2018,58,103205,d.$100+
PRESTIGE,MAKEUP,MAKEUP TOTAL EYE,ESTEE LAUDER INC,ESTEE LAUDER,4343388,10/1/2018,58,74886,c.$50 - $100
PRESTIGE,MAKEUP,MAKEUP TOTAL EYE,ESTEE LAUDER INC,ESTEE LAUDER,3417055,11/1/2018,4,854264,d.$100+
PRESTIGE,MAKEUP,MAKEUP TOTAL EYE,ESTEE LAUDER INC,ESTEE LAUDER,4731933,12/1/2018,44,107544,d.$100+
PRESTIGE,MAKEUP,MAKEUP TOTAL EYE,ESTEE LAUDER INC,ESTEE LAUDER,2460100,1/1/2019,94,26171,c.$50 - $100
PRESTIGE,MAKEUP,MAKEUP TOTAL EYE,ESTEE LAUDER INC,ESTEE LAUDER,3512452,2/1/2019,81,43364,c.$50 - $100
PRESTIGE,MAKEUP,MAKEUP TOTAL EYE,ESTEE LAUDER INC,ESTEE LAUDER,5896159,3/1/2019,81,72792,c.$50 - $100
PRESTIGE,MAKEUP,MAKEUP TOTAL EYE,ESTEE LAUDER INC,ESTEE LAUDER,3905136,4/1/2019,19,205533,d.$100+
PRESTIGE,MAKEUP,MAKEUP TOTAL EYE,ESTEE LAUDER INC,ESTEE LAUDER,4340673,5/1/2019,73,59461,c.$50 - $100
PRESTIGE,MAKEUP,MAKEUP TOTAL EYE,ESTEE LAUDER INC,ESTEE LAUDER,4345104,6/1/2019,57,76230,c.$50 - $100
PRESTIGE,MAKEUP,MAKEUP TOTAL EYE,ESTEE LAUDER INC,ESTEE LAUDER,2821100,7/1/2019,35,80603,c.$50 - $100
PRESTIGE,MAKEUP,MAKEUP TOTAL EYE,ESTEE LAUDER INC,ESTEE LAUDER,4188792,8/1/2019,91,46031,c.$50 - $100
PRESTIGE,MAKEUP,MAKEUP TOTAL FACE,ESTEE LAUDER INC,ESTEE LAUDER,13628218,8/1/2017,47,289962,d.$100+
PRESTIGE,MAKEUP,MAKEUP TOTAL FACE,ESTEE LAUDER INC,ESTEE LAUDER,23214423,9/1/2017,33,703467,d.$100+
PRESTIGE,MAKEUP,MAKEUP TOTAL FACE,ESTEE LAUDER INC,ESTEE LAUDER,14891236,10/1/2017,89,167317,d.$100+
PRESTIGE,MAKEUP,MAKEUP TOTAL FACE,ESTEE LAUDER INC,ESTEE LAUDER,14206479,11/1/2017,5,2841296,d.$100+
PRESTIGE,MAKEUP,MAKEUP TOTAL FACE,ESTEE LAUDER INC,ESTEE LAUDER,19479918,12/1/2017,40,486998,d.$100+
PRESTIGE,MAKEUP,MAKEUP TOTAL FACE,ESTEE LAUDER INC,ESTEE LAUDER,10248218,1/1/2018,81,126521,d.$100+
PRESTIGE,MAKEUP,MAKEUP TOTAL FACE,ESTEE LAUDER INC,ESTEE LAUDER,14593861,2/1/2018,29,503237,d.$100+
PRESTIGE,MAKEUP,MAKEUP TOTAL FACE,ESTEE LAUDER INC,ESTEE LAUDER,26475635,3/1/2018,7,3782234,d.$100+
PRESTIGE,MAKEUP,MAKEUP TOTAL FACE,ESTEE LAUDER INC,ESTEE LAUDER,16911929,4/1/2018,5,3382386,d.$100+
PRESTIGE,MAKEUP,MAKEUP TOTAL FACE,ESTEE LAUDER INC,ESTEE LAUDER,16210760,5/1/2018,15,1080717,d.$100+
PRESTIGE,MAKEUP,MAKEUP TOTAL FACE,ESTEE LAUDER INC,ESTEE LAUDER,18653559,6/1/2018,11,1695778,d.$100+
PRESTIGE,MAKEUP,MAKEUP TOTAL FACE,ESTEE LAUDER INC,ESTEE LAUDER,12095495,7/1/2018,33,366530,d.$100+
PRESTIGE,MAKEUP,MAKEUP TOTAL FACE,ESTEE LAUDER INC,ESTEE LAUDER,14750731,8/1/2018,31,475830,d.$100+
PRESTIGE,MAKEUP,MAKEUP TOTAL FACE,ESTEE LAUDER INC,ESTEE LAUDER,25257489,9/1/2018,24,1052395,d.$100+
PRESTIGE,MAKEUP,MAKEUP TOTAL FACE,ESTEE LAUDER INC,ESTEE LAUDER,17640305,10/1/2018,2,8820153,d.$100+
PRESTIGE,MAKEUP,MAKEUP TOTAL FACE,ESTEE LAUDER INC,ESTEE LAUDER,16107434,11/1/2018,60,268457,d.$100+
PRESTIGE,MAKEUP,MAKEUP TOTAL FACE,ESTEE LAUDER INC,ESTEE LAUDER,21532026,12/1/2018,33,652486,d.$100+
PRESTIGE,MAKEUP,MAKEUP TOTAL FACE,ESTEE LAUDER INC,ESTEE LAUDER,11227534,1/1/2019,92,122038,d.$100+
PRESTIGE,MAKEUP,MAKEUP TOTAL FACE,ESTEE LAUDER INC,ESTEE LAUDER,15876738,2/1/2019,61,260274,d.$100+
PRESTIGE,MAKEUP,MAKEUP TOTAL FACE,ESTEE LAUDER INC,ESTEE LAUDER,28698758,3/1/2019,24,1195782,d.$100+
PRESTIGE,MAKEUP,MAKEUP TOTAL FACE,ESTEE LAUDER INC,ESTEE LAUDER,18096259,4/1/2019,60,301604,d.$100+
PRESTIGE,MAKEUP,MAKEUP TOTAL FACE,ESTEE LAUDER INC,ESTEE LAUDER,18408328,5/1/2019,74,248761,d.$100+
PRESTIGE,MAKEUP,MAKEUP TOTAL FACE,ESTEE LAUDER INC,ESTEE LAUDER,18760317,6/1/2019,62,302586,d.$100+
PRESTIGE,MAKEUP,MAKEUP TOTAL FACE,ESTEE LAUDER INC,ESTEE LAUDER,14113997,7/1/2019,60,235233,d.$100+
PRESTIGE,MAKEUP,MAKEUP TOTAL FACE,ESTEE LAUDER INC,ESTEE LAUDER,19675613,8/1/2019,8,2459452,d.$100+
PRESTIGE,MAKEUP,MAKEUP TOTAL LIP,ESTEE LAUDER INC,ESTEE LAUDER,2729859,8/1/2017,100,27299,c.$50 - $100
PRESTIGE,MAKEUP,MAKEUP TOTAL LIP,ESTEE LAUDER INC,ESTEE LAUDER,4395196,9/1/2017,1,4395196,d.$100+
PRESTIGE,MAKEUP,MAKEUP TOTAL LIP,ESTEE LAUDER INC,ESTEE LAUDER,3793107,10/1/2017,4,948277,d.$100+
PRESTIGE,MAKEUP,MAKEUP TOTAL LIP,ESTEE LAUDER INC,ESTEE LAUDER,2825073,11/1/2017,39,72438,c.$50 - $100
PRESTIGE,MAKEUP,MAKEUP TOTAL LIP,ESTEE LAUDER INC,ESTEE LAUDER,3817693,12/1/2017,97,39358,c.$50 - $100
PRESTIGE,MAKEUP,MAKEUP TOTAL LIP,ESTEE LAUDER INC,ESTEE LAUDER,1796486,1/1/2018,90,19961,c.$50 - $100
PRESTIGE,MAKEUP,MAKEUP TOTAL LIP,ESTEE LAUDER INC,ESTEE LAUDER,2541945,2/1/2018,66,38514,c.$50 - $100
PRESTIGE,MAKEUP,MAKEUP TOTAL LIP,ESTEE LAUDER INC,ESTEE LAUDER,4624181,3/1/2018,99,46709,c.$50 - $100
PRESTIGE,MAKEUP,MAKEUP TOTAL LIP,ESTEE LAUDER INC,ESTEE LAUDER,3150837,4/1/2018,48,65642,c.$50 - $100
PRESTIGE,MAKEUP,MAKEUP TOTAL LIP,ESTEE LAUDER INC,ESTEE LAUDER,3084614,5/1/2018,70,44066,c.$50 - $100
PRESTIGE,MAKEUP,MAKEUP TOTAL LIP,ESTEE LAUDER INC,ESTEE LAUDER,3251675,6/1/2018,85,38255,c.$50 - $100
PRESTIGE,MAKEUP,MAKEUP TOTAL LIP,ESTEE LAUDER INC,ESTEE LAUDER,2600059,7/1/2018,80,32501,c.$50 - $100
PRESTIGE,MAKEUP,MAKEUP TOTAL LIP,ESTEE LAUDER INC,ESTEE LAUDER,2578398,8/1/2018,89,28971,c.$50 - $100
PRESTIGE,MAKEUP,MAKEUP TOTAL LIP,ESTEE LAUDER INC,ESTEE LAUDER,4042230,9/1/2018,29,139387,d.$100+
PRESTIGE,MAKEUP,MAKEUP TOTAL LIP,ESTEE LAUDER INC,ESTEE LAUDER,2675216,10/1/2018,25,107009,d.$100+
PRESTIGE,MAKEUP,MAKEUP TOTAL LIP,ESTEE LAUDER INC,ESTEE LAUDER,2296431,11/1/2018,46,49922,c.$50 - $100
PRESTIGE,MAKEUP,MAKEUP TOTAL LIP,ESTEE LAUDER INC,ESTEE LAUDER,3574136,12/1/2018,2,1787068,d.$100+
PRESTIGE,MAKEUP,MAKEUP TOTAL LIP,ESTEE LAUDER INC,ESTEE LAUDER,1741154,1/1/2019,35,49747,c.$50 - $100
PRESTIGE,MAKEUP,MAKEUP TOTAL LIP,ESTEE LAUDER INC,ESTEE LAUDER,2330832,2/1/2019,25,93233,c.$50 - $100
PRESTIGE,MAKEUP,MAKEUP TOTAL LIP,ESTEE LAUDER INC,ESTEE LAUDER,4116470,3/1/2019,26,158326,d.$100+
PRESTIGE,MAKEUP,MAKEUP TOTAL LIP,ESTEE LAUDER INC,ESTEE LAUDER,2851319,4/1/2019,54,52802,c.$50 - $100
PRESTIGE,MAKEUP,MAKEUP TOTAL LIP,ESTEE LAUDER INC,ESTEE LAUDER,3022571,5/1/2019,94,32155,c.$50 - $100
PRESTIGE,MAKEUP,MAKEUP TOTAL LIP,ESTEE LAUDER INC,ESTEE LAUDER,3186810,6/1/2019,86,37056,c.$50 - $100
PRESTIGE,MAKEUP,MAKEUP TOTAL LIP,ESTEE LAUDER INC,ESTEE LAUDER,2683811,7/1/2019,61,43997,c.$50 - $100
PRESTIGE,MAKEUP,MAKEUP TOTAL LIP,ESTEE LAUDER INC,ESTEE LAUDER,3068452,8/1/2019,63,48706,c.$50 - $100
PRESTIGE,MAKEUP,MAKEUP TOTAL NAIL,ESTEE LAUDER INC,ESTEE LAUDER,12485,8/1/2017,43,290,a.less than $25
PRESTIGE,MAKEUP,MAKEUP TOTAL NAIL,ESTEE LAUDER INC,ESTEE LAUDER,10397,9/1/2017,32,325,a.less than $25
PRESTIGE,MAKEUP,MAKEUP TOTAL NAIL,ESTEE LAUDER INC,ESTEE LAUDER,10723,10/1/2017,69,155,a.less than $25
PRESTIGE,MAKEUP,MAKEUP TOTAL NAIL,ESTEE LAUDER INC,ESTEE LAUDER,8663,11/1/2017,28,309,a.less than $25
PRESTIGE,MAKEUP,MAKEUP TOTAL NAIL,ESTEE LAUDER INC,ESTEE LAUDER,10932,12/1/2017,33,331,a.less than $25
PRESTIGE,MAKEUP,MAKEUP TOTAL NAIL,ESTEE LAUDER INC,ESTEE LAUDER,4149,1/1/2018,95,44,a.less than $25
PRESTIGE,MAKEUP,MAKEUP TOTAL NAIL,ESTEE LAUDER INC,ESTEE LAUDER,7731,2/1/2018,25,309,a.less than $25
PRESTIGE,MAKEUP,MAKEUP TOTAL NAIL,ESTEE LAUDER INC,ESTEE LAUDER,8183,3/1/2018,93,88,a.less than $25
PRESTIGE,MAKEUP,MAKEUP TOTAL NAIL,ESTEE LAUDER INC,ESTEE LAUDER,10071,4/1/2018,6,1679,a.less than $25
PRESTIGE,MAKEUP,MAKEUP TOTAL NAIL,ESTEE LAUDER INC,ESTEE LAUDER,8170,5/1/2018,19,430,a.less than $25
PRESTIGE,MAKEUP,MAKEUP TOTAL NAIL,ESTEE LAUDER INC,ESTEE LAUDER,8971,6/1/2018,37,242,a.less than $25
PRESTIGE,MAKEUP,MAKEUP TOTAL NAIL,ESTEE LAUDER INC,ESTEE LAUDER,11318,7/1/2018,100,113,a.less than $25
PRESTIGE,MAKEUP,MAKEUP TOTAL NAIL,ESTEE LAUDER INC,ESTEE LAUDER,10666,8/1/2018,32,333,a.less than $25
PRESTIGE,MAKEUP,MAKEUP TOTAL NAIL,ESTEE LAUDER INC,ESTEE LAUDER,6713,9/1/2018,67,100,a.less than $25
PRESTIGE,MAKEUP,MAKEUP TOTAL NAIL,ESTEE LAUDER INC,ESTEE LAUDER,6257,10/1/2018,50,125,a.less than $25
PRESTIGE,MAKEUP,MAKEUP TOTAL NAIL,ESTEE LAUDER INC,ESTEE LAUDER,4630,11/1/2018,55,84,a.less than $25
PRESTIGE,MAKEUP,MAKEUP TOTAL NAIL,ESTEE LAUDER INC,ESTEE LAUDER,7753,12/1/2018,78,99,a.less than $25
PRESTIGE,MAKEUP,MAKEUP TOTAL NAIL,ESTEE LAUDER INC,ESTEE LAUDER,2533,1/1/2019,84,30,a.less than $25
PRESTIGE,MAKEUP,MAKEUP TOTAL NAIL,ESTEE LAUDER INC,ESTEE LAUDER,4866,2/1/2019,16,304,a.less than $25
PRESTIGE,MAKEUP,MAKEUP TOTAL NAIL,ESTEE LAUDER INC,ESTEE LAUDER,5627,3/1/2019,10,563,a.less than $25
PRESTIGE,MAKEUP,MAKEUP TOTAL NAIL,ESTEE LAUDER INC,ESTEE LAUDER,5749,4/1/2019,11,523,a.less than $25
PRESTIGE,MAKEUP,MAKEUP TOTAL NAIL,ESTEE LAUDER INC,ESTEE LAUDER,4345,5/1/2019,58,75,a.less than $25
PRESTIGE,MAKEUP,MAKEUP TOTAL NAIL,ESTEE LAUDER INC,ESTEE LAUDER,7605,6/1/2019,78,98,a.less than $25
PRESTIGE,MAKEUP,MAKEUP TOTAL NAIL,ESTEE LAUDER INC,ESTEE LAUDER,7881,7/1/2019,78,101,a.less than $25
PRESTIGE,MAKEUP,MAKEUP TOTAL NAIL,ESTEE LAUDER INC,ESTEE LAUDER,5929,8/1/2019,79,75,a.less than $25
PRESTIGE,MAKEUP,MAKEUP TOTAL SETS,ESTEE LAUDER INC,ESTEE LAUDER,40385,8/1/2017,69,585,a.less than $25
PRESTIGE,MAKEUP,MAKEUP TOTAL SETS,ESTEE LAUDER INC,ESTEE LAUDER,181892,9/1/2017,67,2715,b.$25 - $50
PRESTIGE,MAKEUP,MAKEUP TOTAL SETS,ESTEE LAUDER INC,ESTEE LAUDER,838274,10/1/2017,11,76207,c.$50 - $100
PRESTIGE,MAKEUP,MAKEUP TOTAL SETS,ESTEE LAUDER INC,ESTEE LAUDER,1675830,11/1/2017,51,32859,c.$50 - $100
PRESTIGE,MAKEUP,MAKEUP TOTAL SETS,ESTEE LAUDER INC,ESTEE LAUDER,3703492,12/1/2017,38,97460,c.$50 - $100
PRESTIGE,MAKEUP,MAKEUP TOTAL SETS,ESTEE LAUDER INC,ESTEE LAUDER,568067,1/1/2018,59,9628,c.$50 - $100
PRESTIGE,MAKEUP,MAKEUP TOTAL SETS,ESTEE LAUDER INC,ESTEE LAUDER,249379,2/1/2018,96,2598,b.$25 - $50
PRESTIGE,MAKEUP,MAKEUP TOTAL SETS,ESTEE LAUDER INC,ESTEE LAUDER,231313,3/1/2018,37,6252,c.$50 - $100
PRESTIGE,MAKEUP,MAKEUP TOTAL SETS,ESTEE LAUDER INC,ESTEE LAUDER,71513,4/1/2018,71,1007,a.less than $25
PRESTIGE,MAKEUP,MAKEUP TOTAL SETS,ESTEE LAUDER INC,ESTEE LAUDER,52672,5/1/2018,17,3098,b.$25 - $50
PRESTIGE,MAKEUP,MAKEUP TOTAL SETS,ESTEE LAUDER INC,ESTEE LAUDER,126112,6/1/2018,50,2522,b.$25 - $50
PRESTIGE,MAKEUP,MAKEUP TOTAL SETS,ESTEE LAUDER INC,ESTEE LAUDER,20652,7/1/2018,98,211,a.less than $25
PRESTIGE,MAKEUP,MAKEUP TOTAL SETS,ESTEE LAUDER INC,ESTEE LAUDER,78420,8/1/2018,74,1060,a.less than $25
PRESTIGE,MAKEUP,MAKEUP TOTAL SETS,ESTEE LAUDER INC,ESTEE LAUDER,211152,9/1/2018,46,4590,b.$25 - $50
PRESTIGE,MAKEUP,MAKEUP TOTAL SETS,ESTEE LAUDER INC,ESTEE LAUDER,1416831,10/1/2018,79,17935,c.$50 - $100
PRESTIGE,MAKEUP,MAKEUP TOTAL SETS,ESTEE LAUDER INC,ESTEE LAUDER,3296626,11/1/2018,100,32966,c.$50 - $100
PRESTIGE,MAKEUP,MAKEUP TOTAL SETS,ESTEE LAUDER INC,ESTEE LAUDER,2270872,12/1/2018,11,206443,d.$100+
PRESTIGE,MAKEUP,MAKEUP TOTAL SETS,ESTEE LAUDER INC,ESTEE LAUDER,263454,1/1/2019,45,5855,c.$50 - $100
PRESTIGE,MAKEUP,MAKEUP TOTAL SETS,ESTEE LAUDER INC,ESTEE LAUDER,261489,2/1/2019,63,4151,b.$25 - $50
PRESTIGE,MAKEUP,MAKEUP TOTAL SETS,ESTEE LAUDER INC,ESTEE LAUDER,624493,3/1/2019,99,6308,c.$50 - $100
PRESTIGE,MAKEUP,MAKEUP TOTAL SETS,ESTEE LAUDER INC,ESTEE LAUDER,193649,4/1/2019,33,5868,c.$50 - $100
PRESTIGE,MAKEUP,MAKEUP TOTAL SETS,ESTEE LAUDER INC,ESTEE LAUDER,137268,5/1/2019,61,2250,a.less than $25
PRESTIGE,MAKEUP,MAKEUP TOTAL SETS,ESTEE LAUDER INC,ESTEE LAUDER,77713,6/1/2019,10,7771,c.$50 - $100
PRESTIGE,MAKEUP,MAKEUP TOTAL SETS,ESTEE LAUDER INC,ESTEE LAUDER,43277,7/1/2019,78,555,a.less than $25
PRESTIGE,MAKEUP,MAKEUP TOTAL SETS,ESTEE LAUDER INC,ESTEE LAUDER,86201,8/1/2019,76,1134,a.less than $25
