data_for_container/data/Revlon Dataset Updated Aug 2019.csv
Channel,Category,Sub Category,Manufacturer,Brand,Revenue,Date,Units,Price,Price Tier
PRESTIGE,SKINCARE,SKINCARE TOTAL BODY,ESTEE LAUDER INC,ESTEE LAUDER,78216,8/1/2017,8,9777,c.$50 - $100
PRESTIGE,SKINCARE,SKINCARE TOTAL BODY,ESTEE LAUDER INC,ESTEE LAUDER,124014,9/1/2017,24,5167,c.$50 - $100
PRESTIGE,SKINCARE,SKINCARE TOTAL BODY,ESTEE LAUDER INC,ESTEE LAUDER,77196,10/1/2017,39,1979,a.less than $25
PRESTIGE,SKINCARE,SKINCARE TOTAL BODY,ESTEE LAUDER INC,ESTEE LAUDER,89094,11/1/2017,68,1310,a.less than $25
PRESTIGE,SKINCARE,SKINCARE TOTAL BODY,ESTEE LAUDER INC,ESTEE LAUDER,187841,12/1/2017,98,1917,a.less than $25
PRESTIGE,SKINCARE,SKINCARE TOTAL BODY,ESTEE LAUDER INC,ESTEE LAUDER,51905,1/1/2018,60,865,a.less than $25
PRESTIGE,SKINCARE,SKINCARE TOTAL BODY,ESTEE LAUDER INC,ESTEE LAUDER,74276,2/1/2018,30,2476,a.less than $25
PRESTIGE,SKINCARE,SKINCARE TOTAL BODY,ESTEE LAUDER INC,ESTEE LAUDER,142530,3/1/2018,82,1738,a.less than $25
PRESTIGE,SKINCARE,SKINCARE TOTAL BODY,ESTEE LAUDER INC,ESTEE LAUDER,87790,4/1/2018,99,887,a.less than $25
PRESTIGE,SKINCARE,SKINCARE TOTAL BODY,ESTEE LAUDER INC,ESTEE LAUDER,100059,5/1/2018,76,1317,a.less than $25
PRESTIGE,SKINCARE,SKINCARE TOTAL BODY,ESTEE LAUDER INC,ESTEE LAUDER,96478,6/1/2018,98,984,a.less than $25
PRESTIGE,SKINCARE,SKINCARE TOTAL BODY,ESTEE LAUDER INC,ESTEE LAUDER,57544,7/1/2018,18,3197,b.$25 - $50
PRESTIGE,SKINCARE,SKINCARE TOTAL BODY,ESTEE LAUDER INC,ESTEE LAUDER,69904,8/1/2018,78,896,a.less than $25
PRESTIGE,SKINCARE,SKINCARE TOTAL BODY,ESTEE LAUDER INC,ESTEE LAUDER,131116,9/1/2018,46,2850,b.$25 - $50
PRESTIGE,SKINCARE,SKINCARE TOTAL BODY,ESTEE LAUDER INC,ESTEE LAUDER,74971,10/1/2018,59,1271,a.less than $25
PRESTIGE,SKINCARE,SKINCARE TOTAL BODY,ESTEE LAUDER INC,ESTEE LAUDER,94126,11/1/2018,80,1177,a.less than $25
PRESTIGE,SKINCARE,SKINCARE TOTAL BODY,ESTEE LAUDER INC,ESTEE LAUDER,190580,12/1/2018,49,3889,b.$25 - $50
PRESTIGE,SKINCARE,SKINCARE TOTAL BODY,ESTEE LAUDER INC,ESTEE LAUDER,53136,1/1/2019,68,781,a.less than $25
PRESTIGE,SKINCARE,SKINCARE TOTAL BODY,ESTEE LAUDER INC,ESTEE LAUDER,83566,2/1/2019,22,3798,b.$25 - $50
PRESTIGE,SKINCARE,SKINCARE TOTAL BODY,ESTEE LAUDER INC,ESTEE LAUDER,145217,3/1/2019,74,1962,a.less than $25
PRESTIGE,SKINCARE,SKINCARE TOTAL BODY,ESTEE LAUDER INC,ESTEE LAUDER,87194,4/1/2019,15,5813,c.$50 - $100
PRESTIGE,SKINCARE,SKINCARE TOTAL BODY,ESTEE LAUDER INC,ESTEE LAUDER,110012,5/1/2019,80,1375,a.less than $25
PRESTIGE,SKINCARE,SKINCARE TOTAL BODY,ESTEE LAUDER INC,ESTEE LAUDER,97075,6/1/2019,98,991,a.less than $25
PRESTIGE,SKINCARE,SKINCARE TOTAL BODY,ESTEE LAUDER INC,ESTEE LAUDER,73254,7/1/2019,66,1110,a.less than $25
PRESTIGE,SKINCARE,SKINCARE TOTAL BODY,ESTEE LAUDER INC,ESTEE LAUDER,80037,8/1/2019,12,6670,c.$50 - $100
PRESTIGE,SKINCARE,SKINCARE TOTAL FACE,ESTEE LAUDER INC,ESTEE LAUDER,17177350,8/1/2017,98,175279,d.$100+
PRESTIGE,SKINCARE,SKINCARE TOTAL FACE,ESTEE LAUDER INC,ESTEE LAUDER,30208957,9/1/2017,71,425478,d.$100+
PRESTIGE,SKINCARE,SKINCARE TOTAL FACE,ESTEE LAUDER INC,ESTEE LAUDER,24639460,10/1/2017,35,703985,d.$100+
PRESTIGE,SKINCARE,SKINCARE TOTAL FACE,ESTEE LAUDER INC,ESTEE LAUDER,17992406,11/1/2017,94,191409,d.$100+
PRESTIGE,SKINCARE,SKINCARE TOTAL FACE,ESTEE LAUDER INC,ESTEE LAUDER,25856674,12/1/2017,50,517133,d.$100+
PRESTIGE,SKINCARE,SKINCARE TOTAL FACE,ESTEE LAUDER INC,ESTEE LAUDER,16374946,1/1/2018,0,0,a.less than $25
PRESTIGE,SKINCARE,SKINCARE TOTAL FACE,ESTEE LAUDER INC,ESTEE LAUDER,16649185,2/1/2018,7,2378455,d.$100+
PRESTIGE,SKINCARE,SKINCARE TOTAL FACE,ESTEE LAUDER INC,ESTEE LAUDER,35482591,3/1/2018,72,492814,d.$100+
PRESTIGE,SKINCARE,SKINCARE TOTAL FACE,ESTEE LAUDER INC,ESTEE LAUDER,21673336,4/1/2018,98,221156,d.$100+
PRESTIGE,SKINCARE,SKINCARE TOTAL FACE,ESTEE LAUDER INC,ESTEE LAUDER,22956260,5/1/2018,43,533867,d.$100+
PRESTIGE,SKINCARE,SKINCARE TOTAL FACE,ESTEE LAUDER INC,ESTEE LAUDER,24314001,6/1/2018,20,1215700,d.$100+
PRESTIGE,SKINCARE,SKINCARE TOTAL FACE,ESTEE LAUDER INC,ESTEE LAUDER,14903088,7/1/2018,93,160248,d.$100+
PRESTIGE,SKINCARE,SKINCARE TOTAL FACE,ESTEE LAUDER INC,ESTEE LAUDER,16952096,8/1/2018,97,174764,d.$100+
PRESTIGE,SKINCARE,SKINCARE TOTAL FACE,ESTEE LAUDER INC,ESTEE LAUDER,33290573,9/1/2018,81,410995,d.$100+
PRESTIGE,SKINCARE,SKINCARE TOTAL FACE,ESTEE LAUDER INC,ESTEE LAUDER,28496267,10/1/2018,27,1055417,d.$100+
PRESTIGE,SKINCARE,SKINCARE TOTAL FACE,ESTEE LAUDER INC,ESTEE LAUDER,20586246,11/1/2018,28,735223,d.$100+
PRESTIGE,SKINCARE,SKINCARE TOTAL FACE,ESTEE LAUDER INC,ESTEE LAUDER,30904608,12/1/2018,81,381538,d.$100+
PRESTIGE,SKINCARE,SKINCARE TOTAL FACE,ESTEE LAUDER INC,ESTEE LAUDER,15702950,1/1/2019,50,314059,d.$100+
PRESTIGE,SKINCARE,SKINCARE TOTAL FACE,ESTEE LAUDER INC,ESTEE LAUDER,18488955,2/1/2019,59,313372,d.$100+
PRESTIGE,SKINCARE,SKINCARE TOTAL FACE,ESTEE LAUDER INC,ESTEE LAUDER,41713116,3/1/2019,81,514977,d.$100+
PRESTIGE,SKINCARE,SKINCARE TOTAL FACE,ESTEE LAUDER INC,ESTEE LAUDER,24392757,4/1/2019,51,478289,d.$100+
PRESTIGE,SKINCARE,SKINCARE TOTAL FACE,ESTEE LAUDER INC,ESTEE LAUDER,25224629,5/1/2019,91,277194,d.$100+
PRESTIGE,SKINCARE,SKINCARE TOTAL FACE,ESTEE LAUDER INC,ESTEE LAUDER,22226292,6/1/2019,42,529197,d.$100+
PRESTIGE,SKINCARE,SKINCARE TOTAL FACE,ESTEE LAUDER INC,ESTEE LAUDER,15142602,7/1/2019,11,1376600,d.$100+
PRESTIGE,SKINCARE,SKINCARE TOTAL FACE,ESTEE LAUDER INC,ESTEE LAUDER,26483253,8/1/2019,79,335231,d.$100+
PRESTIGE,SKINCARE,SKINCARE TOTAL SETS & KITS,ESTEE LAUDER INC,ESTEE LAUDER,4906923,8/1/2017,29,169204,d.$100+
PRESTIGE,SKINCARE,SKINCARE TOTAL SETS & KITS,ESTEE LAUDER INC,ESTEE LAUDER,13023810,9/1/2017,52,250458,d.$100+
PRESTIGE,SKINCARE,SKINCARE TOTAL SETS & KITS,ESTEE LAUDER INC,ESTEE LAUDER,8510409,10/1/2017,12,709201,d.$100+
PRESTIGE,SKINCARE,SKINCARE TOTAL SETS & KITS,ESTEE LAUDER INC,ESTEE LAUDER,8021692,11/1/2017,90,89130,c.$50 - $100
PRESTIGE,SKINCARE,SKINCARE TOTAL SETS & KITS,ESTEE LAUDER INC,ESTEE LAUDER,13576398,12/1/2017,83,163571,d.$100+
PRESTIGE,SKINCARE,SKINCARE TOTAL SETS & KITS,ESTEE LAUDER INC,ESTEE LAUDER,3573122,1/1/2018,100,35731,c.$50 - $100
PRESTIGE,SKINCARE,SKINCARE TOTAL SETS & KITS,ESTEE LAUDER INC,ESTEE LAUDER,4017656,2/1/2018,35,114790,d.$100+
PRESTIGE,SKINCARE,SKINCARE TOTAL SETS & KITS,ESTEE LAUDER INC,ESTEE LAUDER,12553465,3/1/2018,59,212771,d.$100+
PRESTIGE,SKINCARE,SKINCARE TOTAL SETS & KITS,ESTEE LAUDER INC,ESTEE LAUDER,5535648,4/1/2018,77,71892,c.$50 - $100
PRESTIGE,SKINCARE,SKINCARE TOTAL SETS & KITS,ESTEE LAUDER INC,ESTEE LAUDER,4756694,5/1/2018,50,95134,c.$50 - $100
PRESTIGE,SKINCARE,SKINCARE TOTAL SETS & KITS,ESTEE LAUDER INC,ESTEE LAUDER,3015530,6/1/2018,66,45690,c.$50 - $100
PRESTIGE,SKINCARE,SKINCARE TOTAL SETS & KITS,ESTEE LAUDER INC,ESTEE LAUDER,4363458,7/1/2018,3,1454486,d.$100+
PRESTIGE,SKINCARE,SKINCARE TOTAL SETS & KITS,ESTEE LAUDER INC,ESTEE LAUDER,4183777,8/1/2018,20,209189,d.$100+
PRESTIGE,SKINCARE,SKINCARE TOTAL SETS & KITS,ESTEE LAUDER INC,ESTEE LAUDER,13594993,9/1/2018,38,357763,d.$100+
PRESTIGE,SKINCARE,SKINCARE TOTAL SETS & KITS,ESTEE LAUDER INC,ESTEE LAUDER,10475215,10/1/2018,0,0,a.less than $25
PRESTIGE,SKINCARE,SKINCARE TOTAL SETS & KITS,ESTEE LAUDER INC,ESTEE LAUDER,9260902,11/1/2018,87,106447,d.$100+
PRESTIGE,SKINCARE,SKINCARE TOTAL SETS & KITS,ESTEE LAUDER INC,ESTEE LAUDER,13171132,12/1/2018,41,321247,d.$100+
PRESTIGE,SKINCARE,SKINCARE TOTAL SETS & KITS,ESTEE LAUDER INC,ESTEE LAUDER,3728535,1/1/2019,61,61124,c.$50 - $100
PRESTIGE,SKINCARE,SKINCARE TOTAL SETS & KITS,ESTEE LAUDER INC,ESTEE LAUDER,4015965,2/1/2019,99,40565,c.$50 - $100
PRESTIGE,SKINCARE,SKINCARE TOTAL SETS & KITS,ESTEE LAUDER INC,ESTEE LAUDER,12951941,3/1/2019,57,227227,d.$100+
PRESTIGE,SKINCARE,SKINCARE TOTAL SETS & KITS,ESTEE LAUDER INC,ESTEE LAUDER,8425850,4/1/2019,84,100308,d.$100+
PRESTIGE,SKINCARE,SKINCARE TOTAL SETS & KITS,ESTEE LAUDER INC,ESTEE LAUDER,6461481,5/1/2019,7,923069,d.$100+
PRESTIGE,SKINCARE,SKINCARE TOTAL SETS & KITS,ESTEE LAUDER INC,ESTEE LAUDER,4071580,6/1/2019,18,226199,d.$100+
PRESTIGE,SKINCARE,SKINCARE TOTAL SETS & KITS,ESTEE LAUDER INC,ESTEE LAUDER,6991337,7/1/2019,99,70620,c.$50 - $100
PRESTIGE,SKINCARE,SKINCARE TOTAL SETS & KITS,ESTEE LAUDER INC,ESTEE LAUDER,8373459,8/1/2019,72,116298,d.$100+
MASS,FACIAL SKIN CARE,CLEANSING MASK,LOREAL SA,GARNIER,180299.413,8/1/2017,49,3680,b.$25 - $50
MASS,FACIAL SKIN CARE,CLEANSING MASK,LOREAL SA,GARNIER,263167.753,9/1/2017,45,5848,c.$50 - $100
MASS,FACIAL SKIN CARE,CLEANSING MASK,LOREAL SA,GARNIER,188344.113,10/1/2017,87,2165,a.less than $25
MASS,FACIAL SKIN CARE,CLEANSING MASK,LOREAL SA,GARNIER,153334.36,11/1/2017,92,1667,a.less than $25
MASS,FACIAL SKIN CARE,CLEANSING MASK,LOREAL SA,GARNIER,233803.939,12/1/2017,18,12989,c.$50 - $100
MASS,FACIAL SKIN CARE,CLEANSING MASK,LOREAL SA,GARNIER,180903.056,1/1/2018,11,16446,c.$50 - $100
MASS,FACIAL SKIN CARE,CLEANSING MASK,LOREAL SA,GARNIER,231892.44,2/1/2018,76,3051,b.$25 - $50
MASS,FACIAL SKIN CARE,CLEANSING MASK,LOREAL SA,GARNIER,340786.197,3/1/2018,41,8312,c.$50 - $100
MASS,FACIAL SKIN CARE,CLEANSING MASK,LOREAL SA,GARNIER,253171.177,4/1/2018,55,4603,b.$25 - $50
MASS,FACIAL SKIN CARE,CLEANSING MASK,LOREAL SA,GARNIER,244178.827,5/1/2018,31,7877,c.$50 - $100
MASS,FACIAL SKIN CARE,CLEANSING MASK,LOREAL SA,GARNIER,260693.003,6/1/2018,66,3950,b.$25 - $50
MASS,FACIAL SKIN CARE,CLEANSING MASK,LOREAL SA,GARNIER,203571.772,7/1/2018,5,40714,c.$50 - $100
MASS,FACIAL SKIN CARE,CLEANSING MASK,LOREAL SA,GARNIER,216753.361,8/1/2018,86,2520,b.$25 - $50
MASS,FACIAL SKIN CARE,CLEANSING MASK,LOREAL SA,GARNIER,202521.034,9/1/2018,13,15579,c.$50 - $100
MASS,FACIAL SKIN CARE,CLEANSING MASK,LOREAL SA,GARNIER,168113.48,10/1/2018,7,24016,c.$50 - $100
MASS,FACIAL SKIN CARE,CLEANSING MASK,LOREAL SA,GARNIER,312404.368,11/1/2018,94,3323,b.$25 - $50
MASS,FACIAL SKIN CARE,CLEANSING MASK,LOREAL SA,GARNIER,425135.211,12/1/2018,97,4383,b.$25 - $50
MASS,FACIAL SKIN CARE,CLEANSING MASK,LOREAL SA,GARNIER,516678.651,1/1/2019,56,9226,c.$50 - $100
MASS,FACIAL SKIN CARE,CLEANSING MASK,LOREAL SA,GARNIER,667436.331,2/1/2019,46,14509,c.$50 - $100
MASS,FACIAL SKIN CARE,CLEANSING MASK,LOREAL SA,GARNIER,910116.095,3/1/2019,1,910116,d.$100+
MASS,FACIAL SKIN CARE,CLEANSING MASK,LOREAL SA,GARNIER,688917.439,4/1/2019,61,11294,c.$50 - $100
MASS,FACIAL SKIN CARE,CLEANSING MASK,LOREAL SA,GARNIER,531131.6,5/1/2019,7,75876,c.$50 - $100
MASS,FACIAL SKIN CARE,CLEANSING MASK,LOREAL SA,GARNIER,611290.637,6/1/2019,64,9551,c.$50 - $100
MASS,FACIAL SKIN CARE,CLEANSING MASK,LOREAL SA,GARNIER,445179.312,7/1/2019,62,7180,c.$50 - $100
MASS,FACIAL SKIN CARE,CLEANSING MASK,LOREAL SA,GARNIER,494689.343,8/1/2019,69,7169,c.$50 - $100
MASS,FACIAL SKIN CARE,DAY FACIAL MOISTURIZER,LOREAL SA,GARNIER,2218345.844,8/1/2017,4,554586,d.$100+
MASS,FACIAL SKIN CARE,DAY FACIAL MOISTURIZER,LOREAL SA,GARNIER,2554963.144,9/1/2017,35,72999,c.$50 - $100
MASS,FACIAL SKIN CARE,DAY FACIAL MOISTURIZER,LOREAL SA,GARNIER,2102869.561,10/1/2017,1,2102870,d.$100+
MASS,FACIAL SKIN CARE,DAY FACIAL MOISTURIZER,LOREAL SA,GARNIER,1874455.282,11/1/2017,41,45718,c.$50 - $100
MASS,FACIAL SKIN CARE,DAY FACIAL MOISTURIZER,LOREAL SA,GARNIER,2661090.949,12/1/2017,14,190078,d.$100+
MASS,FACIAL SKIN CARE,DAY FACIAL MOISTURIZER,LOREAL SA,GARNIER,2293192.963,1/1/2018,91,25200,c.$50 - $100
MASS,FACIAL SKIN CARE,DAY FACIAL MOISTURIZER,LOREAL SA,GARNIER,2529868.192,2/1/2018,47,53827,c.$50 - $100
MASS,FACIAL SKIN CARE,DAY FACIAL MOISTURIZER,LOREAL SA,GARNIER,3252794.44,3/1/2018,80,40660,c.$50 - $100
MASS,FACIAL SKIN CARE,DAY FACIAL MOISTURIZER,LOREAL SA,GARNIER,2441142.607,4/1/2018,82,29770,c.$50 - $100
MASS,FACIAL SKIN CARE,DAY FACIAL MOISTURIZER,LOREAL SA,GARNIER,2567812.026,5/1/2018,97,26472,c.$50 - $100
MASS,FACIAL SKIN CARE,DAY FACIAL MOISTURIZER,LOREAL SA,GARNIER,2827650.014,6/1/2018,26,108756,d.$100+
MASS,FACIAL SKIN CARE,DAY FACIAL MOISTURIZER,LOREAL SA,GARNIER,2308415.22,7/1/2018,42,54962,c.$50 - $100
MASS,FACIAL SKIN CARE,DAY FACIAL MOISTURIZER,LOREAL SA,GARNIER,2559348.648,8/1/2018,57,44901,c.$50 - $100
MASS,FACIAL SKIN CARE,DAY FACIAL MOISTURIZER,LOREAL SA,GARNIER,2946345.934,9/1/2018,63,46767,c.$50 - $100
MASS,FACIAL SKIN CARE,DAY FACIAL MOISTURIZER,LOREAL SA,GARNIER,2425815.462,10/1/2018,46,52735,c.$50 - $100
MASS,FACIAL SKIN CARE,DAY FACIAL MOISTURIZER,LOREAL SA,GARNIER,2216926.36,11/1/2018,66,33590,c.$50 - $100
MASS,FACIAL SKIN CARE,DAY FACIAL MOISTURIZER,LOREAL SA,GARNIER,3161066.925,12/1/2018,22,143685,d.$100+
MASS,FACIAL SKIN CARE,DAY FACIAL MOISTURIZER,LOREAL SA,GARNIER,3103125.881,1/1/2019,4,775781,d.$100+
MASS,FACIAL SKIN CARE,DAY FACIAL MOISTURIZER,LOREAL SA,GARNIER,2704492.354,2/1/2019,34,79544,c.$50 - $100
MASS,FACIAL SKIN CARE,DAY FACIAL MOISTURIZER,LOREAL SA,GARNIER,3350587.137,3/1/2019,46,72839,c.$50 - $100
MASS,FACIAL SKIN CARE,DAY FACIAL MOISTURIZER,LOREAL SA,GARNIER,2620026.416,4/1/2019,53,49434,c.$50 - $100
MASS,FACIAL SKIN CARE,DAY FACIAL MOISTURIZER,LOREAL SA,GARNIER,2107936.257,5/1/2019,24,87831,c.$50 - $100
MASS,FACIAL SKIN CARE,DAY FACIAL MOISTURIZER,LOREAL SA,GARNIER,2362385.682,6/1/2019,82,28810,c.$50 - $100
MASS,FACIAL SKIN CARE,DAY FACIAL MOISTURIZER,LOREAL SA,GARNIER,1807756.005,7/1/2019,75,24103,c.$50 - $100
MASS,FACIAL SKIN CARE,DAY FACIAL MOISTURIZER,LOREAL SA,GARNIER,1779548.377,8/1/2019,71,25064,c.$50 - $100
MASS,FACIAL SKIN CARE,EXFOLIATORS/SCRUBS,LOREAL SA,GARNIER,977936.525,8/1/2017,55,17781,c.$50 - $100
MASS,FACIAL SKIN CARE,EXFOLIATORS/SCRUBS,LOREAL SA,GARNIER,1122166.331,9/1/2017,82,13685,c.$50 - $100
MASS,FACIAL SKIN CARE,EXFOLIATORS/SCRUBS,LOREAL SA,GARNIER,836375.726,10/1/2017,68,12300,c.$50 - $100
MASS,FACIAL SKIN CARE,EXFOLIATORS/SCRUBS,LOREAL SA,GARNIER,808713.026,11/1/2017,27,29952,c.$50 - $100
MASS,FACIAL SKIN CARE,EXFOLIATORS/SCRUBS,LOREAL SA,GARNIER,998730.662,12/1/2017,30,33291,c.$50 - $100
MASS,FACIAL SKIN CARE,EXFOLIATORS/SCRUBS,LOREAL SA,GARNIER,862161.422,1/1/2018,50,17243,c.$50 - $100
MASS,FACIAL SKIN CARE,EXFOLIATORS/SCRUBS,LOREAL SA,GARNIER,815939.961,2/1/2018,46,17738,c.$50 - $100
MASS,FACIAL SKIN CARE,EXFOLIATORS/SCRUBS,LOREAL SA,GARNIER,984894.53,3/1/2018,25,39396,c.$50 - $100
MASS,FACIAL SKIN CARE,EXFOLIATORS/SCRUBS,LOREAL SA,GARNIER,744504.988,4/1/2018,15,49634,c.$50 - $100
MASS,FACIAL SKIN CARE,EXFOLIATORS/SCRUBS,LOREAL SA,GARNIER,722157.769,5/1/2018,61,11839,c.$50 - $100
MASS,FACIAL SKIN CARE,EXFOLIATORS/SCRUBS,LOREAL SA,GARNIER,817402.234,6/1/2018,96,8515,c.$50 - $100
MASS,FACIAL SKIN CARE,EXFOLIATORS/SCRUBS,LOREAL SA,GARNIER,655697.067,7/1/2018,73,8982,c.$50 - $100
MASS,FACIAL SKIN CARE,EXFOLIATORS/SCRUBS,LOREAL SA,GARNIER,673134.812,8/1/2018,57,11809,c.$50 - $100
MASS,FACIAL SKIN CARE,EXFOLIATORS/SCRUBS,LOREAL SA,GARNIER,785198.084,9/1/2018,19,41326,c.$50 - $100
MASS,FACIAL SKIN CARE,EXFOLIATORS/SCRUBS,LOREAL SA,GARNIER,614384.859,10/1/2018,70,8777,c.$50 - $100
MASS,FACIAL SKIN CARE,EXFOLIATORS/SCRUBS,LOREAL SA,GARNIER,566781.979,11/1/2018,87,6515,c.$50 - $100
MASS,FACIAL SKIN CARE,EXFOLIATORS/SCRUBS,LOREAL SA,GARNIER,673019.641,12/1/2018,52,12943,c.$50 - $100
MASS,FACIAL SKIN CARE,EXFOLIATORS/SCRUBS,LOREAL SA,GARNIER,616139.727,1/1/2019,37,16652,c.$50 - $100
MASS,FACIAL SKIN CARE,EXFOLIATORS/SCRUBS,LOREAL SA,GARNIER,595267.807,2/1/2019,40,14882,c.$50 - $100
MASS,FACIAL SKIN CARE,EXFOLIATORS/SCRUBS,LOREAL SA,GARNIER,687817.026,3/1/2019,3,229272,d.$100+
MASS,FACIAL SKIN CARE,EXFOLIATORS/SCRUBS,LOREAL SA,GARNIER,513300.906,4/1/2019,11,46664,c.$50 - $100
MASS,FACIAL SKIN CARE,EXFOLIATORS/SCRUBS,LOREAL SA,GARNIER,437294.644,5/1/2019,10,43729,c.$50 - $100
MASS,FACIAL SKIN CARE,EXFOLIATORS/SCRUBS,LOREAL SA,GARNIER,537330.419,6/1/2019,2,268665,d.$100+
MASS,FACIAL SKIN CARE,EXFOLIATORS/SCRUBS,LOREAL SA,GARNIER,406371.251,7/1/2019,49,8293,c.$50 - $100
MASS,FACIAL SKIN CARE,EXFOLIATORS/SCRUBS,LOREAL SA,GARNIER,437878.341,8/1/2019,1,437878,d.$100+
