data_for_container/data/Revlon Dataset Updated Aug 2019.csv
Channel,Category,Sub Category,Manufacturer,Brand,Revenue,Date,Units,Price,Price Tier
MASS,FACIAL SKIN CARE,EYE CREAM,LOREAL SA,GARNIER,1050769.973,8/1/2017,55,19105,c.$50 - $100
MASS,FACIAL SKIN CARE,EYE CREAM,LOREAL SA,GARNIER,1323193.689,9/1/2017,89,14867,c.$50 - $100
MASS,FACIAL SKIN CARE,EYE CREAM,LOREAL SA,GARNIER,1092638.429,10/1/2017,94,11624,c.$50 - $100
MASS,FACIAL SKIN CARE,EYE CREAM,LOREAL SA,GARNIER,1001375.807,11/1/2017,93,10767,c.$50 - $100
MASS,FACIAL SKIN CARE,EYE CREAM,LOREAL SA,GARNIER,1313784.73,12/1/2017,65,20212,c.$50 - $100
MASS,FACIAL SKIN CARE,EYE CREAM,LOREAL SA,GARNIER,1079709.28,1/1/2018,67,16115,c.$50 - $100
MASS,FACIAL SKIN CARE,EYE CREAM,LOREAL SA,GARNIER,1113704.555,2/1/2018,32,34803,c.$50 - $100
MASS,FACIAL SKIN CARE,EYE CREAM,LOREAL SA,GARNIER,1349554.803,3/1/2018,10,134955,d.$100+
MASS,FACIAL SKIN CARE,EYE CREAM,LOREAL SA,GARNIER,939498.336,4/1/2018,71,13232,c.$50 - $100
MASS,FACIAL SKIN CARE,EYE CREAM,LOREAL SA,GARNIER,915489.429,5/1/2018,36,25430,c.$50 - $100
MASS,FACIAL SKIN CARE,EYE CREAM,LOREAL SA,GARNIER,1055821.633,6/1/2018,20,52791,c.$50 - $100
MASS,FACIAL SKIN CARE,EYE CREAM,LOREAL SA,GARNIER,845858.882,7/1/2018,37,22861,c.$50 - $100
MASS,FACIAL SKIN CARE,EYE CREAM,LOREAL SA,GARNIER,804801.066,8/1/2018,96,8383,c.$50 - $100
MASS,FACIAL SKIN CARE,EYE CREAM,LOREAL SA,GARNIER,993726.253,9/1/2018,38,26151,c.$50 - $100
MASS,FACIAL SKIN CARE,EYE CREAM,LOREAL SA,GARNIER,813589.506,10/1/2018,74,10994,c.$50 - $100
MASS,FACIAL SKIN CARE,EYE CREAM,LOREAL SA,GARNIER,744611.582,11/1/2018,41,18161,c.$50 - $100
MASS,FACIAL SKIN CARE,EYE CREAM,LOREAL SA,GARNIER,1006616.924,12/1/2018,14,71901,c.$50 - $100
MASS,FACIAL SKIN CARE,EYE CREAM,LOREAL SA,GARNIER,762142.574,1/1/2019,58,13140,c.$50 - $100
MASS,FACIAL SKIN CARE,EYE CREAM,LOREAL SA,GARNIER,625251.098,2/1/2019,72,8684,c.$50 - $100
MASS,FACIAL SKIN CARE,EYE CREAM,LOREAL SA,GARNIER,746986.826,3/1/2019,96,7781,c.$50 - $100
MASS,FACIAL SKIN CARE,EYE CREAM,LOREAL SA,GARNIER,572379.037,4/1/2019,70,8177,c.$50 - $100
MASS,FACIAL SKIN CARE,EYE CREAM,LOREAL SA,GARNIER,487398.427,5/1/2019,76,6413,c.$50 - $100
MASS,FACIAL SKIN CARE,EYE CREAM,LOREAL SA,GARNIER,582893.802,6/1/2019,99,5888,c.$50 - $100
MASS,FACIAL SKIN CARE,EYE CREAM,LOREAL SA,GARNIER,437909.566,7/1/2019,1,437910,d.$100+
MASS,FACIAL SKIN CARE,EYE CREAM,LOREAL SA,GARNIER,453260.341,8/1/2019,56,8094,c.$50 - $100
MASS,FACIAL SKIN CARE,GENERAL/MULTIPURPOSE CLEANSER,LOREAL SA,GARNIER,2688975.13,8/1/2017,24,112041,d.$100+
MASS,FACIAL SKIN CARE,GENERAL/MULTIPURPOSE CLEANSER,LOREAL SA,GARNIER,3109121.978,9/1/2017,68,45722,c.$50 - $100
MASS,FACIAL SKIN CARE,GENERAL/MULTIPURPOSE CLEANSER,LOREAL SA,GARNIER,2115097.745,10/1/2017,9,235011,d.$100+
MASS,FACIAL SKIN CARE,GENERAL/MULTIPURPOSE CLEANSER,LOREAL SA,GARNIER,2123435.179,11/1/2017,15,141562,d.$100+
MASS,FACIAL SKIN CARE,GENERAL/MULTIPURPOSE CLEANSER,LOREAL SA,GARNIER,3031143.196,12/1/2017,16,189446,d.$100+
MASS,FACIAL SKIN CARE,GENERAL/MULTIPURPOSE CLEANSER,LOREAL SA,GARNIER,2924800.77,1/1/2018,46,63583,c.$50 - $100
MASS,FACIAL SKIN CARE,GENERAL/MULTIPURPOSE CLEANSER,LOREAL SA,GARNIER,3043373.252,2/1/2018,56,54346,c.$50 - $100
MASS,FACIAL SKIN CARE,GENERAL/MULTIPURPOSE CLEANSER,LOREAL SA,GARNIER,4067729.15,3/1/2018,53,76750,c.$50 - $100
MASS,FACIAL SKIN CARE,GENERAL/MULTIPURPOSE CLEANSER,LOREAL SA,GARNIER,3270595.768,4/1/2018,40,81765,c.$50 - $100
MASS,FACIAL SKIN CARE,GENERAL/MULTIPURPOSE CLEANSER,LOREAL SA,GARNIER,3049833.479,5/1/2018,62,49191,c.$50 - $100
MASS,FACIAL SKIN CARE,GENERAL/MULTIPURPOSE CLEANSER,LOREAL SA,GARNIER,3678632.308,6/1/2018,26,141486,d.$100+
MASS,FACIAL SKIN CARE,GENERAL/MULTIPURPOSE CLEANSER,LOREAL SA,GARNIER,2815529.714,7/1/2018,34,82810,c.$50 - $100
MASS,FACIAL SKIN CARE,GENERAL/MULTIPURPOSE CLEANSER,LOREAL SA,GARNIER,3169342.451,8/1/2018,28,113191,d.$100+
MASS,FACIAL SKIN CARE,GENERAL/MULTIPURPOSE CLEANSER,LOREAL SA,GARNIER,3691911.946,9/1/2018,4,922978,d.$100+
MASS,FACIAL SKIN CARE,GENERAL/MULTIPURPOSE CLEANSER,LOREAL SA,GARNIER,3285554.524,10/1/2018,99,33187,c.$50 - $100
MASS,FACIAL SKIN CARE,GENERAL/MULTIPURPOSE CLEANSER,LOREAL SA,GARNIER,3173378.923,11/1/2018,49,64763,c.$50 - $100
MASS,FACIAL SKIN CARE,GENERAL/MULTIPURPOSE CLEANSER,LOREAL SA,GARNIER,3506919.7,12/1/2018,85,41258,c.$50 - $100
MASS,FACIAL SKIN CARE,GENERAL/MULTIPURPOSE CLEANSER,LOREAL SA,GARNIER,3884264.687,1/1/2019,35,110979,d.$100+
MASS,FACIAL SKIN CARE,GENERAL/MULTIPURPOSE CLEANSER,LOREAL SA,GARNIER,4173222.446,2/1/2019,67,62287,c.$50 - $100
MASS,FACIAL SKIN CARE,GENERAL/MULTIPURPOSE CLEANSER,LOREAL SA,GARNIER,5578789.941,3/1/2019,92,60639,c.$50 - $100
MASS,FACIAL SKIN CARE,GENERAL/MULTIPURPOSE CLEANSER,LOREAL SA,GARNIER,4025522.723,4/1/2019,42,95846,c.$50 - $100
MASS,FACIAL SKIN CARE,GENERAL/MULTIPURPOSE CLEANSER,LOREAL SA,GARNIER,4027571.783,5/1/2019,92,43778,c.$50 - $100
MASS,FACIAL SKIN CARE,GENERAL/MULTIPURPOSE CLEANSER,LOREAL SA,GARNIER,4357872.063,6/1/2019,4,1089468,d.$100+
MASS,FACIAL SKIN CARE,GENERAL/MULTIPURPOSE CLEANSER,LOREAL SA,GARNIER,3341659.941,7/1/2019,10,334166,d.$100+
MASS,FACIAL SKIN CARE,GENERAL/MULTIPURPOSE CLEANSER,LOREAL SA,GARNIER,3854699.559,8/1/2019,50,77094,c.$50 - $100
MASS,FACIAL SKIN CARE,NIGHT FACIAL MOISTURIZER,LOREAL SA,GARNIER,593625.364,8/1/2017,39,15221,c.$50 - $100
MASS,FACIAL SKIN CARE,NIGHT FACIAL MOISTURIZER,LOREAL SA,GARNIER,714268.181,9/1/2017,28,25510,c.$50 - $100
MASS,FACIAL SKIN CARE,NIGHT FACIAL MOISTURIZER,LOREAL SA,GARNIER,604503.908,10/1/2017,91,6643,c.$50 - $100
MASS,FACIAL SKIN CARE,NIGHT FACIAL MOISTURIZER,LOREAL SA,GARNIER,514627.273,11/1/2017,11,46784,c.$50 - $100
MASS,FACIAL SKIN CARE,NIGHT FACIAL MOISTURIZER,LOREAL SA,GARNIER,697329.291,12/1/2017,69,10106,c.$50 - $100
MASS,FACIAL SKIN CARE,NIGHT FACIAL MOISTURIZER,LOREAL SA,GARNIER,584290.887,1/1/2018,9,64921,c.$50 - $100
MASS,FACIAL SKIN CARE,NIGHT FACIAL MOISTURIZER,LOREAL SA,GARNIER,582820.658,2/1/2018,75,7771,c.$50 - $100
MASS,FACIAL SKIN CARE,NIGHT FACIAL MOISTURIZER,LOREAL SA,GARNIER,736007.366,3/1/2018,17,43295,c.$50 - $100
MASS,FACIAL SKIN CARE,NIGHT FACIAL MOISTURIZER,LOREAL SA,GARNIER,452302.793,4/1/2018,36,12564,c.$50 - $100
MASS,FACIAL SKIN CARE,NIGHT FACIAL MOISTURIZER,LOREAL SA,GARNIER,443911.709,5/1/2018,59,7524,c.$50 - $100
MASS,FACIAL SKIN CARE,NIGHT FACIAL MOISTURIZER,LOREAL SA,GARNIER,480837.586,6/1/2018,35,13738,c.$50 - $100
MASS,FACIAL SKIN CARE,NIGHT FACIAL MOISTURIZER,LOREAL SA,GARNIER,342020.183,7/1/2018,89,3843,b.$25 - $50
MASS,FACIAL SKIN CARE,NIGHT FACIAL MOISTURIZER,LOREAL SA,GARNIER,323218.953,8/1/2018,73,4428,b.$25 - $50
MASS,FACIAL SKIN CARE,NIGHT FACIAL MOISTURIZER,LOREAL SA,GARNIER,389580.024,9/1/2018,38,10252,c.$50 - $100
MASS,FACIAL SKIN CARE,NIGHT FACIAL MOISTURIZER,LOREAL SA,GARNIER,317709.878,10/1/2018,86,3694,b.$25 - $50
MASS,FACIAL SKIN CARE,NIGHT FACIAL MOISTURIZER,LOREAL SA,GARNIER,203631.425,11/1/2018,43,4736,b.$25 - $50
MASS,FACIAL SKIN CARE,NIGHT FACIAL MOISTURIZER,LOREAL SA,GARNIER,274661.389,12/1/2018,72,3815,b.$25 - $50
MASS,FACIAL SKIN CARE,NIGHT FACIAL MOISTURIZER,LOREAL SA,GARNIER,212972.107,1/1/2019,89,2393,a.less than $25
MASS,FACIAL SKIN CARE,NIGHT FACIAL MOISTURIZER,LOREAL SA,GARNIER,156648.454,2/1/2019,35,4476,b.$25 - $50
MASS,FACIAL SKIN CARE,NIGHT FACIAL MOISTURIZER,LOREAL SA,GARNIER,176173.376,3/1/2019,83,2123,a.less than $25
MASS,FACIAL SKIN CARE,NIGHT FACIAL MOISTURIZER,LOREAL SA,GARNIER,138920.52,4/1/2019,55,2526,b.$25 - $50
MASS,FACIAL SKIN CARE,NIGHT FACIAL MOISTURIZER,LOREAL SA,GARNIER,111792.867,5/1/2019,76,1471,a.less than $25
MASS,FACIAL SKIN CARE,NIGHT FACIAL MOISTURIZER,LOREAL SA,GARNIER,130070.711,6/1/2019,21,6194,c.$50 - $100
MASS,FACIAL SKIN CARE,NIGHT FACIAL MOISTURIZER,LOREAL SA,GARNIER,105262.116,7/1/2019,83,1268,a.less than $25
MASS,FACIAL SKIN CARE,NIGHT FACIAL MOISTURIZER,LOREAL SA,GARNIER,115828.658,8/1/2019,69,1679,a.less than $25
MASS,FACIAL SKIN CARE,OIL BLOTTING SHEETS,LOREAL SA,GARNIER,4177.017,8/1/2017,84,50,a.less than $25
MASS,FACIAL SKIN CARE,OIL BLOTTING SHEETS,LOREAL SA,GARNIER,3311.732,9/1/2017,1,3312,b.$25 - $50
MASS,FACIAL SKIN CARE,OIL BLOTTING SHEETS,LOREAL SA,GARNIER,1477.3,10/1/2017,82,18,a.less than $25
MASS,FACIAL SKIN CARE,OIL BLOTTING SHEETS,LOREAL SA,GARNIER,792.32,11/1/2017,35,23,a.less than $25
MASS,FACIAL SKIN CARE,OIL BLOTTING SHEETS,LOREAL SA,GARNIER,660.75,12/1/2017,40,17,a.less than $25
MASS,FACIAL SKIN CARE,OIL BLOTTING SHEETS,LOREAL SA,GARNIER,652.55,1/1/2018,19,34,a.less than $25
MASS,FACIAL SKIN CARE,OIL BLOTTING SHEETS,LOREAL SA,GARNIER,502.32,2/1/2018,82,6,a.less than $25
MASS,FACIAL SKIN CARE,OIL BLOTTING SHEETS,LOREAL SA,GARNIER,486.15,3/1/2018,94,5,a.less than $25
MASS,FACIAL SKIN CARE,OIL BLOTTING SHEETS,LOREAL SA,GARNIER,212.5,4/1/2018,85,3,a.less than $25
MASS,FACIAL SKIN CARE,OIL BLOTTING SHEETS,LOREAL SA,GARNIER,246.17,5/1/2018,8,31,a.less than $25
MASS,FACIAL SKIN CARE,OIL BLOTTING SHEETS,LOREAL SA,GARNIER,167.81,6/1/2018,46,4,a.less than $25
MASS,FACIAL SKIN CARE,OIL BLOTTING SHEETS,LOREAL SA,GARNIER,136.62,7/1/2018,35,4,a.less than $25
MASS,FACIAL SKIN CARE,OIL BLOTTING SHEETS,LOREAL SA,GARNIER,101.71,8/1/2018,77,1,a.less than $25
MASS,FACIAL SKIN CARE,OIL BLOTTING SHEETS,LOREAL SA,GARNIER,517.948,9/1/2018,12,43,a.less than $25
MASS,FACIAL SKIN CARE,OIL BLOTTING SHEETS,LOREAL SA,GARNIER,125.44,10/1/2018,71,2,a.less than $25
MASS,FACIAL SKIN CARE,OIL BLOTTING SHEETS,LOREAL SA,GARNIER,57.96,11/1/2018,17,3,a.less than $25
MASS,FACIAL SKIN CARE,OIL BLOTTING SHEETS,LOREAL SA,GARNIER,53.92,12/1/2018,67,1,a.less than $25
MASS,FACIAL SKIN CARE,OIL BLOTTING SHEETS,LOREAL SA,GARNIER,15.45,1/1/2019,73,0,a.less than $25
MASS,FACIAL SKIN CARE,OIL BLOTTING SHEETS,LOREAL SA,GARNIER,33.48,2/1/2019,53,1,a.less than $25
MASS,FACIAL SKIN CARE,OIL BLOTTING SHEETS,LOREAL SA,GARNIER,79.28,3/1/2019,21,4,a.less than $25
MASS,FACIAL SKIN CARE,OIL BLOTTING SHEETS,LOREAL SA,GARNIER,46.02,4/1/2019,29,2,a.less than $25
MASS,FACIAL SKIN CARE,OIL BLOTTING SHEETS,LOREAL SA,GARNIER,44.43,5/1/2019,69,1,a.less than $25
MASS,FACIAL SKIN CARE,OIL BLOTTING SHEETS,LOREAL SA,GARNIER,43.67,6/1/2019,24,2,a.less than $25
MASS,FACIAL SKIN CARE,OIL BLOTTING SHEETS,LOREAL SA,GARNIER,31.5,7/1/2019,23,1,a.less than $25
MASS,FACIAL SKIN CARE,OIL BLOTTING SHEETS,LOREAL SA,GARNIER,53.05,8/1/2019,46,1,a.less than $25
MASS,FACIAL SKIN CARE,TONERS,LOREAL SA,GARNIER,2753.59,8/1/2017,47,59,a.less than $25
MASS,FACIAL SKIN CARE,TONERS,LOREAL SA,GARNIER,3785.519,9/1/2017,54,70,a.less than $25
MASS,FACIAL SKIN CARE,TONERS,LOREAL SA,GARNIER,1886.866,10/1/2017,71,27,a.less than $25
MASS,FACIAL SKIN CARE,TONERS,LOREAL SA,GARNIER,1047.194,11/1/2017,24,44,a.less than $25
MASS,FACIAL SKIN CARE,TONERS,LOREAL SA,GARNIER,1265.98,12/1/2017,41,31,a.less than $25
MASS,FACIAL SKIN CARE,TONERS,LOREAL SA,GARNIER,495.11,1/1/2018,98,5,a.less than $25
MASS,FACIAL SKIN CARE,TONERS,LOREAL SA,GARNIER,798.37,2/1/2018,2,399,a.less than $25
MASS,FACIAL SKIN CARE,TONERS,LOREAL SA,GARNIER,1061.312,3/1/2018,71,15,a.less than $25
MASS,FACIAL SKIN CARE,TONERS,LOREAL SA,GARNIER,249.083,4/1/2018,70,4,a.less than $25
MASS,FACIAL SKIN CARE,TONERS,LOREAL SA,GARNIER,315.2,5/1/2018,77,4,a.less than $25
MASS,FACIAL SKIN CARE,TONERS,LOREAL SA,GARNIER,199.623,6/1/2018,65,3,a.less than $25
MASS,FACIAL SKIN CARE,TONERS,LOREAL SA,GARNIER,779.021,7/1/2018,60,13,a.less than $25
MASS,FACIAL SKIN CARE,TONERS,LOREAL SA,GARNIER,178.17,8/1/2018,63,3,a.less than $25
MASS,FACIAL SKIN CARE,TONERS,LOREAL SA,GARNIER,45.81,9/1/2018,93,0,a.less than $25
MASS,FACIAL SKIN CARE,TONERS,LOREAL SA,GARNIER,12.71,10/1/2018,10,1,a.less than $25
MASS,FACIAL SKIN CARE,TONERS,LOREAL SA,GARNIER,147.03,11/1/2018,83,2,a.less than $25
MASS,FACIAL SKIN CARE,TONERS,LOREAL SA,GARNIER,20.27,12/1/2018,44,0,a.less than $25
MASS,FACIAL SKIN CARE,TONERS,LOREAL SA,GARNIER,37.4,1/1/2019,81,0,a.less than $25
MASS,FACIAL SKIN CARE,TONERS,LOREAL SA,GARNIER,22.63,2/1/2019,98,0,a.less than $25
MASS,FACIAL SKIN CARE,TONERS,LOREAL SA,GARNIER,20.86,3/1/2019,39,1,a.less than $25
MASS,FACIAL SKIN CARE,TONERS,LOREAL SA,GARNIER,10.19,4/1/2019,16,1,a.less than $25
MASS,FACIAL SKIN CARE,TONERS,LOREAL SA,GARNIER,20.86,5/1/2019,63,0,a.less than $25
MASS,FACIAL SKIN CARE,TONERS,LOREAL SA,GARNIER,22.1,6/1/2019,16,1,a.less than $25
MASS,FACIAL SKIN CARE,TONERS,LOREAL SA,GARNIER,19.84,7/1/2019,81,0,a.less than $25
MASS,FACIAL SKIN CARE,TONERS,LOREAL SA,GARNIER,13,8/1/2019,34,0,a.less than $25
MASS,HAIR CARE,CONDITIONER,LOREAL SA,GARNIER,11270042.73,8/1/2017,18,626113,d.$100+
MASS,HAIR CARE,CONDITIONER,LOREAL SA,GARNIER,13763263.58,9/1/2017,25,550531,d.$100+
MASS,HAIR CARE,CONDITIONER,LOREAL SA,GARNIER,9117462.39,10/1/2017,86,106017,d.$100+
MASS,HAIR CARE,CONDITIONER,LOREAL SA,GARNIER,8939679.425,11/1/2017,99,90300,c.$50 - $100
MASS,HAIR CARE,CONDITIONER,LOREAL SA,GARNIER,11145448.87,12/1/2017,64,174148,d.$100+
MASS,HAIR CARE,CONDITIONER,LOREAL SA,GARNIER,9480899.309,1/1/2018,7,1354414,d.$100+
MASS,HAIR CARE,CONDITIONER,LOREAL SA,GARNIER,10756938.86,2/1/2018,57,188718,d.$100+
MASS,HAIR CARE,CONDITIONER,LOREAL SA,GARNIER,14951591.45,3/1/2018,0,0,a.less than $25
MASS,HAIR CARE,CONDITIONER,LOREAL SA,GARNIER,10530887.9,4/1/2018,27,390033,d.$100+
MASS,HAIR CARE,CONDITIONER,LOREAL SA,GARNIER,10590522.27,5/1/2018,37,286230,d.$100+
MASS,HAIR CARE,CONDITIONER,LOREAL SA,GARNIER,14695335.86,6/1/2018,56,262417,d.$100+
MASS,HAIR CARE,CONDITIONER,LOREAL SA,GARNIER,11667603,7/1/2018,54,216067,d.$100+
MASS,HAIR CARE,CONDITIONER,LOREAL SA,GARNIER,12641541.73,8/1/2018,11,1149231,d.$100+
MASS,HAIR CARE,CONDITIONER,LOREAL SA,GARNIER,13942340.38,9/1/2018,7,1991763,d.$100+
MASS,HAIR CARE,CONDITIONER,LOREAL SA,GARNIER,9611724.719,10/1/2018,87,110480,d.$100+
MASS,HAIR CARE,CONDITIONER,LOREAL SA,GARNIER,9357529.525,11/1/2018,92,101712,d.$100+
MASS,HAIR CARE,CONDITIONER,LOREAL SA,GARNIER,11291517.05,12/1/2018,57,198097,d.$100+
MASS,HAIR CARE,CONDITIONER,LOREAL SA,GARNIER,9822284.772,1/1/2019,69,142352,d.$100+
MASS,HAIR CARE,CONDITIONER,LOREAL SA,GARNIER,11094441.8,2/1/2019,45,246543,d.$100+
MASS,HAIR CARE,CONDITIONER,LOREAL SA,GARNIER,15424269.6,3/1/2019,42,367245,d.$100+
MASS,HAIR CARE,CONDITIONER,LOREAL SA,GARNIER,10514523.31,4/1/2019,84,125173,d.$100+
MASS,HAIR CARE,CONDITIONER,LOREAL SA,GARNIER,11146264.12,5/1/2019,23,484620,d.$100+
MASS,HAIR CARE,CONDITIONER,LOREAL SA,GARNIER,14130781.39,6/1/2019,100,141308,d.$100+
MASS,HAIR CARE,CONDITIONER,LOREAL SA,GARNIER,12093138.88,7/1/2019,65,186048,d.$100+
MASS,HAIR CARE,CONDITIONER,LOREAL SA,GARNIER,12352489.12,8/1/2019,14,882321,d.$100+
MASS,HAIR CARE,SHAMPOO,LOREAL SA,GARNIER,14113486.85,8/1/2017,90,156817,d.$100+
MASS,HAIR CARE,SHAMPOO,LOREAL SA,GARNIER,17427410.63,9/1/2017,33,528103,d.$100+
MASS,HAIR CARE,SHAMPOO,LOREAL SA,GARNIER,11501914.97,10/1/2017,88,130704,d.$100+
MASS,HAIR CARE,SHAMPOO,LOREAL SA,GARNIER,11279534.23,11/1/2017,77,146487,d.$100+
MASS,HAIR CARE,SHAMPOO,LOREAL SA,GARNIER,13913799.64,12/1/2017,30,463793,d.$100+
MASS,HAIR CARE,SHAMPOO,LOREAL SA,GARNIER,11614527.8,1/1/2018,91,127632,d.$100+
MASS,HAIR CARE,SHAMPOO,LOREAL SA,GARNIER,13174486.76,2/1/2018,45,292766,d.$100+
MASS,HAIR CARE,SHAMPOO,LOREAL SA,GARNIER,18437201.86,3/1/2018,68,271135,d.$100+
MASS,HAIR CARE,SHAMPOO,LOREAL SA,GARNIER,13075813.63,4/1/2018,41,318922,d.$100+
MASS,HAIR CARE,SHAMPOO,LOREAL SA,GARNIER,13159934.54,5/1/2018,94,139999,d.$100+
MASS,HAIR CARE,SHAMPOO,LOREAL SA,GARNIER,18277190.28,6/1/2018,58,315124,d.$100+
MASS,HAIR CARE,SHAMPOO,LOREAL SA,GARNIER,14427949.17,7/1/2018,85,169741,d.$100+
MASS,HAIR CARE,SHAMPOO,LOREAL SA,GARNIER,15463235.61,8/1/2018,78,198247,d.$100+
MASS,HAIR CARE,SHAMPOO,LOREAL SA,GARNIER,17525616.27,9/1/2018,5,3505123,d.$100+
MASS,HAIR CARE,SHAMPOO,LOREAL SA,GARNIER,11999845.59,10/1/2018,66,181816,d.$100+
MASS,HAIR CARE,SHAMPOO,LOREAL SA,GARNIER,11556185.62,11/1/2018,6,1926031,d.$100+
MASS,HAIR CARE,SHAMPOO,LOREAL SA,GARNIER,13897935.25,12/1/2018,40,347448,d.$100+
MASS,HAIR CARE,SHAMPOO,LOREAL SA,GARNIER,11999447.68,1/1/2019,20,599972,d.$100+
MASS,HAIR CARE,SHAMPOO,LOREAL SA,GARNIER,13711561.8,2/1/2019,37,370583,d.$100+
MASS,HAIR CARE,SHAMPOO,LOREAL SA,GARNIER,18961390.34,3/1/2019,75,252819,d.$100+
MASS,HAIR CARE,SHAMPOO,LOREAL SA,GARNIER,12918596.39,4/1/2019,45,287080,d.$100+
MASS,HAIR CARE,SHAMPOO,LOREAL SA,GARNIER,13788073.43,5/1/2019,72,191501,d.$100+
MASS,HAIR CARE,SHAMPOO,LOREAL SA,GARNIER,17386198.36,6/1/2019,11,1580563,d.$100+
MASS,HAIR CARE,SHAMPOO,LOREAL SA,GARNIER,14901159.46,7/1/2019,35,425747,d.$100+
MASS,HAIR CARE,SHAMPOO,LOREAL SA,GARNIER,15279852.52,8/1/2019,86,177673,d.$100+
