data_for_container/data/Revlon Dataset Updated Aug 2019.csv
Channel,Category,Sub Category,Manufacturer,Brand,Revenue,Date,Units,Price,Price Tier
MASS,HAIR CARE,STYLING PRODUCTS,LOREAL SA,GARNIER,6385410.352,8/1/2017,48,133029,d.$100+
MASS,HAIR CARE,STYLING PRODUCTS,LOREAL SA,GARNIER,7820047.044,9/1/2017,87,89886,c.$50 - $100
MASS,HAIR CARE,STYLING PRODUCTS,LOREAL SA,GARNIER,5647809.858,10/1/2017,22,256719,d.$100+
MASS,HAIR CARE,STYLING PRODUCTS,LOREAL SA,GARNIER,5554052.998,11/1/2017,56,99180,c.$50 - $100
MASS,HAIR CARE,STYLING PRODUCTS,LOREAL SA,GARNIER,6635481.207,12/1/2017,96,69120,c.$50 - $100
MASS,HAIR CARE,STYLING PRODUCTS,LOREAL SA,GARNIER,5537598.706,1/1/2018,36,153822,d.$100+
MASS,HAIR CARE,STYLING PRODUCTS,LOREAL SA,GARNIER,6210359.254,2/1/2018,95,65372,c.$50 - $100
MASS,HAIR CARE,STYLING PRODUCTS,LOREAL SA,GARNIER,8140623.008,3/1/2018,71,114657,d.$100+
MASS,HAIR CARE,STYLING PRODUCTS,LOREAL SA,GARNIER,5640686.938,4/1/2018,70,80581,c.$50 - $100
MASS,HAIR CARE,STYLING PRODUCTS,LOREAL SA,GARNIER,5579112.559,5/1/2018,88,63399,c.$50 - $100
MASS,HAIR CARE,STYLING PRODUCTS,LOREAL SA,GARNIER,6981207.807,6/1/2018,33,211552,d.$100+
MASS,HAIR CARE,STYLING PRODUCTS,LOREAL SA,GARNIER,5977006.895,7/1/2018,89,67157,c.$50 - $100
MASS,HAIR CARE,STYLING PRODUCTS,LOREAL SA,GARNIER,6106995.001,8/1/2018,95,64284,c.$50 - $100
MASS,HAIR CARE,STYLING PRODUCTS,LOREAL SA,GARNIER,6917770.404,9/1/2018,44,157222,d.$100+
MASS,HAIR CARE,STYLING PRODUCTS,LOREAL SA,GARNIER,5223119.58,10/1/2018,2,2611560,d.$100+
MASS,HAIR CARE,STYLING PRODUCTS,LOREAL SA,GARNIER,4987335.928,11/1/2018,34,146686,d.$100+
MASS,HAIR CARE,STYLING PRODUCTS,LOREAL SA,GARNIER,5988684.358,12/1/2018,80,74859,c.$50 - $100
MASS,HAIR CARE,STYLING PRODUCTS,LOREAL SA,GARNIER,4937540.307,1/1/2019,49,100766,d.$100+
MASS,HAIR CARE,STYLING PRODUCTS,LOREAL SA,GARNIER,5530198.199,2/1/2019,82,67441,c.$50 - $100
MASS,HAIR CARE,STYLING PRODUCTS,LOREAL SA,GARNIER,7105428.089,3/1/2019,15,473695,d.$100+
MASS,HAIR CARE,STYLING PRODUCTS,LOREAL SA,GARNIER,5660692.115,4/1/2019,80,70759,c.$50 - $100
MASS,HAIR CARE,STYLING PRODUCTS,LOREAL SA,GARNIER,5758537.248,5/1/2019,75,76780,c.$50 - $100
MASS,HAIR CARE,STYLING PRODUCTS,LOREAL SA,GARNIER,6898571.586,6/1/2019,36,191627,d.$100+
MASS,HAIR CARE,STYLING PRODUCTS,LOREAL SA,GARNIER,5670083.643,7/1/2019,28,202503,d.$100+
MASS,HAIR CARE,STYLING PRODUCTS,LOREAL SA,GARNIER,5917957.075,8/1/2019,5,1183591,d.$100+
MASS,HAIR CARE,TREATMENT,LOREAL SA,GARNIER,4858108.606,8/1/2017,10,485811,d.$100+
MASS,HAIR CARE,TREATMENT,LOREAL SA,GARNIER,5648573.577,9/1/2017,41,137770,d.$100+
MASS,HAIR CARE,TREATMENT,LOREAL SA,GARNIER,3925451.163,10/1/2017,13,301958,d.$100+
MASS,HAIR CARE,TREATMENT,LOREAL SA,GARNIER,3764364.35,11/1/2017,65,57913,c.$50 - $100
MASS,HAIR CARE,TREATMENT,LOREAL SA,GARNIER,4726063.276,12/1/2017,96,49230,c.$50 - $100
MASS,HAIR CARE,TREATMENT,LOREAL SA,GARNIER,4056819.035,1/1/2018,8,507102,d.$100+
MASS,HAIR CARE,TREATMENT,LOREAL SA,GARNIER,4639001.265,2/1/2018,100,46390,c.$50 - $100
MASS,HAIR CARE,TREATMENT,LOREAL SA,GARNIER,6226401.894,3/1/2018,1,6226402,d.$100+
MASS,HAIR CARE,TREATMENT,LOREAL SA,GARNIER,4105287.422,4/1/2018,26,157896,d.$100+
MASS,HAIR CARE,TREATMENT,LOREAL SA,GARNIER,4108249.524,5/1/2018,54,76079,c.$50 - $100
MASS,HAIR CARE,TREATMENT,LOREAL SA,GARNIER,5460952.464,6/1/2018,91,60010,c.$50 - $100
MASS,HAIR CARE,TREATMENT,LOREAL SA,GARNIER,4806340.197,7/1/2018,45,106808,d.$100+
MASS,HAIR CARE,TREATMENT,LOREAL SA,GARNIER,4933011.373,8/1/2018,55,89691,c.$50 - $100
MASS,HAIR CARE,TREATMENT,LOREAL SA,GARNIER,5437418.007,9/1/2018,22,247155,d.$100+
MASS,HAIR CARE,TREATMENT,LOREAL SA,GARNIER,3971576.921,10/1/2018,99,40117,c.$50 - $100
MASS,HAIR CARE,TREATMENT,LOREAL SA,GARNIER,3746341.981,11/1/2018,47,79709,c.$50 - $100
MASS,HAIR CARE,TREATMENT,LOREAL SA,GARNIER,4534314.874,12/1/2018,54,83969,c.$50 - $100
MASS,HAIR CARE,TREATMENT,LOREAL SA,GARNIER,4760565.677,1/1/2019,17,280033,d.$100+
MASS,HAIR CARE,TREATMENT,LOREAL SA,GARNIER,5712535.859,2/1/2019,44,129830,d.$100+
MASS,HAIR CARE,TREATMENT,LOREAL SA,GARNIER,7717966.713,3/1/2019,85,90800,c.$50 - $100
MASS,HAIR CARE,TREATMENT,LOREAL SA,GARNIER,5716208.236,4/1/2019,76,75213,c.$50 - $100
MASS,HAIR CARE,TREATMENT,LOREAL SA,GARNIER,5609807.475,5/1/2019,46,121952,d.$100+
MASS,HAIR CARE,TREATMENT,LOREAL SA,GARNIER,6690644.011,6/1/2019,80,83633,c.$50 - $100
MASS,HAIR CARE,TREATMENT,LOREAL SA,GARNIER,5694705.561,7/1/2019,15,379647,d.$100+
MASS,HAIR CARE,TREATMENT,LOREAL SA,GARNIER,5988717.134,8/1/2019,87,68836,c.$50 - $100
MASS,HBL,HAND/ARM,LOREAL SA,GARNIER,207.48,8/1/2017,16,13,a.less than $25
MASS,HBL,HAND/ARM,LOREAL SA,GARNIER,209.28,9/1/2017,67,3,a.less than $25
MASS,HBL,HAND/ARM,LOREAL SA,GARNIER,99.28,10/1/2017,58,2,a.less than $25
MASS,HBL,HAND/ARM,LOREAL SA,GARNIER,135.12,11/1/2017,78,2,a.less than $25
MASS,HBL,HAND/ARM,LOREAL SA,GARNIER,69.87,12/1/2017,54,1,a.less than $25
MASS,HBL,HAND/ARM,LOREAL SA,GARNIER,112.55,1/1/2018,83,1,a.less than $25
MASS,HBL,HAND/ARM,LOREAL SA,GARNIER,96.23,2/1/2018,22,4,a.less than $25
MASS,HBL,HAND/ARM,LOREAL SA,GARNIER,71.83,3/1/2018,70,1,a.less than $25
MASS,HBL,HAND/ARM,LOREAL SA,GARNIER,31.88,4/1/2018,76,0,a.less than $25
MASS,HBL,HAND/ARM,LOREAL SA,GARNIER,40.18,5/1/2018,83,0,a.less than $25
MASS,HBL,HAND/ARM,LOREAL SA,GARNIER,165.699,6/1/2018,47,4,a.less than $25
MASS,HBL,HAND/ARM,LOREAL SA,GARNIER,2.5,7/1/2018,48,0,a.less than $25
MASS,HBL,HAND/ARM,LOREAL SA,GARNIER,49.95,8/1/2018,1,50,a.less than $25
MASS,HBL,HAND/ARM,LOREAL SA,GARNIER,50.88,9/1/2018,99,1,a.less than $25
MASS,HBL,HAND/ARM,LOREAL SA,GARNIER,14.96,10/1/2018,97,0,a.less than $25
MASS,HBL,HAND/ARM,LOREAL SA,GARNIER,11.92,11/1/2018,90,0,a.less than $25
MASS,HBL,HAND/ARM,LOREAL SA,GARNIER,1.35,12/1/2018,99,0,a.less than $25
MASS,HBL,HAND/ARM,LOREAL SA,GARNIER,6.5,1/1/2019,71,0,a.less than $25
MASS,HBL,HAND/ARM,LOREAL SA,GARNIER,0,2/1/2019,92,0,a.less than $25
MASS,HBL,HAND/ARM,LOREAL SA,GARNIER,6.99,3/1/2019,69,0,a.less than $25
MASS,HBL,HAND/ARM,LOREAL SA,GARNIER,2.8,4/1/2019,47,0,a.less than $25
MASS,HBL,HAND/ARM,LOREAL SA,GARNIER,14,5/1/2019,38,0,a.less than $25
MASS,HBL,HAND/ARM,LOREAL SA,GARNIER,20,6/1/2019,69,0,a.less than $25
MASS,HBL,HAND/ARM,LOREAL SA,GARNIER,1,7/1/2019,95,0,a.less than $25
MASS,HBL,HAND/ARM,LOREAL SA,GARNIER,4.86,8/1/2019,87,0,a.less than $25
PRESTIGE,MAKEUP,MAKEUP TOTAL ALL OTHER,LOREAL INC,IT COSMETICS,1273848,8/1/2017,90,14154,c.$50 - $100
PRESTIGE,MAKEUP,MAKEUP TOTAL ALL OTHER,LOREAL INC,IT COSMETICS,1948372,9/1/2017,27,72162,c.$50 - $100
PRESTIGE,MAKEUP,MAKEUP TOTAL ALL OTHER,LOREAL INC,IT COSMETICS,1528674,10/1/2017,39,39197,c.$50 - $100
PRESTIGE,MAKEUP,MAKEUP TOTAL ALL OTHER,LOREAL INC,IT COSMETICS,6020078,11/1/2017,39,154361,d.$100+
PRESTIGE,MAKEUP,MAKEUP TOTAL ALL OTHER,LOREAL INC,IT COSMETICS,9832633,12/1/2017,46,213753,d.$100+
PRESTIGE,MAKEUP,MAKEUP TOTAL ALL OTHER,LOREAL INC,IT COSMETICS,1146872,1/1/2018,76,15090,c.$50 - $100
PRESTIGE,MAKEUP,MAKEUP TOTAL ALL OTHER,LOREAL INC,IT COSMETICS,1393612,2/1/2018,22,63346,c.$50 - $100
PRESTIGE,MAKEUP,MAKEUP TOTAL ALL OTHER,LOREAL INC,IT COSMETICS,1709360,3/1/2018,27,63310,c.$50 - $100
PRESTIGE,MAKEUP,MAKEUP TOTAL ALL OTHER,LOREAL INC,IT COSMETICS,1204139,4/1/2018,23,52354,c.$50 - $100
PRESTIGE,MAKEUP,MAKEUP TOTAL ALL OTHER,LOREAL INC,IT COSMETICS,1349325,5/1/2018,63,21418,c.$50 - $100
PRESTIGE,MAKEUP,MAKEUP TOTAL ALL OTHER,LOREAL INC,IT COSMETICS,1480754,6/1/2018,50,29615,c.$50 - $100
PRESTIGE,MAKEUP,MAKEUP TOTAL ALL OTHER,LOREAL INC,IT COSMETICS,980584,7/1/2018,0,0,a.less than $25
PRESTIGE,MAKEUP,MAKEUP TOTAL ALL OTHER,LOREAL INC,IT COSMETICS,1112826,8/1/2018,21,52992,c.$50 - $100
PRESTIGE,MAKEUP,MAKEUP TOTAL ALL OTHER,LOREAL INC,IT COSMETICS,1428640,9/1/2018,18,79369,c.$50 - $100
PRESTIGE,MAKEUP,MAKEUP TOTAL ALL OTHER,LOREAL INC,IT COSMETICS,1637245,10/1/2018,80,20466,c.$50 - $100
PRESTIGE,MAKEUP,MAKEUP TOTAL ALL OTHER,LOREAL INC,IT COSMETICS,5293865,11/1/2018,22,240630,d.$100+
PRESTIGE,MAKEUP,MAKEUP TOTAL ALL OTHER,LOREAL INC,IT COSMETICS,9023987,12/1/2018,67,134686,d.$100+
PRESTIGE,MAKEUP,MAKEUP TOTAL ALL OTHER,LOREAL INC,IT COSMETICS,1081964,1/1/2019,10,108196,d.$100+
PRESTIGE,MAKEUP,MAKEUP TOTAL ALL OTHER,LOREAL INC,IT COSMETICS,1037910,2/1/2019,42,24712,c.$50 - $100
PRESTIGE,MAKEUP,MAKEUP TOTAL ALL OTHER,LOREAL INC,IT COSMETICS,1569041,3/1/2019,14,112074,d.$100+
PRESTIGE,MAKEUP,MAKEUP TOTAL ALL OTHER,LOREAL INC,IT COSMETICS,1154148,4/1/2019,37,31193,c.$50 - $100
PRESTIGE,MAKEUP,MAKEUP TOTAL ALL OTHER,LOREAL INC,IT COSMETICS,1151293,5/1/2019,51,22574,c.$50 - $100
PRESTIGE,MAKEUP,MAKEUP TOTAL ALL OTHER,LOREAL INC,IT COSMETICS,1165777,6/1/2019,12,97148,c.$50 - $100
PRESTIGE,MAKEUP,MAKEUP TOTAL ALL OTHER,LOREAL INC,IT COSMETICS,925249,7/1/2019,91,10168,c.$50 - $100
PRESTIGE,MAKEUP,MAKEUP TOTAL ALL OTHER,LOREAL INC,IT COSMETICS,833347,8/1/2019,74,11261,c.$50 - $100
PRESTIGE,MAKEUP,MAKEUP TOTAL EYE,LOREAL INC,IT COSMETICS,3534711,8/1/2017,94,37603,c.$50 - $100
PRESTIGE,MAKEUP,MAKEUP TOTAL EYE,LOREAL INC,IT COSMETICS,5711196,9/1/2017,52,109831,d.$100+
PRESTIGE,MAKEUP,MAKEUP TOTAL EYE,LOREAL INC,IT COSMETICS,3052663,10/1/2017,15,203511,d.$100+
PRESTIGE,MAKEUP,MAKEUP TOTAL EYE,LOREAL INC,IT COSMETICS,3818604,11/1/2017,22,173573,d.$100+
PRESTIGE,MAKEUP,MAKEUP TOTAL EYE,LOREAL INC,IT COSMETICS,5345945,12/1/2017,79,67670,c.$50 - $100
PRESTIGE,MAKEUP,MAKEUP TOTAL EYE,LOREAL INC,IT COSMETICS,3115502,1/1/2018,94,33144,c.$50 - $100
PRESTIGE,MAKEUP,MAKEUP TOTAL EYE,LOREAL INC,IT COSMETICS,3547733,2/1/2018,26,136451,d.$100+
PRESTIGE,MAKEUP,MAKEUP TOTAL EYE,LOREAL INC,IT COSMETICS,5507489,3/1/2018,58,94957,c.$50 - $100
PRESTIGE,MAKEUP,MAKEUP TOTAL EYE,LOREAL INC,IT COSMETICS,3454647,4/1/2018,47,73503,c.$50 - $100
PRESTIGE,MAKEUP,MAKEUP TOTAL EYE,LOREAL INC,IT COSMETICS,3582463,5/1/2018,28,127945,d.$100+
PRESTIGE,MAKEUP,MAKEUP TOTAL EYE,LOREAL INC,IT COSMETICS,4349677,6/1/2018,78,55765,c.$50 - $100
PRESTIGE,MAKEUP,MAKEUP TOTAL EYE,LOREAL INC,IT COSMETICS,3113803,7/1/2018,88,35384,c.$50 - $100
PRESTIGE,MAKEUP,MAKEUP TOTAL EYE,LOREAL INC,IT COSMETICS,4382904,8/1/2018,1,4382904,d.$100+
PRESTIGE,MAKEUP,MAKEUP TOTAL EYE,LOREAL INC,IT COSMETICS,6095595,9/1/2018,38,160410,d.$100+
PRESTIGE,MAKEUP,MAKEUP TOTAL EYE,LOREAL INC,IT COSMETICS,4676081,10/1/2018,10,467608,d.$100+
PRESTIGE,MAKEUP,MAKEUP TOTAL EYE,LOREAL INC,IT COSMETICS,4908094,11/1/2018,60,81802,c.$50 - $100
PRESTIGE,MAKEUP,MAKEUP TOTAL EYE,LOREAL INC,IT COSMETICS,8115601,12/1/2018,1,8115601,d.$100+
PRESTIGE,MAKEUP,MAKEUP TOTAL EYE,LOREAL INC,IT COSMETICS,5096988,1/1/2019,78,65346,c.$50 - $100
PRESTIGE,MAKEUP,MAKEUP TOTAL EYE,LOREAL INC,IT COSMETICS,4497623,2/1/2019,0,0,a.less than $25
PRESTIGE,MAKEUP,MAKEUP TOTAL EYE,LOREAL INC,IT COSMETICS,5361451,3/1/2019,48,111697,d.$100+
PRESTIGE,MAKEUP,MAKEUP TOTAL EYE,LOREAL INC,IT COSMETICS,4272870,4/1/2019,7,610410,d.$100+
PRESTIGE,MAKEUP,MAKEUP TOTAL EYE,LOREAL INC,IT COSMETICS,3460957,5/1/2019,83,41698,c.$50 - $100
PRESTIGE,MAKEUP,MAKEUP TOTAL EYE,LOREAL INC,IT COSMETICS,5021286,6/1/2019,0,0,a.less than $25
PRESTIGE,MAKEUP,MAKEUP TOTAL EYE,LOREAL INC,IT COSMETICS,3737508,7/1/2019,69,54167,c.$50 - $100
PRESTIGE,MAKEUP,MAKEUP TOTAL EYE,LOREAL INC,IT COSMETICS,3800368,8/1/2019,78,48723,c.$50 - $100
PRESTIGE,MAKEUP,MAKEUP TOTAL FACE,LOREAL INC,IT COSMETICS,12102986,8/1/2017,70,172900,d.$100+
PRESTIGE,MAKEUP,MAKEUP TOTAL FACE,LOREAL INC,IT COSMETICS,18808300,9/1/2017,57,329970,d.$100+
PRESTIGE,MAKEUP,MAKEUP TOTAL FACE,LOREAL INC,IT COSMETICS,13630108,10/1/2017,35,389432,d.$100+
PRESTIGE,MAKEUP,MAKEUP TOTAL FACE,LOREAL INC,IT COSMETICS,17710194,11/1/2017,10,1771019,d.$100+
PRESTIGE,MAKEUP,MAKEUP TOTAL FACE,LOREAL INC,IT COSMETICS,25275585,12/1/2017,52,486069,d.$100+
PRESTIGE,MAKEUP,MAKEUP TOTAL FACE,LOREAL INC,IT COSMETICS,17655478,1/1/2018,13,1358114,d.$100+
PRESTIGE,MAKEUP,MAKEUP TOTAL FACE,LOREAL INC,IT COSMETICS,22740351,2/1/2018,8,2842544,d.$100+
PRESTIGE,MAKEUP,MAKEUP TOTAL FACE,LOREAL INC,IT COSMETICS,28814289,3/1/2018,23,1252795,d.$100+
PRESTIGE,MAKEUP,MAKEUP TOTAL FACE,LOREAL INC,IT COSMETICS,22067645,4/1/2018,48,459743,d.$100+
PRESTIGE,MAKEUP,MAKEUP TOTAL FACE,LOREAL INC,IT COSMETICS,19854939,5/1/2018,48,413645,d.$100+
PRESTIGE,MAKEUP,MAKEUP TOTAL FACE,LOREAL INC,IT COSMETICS,22631822,6/1/2018,37,611671,d.$100+
PRESTIGE,MAKEUP,MAKEUP TOTAL FACE,LOREAL INC,IT COSMETICS,18326148,7/1/2018,42,436337,d.$100+
PRESTIGE,MAKEUP,MAKEUP TOTAL FACE,LOREAL INC,IT COSMETICS,18973088,8/1/2018,19,998584,d.$100+
PRESTIGE,MAKEUP,MAKEUP TOTAL FACE,LOREAL INC,IT COSMETICS,25802476,9/1/2018,67,385112,d.$100+
PRESTIGE,MAKEUP,MAKEUP TOTAL FACE,LOREAL INC,IT COSMETICS,20487556,10/1/2018,84,243899,d.$100+
PRESTIGE,MAKEUP,MAKEUP TOTAL FACE,LOREAL INC,IT COSMETICS,19664595,11/1/2018,56,351153,d.$100+
PRESTIGE,MAKEUP,MAKEUP TOTAL FACE,LOREAL INC,IT COSMETICS,29547578,12/1/2018,8,3693447,d.$100+
PRESTIGE,MAKEUP,MAKEUP TOTAL FACE,LOREAL INC,IT COSMETICS,20916561,1/1/2019,2,10458281,d.$100+
PRESTIGE,MAKEUP,MAKEUP TOTAL FACE,LOREAL INC,IT COSMETICS,21569769,2/1/2019,80,269622,d.$100+
PRESTIGE,MAKEUP,MAKEUP TOTAL FACE,LOREAL INC,IT COSMETICS,36180567,3/1/2019,16,2261285,d.$100+
PRESTIGE,MAKEUP,MAKEUP TOTAL FACE,LOREAL INC,IT COSMETICS,23908090,4/1/2019,36,664114,d.$100+
PRESTIGE,MAKEUP,MAKEUP TOTAL FACE,LOREAL INC,IT COSMETICS,22299320,5/1/2019,87,256314,d.$100+
PRESTIGE,MAKEUP,MAKEUP TOTAL FACE,LOREAL INC,IT COSMETICS,27955110,6/1/2019,66,423562,d.$100+
PRESTIGE,MAKEUP,MAKEUP TOTAL FACE,LOREAL INC,IT COSMETICS,18881391,7/1/2019,69,273643,d.$100+
PRESTIGE,MAKEUP,MAKEUP TOTAL FACE,LOREAL INC,IT COSMETICS,21321918,8/1/2019,80,266524,d.$100+
PRESTIGE,MAKEUP,MAKEUP TOTAL LIP,LOREAL INC,IT COSMETICS,637093,8/1/2017,4,159273,d.$100+
PRESTIGE,MAKEUP,MAKEUP TOTAL LIP,LOREAL INC,IT COSMETICS,957197,9/1/2017,17,56306,c.$50 - $100
PRESTIGE,MAKEUP,MAKEUP TOTAL LIP,LOREAL INC,IT COSMETICS,703863,10/1/2017,94,7488,c.$50 - $100
PRESTIGE,MAKEUP,MAKEUP TOTAL LIP,LOREAL INC,IT COSMETICS,648744,11/1/2017,68,9540,c.$50 - $100
PRESTIGE,MAKEUP,MAKEUP TOTAL LIP,LOREAL INC,IT COSMETICS,1087365,12/1/2017,50,21747,c.$50 - $100
PRESTIGE,MAKEUP,MAKEUP TOTAL LIP,LOREAL INC,IT COSMETICS,667089,1/1/2018,28,23825,c.$50 - $100
PRESTIGE,MAKEUP,MAKEUP TOTAL LIP,LOREAL INC,IT COSMETICS,782141,2/1/2018,95,8233,c.$50 - $100
PRESTIGE,MAKEUP,MAKEUP TOTAL LIP,LOREAL INC,IT COSMETICS,927904,3/1/2018,1,927904,d.$100+
PRESTIGE,MAKEUP,MAKEUP TOTAL LIP,LOREAL INC,IT COSMETICS,755083,4/1/2018,72,10487,c.$50 - $100
PRESTIGE,MAKEUP,MAKEUP TOTAL LIP,LOREAL INC,IT COSMETICS,668868,5/1/2018,43,15555,c.$50 - $100
PRESTIGE,MAKEUP,MAKEUP TOTAL LIP,LOREAL INC,IT COSMETICS,798291,6/1/2018,41,19471,c.$50 - $100
PRESTIGE,MAKEUP,MAKEUP TOTAL LIP,LOREAL INC,IT COSMETICS,549870,7/1/2018,90,6110,c.$50 - $100
PRESTIGE,MAKEUP,MAKEUP TOTAL LIP,LOREAL INC,IT COSMETICS,593928,8/1/2018,81,7332,c.$50 - $100
PRESTIGE,MAKEUP,MAKEUP TOTAL LIP,LOREAL INC,IT COSMETICS,786993,9/1/2018,52,15134,c.$50 - $100
PRESTIGE,MAKEUP,MAKEUP TOTAL LIP,LOREAL INC,IT COSMETICS,640112,10/1/2018,28,22861,c.$50 - $100
PRESTIGE,MAKEUP,MAKEUP TOTAL LIP,LOREAL INC,IT COSMETICS,541133,11/1/2018,92,5882,c.$50 - $100
PRESTIGE,MAKEUP,MAKEUP TOTAL LIP,LOREAL INC,IT COSMETICS,937231,12/1/2018,14,66945,c.$50 - $100
PRESTIGE,MAKEUP,MAKEUP TOTAL LIP,LOREAL INC,IT COSMETICS,501398,1/1/2019,96,5223,c.$50 - $100
PRESTIGE,MAKEUP,MAKEUP TOTAL LIP,LOREAL INC,IT COSMETICS,690779,2/1/2019,89,7762,c.$50 - $100
PRESTIGE,MAKEUP,MAKEUP TOTAL LIP,LOREAL INC,IT COSMETICS,783208,3/1/2019,84,9324,c.$50 - $100
PRESTIGE,MAKEUP,MAKEUP TOTAL LIP,LOREAL INC,IT COSMETICS,442877,4/1/2019,80,5536,c.$50 - $100
PRESTIGE,MAKEUP,MAKEUP TOTAL LIP,LOREAL INC,IT COSMETICS,392442,5/1/2019,65,6038,c.$50 - $100
PRESTIGE,MAKEUP,MAKEUP TOTAL LIP,LOREAL INC,IT COSMETICS,498234,6/1/2019,40,12456,c.$50 - $100
PRESTIGE,MAKEUP,MAKEUP TOTAL LIP,LOREAL INC,IT COSMETICS,373697,7/1/2019,93,4018,b.$25 - $50
PRESTIGE,MAKEUP,MAKEUP TOTAL LIP,LOREAL INC,IT COSMETICS,411152,8/1/2019,0,0,a.less than $25
