data_for_container/data/Revlon Dataset Updated Aug 2019.csv
Channel,Category,Sub Category,Manufacturer,Brand,Revenue,Date,Units,Price,Price Tier
PRESTIGE,MAKEUP,MAKEUP TOTAL SETS,LOREAL INC,IT COSMETICS,12473540,8/1/2017,54,230991,d.$100+
PRESTIGE,MAKEUP,MAKEUP TOTAL SETS,LOREAL INC,IT COSMETICS,10887233,9/1/2017,68,160106,d.$100+
PRESTIGE,MAKEUP,MAKEUP TOTAL SETS,LOREAL INC,IT COSMETICS,6356525,10/1/2017,89,71422,c.$50 - $100
PRESTIGE,MAKEUP,MAKEUP TOTAL SETS,LOREAL INC,IT COSMETICS,17680249,11/1/2017,100,176802,d.$100+
PRESTIGE,MAKEUP,MAKEUP TOTAL SETS,LOREAL INC,IT COSMETICS,6910664,12/1/2017,89,77648,c.$50 - $100
PRESTIGE,MAKEUP,MAKEUP TOTAL SETS,LOREAL INC,IT COSMETICS,16633683,1/1/2018,76,218864,d.$100+
PRESTIGE,MAKEUP,MAKEUP TOTAL SETS,LOREAL INC,IT COSMETICS,7196886,2/1/2018,46,156454,d.$100+
PRESTIGE,MAKEUP,MAKEUP TOTAL SETS,LOREAL INC,IT COSMETICS,16889138,3/1/2018,58,291192,d.$100+
PRESTIGE,MAKEUP,MAKEUP TOTAL SETS,LOREAL INC,IT COSMETICS,8172269,4/1/2018,21,389156,d.$100+
PRESTIGE,MAKEUP,MAKEUP TOTAL SETS,LOREAL INC,IT COSMETICS,11851987,5/1/2018,45,263377,d.$100+
PRESTIGE,MAKEUP,MAKEUP TOTAL SETS,LOREAL INC,IT COSMETICS,6353214,6/1/2018,62,102471,d.$100+
PRESTIGE,MAKEUP,MAKEUP TOTAL SETS,LOREAL INC,IT COSMETICS,5871876,7/1/2018,74,79350,c.$50 - $100
PRESTIGE,MAKEUP,MAKEUP TOTAL SETS,LOREAL INC,IT COSMETICS,7949451,8/1/2018,89,89320,c.$50 - $100
PRESTIGE,MAKEUP,MAKEUP TOTAL SETS,LOREAL INC,IT COSMETICS,4564704,9/1/2018,86,53078,c.$50 - $100
PRESTIGE,MAKEUP,MAKEUP TOTAL SETS,LOREAL INC,IT COSMETICS,8996003,10/1/2018,94,95702,c.$50 - $100
PRESTIGE,MAKEUP,MAKEUP TOTAL SETS,LOREAL INC,IT COSMETICS,17973787,11/1/2018,65,276520,d.$100+
PRESTIGE,MAKEUP,MAKEUP TOTAL SETS,LOREAL INC,IT COSMETICS,7972017,12/1/2018,10,797202,d.$100+
PRESTIGE,MAKEUP,MAKEUP TOTAL SETS,LOREAL INC,IT COSMETICS,6712172,1/1/2019,58,115727,d.$100+
PRESTIGE,MAKEUP,MAKEUP TOTAL SETS,LOREAL INC,IT COSMETICS,8218992,2/1/2019,89,92348,c.$50 - $100
PRESTIGE,MAKEUP,MAKEUP TOTAL SETS,LOREAL INC,IT COSMETICS,19012847,3/1/2019,19,1000676,d.$100+
PRESTIGE,MAKEUP,MAKEUP TOTAL SETS,LOREAL INC,IT COSMETICS,10608542,4/1/2019,87,121937,d.$100+
PRESTIGE,MAKEUP,MAKEUP TOTAL SETS,LOREAL INC,IT COSMETICS,9658660,5/1/2019,69,139981,d.$100+
PRESTIGE,MAKEUP,MAKEUP TOTAL SETS,LOREAL INC,IT COSMETICS,6586653,6/1/2019,89,74007,c.$50 - $100
PRESTIGE,MAKEUP,MAKEUP TOTAL SETS,LOREAL INC,IT COSMETICS,11662402,7/1/2019,13,897108,d.$100+
PRESTIGE,MAKEUP,MAKEUP TOTAL SETS,LOREAL INC,IT COSMETICS,6901638,8/1/2019,59,116977,d.$100+
PRESTIGE,SKINCARE,SKINCARE TOTAL FACE,LOREAL INC,IT COSMETICS,1829395,8/1/2017,81,22585,c.$50 - $100
PRESTIGE,SKINCARE,SKINCARE TOTAL FACE,LOREAL INC,IT COSMETICS,2800514,9/1/2017,52,53856,c.$50 - $100
PRESTIGE,SKINCARE,SKINCARE TOTAL FACE,LOREAL INC,IT COSMETICS,2841248,10/1/2017,69,41178,c.$50 - $100
PRESTIGE,SKINCARE,SKINCARE TOTAL FACE,LOREAL INC,IT COSMETICS,3442785,11/1/2017,52,66207,c.$50 - $100
PRESTIGE,SKINCARE,SKINCARE TOTAL FACE,LOREAL INC,IT COSMETICS,3219091,12/1/2017,0,0,a.less than $25
PRESTIGE,SKINCARE,SKINCARE TOTAL FACE,LOREAL INC,IT COSMETICS,1915663,1/1/2018,60,31928,c.$50 - $100
PRESTIGE,SKINCARE,SKINCARE TOTAL FACE,LOREAL INC,IT COSMETICS,4801274,2/1/2018,48,100027,d.$100+
PRESTIGE,SKINCARE,SKINCARE TOTAL FACE,LOREAL INC,IT COSMETICS,3288464,3/1/2018,8,411058,d.$100+
PRESTIGE,SKINCARE,SKINCARE TOTAL FACE,LOREAL INC,IT COSMETICS,3534494,4/1/2018,47,75202,c.$50 - $100
PRESTIGE,SKINCARE,SKINCARE TOTAL FACE,LOREAL INC,IT COSMETICS,3815241,5/1/2018,26,146740,d.$100+
PRESTIGE,SKINCARE,SKINCARE TOTAL FACE,LOREAL INC,IT COSMETICS,3291304,6/1/2018,25,131652,d.$100+
PRESTIGE,SKINCARE,SKINCARE TOTAL FACE,LOREAL INC,IT COSMETICS,2697382,7/1/2018,43,62730,c.$50 - $100
PRESTIGE,SKINCARE,SKINCARE TOTAL FACE,LOREAL INC,IT COSMETICS,3741260,8/1/2018,54,69283,c.$50 - $100
PRESTIGE,SKINCARE,SKINCARE TOTAL FACE,LOREAL INC,IT COSMETICS,4177094,9/1/2018,7,596728,d.$100+
PRESTIGE,SKINCARE,SKINCARE TOTAL FACE,LOREAL INC,IT COSMETICS,4710725,10/1/2018,22,214124,d.$100+
PRESTIGE,SKINCARE,SKINCARE TOTAL FACE,LOREAL INC,IT COSMETICS,4226388,11/1/2018,99,42691,c.$50 - $100
PRESTIGE,SKINCARE,SKINCARE TOTAL FACE,LOREAL INC,IT COSMETICS,5066241,12/1/2018,75,67550,c.$50 - $100
PRESTIGE,SKINCARE,SKINCARE TOTAL FACE,LOREAL INC,IT COSMETICS,4092119,1/1/2019,40,102303,d.$100+
PRESTIGE,SKINCARE,SKINCARE TOTAL FACE,LOREAL INC,IT COSMETICS,4218756,2/1/2019,97,43492,c.$50 - $100
PRESTIGE,SKINCARE,SKINCARE TOTAL FACE,LOREAL INC,IT COSMETICS,5797209,3/1/2019,69,84018,c.$50 - $100
PRESTIGE,SKINCARE,SKINCARE TOTAL FACE,LOREAL INC,IT COSMETICS,4517312,4/1/2019,76,59438,c.$50 - $100
PRESTIGE,SKINCARE,SKINCARE TOTAL FACE,LOREAL INC,IT COSMETICS,3675544,5/1/2019,15,245036,d.$100+
PRESTIGE,SKINCARE,SKINCARE TOTAL FACE,LOREAL INC,IT COSMETICS,4716085,6/1/2019,36,131002,d.$100+
PRESTIGE,SKINCARE,SKINCARE TOTAL FACE,LOREAL INC,IT COSMETICS,4060614,7/1/2019,75,54142,c.$50 - $100
PRESTIGE,SKINCARE,SKINCARE TOTAL FACE,LOREAL INC,IT COSMETICS,3619322,8/1/2019,14,258523,d.$100+
PRESTIGE,SKINCARE,SKINCARE TOTAL SETS & KITS,LOREAL INC,IT COSMETICS,0,8/1/2017,50,0,a.less than $25
PRESTIGE,SKINCARE,SKINCARE TOTAL SETS & KITS,LOREAL INC,IT COSMETICS,447417,9/1/2017,1,447417,d.$100+
PRESTIGE,SKINCARE,SKINCARE TOTAL SETS & KITS,LOREAL INC,IT COSMETICS,-20294,10/1/2017,62,-327,a.less than $25
PRESTIGE,SKINCARE,SKINCARE TOTAL SETS & KITS,LOREAL INC,IT COSMETICS,36465,11/1/2017,30,1216,a.less than $25
PRESTIGE,SKINCARE,SKINCARE TOTAL SETS & KITS,LOREAL INC,IT COSMETICS,296600,12/1/2017,78,3803,b.$25 - $50
PRESTIGE,SKINCARE,SKINCARE TOTAL SETS & KITS,LOREAL INC,IT COSMETICS,381958,1/1/2018,37,10323,c.$50 - $100
PRESTIGE,SKINCARE,SKINCARE TOTAL SETS & KITS,LOREAL INC,IT COSMETICS,201510,2/1/2018,95,2121,a.less than $25
PRESTIGE,SKINCARE,SKINCARE TOTAL SETS & KITS,LOREAL INC,IT COSMETICS,101844,3/1/2018,89,1144,a.less than $25
PRESTIGE,SKINCARE,SKINCARE TOTAL SETS & KITS,LOREAL INC,IT COSMETICS,1808,4/1/2018,99,18,a.less than $25
PRESTIGE,SKINCARE,SKINCARE TOTAL SETS & KITS,LOREAL INC,IT COSMETICS,93120,5/1/2018,15,6208,c.$50 - $100
PRESTIGE,SKINCARE,SKINCARE TOTAL SETS & KITS,LOREAL INC,IT COSMETICS,140006,6/1/2018,37,3784,b.$25 - $50
PRESTIGE,SKINCARE,SKINCARE TOTAL SETS & KITS,LOREAL INC,IT COSMETICS,156565,7/1/2018,84,1864,a.less than $25
PRESTIGE,SKINCARE,SKINCARE TOTAL SETS & KITS,LOREAL INC,IT COSMETICS,744600,8/1/2018,17,43800,c.$50 - $100
PRESTIGE,SKINCARE,SKINCARE TOTAL SETS & KITS,LOREAL INC,IT COSMETICS,255299,9/1/2018,96,2659,b.$25 - $50
PRESTIGE,SKINCARE,SKINCARE TOTAL SETS & KITS,LOREAL INC,IT COSMETICS,301860,10/1/2018,55,5488,c.$50 - $100
PRESTIGE,SKINCARE,SKINCARE TOTAL SETS & KITS,LOREAL INC,IT COSMETICS,1162148,11/1/2018,30,38738,c.$50 - $100
PRESTIGE,SKINCARE,SKINCARE TOTAL SETS & KITS,LOREAL INC,IT COSMETICS,1304455,12/1/2018,37,35256,c.$50 - $100
PRESTIGE,SKINCARE,SKINCARE TOTAL SETS & KITS,LOREAL INC,IT COSMETICS,6269320,1/1/2019,9,696591,d.$100+
PRESTIGE,SKINCARE,SKINCARE TOTAL SETS & KITS,LOREAL INC,IT COSMETICS,154480,2/1/2019,20,7724,c.$50 - $100
PRESTIGE,SKINCARE,SKINCARE TOTAL SETS & KITS,LOREAL INC,IT COSMETICS,282322,3/1/2019,34,8304,c.$50 - $100
PRESTIGE,SKINCARE,SKINCARE TOTAL SETS & KITS,LOREAL INC,IT COSMETICS,179955,4/1/2019,47,3829,b.$25 - $50
PRESTIGE,SKINCARE,SKINCARE TOTAL SETS & KITS,LOREAL INC,IT COSMETICS,361198,5/1/2019,65,5557,c.$50 - $100
PRESTIGE,SKINCARE,SKINCARE TOTAL SETS & KITS,LOREAL INC,IT COSMETICS,310440,6/1/2019,47,6605,c.$50 - $100
PRESTIGE,SKINCARE,SKINCARE TOTAL SETS & KITS,LOREAL INC,IT COSMETICS,461785,7/1/2019,20,23089,c.$50 - $100
PRESTIGE,SKINCARE,SKINCARE TOTAL SETS & KITS,LOREAL INC,IT COSMETICS,1251910,8/1/2019,64,19561,c.$50 - $100
PRESTIGE,SKINCARE,SKINCARE TOTAL SUN,LOREAL INC,IT COSMETICS,0,8/1/2017,52,0,a.less than $25
PRESTIGE,SKINCARE,SKINCARE TOTAL SUN,LOREAL INC,IT COSMETICS,14725,9/1/2017,66,223,a.less than $25
PRESTIGE,SKINCARE,SKINCARE TOTAL SUN,LOREAL INC,IT COSMETICS,18997,10/1/2017,57,333,a.less than $25
PRESTIGE,SKINCARE,SKINCARE TOTAL SUN,LOREAL INC,IT COSMETICS,25636,11/1/2017,82,313,a.less than $25
PRESTIGE,SKINCARE,SKINCARE TOTAL SUN,LOREAL INC,IT COSMETICS,26103,12/1/2017,74,353,a.less than $25
PRESTIGE,SKINCARE,SKINCARE TOTAL SUN,LOREAL INC,IT COSMETICS,20165,1/1/2018,100,202,a.less than $25
PRESTIGE,SKINCARE,SKINCARE TOTAL SUN,LOREAL INC,IT COSMETICS,18471,2/1/2018,93,199,a.less than $25
PRESTIGE,SKINCARE,SKINCARE TOTAL SUN,LOREAL INC,IT COSMETICS,30205,3/1/2018,16,1888,a.less than $25
PRESTIGE,SKINCARE,SKINCARE TOTAL SUN,LOREAL INC,IT COSMETICS,30373,4/1/2018,15,2025,a.less than $25
PRESTIGE,SKINCARE,SKINCARE TOTAL SUN,LOREAL INC,IT COSMETICS,22920,5/1/2018,5,4584,b.$25 - $50
PRESTIGE,SKINCARE,SKINCARE TOTAL SUN,LOREAL INC,IT COSMETICS,56875,6/1/2018,62,917,a.less than $25
PRESTIGE,SKINCARE,SKINCARE TOTAL SUN,LOREAL INC,IT COSMETICS,545234,7/1/2018,94,5800,c.$50 - $100
PRESTIGE,SKINCARE,SKINCARE TOTAL SUN,LOREAL INC,IT COSMETICS,56062,8/1/2018,78,719,a.less than $25
PRESTIGE,SKINCARE,SKINCARE TOTAL SUN,LOREAL INC,IT COSMETICS,44654,9/1/2018,52,859,a.less than $25
PRESTIGE,SKINCARE,SKINCARE TOTAL SUN,LOREAL INC,IT COSMETICS,137375,10/1/2018,4,34344,c.$50 - $100
PRESTIGE,SKINCARE,SKINCARE TOTAL SUN,LOREAL INC,IT COSMETICS,80721,11/1/2018,32,2523,b.$25 - $50
PRESTIGE,SKINCARE,SKINCARE TOTAL SUN,LOREAL INC,IT COSMETICS,98549,12/1/2018,57,1729,a.less than $25
PRESTIGE,SKINCARE,SKINCARE TOTAL SUN,LOREAL INC,IT COSMETICS,98160,1/1/2019,0,0,a.less than $25
PRESTIGE,SKINCARE,SKINCARE TOTAL SUN,LOREAL INC,IT COSMETICS,58231,2/1/2019,99,588,a.less than $25
PRESTIGE,SKINCARE,SKINCARE TOTAL SUN,LOREAL INC,IT COSMETICS,116934,3/1/2019,60,1949,a.less than $25
PRESTIGE,SKINCARE,SKINCARE TOTAL SUN,LOREAL INC,IT COSMETICS,126776,4/1/2019,21,6037,c.$50 - $100
PRESTIGE,SKINCARE,SKINCARE TOTAL SUN,LOREAL INC,IT COSMETICS,112545,5/1/2019,30,3752,b.$25 - $50
PRESTIGE,SKINCARE,SKINCARE TOTAL SUN,LOREAL INC,IT COSMETICS,142990,6/1/2019,0,0,a.less than $25
PRESTIGE,SKINCARE,SKINCARE TOTAL SUN,LOREAL INC,IT COSMETICS,103558,7/1/2019,41,2526,b.$25 - $50
PRESTIGE,SKINCARE,SKINCARE TOTAL SUN,LOREAL INC,IT COSMETICS,63379,8/1/2019,71,893,a.less than $25
MASS,FRAG MASS,WOMEN,LOREAL USA,LANCOME,120679.641,8/1/2017,62,1946,a.less than $25
MASS,FRAG MASS,WOMEN,LOREAL USA,LANCOME,142313.957,9/1/2017,83,1715,a.less than $25
MASS,FRAG MASS,WOMEN,LOREAL USA,LANCOME,121015.233,10/1/2017,21,5763,c.$50 - $100
MASS,FRAG MASS,WOMEN,LOREAL USA,LANCOME,117262.183,11/1/2017,85,1380,a.less than $25
MASS,FRAG MASS,WOMEN,LOREAL USA,LANCOME,416659.975,12/1/2017,15,27777,c.$50 - $100
MASS,FRAG MASS,WOMEN,LOREAL USA,LANCOME,89160.184,1/1/2018,35,2547,b.$25 - $50
MASS,FRAG MASS,WOMEN,LOREAL USA,LANCOME,136642.641,2/1/2018,33,4141,b.$25 - $50
MASS,FRAG MASS,WOMEN,LOREAL USA,LANCOME,135394.534,3/1/2018,88,1539,a.less than $25
MASS,FRAG MASS,WOMEN,LOREAL USA,LANCOME,108634.528,4/1/2018,44,2469,a.less than $25
MASS,FRAG MASS,WOMEN,LOREAL USA,LANCOME,192777.183,5/1/2018,45,4284,b.$25 - $50
MASS,FRAG MASS,WOMEN,LOREAL USA,LANCOME,162719.337,6/1/2018,71,2292,a.less than $25
MASS,FRAG MASS,WOMEN,LOREAL USA,LANCOME,141638.978,7/1/2018,55,2575,b.$25 - $50
MASS,FRAG MASS,WOMEN,LOREAL USA,LANCOME,120089.105,8/1/2018,97,1238,a.less than $25
MASS,FRAG MASS,WOMEN,LOREAL USA,LANCOME,141211.094,9/1/2018,4,35303,c.$50 - $100
MASS,FRAG MASS,WOMEN,LOREAL USA,LANCOME,117921.012,10/1/2018,35,3369,b.$25 - $50
MASS,FRAG MASS,WOMEN,LOREAL USA,LANCOME,127331.328,11/1/2018,97,1313,a.less than $25
MASS,FRAG MASS,WOMEN,LOREAL USA,LANCOME,462817.882,12/1/2018,65,7120,c.$50 - $100
MASS,FRAG MASS,WOMEN,LOREAL USA,LANCOME,98195.234,1/1/2019,33,2976,b.$25 - $50
MASS,FRAG MASS,WOMEN,LOREAL USA,LANCOME,168715.807,2/1/2019,87,1939,a.less than $25
MASS,FRAG MASS,WOMEN,LOREAL USA,LANCOME,178495.661,3/1/2019,48,3719,b.$25 - $50
MASS,FRAG MASS,WOMEN,LOREAL USA,LANCOME,125517.12,4/1/2019,62,2024,a.less than $25
MASS,FRAG MASS,WOMEN,LOREAL USA,LANCOME,212806.96,5/1/2019,53,4015,b.$25 - $50
MASS,FRAG MASS,WOMEN,LOREAL USA,LANCOME,139146.22,6/1/2019,51,2728,b.$25 - $50
MASS,FRAG MASS,WOMEN,LOREAL USA,LANCOME,121627.952,7/1/2019,20,6081,c.$50 - $100
MASS,FRAG MASS,WOMEN,LOREAL USA,LANCOME,119188.33,8/1/2019,23,5182,c.$50 - $100
PRESTIGE,FRAGRANCES,WOMEN,LOREAL INC,LANCOME,7124890,8/1/2017,27,263885,d.$100+
PRESTIGE,FRAGRANCES,WOMEN,LOREAL INC,LANCOME,7903503,9/1/2017,8,987938,d.$100+
PRESTIGE,FRAGRANCES,WOMEN,LOREAL INC,LANCOME,6606282,10/1/2017,26,254088,d.$100+
PRESTIGE,FRAGRANCES,WOMEN,LOREAL INC,LANCOME,10865220,11/1/2017,97,112013,d.$100+
PRESTIGE,FRAGRANCES,WOMEN,LOREAL INC,LANCOME,36950129,12/1/2017,4,9237532,d.$100+
PRESTIGE,FRAGRANCES,WOMEN,LOREAL INC,LANCOME,3643159,1/1/2018,66,55199,c.$50 - $100
PRESTIGE,FRAGRANCES,WOMEN,LOREAL INC,LANCOME,7862407,2/1/2018,52,151200,d.$100+
PRESTIGE,FRAGRANCES,WOMEN,LOREAL INC,LANCOME,7477002,3/1/2018,57,131175,d.$100+
PRESTIGE,FRAGRANCES,WOMEN,LOREAL INC,LANCOME,6037675,4/1/2018,96,62892,c.$50 - $100
PRESTIGE,FRAGRANCES,WOMEN,LOREAL INC,LANCOME,12768677,5/1/2018,74,172550,d.$100+
PRESTIGE,FRAGRANCES,WOMEN,LOREAL INC,LANCOME,6398812,6/1/2018,27,236993,d.$100+
PRESTIGE,FRAGRANCES,WOMEN,LOREAL INC,LANCOME,4631086,7/1/2018,45,102913,d.$100+
PRESTIGE,FRAGRANCES,WOMEN,LOREAL INC,LANCOME,6860105,8/1/2018,81,84693,c.$50 - $100
PRESTIGE,FRAGRANCES,WOMEN,LOREAL INC,LANCOME,8022765,9/1/2018,62,129399,d.$100+
PRESTIGE,FRAGRANCES,WOMEN,LOREAL INC,LANCOME,7287372,10/1/2018,74,98478,c.$50 - $100
PRESTIGE,FRAGRANCES,WOMEN,LOREAL INC,LANCOME,11649225,11/1/2018,62,187891,d.$100+
PRESTIGE,FRAGRANCES,WOMEN,LOREAL INC,LANCOME,38600005,12/1/2018,4,9650001,d.$100+
PRESTIGE,FRAGRANCES,WOMEN,LOREAL INC,LANCOME,3577810,1/1/2019,96,37269,c.$50 - $100
PRESTIGE,FRAGRANCES,WOMEN,LOREAL INC,LANCOME,8443596,2/1/2019,40,211090,d.$100+
PRESTIGE,FRAGRANCES,WOMEN,LOREAL INC,LANCOME,7769370,3/1/2019,84,92493,c.$50 - $100
PRESTIGE,FRAGRANCES,WOMEN,LOREAL INC,LANCOME,7531841,4/1/2019,46,163736,d.$100+
PRESTIGE,FRAGRANCES,WOMEN,LOREAL INC,LANCOME,13048153,5/1/2019,62,210454,d.$100+
PRESTIGE,FRAGRANCES,WOMEN,LOREAL INC,LANCOME,6843118,6/1/2019,79,86622,c.$50 - $100
PRESTIGE,FRAGRANCES,WOMEN,LOREAL INC,LANCOME,5424177,7/1/2019,93,58324,c.$50 - $100
PRESTIGE,FRAGRANCES,WOMEN,LOREAL INC,LANCOME,7644116,8/1/2019,20,382206,d.$100+
PRESTIGE,MAKEUP,MAKEUP TOTAL ALL OTHER,LOREAL INC,LANCOME,81131,8/1/2017,93,872,a.less than $25
PRESTIGE,MAKEUP,MAKEUP TOTAL ALL OTHER,LOREAL INC,LANCOME,152677,9/1/2017,60,2545,b.$25 - $50
PRESTIGE,MAKEUP,MAKEUP TOTAL ALL OTHER,LOREAL INC,LANCOME,413816,10/1/2017,20,20691,c.$50 - $100
PRESTIGE,MAKEUP,MAKEUP TOTAL ALL OTHER,LOREAL INC,LANCOME,597383,11/1/2017,80,7467,c.$50 - $100
PRESTIGE,MAKEUP,MAKEUP TOTAL ALL OTHER,LOREAL INC,LANCOME,1094540,12/1/2017,70,15636,c.$50 - $100
PRESTIGE,MAKEUP,MAKEUP TOTAL ALL OTHER,LOREAL INC,LANCOME,103739,1/1/2018,82,1265,a.less than $25
PRESTIGE,MAKEUP,MAKEUP TOTAL ALL OTHER,LOREAL INC,LANCOME,156466,2/1/2018,62,2524,b.$25 - $50
PRESTIGE,MAKEUP,MAKEUP TOTAL ALL OTHER,LOREAL INC,LANCOME,78357,3/1/2018,7,11194,c.$50 - $100
PRESTIGE,MAKEUP,MAKEUP TOTAL ALL OTHER,LOREAL INC,LANCOME,47720,4/1/2018,83,575,a.less than $25
PRESTIGE,MAKEUP,MAKEUP TOTAL ALL OTHER,LOREAL INC,LANCOME,57393,5/1/2018,29,1979,a.less than $25
PRESTIGE,MAKEUP,MAKEUP TOTAL ALL OTHER,LOREAL INC,LANCOME,41821,6/1/2018,31,1349,a.less than $25
PRESTIGE,MAKEUP,MAKEUP TOTAL ALL OTHER,LOREAL INC,LANCOME,30586,7/1/2018,5,6117,c.$50 - $100
PRESTIGE,MAKEUP,MAKEUP TOTAL ALL OTHER,LOREAL INC,LANCOME,39688,8/1/2018,58,684,a.less than $25
PRESTIGE,MAKEUP,MAKEUP TOTAL ALL OTHER,LOREAL INC,LANCOME,52296,9/1/2018,13,4023,b.$25 - $50
PRESTIGE,MAKEUP,MAKEUP TOTAL ALL OTHER,LOREAL INC,LANCOME,59356,10/1/2018,4,14839,c.$50 - $100
PRESTIGE,MAKEUP,MAKEUP TOTAL ALL OTHER,LOREAL INC,LANCOME,178892,11/1/2018,27,6626,c.$50 - $100
PRESTIGE,MAKEUP,MAKEUP TOTAL ALL OTHER,LOREAL INC,LANCOME,346350,12/1/2018,69,5020,c.$50 - $100
PRESTIGE,MAKEUP,MAKEUP TOTAL ALL OTHER,LOREAL INC,LANCOME,69724,1/1/2019,42,1660,a.less than $25
PRESTIGE,MAKEUP,MAKEUP TOTAL ALL OTHER,LOREAL INC,LANCOME,45121,2/1/2019,62,728,a.less than $25
PRESTIGE,MAKEUP,MAKEUP TOTAL ALL OTHER,LOREAL INC,LANCOME,52285,3/1/2019,13,4022,b.$25 - $50
PRESTIGE,MAKEUP,MAKEUP TOTAL ALL OTHER,LOREAL INC,LANCOME,30042,4/1/2019,37,812,a.less than $25
PRESTIGE,MAKEUP,MAKEUP TOTAL ALL OTHER,LOREAL INC,LANCOME,63642,5/1/2019,44,1446,a.less than $25
PRESTIGE,MAKEUP,MAKEUP TOTAL ALL OTHER,LOREAL INC,LANCOME,39429,6/1/2019,18,2191,a.less than $25
PRESTIGE,MAKEUP,MAKEUP TOTAL ALL OTHER,LOREAL INC,LANCOME,31761,7/1/2019,45,706,a.less than $25
PRESTIGE,MAKEUP,MAKEUP TOTAL ALL OTHER,LOREAL INC,LANCOME,35847,8/1/2019,48,747,a.less than $25
