data_for_container/data/Revlon Dataset Updated Aug 2019.csv
Channel,Category,Sub Category,Manufacturer,Brand,Revenue,Date,Units,Price,Price Tier
PRESTIGE,MAKEUP,MAKEUP TOTAL EYE,LOREAL INC,LANCOME,15477936,8/1/2017,88,175886,d.$100+
PRESTIGE,MAKEUP,MAKEUP TOTAL EYE,LOREAL INC,LANCOME,17468297,9/1/2017,86,203120,d.$100+
PRESTIGE,MAKEUP,MAKEUP TOTAL EYE,LOREAL INC,LANCOME,11910249,10/1/2017,95,125371,d.$100+
PRESTIGE,MAKEUP,MAKEUP TOTAL EYE,LOREAL INC,LANCOME,11893234,11/1/2017,34,349801,d.$100+
PRESTIGE,MAKEUP,MAKEUP TOTAL EYE,LOREAL INC,LANCOME,18475151,12/1/2017,43,429655,d.$100+
PRESTIGE,MAKEUP,MAKEUP TOTAL EYE,LOREAL INC,LANCOME,8610071,1/1/2018,20,430504,d.$100+
PRESTIGE,MAKEUP,MAKEUP TOTAL EYE,LOREAL INC,LANCOME,14643769,2/1/2018,98,149426,d.$100+
PRESTIGE,MAKEUP,MAKEUP TOTAL EYE,LOREAL INC,LANCOME,17906218,3/1/2018,49,365433,d.$100+
PRESTIGE,MAKEUP,MAKEUP TOTAL EYE,LOREAL INC,LANCOME,12409017,4/1/2018,100,124090,d.$100+
PRESTIGE,MAKEUP,MAKEUP TOTAL EYE,LOREAL INC,LANCOME,15261430,5/1/2018,32,476920,d.$100+
PRESTIGE,MAKEUP,MAKEUP TOTAL EYE,LOREAL INC,LANCOME,14326867,6/1/2018,21,682232,d.$100+
PRESTIGE,MAKEUP,MAKEUP TOTAL EYE,LOREAL INC,LANCOME,12885110,7/1/2018,7,1840730,d.$100+
PRESTIGE,MAKEUP,MAKEUP TOTAL EYE,LOREAL INC,LANCOME,17564193,8/1/2018,71,247383,d.$100+
PRESTIGE,MAKEUP,MAKEUP TOTAL EYE,LOREAL INC,LANCOME,18782151,9/1/2018,30,626072,d.$100+
PRESTIGE,MAKEUP,MAKEUP TOTAL EYE,LOREAL INC,LANCOME,13162580,10/1/2018,28,470092,d.$100+
PRESTIGE,MAKEUP,MAKEUP TOTAL EYE,LOREAL INC,LANCOME,13013378,11/1/2018,64,203334,d.$100+
PRESTIGE,MAKEUP,MAKEUP TOTAL EYE,LOREAL INC,LANCOME,19757508,12/1/2018,57,346623,d.$100+
PRESTIGE,MAKEUP,MAKEUP TOTAL EYE,LOREAL INC,LANCOME,9595943,1/1/2019,25,383838,d.$100+
PRESTIGE,MAKEUP,MAKEUP TOTAL EYE,LOREAL INC,LANCOME,14190420,2/1/2019,2,7095210,d.$100+
PRESTIGE,MAKEUP,MAKEUP TOTAL EYE,LOREAL INC,LANCOME,18062054,3/1/2019,90,200689,d.$100+
PRESTIGE,MAKEUP,MAKEUP TOTAL EYE,LOREAL INC,LANCOME,13427538,4/1/2019,77,174384,d.$100+
PRESTIGE,MAKEUP,MAKEUP TOTAL EYE,LOREAL INC,LANCOME,15448463,5/1/2019,72,214562,d.$100+
PRESTIGE,MAKEUP,MAKEUP TOTAL EYE,LOREAL INC,LANCOME,14161889,6/1/2019,48,295039,d.$100+
PRESTIGE,MAKEUP,MAKEUP TOTAL EYE,LOREAL INC,LANCOME,11979224,7/1/2019,60,199654,d.$100+
PRESTIGE,MAKEUP,MAKEUP TOTAL EYE,LOREAL INC,LANCOME,15115390,8/1/2019,43,351521,d.$100+
PRESTIGE,MAKEUP,MAKEUP TOTAL FACE,LOREAL INC,LANCOME,21609758,8/1/2017,68,317791,d.$100+
PRESTIGE,MAKEUP,MAKEUP TOTAL FACE,LOREAL INC,LANCOME,22246782,9/1/2017,48,463475,d.$100+
PRESTIGE,MAKEUP,MAKEUP TOTAL FACE,LOREAL INC,LANCOME,15674541,10/1/2017,60,261242,d.$100+
PRESTIGE,MAKEUP,MAKEUP TOTAL FACE,LOREAL INC,LANCOME,16402259,11/1/2017,39,420571,d.$100+
PRESTIGE,MAKEUP,MAKEUP TOTAL FACE,LOREAL INC,LANCOME,23310276,12/1/2017,19,1226857,d.$100+
PRESTIGE,MAKEUP,MAKEUP TOTAL FACE,LOREAL INC,LANCOME,11706926,1/1/2018,3,3902309,d.$100+
PRESTIGE,MAKEUP,MAKEUP TOTAL FACE,LOREAL INC,LANCOME,22816203,2/1/2018,21,1086486,d.$100+
PRESTIGE,MAKEUP,MAKEUP TOTAL FACE,LOREAL INC,LANCOME,24972267,3/1/2018,86,290375,d.$100+
PRESTIGE,MAKEUP,MAKEUP TOTAL FACE,LOREAL INC,LANCOME,17363976,4/1/2018,73,237863,d.$100+
PRESTIGE,MAKEUP,MAKEUP TOTAL FACE,LOREAL INC,LANCOME,22644410,5/1/2018,75,301925,d.$100+
PRESTIGE,MAKEUP,MAKEUP TOTAL FACE,LOREAL INC,LANCOME,19148702,6/1/2018,4,4787176,d.$100+
PRESTIGE,MAKEUP,MAKEUP TOTAL FACE,LOREAL INC,LANCOME,15103756,7/1/2018,13,1161827,d.$100+
PRESTIGE,MAKEUP,MAKEUP TOTAL FACE,LOREAL INC,LANCOME,20304058,8/1/2018,40,507601,d.$100+
PRESTIGE,MAKEUP,MAKEUP TOTAL FACE,LOREAL INC,LANCOME,22830059,9/1/2018,58,393622,d.$100+
PRESTIGE,MAKEUP,MAKEUP TOTAL FACE,LOREAL INC,LANCOME,16393030,10/1/2018,96,170761,d.$100+
PRESTIGE,MAKEUP,MAKEUP TOTAL FACE,LOREAL INC,LANCOME,16910422,11/1/2018,85,198946,d.$100+
PRESTIGE,MAKEUP,MAKEUP TOTAL FACE,LOREAL INC,LANCOME,25285783,12/1/2018,67,377400,d.$100+
PRESTIGE,MAKEUP,MAKEUP TOTAL FACE,LOREAL INC,LANCOME,11986044,1/1/2019,74,161974,d.$100+
PRESTIGE,MAKEUP,MAKEUP TOTAL FACE,LOREAL INC,LANCOME,21713753,2/1/2019,9,2412639,d.$100+
PRESTIGE,MAKEUP,MAKEUP TOTAL FACE,LOREAL INC,LANCOME,24703545,3/1/2019,51,484383,d.$100+
PRESTIGE,MAKEUP,MAKEUP TOTAL FACE,LOREAL INC,LANCOME,17863784,4/1/2019,80,223297,d.$100+
PRESTIGE,MAKEUP,MAKEUP TOTAL FACE,LOREAL INC,LANCOME,21788291,5/1/2019,39,558674,d.$100+
PRESTIGE,MAKEUP,MAKEUP TOTAL FACE,LOREAL INC,LANCOME,17804959,6/1/2019,54,329721,d.$100+
PRESTIGE,MAKEUP,MAKEUP TOTAL FACE,LOREAL INC,LANCOME,15322490,7/1/2019,48,319219,d.$100+
PRESTIGE,MAKEUP,MAKEUP TOTAL FACE,LOREAL INC,LANCOME,21979441,8/1/2019,17,1292908,d.$100+
PRESTIGE,MAKEUP,MAKEUP TOTAL LIP,LOREAL INC,LANCOME,4559714,8/1/2017,75,60796,c.$50 - $100
PRESTIGE,MAKEUP,MAKEUP TOTAL LIP,LOREAL INC,LANCOME,5100386,9/1/2017,67,76125,c.$50 - $100
PRESTIGE,MAKEUP,MAKEUP TOTAL LIP,LOREAL INC,LANCOME,3670422,10/1/2017,46,79792,c.$50 - $100
PRESTIGE,MAKEUP,MAKEUP TOTAL LIP,LOREAL INC,LANCOME,3515364,11/1/2017,23,152842,d.$100+
PRESTIGE,MAKEUP,MAKEUP TOTAL LIP,LOREAL INC,LANCOME,5454961,12/1/2017,86,63430,c.$50 - $100
PRESTIGE,MAKEUP,MAKEUP TOTAL LIP,LOREAL INC,LANCOME,2457315,1/1/2018,30,81911,c.$50 - $100
PRESTIGE,MAKEUP,MAKEUP TOTAL LIP,LOREAL INC,LANCOME,4278345,2/1/2018,12,356529,d.$100+
PRESTIGE,MAKEUP,MAKEUP TOTAL LIP,LOREAL INC,LANCOME,4878498,3/1/2018,70,69693,c.$50 - $100
PRESTIGE,MAKEUP,MAKEUP TOTAL LIP,LOREAL INC,LANCOME,3607106,4/1/2018,85,42437,c.$50 - $100
PRESTIGE,MAKEUP,MAKEUP TOTAL LIP,LOREAL INC,LANCOME,5190910,5/1/2018,96,54072,c.$50 - $100
PRESTIGE,MAKEUP,MAKEUP TOTAL LIP,LOREAL INC,LANCOME,4320317,6/1/2018,71,60850,c.$50 - $100
PRESTIGE,MAKEUP,MAKEUP TOTAL LIP,LOREAL INC,LANCOME,3214159,7/1/2018,71,45270,c.$50 - $100
PRESTIGE,MAKEUP,MAKEUP TOTAL LIP,LOREAL INC,LANCOME,4084137,8/1/2018,70,58345,c.$50 - $100
PRESTIGE,MAKEUP,MAKEUP TOTAL LIP,LOREAL INC,LANCOME,4661545,9/1/2018,90,51795,c.$50 - $100
PRESTIGE,MAKEUP,MAKEUP TOTAL LIP,LOREAL INC,LANCOME,3579053,10/1/2018,1,3579053,d.$100+
PRESTIGE,MAKEUP,MAKEUP TOTAL LIP,LOREAL INC,LANCOME,3723888,11/1/2018,63,59109,c.$50 - $100
PRESTIGE,MAKEUP,MAKEUP TOTAL LIP,LOREAL INC,LANCOME,5803178,12/1/2018,56,103628,d.$100+
PRESTIGE,MAKEUP,MAKEUP TOTAL LIP,LOREAL INC,LANCOME,2557114,1/1/2019,31,82488,c.$50 - $100
PRESTIGE,MAKEUP,MAKEUP TOTAL LIP,LOREAL INC,LANCOME,4315941,2/1/2019,20,215797,d.$100+
PRESTIGE,MAKEUP,MAKEUP TOTAL LIP,LOREAL INC,LANCOME,5097602,3/1/2019,60,84960,c.$50 - $100
PRESTIGE,MAKEUP,MAKEUP TOTAL LIP,LOREAL INC,LANCOME,3943290,4/1/2019,74,53288,c.$50 - $100
PRESTIGE,MAKEUP,MAKEUP TOTAL LIP,LOREAL INC,LANCOME,4855390,5/1/2019,69,70368,c.$50 - $100
PRESTIGE,MAKEUP,MAKEUP TOTAL LIP,LOREAL INC,LANCOME,4298306,6/1/2019,88,48844,c.$50 - $100
PRESTIGE,MAKEUP,MAKEUP TOTAL LIP,LOREAL INC,LANCOME,3793956,7/1/2019,76,49920,c.$50 - $100
PRESTIGE,MAKEUP,MAKEUP TOTAL LIP,LOREAL INC,LANCOME,4585898,8/1/2019,45,101909,d.$100+
PRESTIGE,MAKEUP,MAKEUP TOTAL NAIL,LOREAL INC,LANCOME,54759,8/1/2017,31,1766,a.less than $25
PRESTIGE,MAKEUP,MAKEUP TOTAL NAIL,LOREAL INC,LANCOME,36415,9/1/2017,64,569,a.less than $25
PRESTIGE,MAKEUP,MAKEUP TOTAL NAIL,LOREAL INC,LANCOME,44896,10/1/2017,28,1603,a.less than $25
PRESTIGE,MAKEUP,MAKEUP TOTAL NAIL,LOREAL INC,LANCOME,43508,11/1/2017,90,483,a.less than $25
PRESTIGE,MAKEUP,MAKEUP TOTAL NAIL,LOREAL INC,LANCOME,43929,12/1/2017,15,2929,b.$25 - $50
PRESTIGE,MAKEUP,MAKEUP TOTAL NAIL,LOREAL INC,LANCOME,3352,1/1/2018,43,78,a.less than $25
PRESTIGE,MAKEUP,MAKEUP TOTAL NAIL,LOREAL INC,LANCOME,9589,2/1/2018,94,102,a.less than $25
PRESTIGE,MAKEUP,MAKEUP TOTAL NAIL,LOREAL INC,LANCOME,9098,3/1/2018,76,120,a.less than $25
PRESTIGE,MAKEUP,MAKEUP TOTAL NAIL,LOREAL INC,LANCOME,23077,4/1/2018,91,254,a.less than $25
PRESTIGE,MAKEUP,MAKEUP TOTAL NAIL,LOREAL INC,LANCOME,30832,5/1/2018,85,363,a.less than $25
PRESTIGE,MAKEUP,MAKEUP TOTAL NAIL,LOREAL INC,LANCOME,12062,6/1/2018,76,159,a.less than $25
PRESTIGE,MAKEUP,MAKEUP TOTAL NAIL,LOREAL INC,LANCOME,3919,7/1/2018,71,55,a.less than $25
PRESTIGE,MAKEUP,MAKEUP TOTAL NAIL,LOREAL INC,LANCOME,5901,8/1/2018,80,74,a.less than $25
PRESTIGE,MAKEUP,MAKEUP TOTAL NAIL,LOREAL INC,LANCOME,4945,9/1/2018,98,50,a.less than $25
PRESTIGE,MAKEUP,MAKEUP TOTAL NAIL,LOREAL INC,LANCOME,4610,10/1/2018,26,177,a.less than $25
PRESTIGE,MAKEUP,MAKEUP TOTAL NAIL,LOREAL INC,LANCOME,1074,11/1/2018,86,12,a.less than $25
PRESTIGE,MAKEUP,MAKEUP TOTAL NAIL,LOREAL INC,LANCOME,1526,12/1/2018,62,25,a.less than $25
PRESTIGE,MAKEUP,MAKEUP TOTAL NAIL,LOREAL INC,LANCOME,827,1/1/2019,73,11,a.less than $25
PRESTIGE,MAKEUP,MAKEUP TOTAL NAIL,LOREAL INC,LANCOME,9478,2/1/2019,74,128,a.less than $25
PRESTIGE,MAKEUP,MAKEUP TOTAL NAIL,LOREAL INC,LANCOME,5711,3/1/2019,63,91,a.less than $25
PRESTIGE,MAKEUP,MAKEUP TOTAL NAIL,LOREAL INC,LANCOME,2961,4/1/2019,10,296,a.less than $25
PRESTIGE,MAKEUP,MAKEUP TOTAL NAIL,LOREAL INC,LANCOME,3326,5/1/2019,76,44,a.less than $25
PRESTIGE,MAKEUP,MAKEUP TOTAL NAIL,LOREAL INC,LANCOME,1653,6/1/2019,49,34,a.less than $25
PRESTIGE,MAKEUP,MAKEUP TOTAL NAIL,LOREAL INC,LANCOME,1235,7/1/2019,33,37,a.less than $25
PRESTIGE,MAKEUP,MAKEUP TOTAL NAIL,LOREAL INC,LANCOME,2098,8/1/2019,46,46,a.less than $25
PRESTIGE,MAKEUP,MAKEUP TOTAL SETS,LOREAL INC,LANCOME,404534,8/1/2017,78,5186,c.$50 - $100
PRESTIGE,MAKEUP,MAKEUP TOTAL SETS,LOREAL INC,LANCOME,516285,9/1/2017,81,6374,c.$50 - $100
PRESTIGE,MAKEUP,MAKEUP TOTAL SETS,LOREAL INC,LANCOME,1104574,10/1/2017,96,11506,c.$50 - $100
PRESTIGE,MAKEUP,MAKEUP TOTAL SETS,LOREAL INC,LANCOME,4733866,11/1/2017,91,52021,c.$50 - $100
PRESTIGE,MAKEUP,MAKEUP TOTAL SETS,LOREAL INC,LANCOME,4828178,12/1/2017,51,94670,c.$50 - $100
PRESTIGE,MAKEUP,MAKEUP TOTAL SETS,LOREAL INC,LANCOME,385481,1/1/2018,52,7413,c.$50 - $100
PRESTIGE,MAKEUP,MAKEUP TOTAL SETS,LOREAL INC,LANCOME,520609,2/1/2018,41,12698,c.$50 - $100
PRESTIGE,MAKEUP,MAKEUP TOTAL SETS,LOREAL INC,LANCOME,232238,3/1/2018,56,4147,b.$25 - $50
PRESTIGE,MAKEUP,MAKEUP TOTAL SETS,LOREAL INC,LANCOME,335788,4/1/2018,88,3816,b.$25 - $50
PRESTIGE,MAKEUP,MAKEUP TOTAL SETS,LOREAL INC,LANCOME,290332,5/1/2018,77,3771,b.$25 - $50
PRESTIGE,MAKEUP,MAKEUP TOTAL SETS,LOREAL INC,LANCOME,544996,6/1/2018,41,13293,c.$50 - $100
PRESTIGE,MAKEUP,MAKEUP TOTAL SETS,LOREAL INC,LANCOME,934315,7/1/2018,49,19068,c.$50 - $100
PRESTIGE,MAKEUP,MAKEUP TOTAL SETS,LOREAL INC,LANCOME,661129,8/1/2018,84,7871,c.$50 - $100
PRESTIGE,MAKEUP,MAKEUP TOTAL SETS,LOREAL INC,LANCOME,251495,9/1/2018,26,9673,c.$50 - $100
PRESTIGE,MAKEUP,MAKEUP TOTAL SETS,LOREAL INC,LANCOME,1225048,10/1/2018,4,306262,d.$100+
PRESTIGE,MAKEUP,MAKEUP TOTAL SETS,LOREAL INC,LANCOME,4582250,11/1/2018,63,72734,c.$50 - $100
PRESTIGE,MAKEUP,MAKEUP TOTAL SETS,LOREAL INC,LANCOME,6742692,12/1/2018,75,89903,c.$50 - $100
PRESTIGE,MAKEUP,MAKEUP TOTAL SETS,LOREAL INC,LANCOME,523741,1/1/2019,72,7274,c.$50 - $100
PRESTIGE,MAKEUP,MAKEUP TOTAL SETS,LOREAL INC,LANCOME,1284112,2/1/2019,97,13238,c.$50 - $100
PRESTIGE,MAKEUP,MAKEUP TOTAL SETS,LOREAL INC,LANCOME,982938,3/1/2019,90,10922,c.$50 - $100
PRESTIGE,MAKEUP,MAKEUP TOTAL SETS,LOREAL INC,LANCOME,1287739,4/1/2019,36,35771,c.$50 - $100
PRESTIGE,MAKEUP,MAKEUP TOTAL SETS,LOREAL INC,LANCOME,819906,5/1/2019,48,17081,c.$50 - $100
PRESTIGE,MAKEUP,MAKEUP TOTAL SETS,LOREAL INC,LANCOME,778951,6/1/2019,82,9499,c.$50 - $100
PRESTIGE,MAKEUP,MAKEUP TOTAL SETS,LOREAL INC,LANCOME,1702582,7/1/2019,23,74025,c.$50 - $100
PRESTIGE,MAKEUP,MAKEUP TOTAL SETS,LOREAL INC,LANCOME,1388325,8/1/2019,10,138833,d.$100+
PRESTIGE,SKINCARE,SKINCARE TOTAL BODY,LOREAL INC,LANCOME,347411,8/1/2017,69,5035,c.$50 - $100
PRESTIGE,SKINCARE,SKINCARE TOTAL BODY,LOREAL INC,LANCOME,389543,9/1/2017,4,97386,c.$50 - $100
PRESTIGE,SKINCARE,SKINCARE TOTAL BODY,LOREAL INC,LANCOME,210843,10/1/2017,3,70281,c.$50 - $100
PRESTIGE,SKINCARE,SKINCARE TOTAL BODY,LOREAL INC,LANCOME,215202,11/1/2017,82,2624,b.$25 - $50
PRESTIGE,SKINCARE,SKINCARE TOTAL BODY,LOREAL INC,LANCOME,495162,12/1/2017,20,24758,c.$50 - $100
PRESTIGE,SKINCARE,SKINCARE TOTAL BODY,LOREAL INC,LANCOME,126329,1/1/2018,44,2871,b.$25 - $50
PRESTIGE,SKINCARE,SKINCARE TOTAL BODY,LOREAL INC,LANCOME,309986,2/1/2018,41,7561,c.$50 - $100
PRESTIGE,SKINCARE,SKINCARE TOTAL BODY,LOREAL INC,LANCOME,393115,3/1/2018,79,4976,b.$25 - $50
PRESTIGE,SKINCARE,SKINCARE TOTAL BODY,LOREAL INC,LANCOME,228424,4/1/2018,20,11421,c.$50 - $100
PRESTIGE,SKINCARE,SKINCARE TOTAL BODY,LOREAL INC,LANCOME,359870,5/1/2018,87,4136,b.$25 - $50
PRESTIGE,SKINCARE,SKINCARE TOTAL BODY,LOREAL INC,LANCOME,267301,6/1/2018,26,10281,c.$50 - $100
PRESTIGE,SKINCARE,SKINCARE TOTAL BODY,LOREAL INC,LANCOME,214751,7/1/2018,18,11931,c.$50 - $100
PRESTIGE,SKINCARE,SKINCARE TOTAL BODY,LOREAL INC,LANCOME,284578,8/1/2018,76,3744,b.$25 - $50
PRESTIGE,SKINCARE,SKINCARE TOTAL BODY,LOREAL INC,LANCOME,340414,9/1/2018,69,4934,b.$25 - $50
PRESTIGE,SKINCARE,SKINCARE TOTAL BODY,LOREAL INC,LANCOME,194125,10/1/2018,26,7466,c.$50 - $100
PRESTIGE,SKINCARE,SKINCARE TOTAL BODY,LOREAL INC,LANCOME,209529,11/1/2018,71,2951,b.$25 - $50
PRESTIGE,SKINCARE,SKINCARE TOTAL BODY,LOREAL INC,LANCOME,496185,12/1/2018,47,10557,c.$50 - $100
PRESTIGE,SKINCARE,SKINCARE TOTAL BODY,LOREAL INC,LANCOME,131947,1/1/2019,60,2199,a.less than $25
PRESTIGE,SKINCARE,SKINCARE TOTAL BODY,LOREAL INC,LANCOME,291695,2/1/2019,22,13259,c.$50 - $100
PRESTIGE,SKINCARE,SKINCARE TOTAL BODY,LOREAL INC,LANCOME,334578,3/1/2019,38,8805,c.$50 - $100
PRESTIGE,SKINCARE,SKINCARE TOTAL BODY,LOREAL INC,LANCOME,219498,4/1/2019,78,2814,b.$25 - $50
PRESTIGE,SKINCARE,SKINCARE TOTAL BODY,LOREAL INC,LANCOME,294518,5/1/2019,94,3133,b.$25 - $50
PRESTIGE,SKINCARE,SKINCARE TOTAL BODY,LOREAL INC,LANCOME,194069,6/1/2019,7,27724,c.$50 - $100
PRESTIGE,SKINCARE,SKINCARE TOTAL BODY,LOREAL INC,LANCOME,195493,7/1/2019,9,21721,c.$50 - $100
PRESTIGE,SKINCARE,SKINCARE TOTAL BODY,LOREAL INC,LANCOME,303031,8/1/2019,33,9183,c.$50 - $100
PRESTIGE,SKINCARE,SKINCARE TOTAL FACE,LOREAL INC,LANCOME,30673351,8/1/2017,35,876381,d.$100+
PRESTIGE,SKINCARE,SKINCARE TOTAL FACE,LOREAL INC,LANCOME,28466557,9/1/2017,23,1237676,d.$100+
PRESTIGE,SKINCARE,SKINCARE TOTAL FACE,LOREAL INC,LANCOME,16142414,10/1/2017,34,474777,d.$100+
PRESTIGE,SKINCARE,SKINCARE TOTAL FACE,LOREAL INC,LANCOME,17757854,11/1/2017,52,341497,d.$100+
PRESTIGE,SKINCARE,SKINCARE TOTAL FACE,LOREAL INC,LANCOME,27518090,12/1/2017,3,9172697,d.$100+
PRESTIGE,SKINCARE,SKINCARE TOTAL FACE,LOREAL INC,LANCOME,11995752,1/1/2018,96,124956,d.$100+
PRESTIGE,SKINCARE,SKINCARE TOTAL FACE,LOREAL INC,LANCOME,28905534,2/1/2018,34,850163,d.$100+
PRESTIGE,SKINCARE,SKINCARE TOTAL FACE,LOREAL INC,LANCOME,29973451,3/1/2018,99,302762,d.$100+
PRESTIGE,SKINCARE,SKINCARE TOTAL FACE,LOREAL INC,LANCOME,19006577,4/1/2018,31,613115,d.$100+
PRESTIGE,SKINCARE,SKINCARE TOTAL FACE,LOREAL INC,LANCOME,29433119,5/1/2018,4,7358280,d.$100+
PRESTIGE,SKINCARE,SKINCARE TOTAL FACE,LOREAL INC,LANCOME,21734355,6/1/2018,91,238839,d.$100+
PRESTIGE,SKINCARE,SKINCARE TOTAL FACE,LOREAL INC,LANCOME,17001057,7/1/2018,4,4250264,d.$100+
PRESTIGE,SKINCARE,SKINCARE TOTAL FACE,LOREAL INC,LANCOME,27276765,8/1/2018,22,1239853,d.$100+
PRESTIGE,SKINCARE,SKINCARE TOTAL FACE,LOREAL INC,LANCOME,29112257,9/1/2018,13,2239404,d.$100+
PRESTIGE,SKINCARE,SKINCARE TOTAL FACE,LOREAL INC,LANCOME,16053106,10/1/2018,41,391539,d.$100+
PRESTIGE,SKINCARE,SKINCARE TOTAL FACE,LOREAL INC,LANCOME,18396024,11/1/2018,79,232861,d.$100+
PRESTIGE,SKINCARE,SKINCARE TOTAL FACE,LOREAL INC,LANCOME,29244471,12/1/2018,84,348148,d.$100+
PRESTIGE,SKINCARE,SKINCARE TOTAL FACE,LOREAL INC,LANCOME,12202508,1/1/2019,69,176848,d.$100+
PRESTIGE,SKINCARE,SKINCARE TOTAL FACE,LOREAL INC,LANCOME,28075416,2/1/2019,91,308521,d.$100+
PRESTIGE,SKINCARE,SKINCARE TOTAL FACE,LOREAL INC,LANCOME,30328866,3/1/2019,73,415464,d.$100+
PRESTIGE,SKINCARE,SKINCARE TOTAL FACE,LOREAL INC,LANCOME,21558277,4/1/2019,46,468658,d.$100+
PRESTIGE,SKINCARE,SKINCARE TOTAL FACE,LOREAL INC,LANCOME,30131829,5/1/2019,55,547851,d.$100+
PRESTIGE,SKINCARE,SKINCARE TOTAL FACE,LOREAL INC,LANCOME,21114125,6/1/2019,12,1759510,d.$100+
PRESTIGE,SKINCARE,SKINCARE TOTAL FACE,LOREAL INC,LANCOME,17859961,7/1/2019,92,194130,d.$100+
PRESTIGE,SKINCARE,SKINCARE TOTAL FACE,LOREAL INC,LANCOME,31806791,8/1/2019,47,676740,d.$100+
