data_for_container/data/Revlon Dataset Updated Aug 2019.csv
Channel,Category,Sub Category,Manufacturer,Brand,Revenue,Date,Units,Price,Price Tier
PRESTIGE,SKINCARE,SKINCARE TOTAL SETS & KITS,LOREAL INC,LANCOME,1948923,8/1/2017,72,27068,c.$50 - $100
PRESTIGE,SKINCARE,SKINCARE TOTAL SETS & KITS,LOREAL INC,LANCOME,5035562,9/1/2017,27,186502,d.$100+
PRESTIGE,SKINCARE,SKINCARE TOTAL SETS & KITS,LOREAL INC,LANCOME,5586346,10/1/2017,18,310353,d.$100+
PRESTIGE,SKINCARE,SKINCARE TOTAL SETS & KITS,LOREAL INC,LANCOME,8104560,11/1/2017,71,114149,d.$100+
PRESTIGE,SKINCARE,SKINCARE TOTAL SETS & KITS,LOREAL INC,LANCOME,12371109,12/1/2017,26,475812,d.$100+
PRESTIGE,SKINCARE,SKINCARE TOTAL SETS & KITS,LOREAL INC,LANCOME,4334690,1/1/2018,42,103207,d.$100+
PRESTIGE,SKINCARE,SKINCARE TOTAL SETS & KITS,LOREAL INC,LANCOME,2899049,2/1/2018,58,49984,c.$50 - $100
PRESTIGE,SKINCARE,SKINCARE TOTAL SETS & KITS,LOREAL INC,LANCOME,4411765,3/1/2018,94,46934,c.$50 - $100
PRESTIGE,SKINCARE,SKINCARE TOTAL SETS & KITS,LOREAL INC,LANCOME,2583943,4/1/2018,22,117452,d.$100+
PRESTIGE,SKINCARE,SKINCARE TOTAL SETS & KITS,LOREAL INC,LANCOME,2856940,5/1/2018,87,32838,c.$50 - $100
PRESTIGE,SKINCARE,SKINCARE TOTAL SETS & KITS,LOREAL INC,LANCOME,3725556,6/1/2018,4,931389,d.$100+
PRESTIGE,SKINCARE,SKINCARE TOTAL SETS & KITS,LOREAL INC,LANCOME,3049494,7/1/2018,8,381187,d.$100+
PRESTIGE,SKINCARE,SKINCARE TOTAL SETS & KITS,LOREAL INC,LANCOME,2160155,8/1/2018,9,240017,d.$100+
PRESTIGE,SKINCARE,SKINCARE TOTAL SETS & KITS,LOREAL INC,LANCOME,3983446,9/1/2018,33,120710,d.$100+
PRESTIGE,SKINCARE,SKINCARE TOTAL SETS & KITS,LOREAL INC,LANCOME,6896747,10/1/2018,90,76631,c.$50 - $100
PRESTIGE,SKINCARE,SKINCARE TOTAL SETS & KITS,LOREAL INC,LANCOME,10087046,11/1/2018,93,108463,d.$100+
PRESTIGE,SKINCARE,SKINCARE TOTAL SETS & KITS,LOREAL INC,LANCOME,15522349,12/1/2018,71,218625,d.$100+
PRESTIGE,SKINCARE,SKINCARE TOTAL SETS & KITS,LOREAL INC,LANCOME,4864334,1/1/2019,1,4864334,d.$100+
PRESTIGE,SKINCARE,SKINCARE TOTAL SETS & KITS,LOREAL INC,LANCOME,5118387,2/1/2019,64,79975,c.$50 - $100
PRESTIGE,SKINCARE,SKINCARE TOTAL SETS & KITS,LOREAL INC,LANCOME,7231123,3/1/2019,15,482075,d.$100+
PRESTIGE,SKINCARE,SKINCARE TOTAL SETS & KITS,LOREAL INC,LANCOME,3910118,4/1/2019,47,83194,c.$50 - $100
PRESTIGE,SKINCARE,SKINCARE TOTAL SETS & KITS,LOREAL INC,LANCOME,3648248,5/1/2019,58,62901,c.$50 - $100
PRESTIGE,SKINCARE,SKINCARE TOTAL SETS & KITS,LOREAL INC,LANCOME,3657089,6/1/2019,90,40634,c.$50 - $100
PRESTIGE,SKINCARE,SKINCARE TOTAL SETS & KITS,LOREAL INC,LANCOME,5187972,7/1/2019,73,71068,c.$50 - $100
PRESTIGE,SKINCARE,SKINCARE TOTAL SETS & KITS,LOREAL INC,LANCOME,2159978,8/1/2019,41,52682,c.$50 - $100
PRESTIGE,SKINCARE,SKINCARE TOTAL SUN,LOREAL INC,LANCOME,537446,8/1/2017,58,9266,c.$50 - $100
PRESTIGE,SKINCARE,SKINCARE TOTAL SUN,LOREAL INC,LANCOME,294120,9/1/2017,47,6258,c.$50 - $100
PRESTIGE,SKINCARE,SKINCARE TOTAL SUN,LOREAL INC,LANCOME,171345,10/1/2017,90,1904,a.less than $25
PRESTIGE,SKINCARE,SKINCARE TOTAL SUN,LOREAL INC,LANCOME,162572,11/1/2017,38,4278,b.$25 - $50
PRESTIGE,SKINCARE,SKINCARE TOTAL SUN,LOREAL INC,LANCOME,238430,12/1/2017,40,5961,c.$50 - $100
PRESTIGE,SKINCARE,SKINCARE TOTAL SUN,LOREAL INC,LANCOME,112691,1/1/2018,79,1426,a.less than $25
PRESTIGE,SKINCARE,SKINCARE TOTAL SUN,LOREAL INC,LANCOME,368317,2/1/2018,89,4138,b.$25 - $50
PRESTIGE,SKINCARE,SKINCARE TOTAL SUN,LOREAL INC,LANCOME,424213,3/1/2018,27,15712,c.$50 - $100
PRESTIGE,SKINCARE,SKINCARE TOTAL SUN,LOREAL INC,LANCOME,378586,4/1/2018,8,47323,c.$50 - $100
PRESTIGE,SKINCARE,SKINCARE TOTAL SUN,LOREAL INC,LANCOME,654148,5/1/2018,83,7881,c.$50 - $100
PRESTIGE,SKINCARE,SKINCARE TOTAL SUN,LOREAL INC,LANCOME,431165,6/1/2018,0,0,a.less than $25
PRESTIGE,SKINCARE,SKINCARE TOTAL SUN,LOREAL INC,LANCOME,300740,7/1/2018,19,15828,c.$50 - $100
PRESTIGE,SKINCARE,SKINCARE TOTAL SUN,LOREAL INC,LANCOME,469120,8/1/2018,39,12029,c.$50 - $100
PRESTIGE,SKINCARE,SKINCARE TOTAL SUN,LOREAL INC,LANCOME,300318,9/1/2018,89,3374,b.$25 - $50
PRESTIGE,SKINCARE,SKINCARE TOTAL SUN,LOREAL INC,LANCOME,187000,10/1/2018,44,4250,b.$25 - $50
PRESTIGE,SKINCARE,SKINCARE TOTAL SUN,LOREAL INC,LANCOME,178457,11/1/2018,95,1878,a.less than $25
PRESTIGE,SKINCARE,SKINCARE TOTAL SUN,LOREAL INC,LANCOME,259493,12/1/2018,85,3053,b.$25 - $50
PRESTIGE,SKINCARE,SKINCARE TOTAL SUN,LOREAL INC,LANCOME,119941,1/1/2019,97,1237,a.less than $25
PRESTIGE,SKINCARE,SKINCARE TOTAL SUN,LOREAL INC,LANCOME,324584,2/1/2019,82,3958,b.$25 - $50
PRESTIGE,SKINCARE,SKINCARE TOTAL SUN,LOREAL INC,LANCOME,326581,3/1/2019,21,15551,c.$50 - $100
PRESTIGE,SKINCARE,SKINCARE TOTAL SUN,LOREAL INC,LANCOME,395279,4/1/2019,64,6176,c.$50 - $100
PRESTIGE,SKINCARE,SKINCARE TOTAL SUN,LOREAL INC,LANCOME,638362,5/1/2019,84,7600,c.$50 - $100
PRESTIGE,SKINCARE,SKINCARE TOTAL SUN,LOREAL INC,LANCOME,413918,6/1/2019,34,12174,c.$50 - $100
PRESTIGE,SKINCARE,SKINCARE TOTAL SUN,LOREAL INC,LANCOME,268346,7/1/2019,62,4328,b.$25 - $50
PRESTIGE,SKINCARE,SKINCARE TOTAL SUN,LOREAL INC,LANCOME,329270,8/1/2019,83,3967,b.$25 - $50
MASS,BEAUTY TOOLS,A/O TLS,LOREAL SA CORP,LOREAL,21637,8/1/2017,73,296,a.less than $25
MASS,BEAUTY TOOLS,A/O TLS,LOREAL SA CORP,LOREAL,25314,9/1/2017,74,342,a.less than $25
MASS,BEAUTY TOOLS,A/O TLS,LOREAL SA CORP,LOREAL,21781,10/1/2017,19,1146,a.less than $25
MASS,BEAUTY TOOLS,A/O TLS,LOREAL SA CORP,LOREAL,20572,11/1/2017,62,332,a.less than $25
MASS,BEAUTY TOOLS,A/O TLS,LOREAL SA CORP,LOREAL,33168,12/1/2017,12,2764,b.$25 - $50
MASS,BEAUTY TOOLS,A/O TLS,LOREAL SA CORP,LOREAL,18683,1/1/2018,73,256,a.less than $25
MASS,BEAUTY TOOLS,A/O TLS,LOREAL SA CORP,LOREAL,17229,2/1/2018,15,1149,a.less than $25
MASS,BEAUTY TOOLS,A/O TLS,LOREAL SA CORP,LOREAL,24615,3/1/2018,93,265,a.less than $25
MASS,BEAUTY TOOLS,A/O TLS,LOREAL SA CORP,LOREAL,17570,4/1/2018,84,209,a.less than $25
MASS,BEAUTY TOOLS,A/O TLS,LOREAL SA CORP,LOREAL,15314,5/1/2018,93,165,a.less than $25
MASS,BEAUTY TOOLS,A/O TLS,LOREAL SA CORP,LOREAL,23102,6/1/2018,78,296,a.less than $25
MASS,BEAUTY TOOLS,A/O TLS,LOREAL SA CORP,LOREAL,14289,7/1/2018,88,162,a.less than $25
MASS,BEAUTY TOOLS,A/O TLS,LOREAL SA CORP,LOREAL,15532,8/1/2018,17,914,a.less than $25
MASS,BEAUTY TOOLS,A/O TLS,LOREAL SA CORP,LOREAL,22544,9/1/2018,99,228,a.less than $25
MASS,BEAUTY TOOLS,A/O TLS,LOREAL SA CORP,LOREAL,17219,10/1/2018,95,181,a.less than $25
MASS,BEAUTY TOOLS,A/O TLS,LOREAL SA CORP,LOREAL,16326,11/1/2018,29,563,a.less than $25
MASS,BEAUTY TOOLS,A/O TLS,LOREAL SA CORP,LOREAL,24199,12/1/2018,8,3025,b.$25 - $50
MASS,BEAUTY TOOLS,A/O TLS,LOREAL SA CORP,LOREAL,20195,1/1/2019,17,1188,a.less than $25
MASS,BEAUTY TOOLS,A/O TLS,LOREAL SA CORP,LOREAL,15892,2/1/2019,15,1059,a.less than $25
MASS,BEAUTY TOOLS,A/O TLS,LOREAL SA CORP,LOREAL,23654,3/1/2019,73,324,a.less than $25
MASS,BEAUTY TOOLS,A/O TLS,LOREAL SA CORP,LOREAL,15386,4/1/2019,83,185,a.less than $25
MASS,BEAUTY TOOLS,A/O TLS,LOREAL SA CORP,LOREAL,14142,5/1/2019,46,307,a.less than $25
MASS,BEAUTY TOOLS,A/O TLS,LOREAL SA CORP,LOREAL,23626,6/1/2019,15,1575,a.less than $25
MASS,BEAUTY TOOLS,A/O TLS,LOREAL SA CORP,LOREAL,26072,7/1/2019,28,931,a.less than $25
MASS,BEAUTY TOOLS,A/O TLS,LOREAL SA CORP,LOREAL,25237,8/1/2019,39,647,a.less than $25
MASS,CC,BM,LOREAL SA CORP,LOREAL,115640,8/1/2017,73,1584,a.less than $25
MASS,CC,BM,LOREAL SA CORP,LOREAL,73189,9/1/2017,91,804,a.less than $25
MASS,CC,BM,LOREAL SA CORP,LOREAL,41682,10/1/2017,66,632,a.less than $25
MASS,CC,BM,LOREAL SA CORP,LOREAL,27405,11/1/2017,7,3915,b.$25 - $50
MASS,CC,BM,LOREAL SA CORP,LOREAL,25200,12/1/2017,66,382,a.less than $25
MASS,CC,BM,LOREAL SA CORP,LOREAL,25149,1/1/2018,61,412,a.less than $25
MASS,CC,BM,LOREAL SA CORP,LOREAL,31880,2/1/2018,37,862,a.less than $25
MASS,CC,BM,LOREAL SA CORP,LOREAL,47776,3/1/2018,20,2389,a.less than $25
MASS,CC,BM,LOREAL SA CORP,LOREAL,70021,4/1/2018,21,3334,b.$25 - $50
MASS,CC,BM,LOREAL SA CORP,LOREAL,147515,5/1/2018,77,1916,a.less than $25
MASS,CC,BM,LOREAL SA CORP,LOREAL,118182,6/1/2018,25,4727,b.$25 - $50
MASS,CC,BM,LOREAL SA CORP,LOREAL,62547,7/1/2018,35,1787,a.less than $25
MASS,CC,BM,LOREAL SA CORP,LOREAL,48321,8/1/2018,25,1933,a.less than $25
MASS,CC,BM,LOREAL SA CORP,LOREAL,43286,9/1/2018,95,456,a.less than $25
MASS,CC,BM,LOREAL SA CORP,LOREAL,22811,10/1/2018,9,2535,b.$25 - $50
MASS,CC,BM,LOREAL SA CORP,LOREAL,13829,11/1/2018,28,494,a.less than $25
MASS,CC,BM,LOREAL SA CORP,LOREAL,15928,12/1/2018,45,354,a.less than $25
MASS,CC,BM,LOREAL SA CORP,LOREAL,9861,1/1/2019,5,1972,a.less than $25
MASS,CC,BM,LOREAL SA CORP,LOREAL,14612,2/1/2019,14,1044,a.less than $25
MASS,CC,BM,LOREAL SA CORP,LOREAL,16990,3/1/2019,38,447,a.less than $25
MASS,CC,BM,LOREAL SA CORP,LOREAL,6631,4/1/2019,19,349,a.less than $25
MASS,CC,BM,LOREAL SA CORP,LOREAL,5846,5/1/2019,84,70,a.less than $25
MASS,CC,BM,LOREAL SA CORP,LOREAL,6453,6/1/2019,5,1291,a.less than $25
MASS,CC,BM,LOREAL SA CORP,LOREAL,4351,7/1/2019,64,68,a.less than $25
MASS,CC,BM,LOREAL SA CORP,LOREAL,2983,8/1/2019,73,41,a.less than $25
MASS,CC,EM,LOREAL SA CORP,LOREAL,29667681,8/1/2017,21,1412747,d.$100+
MASS,CC,EM,LOREAL SA CORP,LOREAL,37370822,9/1/2017,64,583919,d.$100+
MASS,CC,EM,LOREAL SA CORP,LOREAL,31464159,10/1/2017,51,616944,d.$100+
MASS,CC,EM,LOREAL SA CORP,LOREAL,29741689,11/1/2017,89,334176,d.$100+
MASS,CC,EM,LOREAL SA CORP,LOREAL,37439888,12/1/2017,16,2339993,d.$100+
MASS,CC,EM,LOREAL SA CORP,LOREAL,28149386,1/1/2018,29,970668,d.$100+
MASS,CC,EM,LOREAL SA CORP,LOREAL,30909903,2/1/2018,76,406709,d.$100+
MASS,CC,EM,LOREAL SA CORP,LOREAL,41823383,3/1/2018,94,444930,d.$100+
MASS,CC,EM,LOREAL SA CORP,LOREAL,31242514,4/1/2018,12,2603543,d.$100+
MASS,CC,EM,LOREAL SA CORP,LOREAL,30454408,5/1/2018,53,574611,d.$100+
MASS,CC,EM,LOREAL SA CORP,LOREAL,38756851,6/1/2018,90,430632,d.$100+
MASS,CC,EM,LOREAL SA CORP,LOREAL,31298370,7/1/2018,64,489037,d.$100+
MASS,CC,EM,LOREAL SA CORP,LOREAL,33718706,8/1/2018,45,749305,d.$100+
MASS,CC,EM,LOREAL SA CORP,LOREAL,39906553,9/1/2018,51,782481,d.$100+
MASS,CC,EM,LOREAL SA CORP,LOREAL,34579648,10/1/2018,41,843406,d.$100+
MASS,CC,EM,LOREAL SA CORP,LOREAL,33265424,11/1/2018,5,6653085,d.$100+
MASS,CC,EM,LOREAL SA CORP,LOREAL,42885877,12/1/2018,99,433191,d.$100+
MASS,CC,EM,LOREAL SA CORP,LOREAL,34204084,1/1/2019,34,1006002,d.$100+
MASS,CC,EM,LOREAL SA CORP,LOREAL,34256125,2/1/2019,62,552518,d.$100+
MASS,CC,EM,LOREAL SA CORP,LOREAL,46415362,3/1/2019,100,464154,d.$100+
MASS,CC,EM,LOREAL SA CORP,LOREAL,34202318,4/1/2019,58,589695,d.$100+
MASS,CC,EM,LOREAL SA CORP,LOREAL,33649709,5/1/2019,38,885519,d.$100+
MASS,CC,EM,LOREAL SA CORP,LOREAL,41901096,6/1/2019,41,1021978,d.$100+
MASS,CC,EM,LOREAL SA CORP,LOREAL,32952320,7/1/2019,10,3295232,d.$100+
MASS,CC,EM,LOREAL SA CORP,LOREAL,34956524,8/1/2019,41,852598,d.$100+
MASS,CC,FM,LOREAL SA CORP,LOREAL,23089839,8/1/2017,67,344624,d.$100+
MASS,CC,FM,LOREAL SA CORP,LOREAL,28431768,9/1/2017,10,2843177,d.$100+
MASS,CC,FM,LOREAL SA CORP,LOREAL,23255015,10/1/2017,61,381230,d.$100+
MASS,CC,FM,LOREAL SA CORP,LOREAL,22711434,11/1/2017,73,311116,d.$100+
MASS,CC,FM,LOREAL SA CORP,LOREAL,28564952,12/1/2017,34,840146,d.$100+
MASS,CC,FM,LOREAL SA CORP,LOREAL,23403652,1/1/2018,27,866802,d.$100+
MASS,CC,FM,LOREAL SA CORP,LOREAL,24446062,2/1/2018,86,284257,d.$100+
MASS,CC,FM,LOREAL SA CORP,LOREAL,32092644,3/1/2018,40,802316,d.$100+
MASS,CC,FM,LOREAL SA CORP,LOREAL,23887042,4/1/2018,46,519284,d.$100+
MASS,CC,FM,LOREAL SA CORP,LOREAL,23352128,5/1/2018,46,507655,d.$100+
MASS,CC,FM,LOREAL SA CORP,LOREAL,27490923,6/1/2018,52,528672,d.$100+
MASS,CC,FM,LOREAL SA CORP,LOREAL,21101733,7/1/2018,99,213149,d.$100+
MASS,CC,FM,LOREAL SA CORP,LOREAL,22649659,8/1/2018,20,1132483,d.$100+
MASS,CC,FM,LOREAL SA CORP,LOREAL,26800289,9/1/2018,82,326833,d.$100+
MASS,CC,FM,LOREAL SA CORP,LOREAL,22480241,10/1/2018,69,325801,d.$100+
MASS,CC,FM,LOREAL SA CORP,LOREAL,21514275,11/1/2018,50,430286,d.$100+
MASS,CC,FM,LOREAL SA CORP,LOREAL,27586901,12/1/2018,8,3448363,d.$100+
MASS,CC,FM,LOREAL SA CORP,LOREAL,22558907,1/1/2019,19,1187311,d.$100+
MASS,CC,FM,LOREAL SA CORP,LOREAL,24464615,2/1/2019,16,1529038,d.$100+
MASS,CC,FM,LOREAL SA CORP,LOREAL,32604073,3/1/2019,54,603779,d.$100+
MASS,CC,FM,LOREAL SA CORP,LOREAL,24260885,4/1/2019,65,373244,d.$100+
MASS,CC,FM,LOREAL SA CORP,LOREAL,23997118,5/1/2019,58,413743,d.$100+
MASS,CC,FM,LOREAL SA CORP,LOREAL,27391229,6/1/2019,77,355730,d.$100+
MASS,CC,FM,LOREAL SA CORP,LOREAL,20674483,7/1/2019,4,5168621,d.$100+
MASS,CC,FM,LOREAL SA CORP,LOREAL,21780452,8/1/2019,70,311149,d.$100+
MASS,CC,KITS,LOREAL SA CORP,LOREAL,6440,8/1/2017,68,95,a.less than $25
MASS,CC,KITS,LOREAL SA CORP,LOREAL,6679,9/1/2017,84,80,a.less than $25
MASS,CC,KITS,LOREAL SA CORP,LOREAL,4579,10/1/2017,99,46,a.less than $25
MASS,CC,KITS,LOREAL SA CORP,LOREAL,7363,11/1/2017,28,263,a.less than $25
MASS,CC,KITS,LOREAL SA CORP,LOREAL,30966,12/1/2017,99,313,a.less than $25
MASS,CC,KITS,LOREAL SA CORP,LOREAL,9877,1/1/2018,80,123,a.less than $25
MASS,CC,KITS,LOREAL SA CORP,LOREAL,4441,2/1/2018,14,317,a.less than $25
MASS,CC,KITS,LOREAL SA CORP,LOREAL,5102,3/1/2018,98,52,a.less than $25
MASS,CC,KITS,LOREAL SA CORP,LOREAL,3141,4/1/2018,67,47,a.less than $25
MASS,CC,KITS,LOREAL SA CORP,LOREAL,2324,5/1/2018,83,28,a.less than $25
MASS,CC,KITS,LOREAL SA CORP,LOREAL,2608,6/1/2018,68,38,a.less than $25
MASS,CC,KITS,LOREAL SA CORP,LOREAL,1589,7/1/2018,40,40,a.less than $25
MASS,CC,KITS,LOREAL SA CORP,LOREAL,1239,8/1/2018,88,14,a.less than $25
MASS,CC,KITS,LOREAL SA CORP,LOREAL,1481,9/1/2018,0,0,a.less than $25
MASS,CC,KITS,LOREAL SA CORP,LOREAL,953,10/1/2018,58,16,a.less than $25
MASS,CC,KITS,LOREAL SA CORP,LOREAL,681,11/1/2018,5,136,a.less than $25
MASS,CC,KITS,LOREAL SA CORP,LOREAL,1053,12/1/2018,40,26,a.less than $25
MASS,CC,KITS,LOREAL SA CORP,LOREAL,498,1/1/2019,33,15,a.less than $25
MASS,CC,KITS,LOREAL SA CORP,LOREAL,723,2/1/2019,56,13,a.less than $25
MASS,CC,KITS,LOREAL SA CORP,LOREAL,616,3/1/2019,33,19,a.less than $25
MASS,CC,KITS,LOREAL SA CORP,LOREAL,488,4/1/2019,100,5,a.less than $25
MASS,CC,KITS,LOREAL SA CORP,LOREAL,570,5/1/2019,40,14,a.less than $25
MASS,CC,KITS,LOREAL SA CORP,LOREAL,574,6/1/2019,2,287,a.less than $25
MASS,CC,KITS,LOREAL SA CORP,LOREAL,282,7/1/2019,14,20,a.less than $25
MASS,CC,KITS,LOREAL SA CORP,LOREAL,190,8/1/2019,28,7,a.less than $25
MASS,CC,LM,LOREAL SA CORP,LOREAL,8958263,8/1/2017,68,131739,d.$100+
MASS,CC,LM,LOREAL SA CORP,LOREAL,11176352,9/1/2017,2,5588176,d.$100+
MASS,CC,LM,LOREAL SA CORP,LOREAL,9524738,10/1/2017,36,264576,d.$100+
MASS,CC,LM,LOREAL SA CORP,LOREAL,9014035,11/1/2017,7,1287719,d.$100+
MASS,CC,LM,LOREAL SA CORP,LOREAL,11631545,12/1/2017,93,125070,d.$100+
MASS,CC,LM,LOREAL SA CORP,LOREAL,8168222,1/1/2018,28,291722,d.$100+
MASS,CC,LM,LOREAL SA CORP,LOREAL,8862230,2/1/2018,0,0,a.less than $25
MASS,CC,LM,LOREAL SA CORP,LOREAL,11158206,3/1/2018,46,242570,d.$100+
MASS,CC,LM,LOREAL SA CORP,LOREAL,9086600,4/1/2018,58,156666,d.$100+
MASS,CC,LM,LOREAL SA CORP,LOREAL,8600828,5/1/2018,73,117820,d.$100+
MASS,CC,LM,LOREAL SA CORP,LOREAL,10234137,6/1/2018,13,787241,d.$100+
MASS,CC,LM,LOREAL SA CORP,LOREAL,8455015,7/1/2018,17,497354,d.$100+
MASS,CC,LM,LOREAL SA CORP,LOREAL,9507515,8/1/2018,30,316917,d.$100+
MASS,CC,LM,LOREAL SA CORP,LOREAL,11800036,9/1/2018,73,161644,d.$100+
MASS,CC,LM,LOREAL SA CORP,LOREAL,10429996,10/1/2018,90,115889,d.$100+
MASS,CC,LM,LOREAL SA CORP,LOREAL,9522143,11/1/2018,28,340077,d.$100+
MASS,CC,LM,LOREAL SA CORP,LOREAL,11867640,12/1/2018,27,439542,d.$100+
MASS,CC,LM,LOREAL SA CORP,LOREAL,8705144,1/1/2019,68,128017,d.$100+
MASS,CC,LM,LOREAL SA CORP,LOREAL,8683505,2/1/2019,94,92378,c.$50 - $100
MASS,CC,LM,LOREAL SA CORP,LOREAL,11555546,3/1/2019,90,128395,d.$100+
MASS,CC,LM,LOREAL SA CORP,LOREAL,9621056,4/1/2019,43,223745,d.$100+
MASS,CC,LM,LOREAL SA CORP,LOREAL,9173730,5/1/2019,80,114672,d.$100+
MASS,CC,LM,LOREAL SA CORP,LOREAL,10616268,6/1/2019,74,143463,d.$100+
MASS,CC,LM,LOREAL SA CORP,LOREAL,8194975,7/1/2019,4,2048744,d.$100+
MASS,CC,LM,LOREAL SA CORP,LOREAL,9347134,8/1/2019,96,97366,c.$50 - $100
MASS,CC,NC,LOREAL SA CORP,LOREAL,247663,8/1/2017,96,2580,b.$25 - $50
MASS,CC,NC,LOREAL SA CORP,LOREAL,259413,9/1/2017,43,6033,c.$50 - $100
MASS,CC,NC,LOREAL SA CORP,LOREAL,167960,10/1/2017,86,1953,a.less than $25
MASS,CC,NC,LOREAL SA CORP,LOREAL,160948,11/1/2017,94,1712,a.less than $25
MASS,CC,NC,LOREAL SA CORP,LOREAL,238732,12/1/2017,82,2911,b.$25 - $50
MASS,CC,NC,LOREAL SA CORP,LOREAL,127902,1/1/2018,89,1437,a.less than $25
MASS,CC,NC,LOREAL SA CORP,LOREAL,68656,2/1/2018,71,967,a.less than $25
MASS,CC,NC,LOREAL SA CORP,LOREAL,79782,3/1/2018,23,3469,b.$25 - $50
MASS,CC,NC,LOREAL SA CORP,LOREAL,58631,4/1/2018,90,651,a.less than $25
MASS,CC,NC,LOREAL SA CORP,LOREAL,69478,5/1/2018,65,1069,a.less than $25
MASS,CC,NC,LOREAL SA CORP,LOREAL,103552,6/1/2018,28,3698,b.$25 - $50
MASS,CC,NC,LOREAL SA CORP,LOREAL,66834,7/1/2018,98,682,a.less than $25
MASS,CC,NC,LOREAL SA CORP,LOREAL,38030,8/1/2018,24,1585,a.less than $25
MASS,CC,NC,LOREAL SA CORP,LOREAL,28261,9/1/2018,52,543,a.less than $25
MASS,CC,NC,LOREAL SA CORP,LOREAL,15565,10/1/2018,81,192,a.less than $25
MASS,CC,NC,LOREAL SA CORP,LOREAL,11233,11/1/2018,92,122,a.less than $25
MASS,CC,NC,LOREAL SA CORP,LOREAL,13290,12/1/2018,36,369,a.less than $25
MASS,CC,NC,LOREAL SA CORP,LOREAL,7636,1/1/2019,91,84,a.less than $25
MASS,CC,NC,LOREAL SA CORP,LOREAL,11316,2/1/2019,58,195,a.less than $25
MASS,CC,NC,LOREAL SA CORP,LOREAL,13763,3/1/2019,33,417,a.less than $25
MASS,CC,NC,LOREAL SA CORP,LOREAL,8601,4/1/2019,63,137,a.less than $25
MASS,CC,NC,LOREAL SA CORP,LOREAL,7402,5/1/2019,82,90,a.less than $25
MASS,CC,NC,LOREAL SA CORP,LOREAL,11110,6/1/2019,97,115,a.less than $25
MASS,CC,NC,LOREAL SA CORP,LOREAL,7021,7/1/2019,54,130,a.less than $25
MASS,CC,NC,LOREAL SA CORP,LOREAL,4769,8/1/2019,3,1590,a.less than $25
