data_for_container/data/Revlon Dataset Updated Aug 2019.csv
Channel,Category,Sub Category,Manufacturer,Brand,Revenue,Date,Units,Price,Price Tier
MASS,FACIAL SKIN CARE,CLEANSING MASK,LOREAL SA,LOREAL,1019053.115,8/1/2017,77,13234,c.$50 - $100
MASS,FACIAL SKIN CARE,CLEANSING MASK,LOREAL SA,LOREAL,1791845.351,9/1/2017,47,38124,c.$50 - $100
MASS,FACIAL SKIN CARE,CLEANSING MASK,LOREAL SA,LOREAL,1310210.468,10/1/2017,99,13234,c.$50 - $100
MASS,FACIAL SKIN CARE,CLEANSING MASK,LOREAL SA,LOREAL,1371876.536,11/1/2017,69,19882,c.$50 - $100
MASS,FACIAL SKIN CARE,CLEANSING MASK,LOREAL SA,LOREAL,1409936.382,12/1/2017,49,28774,c.$50 - $100
MASS,FACIAL SKIN CARE,CLEANSING MASK,LOREAL SA,LOREAL,1526945.438,1/1/2018,88,17352,c.$50 - $100
MASS,FACIAL SKIN CARE,CLEANSING MASK,LOREAL SA,LOREAL,1499210.128,2/1/2018,85,17638,c.$50 - $100
MASS,FACIAL SKIN CARE,CLEANSING MASK,LOREAL SA,LOREAL,1724162.905,3/1/2018,29,59454,c.$50 - $100
MASS,FACIAL SKIN CARE,CLEANSING MASK,LOREAL SA,LOREAL,1009686.64,4/1/2018,35,28848,c.$50 - $100
MASS,FACIAL SKIN CARE,CLEANSING MASK,LOREAL SA,LOREAL,821214.404,5/1/2018,42,19553,c.$50 - $100
MASS,FACIAL SKIN CARE,CLEANSING MASK,LOREAL SA,LOREAL,976332.214,6/1/2018,39,25034,c.$50 - $100
MASS,FACIAL SKIN CARE,CLEANSING MASK,LOREAL SA,LOREAL,929342.66,7/1/2018,56,16595,c.$50 - $100
MASS,FACIAL SKIN CARE,CLEANSING MASK,LOREAL SA,LOREAL,1185368.773,8/1/2018,33,35920,c.$50 - $100
MASS,FACIAL SKIN CARE,CLEANSING MASK,LOREAL SA,LOREAL,1443761.271,9/1/2018,41,35214,c.$50 - $100
MASS,FACIAL SKIN CARE,CLEANSING MASK,LOREAL SA,LOREAL,1412109.679,10/1/2018,66,21396,c.$50 - $100
MASS,FACIAL SKIN CARE,CLEANSING MASK,LOREAL SA,LOREAL,1079323.053,11/1/2018,13,83025,c.$50 - $100
MASS,FACIAL SKIN CARE,CLEANSING MASK,LOREAL SA,LOREAL,1178935.833,12/1/2018,90,13099,c.$50 - $100
MASS,FACIAL SKIN CARE,CLEANSING MASK,LOREAL SA,LOREAL,1319679.254,1/1/2019,4,329920,d.$100+
MASS,FACIAL SKIN CARE,CLEANSING MASK,LOREAL SA,LOREAL,1177055.455,2/1/2019,42,28025,c.$50 - $100
MASS,FACIAL SKIN CARE,CLEANSING MASK,LOREAL SA,LOREAL,1371885.938,3/1/2019,92,14912,c.$50 - $100
MASS,FACIAL SKIN CARE,CLEANSING MASK,LOREAL SA,LOREAL,1002293.687,4/1/2019,67,14960,c.$50 - $100
MASS,FACIAL SKIN CARE,CLEANSING MASK,LOREAL SA,LOREAL,835144.924,5/1/2019,93,8980,c.$50 - $100
MASS,FACIAL SKIN CARE,CLEANSING MASK,LOREAL SA,LOREAL,1044971.313,6/1/2019,80,13062,c.$50 - $100
MASS,FACIAL SKIN CARE,CLEANSING MASK,LOREAL SA,LOREAL,800564.545,7/1/2019,96,8339,c.$50 - $100
MASS,FACIAL SKIN CARE,CLEANSING MASK,LOREAL SA,LOREAL,790730.808,8/1/2019,89,8885,c.$50 - $100
MASS,FACIAL SKIN CARE,DAY FACIAL MOISTURIZER,LOREAL SA,LOREAL,8948824.472,8/1/2017,68,131600,d.$100+
MASS,FACIAL SKIN CARE,DAY FACIAL MOISTURIZER,LOREAL SA,LOREAL,11380935.21,9/1/2017,29,392446,d.$100+
MASS,FACIAL SKIN CARE,DAY FACIAL MOISTURIZER,LOREAL SA,LOREAL,9022402.647,10/1/2017,93,97015,c.$50 - $100
MASS,FACIAL SKIN CARE,DAY FACIAL MOISTURIZER,LOREAL SA,LOREAL,9223502.647,11/1/2017,19,485448,d.$100+
MASS,FACIAL SKIN CARE,DAY FACIAL MOISTURIZER,LOREAL SA,LOREAL,11827429.69,12/1/2017,88,134403,d.$100+
MASS,FACIAL SKIN CARE,DAY FACIAL MOISTURIZER,LOREAL SA,LOREAL,10482639.73,1/1/2018,62,169075,d.$100+
MASS,FACIAL SKIN CARE,DAY FACIAL MOISTURIZER,LOREAL SA,LOREAL,11245280.13,2/1/2018,48,234277,d.$100+
MASS,FACIAL SKIN CARE,DAY FACIAL MOISTURIZER,LOREAL SA,LOREAL,14962535.98,3/1/2018,81,184723,d.$100+
MASS,FACIAL SKIN CARE,DAY FACIAL MOISTURIZER,LOREAL SA,LOREAL,11116066.98,4/1/2018,96,115792,d.$100+
MASS,FACIAL SKIN CARE,DAY FACIAL MOISTURIZER,LOREAL SA,LOREAL,10810333.42,5/1/2018,59,183226,d.$100+
MASS,FACIAL SKIN CARE,DAY FACIAL MOISTURIZER,LOREAL SA,LOREAL,12354148.45,6/1/2018,24,514756,d.$100+
MASS,FACIAL SKIN CARE,DAY FACIAL MOISTURIZER,LOREAL SA,LOREAL,8941332.6,7/1/2018,42,212889,d.$100+
MASS,FACIAL SKIN CARE,DAY FACIAL MOISTURIZER,LOREAL SA,LOREAL,9179294.349,8/1/2018,46,199550,d.$100+
MASS,FACIAL SKIN CARE,DAY FACIAL MOISTURIZER,LOREAL SA,LOREAL,11550879.22,9/1/2018,71,162688,d.$100+
MASS,FACIAL SKIN CARE,DAY FACIAL MOISTURIZER,LOREAL SA,LOREAL,10070921.4,10/1/2018,47,214275,d.$100+
MASS,FACIAL SKIN CARE,DAY FACIAL MOISTURIZER,LOREAL SA,LOREAL,10312256.07,11/1/2018,30,343742,d.$100+
MASS,FACIAL SKIN CARE,DAY FACIAL MOISTURIZER,LOREAL SA,LOREAL,13086214.64,12/1/2018,69,189655,d.$100+
MASS,FACIAL SKIN CARE,DAY FACIAL MOISTURIZER,LOREAL SA,LOREAL,11773259.47,1/1/2019,83,141846,d.$100+
MASS,FACIAL SKIN CARE,DAY FACIAL MOISTURIZER,LOREAL SA,LOREAL,11071957.93,2/1/2019,33,335514,d.$100+
MASS,FACIAL SKIN CARE,DAY FACIAL MOISTURIZER,LOREAL SA,LOREAL,14650681.09,3/1/2019,40,366267,d.$100+
MASS,FACIAL SKIN CARE,DAY FACIAL MOISTURIZER,LOREAL SA,LOREAL,11600923.8,4/1/2019,78,148730,d.$100+
MASS,FACIAL SKIN CARE,DAY FACIAL MOISTURIZER,LOREAL SA,LOREAL,11329927.12,5/1/2019,23,492606,d.$100+
MASS,FACIAL SKIN CARE,DAY FACIAL MOISTURIZER,LOREAL SA,LOREAL,12433950.88,6/1/2019,57,218139,d.$100+
MASS,FACIAL SKIN CARE,DAY FACIAL MOISTURIZER,LOREAL SA,LOREAL,9027704.49,7/1/2019,36,250770,d.$100+
MASS,FACIAL SKIN CARE,DAY FACIAL MOISTURIZER,LOREAL SA,LOREAL,8897992.327,8/1/2019,3,2965997,d.$100+
MASS,FACIAL SKIN CARE,EXFOLIATORS/SCRUBS,LOREAL SA,LOREAL,0,8/1/2017,31,0,a.less than $25
MASS,FACIAL SKIN CARE,EXFOLIATORS/SCRUBS,LOREAL SA,LOREAL,0,9/1/2017,45,0,a.less than $25
MASS,FACIAL SKIN CARE,EXFOLIATORS/SCRUBS,LOREAL SA,LOREAL,5.79,10/1/2017,36,0,a.less than $25
MASS,FACIAL SKIN CARE,EXFOLIATORS/SCRUBS,LOREAL SA,LOREAL,0,11/1/2017,98,0,a.less than $25
MASS,FACIAL SKIN CARE,EXFOLIATORS/SCRUBS,LOREAL SA,LOREAL,0,12/1/2017,26,0,a.less than $25
MASS,FACIAL SKIN CARE,EXFOLIATORS/SCRUBS,LOREAL SA,LOREAL,0,1/1/2018,82,0,a.less than $25
MASS,FACIAL SKIN CARE,EXFOLIATORS/SCRUBS,LOREAL SA,LOREAL,0,2/1/2018,24,0,a.less than $25
MASS,FACIAL SKIN CARE,EXFOLIATORS/SCRUBS,LOREAL SA,LOREAL,0,3/1/2018,34,0,a.less than $25
MASS,FACIAL SKIN CARE,EXFOLIATORS/SCRUBS,LOREAL SA,LOREAL,0,4/1/2018,66,0,a.less than $25
MASS,FACIAL SKIN CARE,EXFOLIATORS/SCRUBS,LOREAL SA,LOREAL,0,5/1/2018,47,0,a.less than $25
MASS,FACIAL SKIN CARE,EXFOLIATORS/SCRUBS,LOREAL SA,LOREAL,0,6/1/2018,40,0,a.less than $25
MASS,FACIAL SKIN CARE,EXFOLIATORS/SCRUBS,LOREAL SA,LOREAL,0,7/1/2018,84,0,a.less than $25
MASS,FACIAL SKIN CARE,EXFOLIATORS/SCRUBS,LOREAL SA,LOREAL,0,8/1/2018,73,0,a.less than $25
MASS,FACIAL SKIN CARE,EXFOLIATORS/SCRUBS,LOREAL SA,LOREAL,35.07,9/1/2018,74,0,a.less than $25
MASS,FACIAL SKIN CARE,EXFOLIATORS/SCRUBS,LOREAL SA,LOREAL,11447.629,10/1/2018,71,161,a.less than $25
MASS,FACIAL SKIN CARE,EXFOLIATORS/SCRUBS,LOREAL SA,LOREAL,24623.609,11/1/2018,87,283,a.less than $25
MASS,FACIAL SKIN CARE,EXFOLIATORS/SCRUBS,LOREAL SA,LOREAL,28545.448,12/1/2018,45,634,a.less than $25
MASS,FACIAL SKIN CARE,EXFOLIATORS/SCRUBS,LOREAL SA,LOREAL,117648.362,1/1/2019,20,5882,c.$50 - $100
MASS,FACIAL SKIN CARE,EXFOLIATORS/SCRUBS,LOREAL SA,LOREAL,171266.426,2/1/2019,2,85633,c.$50 - $100
MASS,FACIAL SKIN CARE,EXFOLIATORS/SCRUBS,LOREAL SA,LOREAL,300921.22,3/1/2019,51,5900,c.$50 - $100
MASS,FACIAL SKIN CARE,EXFOLIATORS/SCRUBS,LOREAL SA,LOREAL,323237.998,4/1/2019,30,10775,c.$50 - $100
MASS,FACIAL SKIN CARE,EXFOLIATORS/SCRUBS,LOREAL SA,LOREAL,194056.709,5/1/2019,79,2456,a.less than $25
MASS,FACIAL SKIN CARE,EXFOLIATORS/SCRUBS,LOREAL SA,LOREAL,204224.829,6/1/2019,73,2798,b.$25 - $50
MASS,FACIAL SKIN CARE,EXFOLIATORS/SCRUBS,LOREAL SA,LOREAL,146333.318,7/1/2019,22,6652,c.$50 - $100
MASS,FACIAL SKIN CARE,EXFOLIATORS/SCRUBS,LOREAL SA,LOREAL,138954.098,8/1/2019,12,11580,c.$50 - $100
MASS,FACIAL SKIN CARE,EYE CREAM,LOREAL SA,LOREAL,2813219.812,8/1/2017,12,234435,d.$100+
MASS,FACIAL SKIN CARE,EYE CREAM,LOREAL SA,LOREAL,3690390.871,9/1/2017,23,160452,d.$100+
MASS,FACIAL SKIN CARE,EYE CREAM,LOREAL SA,LOREAL,2971303.002,10/1/2017,54,55024,c.$50 - $100
MASS,FACIAL SKIN CARE,EYE CREAM,LOREAL SA,LOREAL,3142341.87,11/1/2017,11,285667,d.$100+
MASS,FACIAL SKIN CARE,EYE CREAM,LOREAL SA,LOREAL,3919359.645,12/1/2017,66,59384,c.$50 - $100
MASS,FACIAL SKIN CARE,EYE CREAM,LOREAL SA,LOREAL,3291266.129,1/1/2018,36,91424,c.$50 - $100
MASS,FACIAL SKIN CARE,EYE CREAM,LOREAL SA,LOREAL,3212648.666,2/1/2018,99,32451,c.$50 - $100
MASS,FACIAL SKIN CARE,EYE CREAM,LOREAL SA,LOREAL,4119894.461,3/1/2018,13,316915,d.$100+
MASS,FACIAL SKIN CARE,EYE CREAM,LOREAL SA,LOREAL,2869402.796,4/1/2018,3,956468,d.$100+
MASS,FACIAL SKIN CARE,EYE CREAM,LOREAL SA,LOREAL,2743463.237,5/1/2018,33,83135,c.$50 - $100
MASS,FACIAL SKIN CARE,EYE CREAM,LOREAL SA,LOREAL,3250787.63,6/1/2018,75,43344,c.$50 - $100
MASS,FACIAL SKIN CARE,EYE CREAM,LOREAL SA,LOREAL,2467035.423,7/1/2018,96,25698,c.$50 - $100
MASS,FACIAL SKIN CARE,EYE CREAM,LOREAL SA,LOREAL,2677395.126,8/1/2018,84,31874,c.$50 - $100
MASS,FACIAL SKIN CARE,EYE CREAM,LOREAL SA,LOREAL,3436489.307,9/1/2018,98,35066,c.$50 - $100
MASS,FACIAL SKIN CARE,EYE CREAM,LOREAL SA,LOREAL,2923945.195,10/1/2018,100,29239,c.$50 - $100
MASS,FACIAL SKIN CARE,EYE CREAM,LOREAL SA,LOREAL,2967054.231,11/1/2018,100,29671,c.$50 - $100
MASS,FACIAL SKIN CARE,EYE CREAM,LOREAL SA,LOREAL,3536218.426,12/1/2018,39,90672,c.$50 - $100
MASS,FACIAL SKIN CARE,EYE CREAM,LOREAL SA,LOREAL,3375273.604,1/1/2019,89,37924,c.$50 - $100
MASS,FACIAL SKIN CARE,EYE CREAM,LOREAL SA,LOREAL,3339058.358,2/1/2019,54,61834,c.$50 - $100
MASS,FACIAL SKIN CARE,EYE CREAM,LOREAL SA,LOREAL,4209290.082,3/1/2019,91,46256,c.$50 - $100
MASS,FACIAL SKIN CARE,EYE CREAM,LOREAL SA,LOREAL,3146403.85,4/1/2019,34,92541,c.$50 - $100
MASS,FACIAL SKIN CARE,EYE CREAM,LOREAL SA,LOREAL,2878970.816,5/1/2019,32,89968,c.$50 - $100
MASS,FACIAL SKIN CARE,EYE CREAM,LOREAL SA,LOREAL,3235282.206,6/1/2019,85,38062,c.$50 - $100
MASS,FACIAL SKIN CARE,EYE CREAM,LOREAL SA,LOREAL,2480131.229,7/1/2019,66,37578,c.$50 - $100
MASS,FACIAL SKIN CARE,EYE CREAM,LOREAL SA,LOREAL,2534802.457,8/1/2019,65,38997,c.$50 - $100
MASS,FACIAL SKIN CARE,GENERAL/MULTIPURPOSE CLEANSER,LOREAL SA,LOREAL,932169.889,8/1/2017,77,12106,c.$50 - $100
MASS,FACIAL SKIN CARE,GENERAL/MULTIPURPOSE CLEANSER,LOREAL SA,LOREAL,1097318.019,9/1/2017,52,21102,c.$50 - $100
MASS,FACIAL SKIN CARE,GENERAL/MULTIPURPOSE CLEANSER,LOREAL SA,LOREAL,934391.139,10/1/2017,33,28315,c.$50 - $100
MASS,FACIAL SKIN CARE,GENERAL/MULTIPURPOSE CLEANSER,LOREAL SA,LOREAL,1097546.121,11/1/2017,37,29663,c.$50 - $100
MASS,FACIAL SKIN CARE,GENERAL/MULTIPURPOSE CLEANSER,LOREAL SA,LOREAL,1241163.779,12/1/2017,36,34477,c.$50 - $100
MASS,FACIAL SKIN CARE,GENERAL/MULTIPURPOSE CLEANSER,LOREAL SA,LOREAL,1575327.793,1/1/2018,53,29723,c.$50 - $100
MASS,FACIAL SKIN CARE,GENERAL/MULTIPURPOSE CLEANSER,LOREAL SA,LOREAL,1337626.644,2/1/2018,3,445876,d.$100+
MASS,FACIAL SKIN CARE,GENERAL/MULTIPURPOSE CLEANSER,LOREAL SA,LOREAL,2985957.281,3/1/2018,7,426565,d.$100+
MASS,FACIAL SKIN CARE,GENERAL/MULTIPURPOSE CLEANSER,LOREAL SA,LOREAL,1338109.574,4/1/2018,26,51466,c.$50 - $100
MASS,FACIAL SKIN CARE,GENERAL/MULTIPURPOSE CLEANSER,LOREAL SA,LOREAL,1241777.482,5/1/2018,70,17740,c.$50 - $100
MASS,FACIAL SKIN CARE,GENERAL/MULTIPURPOSE CLEANSER,LOREAL SA,LOREAL,1500837.638,6/1/2018,33,45480,c.$50 - $100
MASS,FACIAL SKIN CARE,GENERAL/MULTIPURPOSE CLEANSER,LOREAL SA,LOREAL,1246202.13,7/1/2018,12,103850,d.$100+
MASS,FACIAL SKIN CARE,GENERAL/MULTIPURPOSE CLEANSER,LOREAL SA,LOREAL,1630142.534,8/1/2018,82,19880,c.$50 - $100
MASS,FACIAL SKIN CARE,GENERAL/MULTIPURPOSE CLEANSER,LOREAL SA,LOREAL,1985343.298,9/1/2018,7,283620,d.$100+
MASS,FACIAL SKIN CARE,GENERAL/MULTIPURPOSE CLEANSER,LOREAL SA,LOREAL,1532066.227,10/1/2018,16,95754,c.$50 - $100
MASS,FACIAL SKIN CARE,GENERAL/MULTIPURPOSE CLEANSER,LOREAL SA,LOREAL,1455931.56,11/1/2018,63,23110,c.$50 - $100
MASS,FACIAL SKIN CARE,GENERAL/MULTIPURPOSE CLEANSER,LOREAL SA,LOREAL,1701401.37,12/1/2018,15,113427,d.$100+
MASS,FACIAL SKIN CARE,GENERAL/MULTIPURPOSE CLEANSER,LOREAL SA,LOREAL,1700871.3,1/1/2019,70,24298,c.$50 - $100
MASS,FACIAL SKIN CARE,GENERAL/MULTIPURPOSE CLEANSER,LOREAL SA,LOREAL,1481084.419,2/1/2019,84,17632,c.$50 - $100
MASS,FACIAL SKIN CARE,GENERAL/MULTIPURPOSE CLEANSER,LOREAL SA,LOREAL,1927315.096,3/1/2019,74,26045,c.$50 - $100
MASS,FACIAL SKIN CARE,GENERAL/MULTIPURPOSE CLEANSER,LOREAL SA,LOREAL,1459935.326,4/1/2019,28,52141,c.$50 - $100
MASS,FACIAL SKIN CARE,GENERAL/MULTIPURPOSE CLEANSER,LOREAL SA,LOREAL,1313547.667,5/1/2019,7,187650,d.$100+
MASS,FACIAL SKIN CARE,GENERAL/MULTIPURPOSE CLEANSER,LOREAL SA,LOREAL,1780889.03,6/1/2019,53,33602,c.$50 - $100
MASS,FACIAL SKIN CARE,GENERAL/MULTIPURPOSE CLEANSER,LOREAL SA,LOREAL,1420797.198,7/1/2019,32,44400,c.$50 - $100
MASS,FACIAL SKIN CARE,GENERAL/MULTIPURPOSE CLEANSER,LOREAL SA,LOREAL,1265815.027,8/1/2019,35,36166,c.$50 - $100
MASS,FACIAL SKIN CARE,NIGHT FACIAL MOISTURIZER,LOREAL SA,LOREAL,2007930.04,8/1/2017,84,23904,c.$50 - $100
MASS,FACIAL SKIN CARE,NIGHT FACIAL MOISTURIZER,LOREAL SA,LOREAL,2560368.455,9/1/2017,21,121922,d.$100+
MASS,FACIAL SKIN CARE,NIGHT FACIAL MOISTURIZER,LOREAL SA,LOREAL,2053944.435,10/1/2017,25,82158,c.$50 - $100
MASS,FACIAL SKIN CARE,NIGHT FACIAL MOISTURIZER,LOREAL SA,LOREAL,2085645.674,11/1/2017,3,695215,d.$100+
MASS,FACIAL SKIN CARE,NIGHT FACIAL MOISTURIZER,LOREAL SA,LOREAL,2490330.764,12/1/2017,91,27366,c.$50 - $100
MASS,FACIAL SKIN CARE,NIGHT FACIAL MOISTURIZER,LOREAL SA,LOREAL,2151768.337,1/1/2018,61,35275,c.$50 - $100
MASS,FACIAL SKIN CARE,NIGHT FACIAL MOISTURIZER,LOREAL SA,LOREAL,2112664.818,2/1/2018,35,60362,c.$50 - $100
MASS,FACIAL SKIN CARE,NIGHT FACIAL MOISTURIZER,LOREAL SA,LOREAL,2945658.528,3/1/2018,66,44631,c.$50 - $100
MASS,FACIAL SKIN CARE,NIGHT FACIAL MOISTURIZER,LOREAL SA,LOREAL,2025561.43,4/1/2018,11,184142,d.$100+
MASS,FACIAL SKIN CARE,NIGHT FACIAL MOISTURIZER,LOREAL SA,LOREAL,1981792.984,5/1/2018,93,21310,c.$50 - $100
MASS,FACIAL SKIN CARE,NIGHT FACIAL MOISTURIZER,LOREAL SA,LOREAL,2320592.458,6/1/2018,57,40712,c.$50 - $100
MASS,FACIAL SKIN CARE,NIGHT FACIAL MOISTURIZER,LOREAL SA,LOREAL,1732870.623,7/1/2018,98,17682,c.$50 - $100
MASS,FACIAL SKIN CARE,NIGHT FACIAL MOISTURIZER,LOREAL SA,LOREAL,1820862.229,8/1/2018,0,0,a.less than $25
MASS,FACIAL SKIN CARE,NIGHT FACIAL MOISTURIZER,LOREAL SA,LOREAL,2211038.231,9/1/2018,45,49134,c.$50 - $100
MASS,FACIAL SKIN CARE,NIGHT FACIAL MOISTURIZER,LOREAL SA,LOREAL,1936338.834,10/1/2018,33,58677,c.$50 - $100
MASS,FACIAL SKIN CARE,NIGHT FACIAL MOISTURIZER,LOREAL SA,LOREAL,1965616.819,11/1/2018,61,32223,c.$50 - $100
MASS,FACIAL SKIN CARE,NIGHT FACIAL MOISTURIZER,LOREAL SA,LOREAL,2423716.656,12/1/2018,75,32316,c.$50 - $100
MASS,FACIAL SKIN CARE,NIGHT FACIAL MOISTURIZER,LOREAL SA,LOREAL,2284307.459,1/1/2019,98,23309,c.$50 - $100
MASS,FACIAL SKIN CARE,NIGHT FACIAL MOISTURIZER,LOREAL SA,LOREAL,1996423.708,2/1/2019,75,26619,c.$50 - $100
MASS,FACIAL SKIN CARE,NIGHT FACIAL MOISTURIZER,LOREAL SA,LOREAL,2449593.884,3/1/2019,20,122480,d.$100+
MASS,FACIAL SKIN CARE,NIGHT FACIAL MOISTURIZER,LOREAL SA,LOREAL,2005038.72,4/1/2019,20,100252,d.$100+
MASS,FACIAL SKIN CARE,NIGHT FACIAL MOISTURIZER,LOREAL SA,LOREAL,1837038.146,5/1/2019,97,18939,c.$50 - $100
MASS,FACIAL SKIN CARE,NIGHT FACIAL MOISTURIZER,LOREAL SA,LOREAL,2062618.367,6/1/2019,31,66536,c.$50 - $100
MASS,FACIAL SKIN CARE,NIGHT FACIAL MOISTURIZER,LOREAL SA,LOREAL,1555721.256,7/1/2019,78,19945,c.$50 - $100
MASS,FACIAL SKIN CARE,NIGHT FACIAL MOISTURIZER,LOREAL SA,LOREAL,1583587.09,8/1/2019,73,21693,c.$50 - $100
MASS,FACIAL SKIN CARE,TONER/ASTRINGENT,LOREAL SA,LOREAL,271600.821,8/1/2017,12,22633,c.$50 - $100
MASS,FACIAL SKIN CARE,TONER/ASTRINGENT,LOREAL SA,LOREAL,334935.896,9/1/2017,8,41867,c.$50 - $100
MASS,FACIAL SKIN CARE,TONER/ASTRINGENT,LOREAL SA,LOREAL,266404.388,10/1/2017,78,3415,b.$25 - $50
MASS,FACIAL SKIN CARE,TONER/ASTRINGENT,LOREAL SA,LOREAL,249114.24,11/1/2017,86,2897,b.$25 - $50
MASS,FACIAL SKIN CARE,TONER/ASTRINGENT,LOREAL SA,LOREAL,309753.365,12/1/2017,74,4186,b.$25 - $50
MASS,FACIAL SKIN CARE,TONER/ASTRINGENT,LOREAL SA,LOREAL,257439.375,1/1/2018,32,8045,c.$50 - $100
MASS,FACIAL SKIN CARE,TONER/ASTRINGENT,LOREAL SA,LOREAL,272153.171,2/1/2018,4,68038,c.$50 - $100
MASS,FACIAL SKIN CARE,TONER/ASTRINGENT,LOREAL SA,LOREAL,348261.97,3/1/2018,73,4771,b.$25 - $50
MASS,FACIAL SKIN CARE,TONER/ASTRINGENT,LOREAL SA,LOREAL,261726.445,4/1/2018,88,2974,b.$25 - $50
MASS,FACIAL SKIN CARE,TONER/ASTRINGENT,LOREAL SA,LOREAL,261228.586,5/1/2018,97,2693,b.$25 - $50
MASS,FACIAL SKIN CARE,TONER/ASTRINGENT,LOREAL SA,LOREAL,325848.852,6/1/2018,7,46550,c.$50 - $100
MASS,FACIAL SKIN CARE,TONER/ASTRINGENT,LOREAL SA,LOREAL,258693.773,7/1/2018,26,9950,c.$50 - $100
MASS,FACIAL SKIN CARE,TONER/ASTRINGENT,LOREAL SA,LOREAL,261650.613,8/1/2018,85,3078,b.$25 - $50
MASS,FACIAL SKIN CARE,TONER/ASTRINGENT,LOREAL SA,LOREAL,305536.505,9/1/2018,69,4428,b.$25 - $50
MASS,FACIAL SKIN CARE,TONER/ASTRINGENT,LOREAL SA,LOREAL,250375.901,10/1/2018,17,14728,c.$50 - $100
MASS,FACIAL SKIN CARE,TONER/ASTRINGENT,LOREAL SA,LOREAL,236219.671,11/1/2018,63,3750,b.$25 - $50
MASS,FACIAL SKIN CARE,TONER/ASTRINGENT,LOREAL SA,LOREAL,292196.912,12/1/2018,49,5963,c.$50 - $100
MASS,FACIAL SKIN CARE,TONER/ASTRINGENT,LOREAL SA,LOREAL,253823.789,1/1/2019,50,5076,c.$50 - $100
MASS,FACIAL SKIN CARE,TONER/ASTRINGENT,LOREAL SA,LOREAL,258084.714,2/1/2019,100,2581,b.$25 - $50
MASS,FACIAL SKIN CARE,TONER/ASTRINGENT,LOREAL SA,LOREAL,344066.211,3/1/2019,62,5549,c.$50 - $100
MASS,FACIAL SKIN CARE,TONER/ASTRINGENT,LOREAL SA,LOREAL,265717.48,4/1/2019,75,3543,b.$25 - $50
MASS,FACIAL SKIN CARE,TONER/ASTRINGENT,LOREAL SA,LOREAL,261422.269,5/1/2019,21,12449,c.$50 - $100
MASS,FACIAL SKIN CARE,TONER/ASTRINGENT,LOREAL SA,LOREAL,318809.941,6/1/2019,96,3321,b.$25 - $50
MASS,FACIAL SKIN CARE,TONER/ASTRINGENT,LOREAL SA,LOREAL,255238.551,7/1/2019,24,10635,c.$50 - $100
MASS,FACIAL SKIN CARE,TONER/ASTRINGENT,LOREAL SA,LOREAL,266004.115,8/1/2019,66,4030,b.$25 - $50
