data_for_container/data/Revlon Dataset Updated Aug 2019.csv
Channel,Category,Sub Category,Manufacturer,Brand,Revenue,Date,Units,Price,Price Tier
MASS,FACIAL SKIN CARE,TONERS,LOREAL SA,LOREAL,646.17,8/1/2017,89,7,a.less than $25
MASS,FACIAL SKIN CARE,TONERS,LOREAL SA,LOREAL,471.82,9/1/2017,73,6,a.less than $25
MASS,FACIAL SKIN CARE,TONERS,LOREAL SA,LOREAL,328.1,10/1/2017,97,3,a.less than $25
MASS,FACIAL SKIN CARE,TONERS,LOREAL SA,LOREAL,269.76,11/1/2017,14,19,a.less than $25
MASS,FACIAL SKIN CARE,TONERS,LOREAL SA,LOREAL,189.27,12/1/2017,98,2,a.less than $25
MASS,FACIAL SKIN CARE,TONERS,LOREAL SA,LOREAL,77.83,1/1/2018,1,78,a.less than $25
MASS,FACIAL SKIN CARE,TONERS,LOREAL SA,LOREAL,60.25,2/1/2018,55,1,a.less than $25
MASS,FACIAL SKIN CARE,TONERS,LOREAL SA,LOREAL,16.49,3/1/2018,29,1,a.less than $25
MASS,FACIAL SKIN CARE,TONERS,LOREAL SA,LOREAL,0,4/1/2018,15,0,a.less than $25
MASS,FACIAL SKIN CARE,TONERS,LOREAL SA,LOREAL,0,5/1/2018,82,0,a.less than $25
MASS,FACIAL SKIN CARE,TONERS,LOREAL SA,LOREAL,0,6/1/2018,24,0,a.less than $25
MASS,FACIAL SKIN CARE,TONERS,LOREAL SA,LOREAL,0,7/1/2018,47,0,a.less than $25
MASS,FACIAL SKIN CARE,TONERS,LOREAL SA,LOREAL,0,8/1/2018,34,0,a.less than $25
MASS,FACIAL SKIN CARE,TONERS,LOREAL SA,LOREAL,0,9/1/2018,82,0,a.less than $25
MASS,FACIAL SKIN CARE,TONERS,LOREAL SA,LOREAL,0,10/1/2018,54,0,a.less than $25
MASS,FACIAL SKIN CARE,TONERS,LOREAL SA,LOREAL,0,11/1/2018,36,0,a.less than $25
MASS,FACIAL SKIN CARE,TONERS,LOREAL SA,LOREAL,0,12/1/2018,49,0,a.less than $25
MASS,FACIAL SKIN CARE,TONERS,LOREAL SA,LOREAL,0,1/1/2019,88,0,a.less than $25
MASS,FACIAL SKIN CARE,TONERS,LOREAL SA,LOREAL,0,2/1/2019,66,0,a.less than $25
MASS,FACIAL SKIN CARE,TONERS,LOREAL SA,LOREAL,0,3/1/2019,0,0,a.less than $25
MASS,FACIAL SKIN CARE,TONERS,LOREAL SA,LOREAL,0,4/1/2019,94,0,a.less than $25
MASS,FACIAL SKIN CARE,TONERS,LOREAL SA,LOREAL,0,5/1/2019,14,0,a.less than $25
MASS,FACIAL SKIN CARE,TONERS,LOREAL SA,LOREAL,0,6/1/2019,48,0,a.less than $25
MASS,FACIAL SKIN CARE,TONERS,LOREAL SA,LOREAL,5.19,7/1/2019,36,0,a.less than $25
MASS,FACIAL SKIN CARE,TONERS,LOREAL SA,LOREAL,0,8/1/2019,9,0,a.less than $25
MASS,HAIR CARE,3 IN 1,LOREAL SA,LOREAL,34052.4,8/1/2017,0,0,a.less than $25
MASS,HAIR CARE,3 IN 1,LOREAL SA,LOREAL,38757.49,9/1/2017,14,2768,b.$25 - $50
MASS,HAIR CARE,3 IN 1,LOREAL SA,LOREAL,27796.46,10/1/2017,23,1209,a.less than $25
MASS,HAIR CARE,3 IN 1,LOREAL SA,LOREAL,26249.42,11/1/2017,22,1193,a.less than $25
MASS,HAIR CARE,3 IN 1,LOREAL SA,LOREAL,31114.24,12/1/2017,92,338,a.less than $25
MASS,HAIR CARE,3 IN 1,LOREAL SA,LOREAL,18184.95,1/1/2018,83,219,a.less than $25
MASS,HAIR CARE,3 IN 1,LOREAL SA,LOREAL,27641.9,2/1/2018,82,337,a.less than $25
MASS,HAIR CARE,3 IN 1,LOREAL SA,LOREAL,33952.9,3/1/2018,29,1171,a.less than $25
MASS,HAIR CARE,3 IN 1,LOREAL SA,LOREAL,25693.74,4/1/2018,24,1071,a.less than $25
MASS,HAIR CARE,3 IN 1,LOREAL SA,LOREAL,25619.13,5/1/2018,62,413,a.less than $25
MASS,HAIR CARE,3 IN 1,LOREAL SA,LOREAL,34188.08,6/1/2018,51,670,a.less than $25
MASS,HAIR CARE,3 IN 1,LOREAL SA,LOREAL,26378.97,7/1/2018,29,910,a.less than $25
MASS,HAIR CARE,3 IN 1,LOREAL SA,LOREAL,24081.47,8/1/2018,48,502,a.less than $25
MASS,HAIR CARE,3 IN 1,LOREAL SA,LOREAL,27573.5,9/1/2018,73,378,a.less than $25
MASS,HAIR CARE,3 IN 1,LOREAL SA,LOREAL,20508.75,10/1/2018,75,273,a.less than $25
MASS,HAIR CARE,3 IN 1,LOREAL SA,LOREAL,18959.85,11/1/2018,79,240,a.less than $25
MASS,HAIR CARE,3 IN 1,LOREAL SA,LOREAL,23850.02,12/1/2018,24,994,a.less than $25
MASS,HAIR CARE,3 IN 1,LOREAL SA,LOREAL,17431.19,1/1/2019,19,917,a.less than $25
MASS,HAIR CARE,3 IN 1,LOREAL SA,LOREAL,18365.35,2/1/2019,77,239,a.less than $25
MASS,HAIR CARE,3 IN 1,LOREAL SA,LOREAL,22772.64,3/1/2019,55,414,a.less than $25
MASS,HAIR CARE,3 IN 1,LOREAL SA,LOREAL,25057.5,4/1/2019,68,368,a.less than $25
MASS,HAIR CARE,3 IN 1,LOREAL SA,LOREAL,27248.15,5/1/2019,39,699,a.less than $25
MASS,HAIR CARE,3 IN 1,LOREAL SA,LOREAL,14349.09,6/1/2019,76,189,a.less than $25
MASS,HAIR CARE,3 IN 1,LOREAL SA,LOREAL,2513.84,7/1/2019,90,28,a.less than $25
MASS,HAIR CARE,3 IN 1,LOREAL SA,LOREAL,806.82,8/1/2019,34,24,a.less than $25
MASS,HAIR CARE,CONDITIONER,LOREAL SA,LOREAL,8980807.667,8/1/2017,92,97617,c.$50 - $100
MASS,HAIR CARE,CONDITIONER,LOREAL SA,LOREAL,11541559.44,9/1/2017,11,1049233,d.$100+
MASS,HAIR CARE,CONDITIONER,LOREAL SA,LOREAL,8440808.959,10/1/2017,74,114065,d.$100+
MASS,HAIR CARE,CONDITIONER,LOREAL SA,LOREAL,7923529.562,11/1/2017,48,165074,d.$100+
MASS,HAIR CARE,CONDITIONER,LOREAL SA,LOREAL,9705541.121,12/1/2017,70,138651,d.$100+
MASS,HAIR CARE,CONDITIONER,LOREAL SA,LOREAL,8466081.352,1/1/2018,65,130247,d.$100+
MASS,HAIR CARE,CONDITIONER,LOREAL SA,LOREAL,8516598.72,2/1/2018,78,109187,d.$100+
MASS,HAIR CARE,CONDITIONER,LOREAL SA,LOREAL,10597682.34,3/1/2018,19,557773,d.$100+
MASS,HAIR CARE,CONDITIONER,LOREAL SA,LOREAL,7989803.726,4/1/2018,98,81529,c.$50 - $100
MASS,HAIR CARE,CONDITIONER,LOREAL SA,LOREAL,8177825.286,5/1/2018,84,97355,c.$50 - $100
MASS,HAIR CARE,CONDITIONER,LOREAL SA,LOREAL,10581390.12,6/1/2018,82,129041,d.$100+
MASS,HAIR CARE,CONDITIONER,LOREAL SA,LOREAL,8465972.197,7/1/2018,14,604712,d.$100+
MASS,HAIR CARE,CONDITIONER,LOREAL SA,LOREAL,8257589.504,8/1/2018,66,125115,d.$100+
MASS,HAIR CARE,CONDITIONER,LOREAL SA,LOREAL,8700901.745,9/1/2018,97,89700,c.$50 - $100
MASS,HAIR CARE,CONDITIONER,LOREAL SA,LOREAL,7918847.49,10/1/2018,42,188544,d.$100+
MASS,HAIR CARE,CONDITIONER,LOREAL SA,LOREAL,7134572.099,11/1/2018,99,72066,c.$50 - $100
MASS,HAIR CARE,CONDITIONER,LOREAL SA,LOREAL,8666468.463,12/1/2018,75,115553,d.$100+
MASS,HAIR CARE,CONDITIONER,LOREAL SA,LOREAL,9522179.887,1/1/2019,21,453437,d.$100+
MASS,HAIR CARE,CONDITIONER,LOREAL SA,LOREAL,8550700.783,2/1/2019,28,305382,d.$100+
MASS,HAIR CARE,CONDITIONER,LOREAL SA,LOREAL,10424170.28,3/1/2019,37,281734,d.$100+
MASS,HAIR CARE,CONDITIONER,LOREAL SA,LOREAL,8304017.831,4/1/2019,90,92267,c.$50 - $100
MASS,HAIR CARE,CONDITIONER,LOREAL SA,LOREAL,7671970.818,5/1/2019,69,111188,d.$100+
MASS,HAIR CARE,CONDITIONER,LOREAL SA,LOREAL,9806250.786,6/1/2019,8,1225781,d.$100+
MASS,HAIR CARE,CONDITIONER,LOREAL SA,LOREAL,7591928.51,7/1/2019,44,172544,d.$100+
MASS,HAIR CARE,CONDITIONER,LOREAL SA,LOREAL,8111206.095,8/1/2019,35,231749,d.$100+
MASS,HAIR CARE,SHAMPOO,LOREAL SA,LOREAL,10717142.7,8/1/2017,42,255170,d.$100+
MASS,HAIR CARE,SHAMPOO,LOREAL SA,LOREAL,13897555.48,9/1/2017,47,295693,d.$100+
MASS,HAIR CARE,SHAMPOO,LOREAL SA,LOREAL,10168830.56,10/1/2017,10,1016883,d.$100+
MASS,HAIR CARE,SHAMPOO,LOREAL SA,LOREAL,9508729.269,11/1/2017,97,98028,c.$50 - $100
MASS,HAIR CARE,SHAMPOO,LOREAL SA,LOREAL,11522501.65,12/1/2017,78,147724,d.$100+
MASS,HAIR CARE,SHAMPOO,LOREAL SA,LOREAL,10136289.06,1/1/2018,9,1126254,d.$100+
MASS,HAIR CARE,SHAMPOO,LOREAL SA,LOREAL,10272038.35,2/1/2018,24,428002,d.$100+
MASS,HAIR CARE,SHAMPOO,LOREAL SA,LOREAL,12980997.33,3/1/2018,76,170803,d.$100+
MASS,HAIR CARE,SHAMPOO,LOREAL SA,LOREAL,9804505.704,4/1/2018,35,280129,d.$100+
MASS,HAIR CARE,SHAMPOO,LOREAL SA,LOREAL,9953546.928,5/1/2018,61,163173,d.$100+
MASS,HAIR CARE,SHAMPOO,LOREAL SA,LOREAL,12837948.74,6/1/2018,90,142644,d.$100+
MASS,HAIR CARE,SHAMPOO,LOREAL SA,LOREAL,10366883.76,7/1/2018,57,181875,d.$100+
MASS,HAIR CARE,SHAMPOO,LOREAL SA,LOREAL,10181668.46,8/1/2018,62,164220,d.$100+
MASS,HAIR CARE,SHAMPOO,LOREAL SA,LOREAL,10752454.04,9/1/2018,51,210832,d.$100+
MASS,HAIR CARE,SHAMPOO,LOREAL SA,LOREAL,9898396.324,10/1/2018,43,230195,d.$100+
MASS,HAIR CARE,SHAMPOO,LOREAL SA,LOREAL,8802535.552,11/1/2018,78,112853,d.$100+
MASS,HAIR CARE,SHAMPOO,LOREAL SA,LOREAL,10574439.46,12/1/2018,34,311013,d.$100+
MASS,HAIR CARE,SHAMPOO,LOREAL SA,LOREAL,11828351.51,1/1/2019,77,153615,d.$100+
MASS,HAIR CARE,SHAMPOO,LOREAL SA,LOREAL,10701081.73,2/1/2019,4,2675270,d.$100+
MASS,HAIR CARE,SHAMPOO,LOREAL SA,LOREAL,12879575.82,3/1/2019,74,174048,d.$100+
MASS,HAIR CARE,SHAMPOO,LOREAL SA,LOREAL,10471307.28,4/1/2019,30,349044,d.$100+
MASS,HAIR CARE,SHAMPOO,LOREAL SA,LOREAL,9402486.184,5/1/2019,34,276544,d.$100+
MASS,HAIR CARE,SHAMPOO,LOREAL SA,LOREAL,12026925.1,6/1/2019,33,364452,d.$100+
MASS,HAIR CARE,SHAMPOO,LOREAL SA,LOREAL,9293642.768,7/1/2019,67,138711,d.$100+
MASS,HAIR CARE,SHAMPOO,LOREAL SA,LOREAL,9973132.39,8/1/2019,44,226662,d.$100+
MASS,HAIR CARE,STYLING PRODUCTS,LOREAL SA,LOREAL,3260592.823,8/1/2017,8,407574,d.$100+
MASS,HAIR CARE,STYLING PRODUCTS,LOREAL SA,LOREAL,4056157.003,9/1/2017,25,162246,d.$100+
MASS,HAIR CARE,STYLING PRODUCTS,LOREAL SA,LOREAL,3254922.335,10/1/2017,4,813731,d.$100+
MASS,HAIR CARE,STYLING PRODUCTS,LOREAL SA,LOREAL,2902860.851,11/1/2017,81,35838,c.$50 - $100
MASS,HAIR CARE,STYLING PRODUCTS,LOREAL SA,LOREAL,3674416.635,12/1/2017,53,69329,c.$50 - $100
MASS,HAIR CARE,STYLING PRODUCTS,LOREAL SA,LOREAL,2991506.198,1/1/2018,97,30840,c.$50 - $100
MASS,HAIR CARE,STYLING PRODUCTS,LOREAL SA,LOREAL,3014759.873,2/1/2018,21,143560,d.$100+
MASS,HAIR CARE,STYLING PRODUCTS,LOREAL SA,LOREAL,3878035.442,3/1/2018,60,64634,c.$50 - $100
MASS,HAIR CARE,STYLING PRODUCTS,LOREAL SA,LOREAL,2900072.693,4/1/2018,75,38668,c.$50 - $100
MASS,HAIR CARE,STYLING PRODUCTS,LOREAL SA,LOREAL,2931696.735,5/1/2018,34,86226,c.$50 - $100
MASS,HAIR CARE,STYLING PRODUCTS,LOREAL SA,LOREAL,3615902.856,6/1/2018,2,1807951,d.$100+
MASS,HAIR CARE,STYLING PRODUCTS,LOREAL SA,LOREAL,2838522.894,7/1/2018,46,61707,c.$50 - $100
MASS,HAIR CARE,STYLING PRODUCTS,LOREAL SA,LOREAL,3004660.876,8/1/2018,97,30976,c.$50 - $100
MASS,HAIR CARE,STYLING PRODUCTS,LOREAL SA,LOREAL,3451709.925,9/1/2018,56,61638,c.$50 - $100
MASS,HAIR CARE,STYLING PRODUCTS,LOREAL SA,LOREAL,2906024.216,10/1/2018,90,32289,c.$50 - $100
MASS,HAIR CARE,STYLING PRODUCTS,LOREAL SA,LOREAL,2713208.87,11/1/2018,8,339151,d.$100+
MASS,HAIR CARE,STYLING PRODUCTS,LOREAL SA,LOREAL,3412231.188,12/1/2018,95,35918,c.$50 - $100
MASS,HAIR CARE,STYLING PRODUCTS,LOREAL SA,LOREAL,2987746.703,1/1/2019,61,48979,c.$50 - $100
MASS,HAIR CARE,STYLING PRODUCTS,LOREAL SA,LOREAL,2901277.434,2/1/2019,10,290128,d.$100+
MASS,HAIR CARE,STYLING PRODUCTS,LOREAL SA,LOREAL,3534903.542,3/1/2019,8,441863,d.$100+
MASS,HAIR CARE,STYLING PRODUCTS,LOREAL SA,LOREAL,2744920.934,4/1/2019,1,2744921,d.$100+
MASS,HAIR CARE,STYLING PRODUCTS,LOREAL SA,LOREAL,2762022.36,5/1/2019,48,57542,c.$50 - $100
MASS,HAIR CARE,STYLING PRODUCTS,LOREAL SA,LOREAL,3406686.193,6/1/2019,61,55847,c.$50 - $100
MASS,HAIR CARE,STYLING PRODUCTS,LOREAL SA,LOREAL,2524119.102,7/1/2019,2,1262060,d.$100+
MASS,HAIR CARE,STYLING PRODUCTS,LOREAL SA,LOREAL,2723397.706,8/1/2019,20,136170,d.$100+
MASS,HAIR CARE,TREATMENT,LOREAL SA,LOREAL,2228426.671,8/1/2017,13,171417,d.$100+
MASS,HAIR CARE,TREATMENT,LOREAL SA,LOREAL,2703092.367,9/1/2017,28,96539,c.$50 - $100
MASS,HAIR CARE,TREATMENT,LOREAL SA,LOREAL,1941554.903,10/1/2017,82,23677,c.$50 - $100
MASS,HAIR CARE,TREATMENT,LOREAL SA,LOREAL,1807346.809,11/1/2017,67,26975,c.$50 - $100
MASS,HAIR CARE,TREATMENT,LOREAL SA,LOREAL,2227185.457,12/1/2017,79,28192,c.$50 - $100
MASS,HAIR CARE,TREATMENT,LOREAL SA,LOREAL,1789619.243,1/1/2018,83,21562,c.$50 - $100
MASS,HAIR CARE,TREATMENT,LOREAL SA,LOREAL,1719220.957,2/1/2018,94,18290,c.$50 - $100
MASS,HAIR CARE,TREATMENT,LOREAL SA,LOREAL,2177303.118,3/1/2018,14,155522,d.$100+
MASS,HAIR CARE,TREATMENT,LOREAL SA,LOREAL,1614005.148,4/1/2018,3,538002,d.$100+
MASS,HAIR CARE,TREATMENT,LOREAL SA,LOREAL,2141532.057,5/1/2018,37,57879,c.$50 - $100
MASS,HAIR CARE,TREATMENT,LOREAL SA,LOREAL,2314318.816,6/1/2018,59,39226,c.$50 - $100
MASS,HAIR CARE,TREATMENT,LOREAL SA,LOREAL,1811517.865,7/1/2018,68,26640,c.$50 - $100
MASS,HAIR CARE,TREATMENT,LOREAL SA,LOREAL,1863609.477,8/1/2018,12,155301,d.$100+
MASS,HAIR CARE,TREATMENT,LOREAL SA,LOREAL,2072401.443,9/1/2018,62,33426,c.$50 - $100
MASS,HAIR CARE,TREATMENT,LOREAL SA,LOREAL,1641275.306,10/1/2018,85,19309,c.$50 - $100
MASS,HAIR CARE,TREATMENT,LOREAL SA,LOREAL,1500453.533,11/1/2018,53,28310,c.$50 - $100
MASS,HAIR CARE,TREATMENT,LOREAL SA,LOREAL,1802265.253,12/1/2018,9,200252,d.$100+
MASS,HAIR CARE,TREATMENT,LOREAL SA,LOREAL,2632829.477,1/1/2019,53,49676,c.$50 - $100
MASS,HAIR CARE,TREATMENT,LOREAL SA,LOREAL,4080863.185,2/1/2019,97,42071,c.$50 - $100
MASS,HAIR CARE,TREATMENT,LOREAL SA,LOREAL,4063108.423,3/1/2019,47,86449,c.$50 - $100
MASS,HAIR CARE,TREATMENT,LOREAL SA,LOREAL,2692304.316,4/1/2019,22,122377,d.$100+
MASS,HAIR CARE,TREATMENT,LOREAL SA,LOREAL,2871529.494,5/1/2019,36,79765,c.$50 - $100
MASS,HAIR CARE,TREATMENT,LOREAL SA,LOREAL,3031408.746,6/1/2019,3,1010470,d.$100+
MASS,HAIR CARE,TREATMENT,LOREAL SA,LOREAL,2340579.187,7/1/2019,45,52013,c.$50 - $100
MASS,HAIR CARE,TREATMENT,LOREAL SA,LOREAL,2639315.517,8/1/2019,43,61379,c.$50 - $100
MASS,HAIR COLOR,ALL OVER,LOREAL SA CORP,LOREAL,31861181,8/1/2017,56,568950,d.$100+
MASS,HAIR COLOR,ALL OVER,LOREAL SA CORP,LOREAL,38754496,9/1/2017,94,412282,d.$100+
MASS,HAIR COLOR,ALL OVER,LOREAL SA CORP,LOREAL,30392139,10/1/2017,72,422113,d.$100+
MASS,HAIR COLOR,ALL OVER,LOREAL SA CORP,LOREAL,32459165,11/1/2017,30,1081972,d.$100+
MASS,HAIR COLOR,ALL OVER,LOREAL SA CORP,LOREAL,38175391,12/1/2017,1,38175391,d.$100+
MASS,HAIR COLOR,ALL OVER,LOREAL SA CORP,LOREAL,31340601,1/1/2018,5,6268120,d.$100+
MASS,HAIR COLOR,ALL OVER,LOREAL SA CORP,LOREAL,32192222,2/1/2018,90,357691,d.$100+
MASS,HAIR COLOR,ALL OVER,LOREAL SA CORP,LOREAL,38718022,3/1/2018,17,2277531,d.$100+
MASS,HAIR COLOR,ALL OVER,LOREAL SA CORP,LOREAL,31506557,4/1/2018,13,2423581,d.$100+
MASS,HAIR COLOR,ALL OVER,LOREAL SA CORP,LOREAL,31477220,5/1/2018,91,345904,d.$100+
MASS,HAIR COLOR,ALL OVER,LOREAL SA CORP,LOREAL,38757133,6/1/2018,24,1614881,d.$100+
MASS,HAIR COLOR,ALL OVER,LOREAL SA CORP,LOREAL,31579591,7/1/2018,85,371525,d.$100+
MASS,HAIR COLOR,ALL OVER,LOREAL SA CORP,LOREAL,30973157,8/1/2018,62,499567,d.$100+
MASS,HAIR COLOR,ALL OVER,LOREAL SA CORP,LOREAL,38790666,9/1/2018,61,635913,d.$100+
MASS,HAIR COLOR,ALL OVER,LOREAL SA CORP,LOREAL,30180990,10/1/2018,68,443838,d.$100+
MASS,HAIR COLOR,ALL OVER,LOREAL SA CORP,LOREAL,31036366,11/1/2018,93,333724,d.$100+
MASS,HAIR COLOR,ALL OVER,LOREAL SA CORP,LOREAL,37306813,12/1/2018,9,4145201,d.$100+
MASS,HAIR COLOR,ALL OVER,LOREAL SA CORP,LOREAL,31890535,1/1/2019,11,2899140,d.$100+
MASS,HAIR COLOR,ALL OVER,LOREAL SA CORP,LOREAL,31529499,2/1/2019,40,788237,d.$100+
MASS,HAIR COLOR,ALL OVER,LOREAL SA CORP,LOREAL,40037228,3/1/2019,98,408543,d.$100+
MASS,HAIR COLOR,ALL OVER,LOREAL SA CORP,LOREAL,30934251,4/1/2019,10,3093425,d.$100+
MASS,HAIR COLOR,ALL OVER,LOREAL SA CORP,LOREAL,31117375,5/1/2019,24,1296557,d.$100+
MASS,HAIR COLOR,ALL OVER,LOREAL SA CORP,LOREAL,38346965,6/1/2019,12,3195580,d.$100+
MASS,HAIR COLOR,ALL OVER,LOREAL SA CORP,LOREAL,30951301,7/1/2019,66,468959,d.$100+
MASS,HAIR COLOR,ALL OVER,LOREAL SA CORP,LOREAL,30701042,8/1/2019,18,1705613,d.$100+
MASS,HAIR COLOR,EFFECTS,LOREAL SA CORP,LOREAL,2853052,8/1/2017,63,45287,c.$50 - $100
MASS,HAIR COLOR,EFFECTS,LOREAL SA CORP,LOREAL,3282701,9/1/2017,83,39551,c.$50 - $100
MASS,HAIR COLOR,EFFECTS,LOREAL SA CORP,LOREAL,2565414,10/1/2017,46,55770,c.$50 - $100
MASS,HAIR COLOR,EFFECTS,LOREAL SA CORP,LOREAL,2579628,11/1/2017,93,27738,c.$50 - $100
MASS,HAIR COLOR,EFFECTS,LOREAL SA CORP,LOREAL,3196163,12/1/2017,30,106539,d.$100+
MASS,HAIR COLOR,EFFECTS,LOREAL SA CORP,LOREAL,2627464,1/1/2018,44,59715,c.$50 - $100
MASS,HAIR COLOR,EFFECTS,LOREAL SA CORP,LOREAL,2937058,2/1/2018,0,0,a.less than $25
MASS,HAIR COLOR,EFFECTS,LOREAL SA CORP,LOREAL,3861199,3/1/2018,54,71504,c.$50 - $100
MASS,HAIR COLOR,EFFECTS,LOREAL SA CORP,LOREAL,2959765,4/1/2018,51,58035,c.$50 - $100
MASS,HAIR COLOR,EFFECTS,LOREAL SA CORP,LOREAL,2896138,5/1/2018,55,52657,c.$50 - $100
MASS,HAIR COLOR,EFFECTS,LOREAL SA CORP,LOREAL,3722552,6/1/2018,73,50994,c.$50 - $100
MASS,HAIR COLOR,EFFECTS,LOREAL SA CORP,LOREAL,2869314,7/1/2018,96,29889,c.$50 - $100
MASS,HAIR COLOR,EFFECTS,LOREAL SA CORP,LOREAL,2811288,8/1/2018,3,937096,d.$100+
MASS,HAIR COLOR,EFFECTS,LOREAL SA CORP,LOREAL,3211317,9/1/2018,14,229380,d.$100+
MASS,HAIR COLOR,EFFECTS,LOREAL SA CORP,LOREAL,2773640,10/1/2018,53,52333,c.$50 - $100
MASS,HAIR COLOR,EFFECTS,LOREAL SA CORP,LOREAL,2637794,11/1/2018,16,164862,d.$100+
MASS,HAIR COLOR,EFFECTS,LOREAL SA CORP,LOREAL,3351692,12/1/2018,68,49290,c.$50 - $100
MASS,HAIR COLOR,EFFECTS,LOREAL SA CORP,LOREAL,2919443,1/1/2019,29,100670,d.$100+
MASS,HAIR COLOR,EFFECTS,LOREAL SA CORP,LOREAL,3566528,2/1/2019,80,44582,c.$50 - $100
MASS,HAIR COLOR,EFFECTS,LOREAL SA CORP,LOREAL,5211552,3/1/2019,10,521155,d.$100+
MASS,HAIR COLOR,EFFECTS,LOREAL SA CORP,LOREAL,3630004,4/1/2019,41,88537,c.$50 - $100
MASS,HAIR COLOR,EFFECTS,LOREAL SA CORP,LOREAL,3681977,5/1/2019,68,54147,c.$50 - $100
MASS,HAIR COLOR,EFFECTS,LOREAL SA CORP,LOREAL,4857106,6/1/2019,97,50073,c.$50 - $100
MASS,HAIR COLOR,EFFECTS,LOREAL SA CORP,LOREAL,3861894,7/1/2019,44,87770,c.$50 - $100
MASS,HAIR COLOR,EFFECTS,LOREAL SA CORP,LOREAL,3576378,8/1/2019,36,99344,c.$50 - $100
