data_for_container/data/Revlon Dataset Updated Aug 2019.csv
Channel,Category,Sub Category,Manufacturer,Brand,Revenue,Date,Units,Price,Price Tier
MASS,HAIR COLOR,NA,LOREAL SA CORP,LOREAL,16417,8/1/2017,55,298,a.less than $25
MASS,HAIR COLOR,NA,LOREAL SA CORP,LOREAL,12361,9/1/2017,49,252,a.less than $25
MASS,HAIR COLOR,NA,LOREAL SA CORP,LOREAL,8308,10/1/2017,8,1039,a.less than $25
MASS,HAIR COLOR,NA,LOREAL SA CORP,LOREAL,7141,11/1/2017,94,76,a.less than $25
MASS,HAIR COLOR,NA,LOREAL SA CORP,LOREAL,41158,12/1/2017,65,633,a.less than $25
MASS,HAIR COLOR,NA,LOREAL SA CORP,LOREAL,358241,1/1/2018,99,3619,b.$25 - $50
MASS,HAIR COLOR,NA,LOREAL SA CORP,LOREAL,820377,2/1/2018,36,22788,c.$50 - $100
MASS,HAIR COLOR,NA,LOREAL SA CORP,LOREAL,1442378,3/1/2018,76,18979,c.$50 - $100
MASS,HAIR COLOR,NA,LOREAL SA CORP,LOREAL,1249295,4/1/2018,98,12748,c.$50 - $100
MASS,HAIR COLOR,NA,LOREAL SA CORP,LOREAL,1276232,5/1/2018,92,13872,c.$50 - $100
MASS,HAIR COLOR,NA,LOREAL SA CORP,LOREAL,2252725,6/1/2018,12,187727,d.$100+
MASS,HAIR COLOR,NA,LOREAL SA CORP,LOREAL,1709548,7/1/2018,96,17808,c.$50 - $100
MASS,HAIR COLOR,NA,LOREAL SA CORP,LOREAL,1431191,8/1/2018,63,22717,c.$50 - $100
MASS,HAIR COLOR,NA,LOREAL SA CORP,LOREAL,1501383,9/1/2018,47,31944,c.$50 - $100
MASS,HAIR COLOR,NA,LOREAL SA CORP,LOREAL,1310153,10/1/2018,50,26203,c.$50 - $100
MASS,HAIR COLOR,NA,LOREAL SA CORP,LOREAL,1118222,11/1/2018,55,20331,c.$50 - $100
MASS,HAIR COLOR,NA,LOREAL SA CORP,LOREAL,1336607,12/1/2018,91,14688,c.$50 - $100
MASS,HAIR COLOR,NA,LOREAL SA CORP,LOREAL,1108115,1/1/2019,64,17314,c.$50 - $100
MASS,HAIR COLOR,NA,LOREAL SA CORP,LOREAL,1090250,2/1/2019,28,38938,c.$50 - $100
MASS,HAIR COLOR,NA,LOREAL SA CORP,LOREAL,1495446,3/1/2019,72,20770,c.$50 - $100
MASS,HAIR COLOR,NA,LOREAL SA CORP,LOREAL,970128,4/1/2019,67,14480,c.$50 - $100
MASS,HAIR COLOR,NA,LOREAL SA CORP,LOREAL,977059,5/1/2019,4,244265,d.$100+
MASS,HAIR COLOR,NA,LOREAL SA CORP,LOREAL,1897023,6/1/2019,58,32707,c.$50 - $100
MASS,HAIR COLOR,NA,LOREAL SA CORP,LOREAL,1352129,7/1/2019,74,18272,c.$50 - $100
MASS,HAIR COLOR,NA,LOREAL SA CORP,LOREAL,1041081,8/1/2019,0,0,a.less than $25
MASS,HAIR COLOR,ROOT TOUCH UP,LOREAL SA CORP,LOREAL,2391716,8/1/2017,15,159448,d.$100+
MASS,HAIR COLOR,ROOT TOUCH UP,LOREAL SA CORP,LOREAL,2875343,9/1/2017,25,115014,d.$100+
MASS,HAIR COLOR,ROOT TOUCH UP,LOREAL SA CORP,LOREAL,2397307,10/1/2017,65,36882,c.$50 - $100
MASS,HAIR COLOR,ROOT TOUCH UP,LOREAL SA CORP,LOREAL,2390403,11/1/2017,7,341486,d.$100+
MASS,HAIR COLOR,ROOT TOUCH UP,LOREAL SA CORP,LOREAL,2898949,12/1/2017,20,144947,d.$100+
MASS,HAIR COLOR,ROOT TOUCH UP,LOREAL SA CORP,LOREAL,2660175,1/1/2018,60,44336,c.$50 - $100
MASS,HAIR COLOR,ROOT TOUCH UP,LOREAL SA CORP,LOREAL,3105016,2/1/2018,79,39304,c.$50 - $100
MASS,HAIR COLOR,ROOT TOUCH UP,LOREAL SA CORP,LOREAL,3823194,3/1/2018,15,254880,d.$100+
MASS,HAIR COLOR,ROOT TOUCH UP,LOREAL SA CORP,LOREAL,3176587,4/1/2018,26,122176,d.$100+
MASS,HAIR COLOR,ROOT TOUCH UP,LOREAL SA CORP,LOREAL,3204007,5/1/2018,5,640801,d.$100+
MASS,HAIR COLOR,ROOT TOUCH UP,LOREAL SA CORP,LOREAL,3888645,6/1/2018,85,45749,c.$50 - $100
MASS,HAIR COLOR,ROOT TOUCH UP,LOREAL SA CORP,LOREAL,3285134,7/1/2018,86,38199,c.$50 - $100
MASS,HAIR COLOR,ROOT TOUCH UP,LOREAL SA CORP,LOREAL,3228102,8/1/2018,80,40351,c.$50 - $100
MASS,HAIR COLOR,ROOT TOUCH UP,LOREAL SA CORP,LOREAL,4200998,9/1/2018,4,1050250,d.$100+
MASS,HAIR COLOR,ROOT TOUCH UP,LOREAL SA CORP,LOREAL,3429517,10/1/2018,75,45727,c.$50 - $100
MASS,HAIR COLOR,ROOT TOUCH UP,LOREAL SA CORP,LOREAL,3628407,11/1/2018,59,61498,c.$50 - $100
MASS,HAIR COLOR,ROOT TOUCH UP,LOREAL SA CORP,LOREAL,4402076,12/1/2018,60,73368,c.$50 - $100
MASS,HAIR COLOR,ROOT TOUCH UP,LOREAL SA CORP,LOREAL,3695013,1/1/2019,59,62627,c.$50 - $100
MASS,HAIR COLOR,ROOT TOUCH UP,LOREAL SA CORP,LOREAL,3709955,2/1/2019,95,39052,c.$50 - $100
MASS,HAIR COLOR,ROOT TOUCH UP,LOREAL SA CORP,LOREAL,4880498,3/1/2019,60,81342,c.$50 - $100
MASS,HAIR COLOR,ROOT TOUCH UP,LOREAL SA CORP,LOREAL,4110435,4/1/2019,85,48358,c.$50 - $100
MASS,HAIR COLOR,ROOT TOUCH UP,LOREAL SA CORP,LOREAL,4146527,5/1/2019,35,118472,d.$100+
MASS,HAIR COLOR,ROOT TOUCH UP,LOREAL SA CORP,LOREAL,5268696,6/1/2019,46,114537,d.$100+
MASS,HAIR COLOR,ROOT TOUCH UP,LOREAL SA CORP,LOREAL,4175023,7/1/2019,76,54935,c.$50 - $100
MASS,HAIR COLOR,ROOT TOUCH UP,LOREAL SA CORP,LOREAL,4255341,8/1/2019,99,42983,c.$50 - $100
MASS,MURS,MURS LQ,LOREAL SA CORP,LOREAL,286939,8/1/2017,78,3679,b.$25 - $50
MASS,MURS,MURS LQ,LOREAL SA CORP,LOREAL,353452,9/1/2017,59,5991,c.$50 - $100
MASS,MURS,MURS LQ,LOREAL SA CORP,LOREAL,289313,10/1/2017,61,4743,b.$25 - $50
MASS,MURS,MURS LQ,LOREAL SA CORP,LOREAL,295986,11/1/2017,34,8705,c.$50 - $100
MASS,MURS,MURS LQ,LOREAL SA CORP,LOREAL,388828,12/1/2017,22,17674,c.$50 - $100
MASS,MURS,MURS LQ,LOREAL SA CORP,LOREAL,298276,1/1/2018,42,7102,c.$50 - $100
MASS,MURS,MURS LQ,LOREAL SA CORP,LOREAL,301074,2/1/2018,5,60215,c.$50 - $100
MASS,MURS,MURS LQ,LOREAL SA CORP,LOREAL,367017,3/1/2018,42,8739,c.$50 - $100
MASS,MURS,MURS LQ,LOREAL SA CORP,LOREAL,283349,4/1/2018,44,6440,c.$50 - $100
MASS,MURS,MURS LQ,LOREAL SA CORP,LOREAL,285657,5/1/2018,46,6210,c.$50 - $100
MASS,MURS,MURS LQ,LOREAL SA CORP,LOREAL,327996,6/1/2018,96,3417,b.$25 - $50
MASS,MURS,MURS LQ,LOREAL SA CORP,LOREAL,248034,7/1/2018,72,3445,b.$25 - $50
MASS,MURS,MURS LQ,LOREAL SA CORP,LOREAL,257322,8/1/2018,16,16083,c.$50 - $100
MASS,MURS,MURS LQ,LOREAL SA CORP,LOREAL,311527,9/1/2018,24,12980,c.$50 - $100
MASS,MURS,MURS LQ,LOREAL SA CORP,LOREAL,256753,10/1/2018,95,2703,b.$25 - $50
MASS,MURS,MURS LQ,LOREAL SA CORP,LOREAL,255201,11/1/2018,66,3867,b.$25 - $50
MASS,MURS,MURS LQ,LOREAL SA CORP,LOREAL,328007,12/1/2018,18,18223,c.$50 - $100
MASS,MURS,MURS LQ,LOREAL SA CORP,LOREAL,240041,1/1/2019,38,6317,c.$50 - $100
MASS,MURS,MURS LQ,LOREAL SA CORP,LOREAL,239136,2/1/2019,77,3106,b.$25 - $50
MASS,MURS,MURS LQ,LOREAL SA CORP,LOREAL,311624,3/1/2019,100,3116,b.$25 - $50
MASS,MURS,MURS LQ,LOREAL SA CORP,LOREAL,237005,4/1/2019,43,5512,c.$50 - $100
MASS,MURS,MURS LQ,LOREAL SA CORP,LOREAL,240876,5/1/2019,92,2618,b.$25 - $50
MASS,MURS,MURS LQ,LOREAL SA CORP,LOREAL,283635,6/1/2019,62,4575,b.$25 - $50
MASS,MURS,MURS LQ,LOREAL SA CORP,LOREAL,219836,7/1/2019,6,36639,c.$50 - $100
MASS,MURS,MURS LQ,LOREAL SA CORP,LOREAL,227989,8/1/2019,36,6333,c.$50 - $100
MASS,MURS,MURS TWLT,LOREAL SA CORP,LOREAL,94939,8/1/2017,44,2158,a.less than $25
MASS,MURS,MURS TWLT,LOREAL SA CORP,LOREAL,112178,9/1/2017,67,1674,a.less than $25
MASS,MURS,MURS TWLT,LOREAL SA CORP,LOREAL,68682,10/1/2017,95,723,a.less than $25
MASS,MURS,MURS TWLT,LOREAL SA CORP,LOREAL,63833,11/1/2017,58,1101,a.less than $25
MASS,MURS,MURS TWLT,LOREAL SA CORP,LOREAL,74974,12/1/2017,64,1171,a.less than $25
MASS,MURS,MURS TWLT,LOREAL SA CORP,LOREAL,54661,1/1/2018,33,1656,a.less than $25
MASS,MURS,MURS TWLT,LOREAL SA CORP,LOREAL,58849,2/1/2018,86,684,a.less than $25
MASS,MURS,MURS TWLT,LOREAL SA CORP,LOREAL,91760,3/1/2018,78,1176,a.less than $25
MASS,MURS,MURS TWLT,LOREAL SA CORP,LOREAL,63410,4/1/2018,40,1585,a.less than $25
MASS,MURS,MURS TWLT,LOREAL SA CORP,LOREAL,78701,5/1/2018,68,1157,a.less than $25
MASS,MURS,MURS TWLT,LOREAL SA CORP,LOREAL,86659,6/1/2018,16,5416,c.$50 - $100
MASS,MURS,MURS TWLT,LOREAL SA CORP,LOREAL,63405,7/1/2018,20,3170,b.$25 - $50
MASS,MURS,MURS TWLT,LOREAL SA CORP,LOREAL,61921,8/1/2018,75,826,a.less than $25
MASS,MURS,MURS TWLT,LOREAL SA CORP,LOREAL,73219,9/1/2018,84,872,a.less than $25
MASS,MURS,MURS TWLT,LOREAL SA CORP,LOREAL,45776,10/1/2018,43,1065,a.less than $25
MASS,MURS,MURS TWLT,LOREAL SA CORP,LOREAL,40391,11/1/2018,72,561,a.less than $25
MASS,MURS,MURS TWLT,LOREAL SA CORP,LOREAL,65700,12/1/2018,87,755,a.less than $25
MASS,MURS,MURS TWLT,LOREAL SA CORP,LOREAL,63362,1/1/2019,56,1131,a.less than $25
MASS,MURS,MURS TWLT,LOREAL SA CORP,LOREAL,51530,2/1/2019,86,599,a.less than $25
MASS,MURS,MURS TWLT,LOREAL SA CORP,LOREAL,70657,3/1/2019,78,906,a.less than $25
MASS,MURS,MURS TWLT,LOREAL SA CORP,LOREAL,60123,4/1/2019,5,12025,c.$50 - $100
MASS,MURS,MURS TWLT,LOREAL SA CORP,LOREAL,59165,5/1/2019,30,1972,a.less than $25
MASS,MURS,MURS TWLT,LOREAL SA CORP,LOREAL,68221,6/1/2019,77,886,a.less than $25
MASS,MURS,MURS TWLT,LOREAL SA CORP,LOREAL,55428,7/1/2019,46,1205,a.less than $25
MASS,MURS,MURS TWLT,LOREAL SA CORP,LOREAL,46549,8/1/2019,79,589,a.less than $25
PRESTIGE,FRAGRANCES,WOMEN,ESTEE LAUDER INC,MAC,372611,8/1/2017,48,7763,c.$50 - $100
PRESTIGE,FRAGRANCES,WOMEN,ESTEE LAUDER INC,MAC,485658,9/1/2017,55,8830,c.$50 - $100
PRESTIGE,FRAGRANCES,WOMEN,ESTEE LAUDER INC,MAC,357688,10/1/2017,54,6624,c.$50 - $100
PRESTIGE,FRAGRANCES,WOMEN,ESTEE LAUDER INC,MAC,423830,11/1/2017,100,4238,b.$25 - $50
PRESTIGE,FRAGRANCES,WOMEN,ESTEE LAUDER INC,MAC,1521204,12/1/2017,94,16183,c.$50 - $100
PRESTIGE,FRAGRANCES,WOMEN,ESTEE LAUDER INC,MAC,349939,1/1/2018,65,5384,c.$50 - $100
PRESTIGE,FRAGRANCES,WOMEN,ESTEE LAUDER INC,MAC,533537,2/1/2018,49,10889,c.$50 - $100
PRESTIGE,FRAGRANCES,WOMEN,ESTEE LAUDER INC,MAC,656784,3/1/2018,2,328392,d.$100+
PRESTIGE,FRAGRANCES,WOMEN,ESTEE LAUDER INC,MAC,492916,4/1/2018,11,44811,c.$50 - $100
PRESTIGE,FRAGRANCES,WOMEN,ESTEE LAUDER INC,MAC,571854,5/1/2018,65,8798,c.$50 - $100
PRESTIGE,FRAGRANCES,WOMEN,ESTEE LAUDER INC,MAC,510790,6/1/2018,6,85132,c.$50 - $100
PRESTIGE,FRAGRANCES,WOMEN,ESTEE LAUDER INC,MAC,393119,7/1/2018,60,6552,c.$50 - $100
PRESTIGE,FRAGRANCES,WOMEN,ESTEE LAUDER INC,MAC,390508,8/1/2018,48,8136,c.$50 - $100
PRESTIGE,FRAGRANCES,WOMEN,ESTEE LAUDER INC,MAC,535448,9/1/2018,66,8113,c.$50 - $100
PRESTIGE,FRAGRANCES,WOMEN,ESTEE LAUDER INC,MAC,356578,10/1/2018,62,5751,c.$50 - $100
PRESTIGE,FRAGRANCES,WOMEN,ESTEE LAUDER INC,MAC,704967,11/1/2018,27,26110,c.$50 - $100
PRESTIGE,FRAGRANCES,WOMEN,ESTEE LAUDER INC,MAC,1554357,12/1/2018,27,57569,c.$50 - $100
PRESTIGE,FRAGRANCES,WOMEN,ESTEE LAUDER INC,MAC,249613,1/1/2019,58,4304,b.$25 - $50
PRESTIGE,FRAGRANCES,WOMEN,ESTEE LAUDER INC,MAC,525498,2/1/2019,100,5255,c.$50 - $100
PRESTIGE,FRAGRANCES,WOMEN,ESTEE LAUDER INC,MAC,550260,3/1/2019,6,91710,c.$50 - $100
PRESTIGE,FRAGRANCES,WOMEN,ESTEE LAUDER INC,MAC,458690,4/1/2019,3,152897,d.$100+
PRESTIGE,FRAGRANCES,WOMEN,ESTEE LAUDER INC,MAC,515156,5/1/2019,53,9720,c.$50 - $100
PRESTIGE,FRAGRANCES,WOMEN,ESTEE LAUDER INC,MAC,447744,6/1/2019,53,8448,c.$50 - $100
PRESTIGE,FRAGRANCES,WOMEN,ESTEE LAUDER INC,MAC,372573,7/1/2019,36,10349,c.$50 - $100
PRESTIGE,FRAGRANCES,WOMEN,ESTEE LAUDER INC,MAC,340374,8/1/2019,91,3740,b.$25 - $50
PRESTIGE,MAKEUP,MAKEUP TOTAL ALL OTHER,ESTEE LAUDER INC,MAC,786581,8/1/2017,72,10925,c.$50 - $100
PRESTIGE,MAKEUP,MAKEUP TOTAL ALL OTHER,ESTEE LAUDER INC,MAC,648036,9/1/2017,17,38120,c.$50 - $100
PRESTIGE,MAKEUP,MAKEUP TOTAL ALL OTHER,ESTEE LAUDER INC,MAC,951065,10/1/2017,16,59442,c.$50 - $100
PRESTIGE,MAKEUP,MAKEUP TOTAL ALL OTHER,ESTEE LAUDER INC,MAC,1889380,11/1/2017,34,55570,c.$50 - $100
PRESTIGE,MAKEUP,MAKEUP TOTAL ALL OTHER,ESTEE LAUDER INC,MAC,3778530,12/1/2017,52,72664,c.$50 - $100
PRESTIGE,MAKEUP,MAKEUP TOTAL ALL OTHER,ESTEE LAUDER INC,MAC,526183,1/1/2018,78,6746,c.$50 - $100
PRESTIGE,MAKEUP,MAKEUP TOTAL ALL OTHER,ESTEE LAUDER INC,MAC,533673,2/1/2018,11,48516,c.$50 - $100
PRESTIGE,MAKEUP,MAKEUP TOTAL ALL OTHER,ESTEE LAUDER INC,MAC,710989,3/1/2018,83,8566,c.$50 - $100
PRESTIGE,MAKEUP,MAKEUP TOTAL ALL OTHER,ESTEE LAUDER INC,MAC,377556,4/1/2018,37,10204,c.$50 - $100
PRESTIGE,MAKEUP,MAKEUP TOTAL ALL OTHER,ESTEE LAUDER INC,MAC,373439,5/1/2018,76,4914,b.$25 - $50
PRESTIGE,MAKEUP,MAKEUP TOTAL ALL OTHER,ESTEE LAUDER INC,MAC,461118,6/1/2018,51,9042,c.$50 - $100
PRESTIGE,MAKEUP,MAKEUP TOTAL ALL OTHER,ESTEE LAUDER INC,MAC,1126999,7/1/2018,55,20491,c.$50 - $100
PRESTIGE,MAKEUP,MAKEUP TOTAL ALL OTHER,ESTEE LAUDER INC,MAC,2153158,8/1/2018,73,29495,c.$50 - $100
PRESTIGE,MAKEUP,MAKEUP TOTAL ALL OTHER,ESTEE LAUDER INC,MAC,1646198,9/1/2018,12,137183,d.$100+
PRESTIGE,MAKEUP,MAKEUP TOTAL ALL OTHER,ESTEE LAUDER INC,MAC,1280347,10/1/2018,51,25105,c.$50 - $100
PRESTIGE,MAKEUP,MAKEUP TOTAL ALL OTHER,ESTEE LAUDER INC,MAC,1580000,11/1/2018,99,15960,c.$50 - $100
PRESTIGE,MAKEUP,MAKEUP TOTAL ALL OTHER,ESTEE LAUDER INC,MAC,3115285,12/1/2018,91,34234,c.$50 - $100
PRESTIGE,MAKEUP,MAKEUP TOTAL ALL OTHER,ESTEE LAUDER INC,MAC,483999,1/1/2019,64,7562,c.$50 - $100
PRESTIGE,MAKEUP,MAKEUP TOTAL ALL OTHER,ESTEE LAUDER INC,MAC,392099,2/1/2019,18,21783,c.$50 - $100
PRESTIGE,MAKEUP,MAKEUP TOTAL ALL OTHER,ESTEE LAUDER INC,MAC,1248769,3/1/2019,15,83251,c.$50 - $100
PRESTIGE,MAKEUP,MAKEUP TOTAL ALL OTHER,ESTEE LAUDER INC,MAC,1023591,4/1/2019,50,20472,c.$50 - $100
PRESTIGE,MAKEUP,MAKEUP TOTAL ALL OTHER,ESTEE LAUDER INC,MAC,797829,5/1/2019,63,12664,c.$50 - $100
PRESTIGE,MAKEUP,MAKEUP TOTAL ALL OTHER,ESTEE LAUDER INC,MAC,705147,6/1/2019,79,8926,c.$50 - $100
PRESTIGE,MAKEUP,MAKEUP TOTAL ALL OTHER,ESTEE LAUDER INC,MAC,989381,7/1/2019,85,11640,c.$50 - $100
PRESTIGE,MAKEUP,MAKEUP TOTAL ALL OTHER,ESTEE LAUDER INC,MAC,503453,8/1/2019,34,14807,c.$50 - $100
PRESTIGE,MAKEUP,MAKEUP TOTAL EYE,ESTEE LAUDER INC,MAC,11264811,8/1/2017,6,1877469,d.$100+
PRESTIGE,MAKEUP,MAKEUP TOTAL EYE,ESTEE LAUDER INC,MAC,14405918,9/1/2017,19,758206,d.$100+
PRESTIGE,MAKEUP,MAKEUP TOTAL EYE,ESTEE LAUDER INC,MAC,12937034,10/1/2017,75,172494,d.$100+
PRESTIGE,MAKEUP,MAKEUP TOTAL EYE,ESTEE LAUDER INC,MAC,12003349,11/1/2017,85,141216,d.$100+
PRESTIGE,MAKEUP,MAKEUP TOTAL EYE,ESTEE LAUDER INC,MAC,20702898,12/1/2017,55,376416,d.$100+
PRESTIGE,MAKEUP,MAKEUP TOTAL EYE,ESTEE LAUDER INC,MAC,8877088,1/1/2018,2,4438544,d.$100+
PRESTIGE,MAKEUP,MAKEUP TOTAL EYE,ESTEE LAUDER INC,MAC,10038692,2/1/2018,16,627418,d.$100+
PRESTIGE,MAKEUP,MAKEUP TOTAL EYE,ESTEE LAUDER INC,MAC,14827680,3/1/2018,55,269594,d.$100+
PRESTIGE,MAKEUP,MAKEUP TOTAL EYE,ESTEE LAUDER INC,MAC,9688709,4/1/2018,30,322957,d.$100+
PRESTIGE,MAKEUP,MAKEUP TOTAL EYE,ESTEE LAUDER INC,MAC,10567774,5/1/2018,68,155408,d.$100+
PRESTIGE,MAKEUP,MAKEUP TOTAL EYE,ESTEE LAUDER INC,MAC,11261477,6/1/2018,47,239606,d.$100+
PRESTIGE,MAKEUP,MAKEUP TOTAL EYE,ESTEE LAUDER INC,MAC,9247625,7/1/2018,9,1027514,d.$100+
PRESTIGE,MAKEUP,MAKEUP TOTAL EYE,ESTEE LAUDER INC,MAC,9145697,8/1/2018,14,653264,d.$100+
PRESTIGE,MAKEUP,MAKEUP TOTAL EYE,ESTEE LAUDER INC,MAC,12139203,9/1/2018,16,758700,d.$100+
PRESTIGE,MAKEUP,MAKEUP TOTAL EYE,ESTEE LAUDER INC,MAC,10179277,10/1/2018,34,299391,d.$100+
PRESTIGE,MAKEUP,MAKEUP TOTAL EYE,ESTEE LAUDER INC,MAC,10315649,11/1/2018,17,606803,d.$100+
PRESTIGE,MAKEUP,MAKEUP TOTAL EYE,ESTEE LAUDER INC,MAC,16450147,12/1/2018,14,1175011,d.$100+
PRESTIGE,MAKEUP,MAKEUP TOTAL EYE,ESTEE LAUDER INC,MAC,7732679,1/1/2019,19,406983,d.$100+
PRESTIGE,MAKEUP,MAKEUP TOTAL EYE,ESTEE LAUDER INC,MAC,8860217,2/1/2019,0,0,a.less than $25
PRESTIGE,MAKEUP,MAKEUP TOTAL EYE,ESTEE LAUDER INC,MAC,11788141,3/1/2019,1,11788141,d.$100+
PRESTIGE,MAKEUP,MAKEUP TOTAL EYE,ESTEE LAUDER INC,MAC,8980471,4/1/2019,7,1282924,d.$100+
PRESTIGE,MAKEUP,MAKEUP TOTAL EYE,ESTEE LAUDER INC,MAC,9000878,5/1/2019,89,101133,d.$100+
PRESTIGE,MAKEUP,MAKEUP TOTAL EYE,ESTEE LAUDER INC,MAC,10424862,6/1/2019,96,108592,d.$100+
PRESTIGE,MAKEUP,MAKEUP TOTAL EYE,ESTEE LAUDER INC,MAC,7842204,7/1/2019,89,88115,c.$50 - $100
PRESTIGE,MAKEUP,MAKEUP TOTAL EYE,ESTEE LAUDER INC,MAC,8365780,8/1/2019,89,93998,c.$50 - $100
PRESTIGE,MAKEUP,MAKEUP TOTAL FACE,ESTEE LAUDER INC,MAC,24606930,8/1/2017,19,1295102,d.$100+
PRESTIGE,MAKEUP,MAKEUP TOTAL FACE,ESTEE LAUDER INC,MAC,30630272,9/1/2017,65,471235,d.$100+
PRESTIGE,MAKEUP,MAKEUP TOTAL FACE,ESTEE LAUDER INC,MAC,25668718,10/1/2017,59,435063,d.$100+
PRESTIGE,MAKEUP,MAKEUP TOTAL FACE,ESTEE LAUDER INC,MAC,26427990,11/1/2017,8,3303499,d.$100+
PRESTIGE,MAKEUP,MAKEUP TOTAL FACE,ESTEE LAUDER INC,MAC,40432930,12/1/2017,20,2021647,d.$100+
PRESTIGE,MAKEUP,MAKEUP TOTAL FACE,ESTEE LAUDER INC,MAC,20686057,1/1/2018,96,215480,d.$100+
PRESTIGE,MAKEUP,MAKEUP TOTAL FACE,ESTEE LAUDER INC,MAC,23852653,2/1/2018,8,2981582,d.$100+
PRESTIGE,MAKEUP,MAKEUP TOTAL FACE,ESTEE LAUDER INC,MAC,32897631,3/1/2018,57,577151,d.$100+
PRESTIGE,MAKEUP,MAKEUP TOTAL FACE,ESTEE LAUDER INC,MAC,24639655,4/1/2018,95,259365,d.$100+
PRESTIGE,MAKEUP,MAKEUP TOTAL FACE,ESTEE LAUDER INC,MAC,25260625,5/1/2018,20,1263031,d.$100+
PRESTIGE,MAKEUP,MAKEUP TOTAL FACE,ESTEE LAUDER INC,MAC,27432225,6/1/2018,100,274322,d.$100+
PRESTIGE,MAKEUP,MAKEUP TOTAL FACE,ESTEE LAUDER INC,MAC,21642205,7/1/2018,10,2164221,d.$100+
PRESTIGE,MAKEUP,MAKEUP TOTAL FACE,ESTEE LAUDER INC,MAC,21776192,8/1/2018,48,453671,d.$100+
PRESTIGE,MAKEUP,MAKEUP TOTAL FACE,ESTEE LAUDER INC,MAC,28189807,9/1/2018,56,503389,d.$100+
PRESTIGE,MAKEUP,MAKEUP TOTAL FACE,ESTEE LAUDER INC,MAC,22130309,10/1/2018,66,335308,d.$100+
PRESTIGE,MAKEUP,MAKEUP TOTAL FACE,ESTEE LAUDER INC,MAC,22672750,11/1/2018,24,944698,d.$100+
PRESTIGE,MAKEUP,MAKEUP TOTAL FACE,ESTEE LAUDER INC,MAC,34845370,12/1/2018,97,359231,d.$100+
PRESTIGE,MAKEUP,MAKEUP TOTAL FACE,ESTEE LAUDER INC,MAC,19652735,1/1/2019,4,4913184,d.$100+
PRESTIGE,MAKEUP,MAKEUP TOTAL FACE,ESTEE LAUDER INC,MAC,23636676,2/1/2019,49,482381,d.$100+
PRESTIGE,MAKEUP,MAKEUP TOTAL FACE,ESTEE LAUDER INC,MAC,32062920,3/1/2019,5,6412584,d.$100+
PRESTIGE,MAKEUP,MAKEUP TOTAL FACE,ESTEE LAUDER INC,MAC,24853275,4/1/2019,9,2761475,d.$100+
PRESTIGE,MAKEUP,MAKEUP TOTAL FACE,ESTEE LAUDER INC,MAC,23393781,5/1/2019,55,425341,d.$100+
PRESTIGE,MAKEUP,MAKEUP TOTAL FACE,ESTEE LAUDER INC,MAC,27103981,6/1/2019,25,1084159,d.$100+
PRESTIGE,MAKEUP,MAKEUP TOTAL FACE,ESTEE LAUDER INC,MAC,21275926,7/1/2019,33,644725,d.$100+
PRESTIGE,MAKEUP,MAKEUP TOTAL FACE,ESTEE LAUDER INC,MAC,20946152,8/1/2019,52,402811,d.$100+
