data_for_container/data/Revlon Dataset Updated Aug 2019.csv
Channel,Category,Sub Category,Manufacturer,Brand,Revenue,Date,Units,Price,Price Tier
PRESTIGE,MAKEUP,MAKEUP TOTAL LIP,ESTEE LAUDER INC,MAC,12505900,8/1/2017,90,138954,d.$100+
PRESTIGE,MAKEUP,MAKEUP TOTAL LIP,ESTEE LAUDER INC,MAC,17256051,9/1/2017,15,1150403,d.$100+
PRESTIGE,MAKEUP,MAKEUP TOTAL LIP,ESTEE LAUDER INC,MAC,16460544,10/1/2017,10,1646054,d.$100+
PRESTIGE,MAKEUP,MAKEUP TOTAL LIP,ESTEE LAUDER INC,MAC,13558403,11/1/2017,21,645638,d.$100+
PRESTIGE,MAKEUP,MAKEUP TOTAL LIP,ESTEE LAUDER INC,MAC,27295469,12/1/2017,29,941223,d.$100+
PRESTIGE,MAKEUP,MAKEUP TOTAL LIP,ESTEE LAUDER INC,MAC,12158292,1/1/2018,22,552650,d.$100+
PRESTIGE,MAKEUP,MAKEUP TOTAL LIP,ESTEE LAUDER INC,MAC,13700048,2/1/2018,6,2283341,d.$100+
PRESTIGE,MAKEUP,MAKEUP TOTAL LIP,ESTEE LAUDER INC,MAC,18735759,3/1/2018,20,936788,d.$100+
PRESTIGE,MAKEUP,MAKEUP TOTAL LIP,ESTEE LAUDER INC,MAC,12157389,4/1/2018,41,296522,d.$100+
PRESTIGE,MAKEUP,MAKEUP TOTAL LIP,ESTEE LAUDER INC,MAC,12932777,5/1/2018,50,258656,d.$100+
PRESTIGE,MAKEUP,MAKEUP TOTAL LIP,ESTEE LAUDER INC,MAC,15759461,6/1/2018,22,716339,d.$100+
PRESTIGE,MAKEUP,MAKEUP TOTAL LIP,ESTEE LAUDER INC,MAC,12743988,7/1/2018,61,208918,d.$100+
PRESTIGE,MAKEUP,MAKEUP TOTAL LIP,ESTEE LAUDER INC,MAC,11594945,8/1/2018,52,222980,d.$100+
PRESTIGE,MAKEUP,MAKEUP TOTAL LIP,ESTEE LAUDER INC,MAC,18902064,9/1/2018,54,350038,d.$100+
PRESTIGE,MAKEUP,MAKEUP TOTAL LIP,ESTEE LAUDER INC,MAC,12797178,10/1/2018,85,150555,d.$100+
PRESTIGE,MAKEUP,MAKEUP TOTAL LIP,ESTEE LAUDER INC,MAC,13121755,11/1/2018,36,364493,d.$100+
PRESTIGE,MAKEUP,MAKEUP TOTAL LIP,ESTEE LAUDER INC,MAC,23156234,12/1/2018,12,1929686,d.$100+
PRESTIGE,MAKEUP,MAKEUP TOTAL LIP,ESTEE LAUDER INC,MAC,10183664,1/1/2019,26,391679,d.$100+
PRESTIGE,MAKEUP,MAKEUP TOTAL LIP,ESTEE LAUDER INC,MAC,11076949,2/1/2019,7,1582421,d.$100+
PRESTIGE,MAKEUP,MAKEUP TOTAL LIP,ESTEE LAUDER INC,MAC,16070177,3/1/2019,29,554144,d.$100+
PRESTIGE,MAKEUP,MAKEUP TOTAL LIP,ESTEE LAUDER INC,MAC,11833924,4/1/2019,40,295848,d.$100+
PRESTIGE,MAKEUP,MAKEUP TOTAL LIP,ESTEE LAUDER INC,MAC,11672447,5/1/2019,75,155633,d.$100+
PRESTIGE,MAKEUP,MAKEUP TOTAL LIP,ESTEE LAUDER INC,MAC,14512578,6/1/2019,85,170736,d.$100+
PRESTIGE,MAKEUP,MAKEUP TOTAL LIP,ESTEE LAUDER INC,MAC,10900990,7/1/2019,66,165167,d.$100+
PRESTIGE,MAKEUP,MAKEUP TOTAL LIP,ESTEE LAUDER INC,MAC,10254302,8/1/2019,73,140470,d.$100+
PRESTIGE,MAKEUP,MAKEUP TOTAL NAIL,ESTEE LAUDER INC,MAC,7456,8/1/2017,24,311,a.less than $25
PRESTIGE,MAKEUP,MAKEUP TOTAL NAIL,ESTEE LAUDER INC,MAC,39036,9/1/2017,34,1148,a.less than $25
PRESTIGE,MAKEUP,MAKEUP TOTAL NAIL,ESTEE LAUDER INC,MAC,7319,10/1/2017,45,163,a.less than $25
PRESTIGE,MAKEUP,MAKEUP TOTAL NAIL,ESTEE LAUDER INC,MAC,26366,11/1/2017,15,1758,a.less than $25
PRESTIGE,MAKEUP,MAKEUP TOTAL NAIL,ESTEE LAUDER INC,MAC,26471,12/1/2017,11,2406,a.less than $25
PRESTIGE,MAKEUP,MAKEUP TOTAL NAIL,ESTEE LAUDER INC,MAC,295,1/1/2018,22,13,a.less than $25
PRESTIGE,MAKEUP,MAKEUP TOTAL NAIL,ESTEE LAUDER INC,MAC,605,2/1/2018,27,22,a.less than $25
PRESTIGE,MAKEUP,MAKEUP TOTAL NAIL,ESTEE LAUDER INC,MAC,264,3/1/2018,75,4,a.less than $25
PRESTIGE,MAKEUP,MAKEUP TOTAL NAIL,ESTEE LAUDER INC,MAC,-5,4/1/2018,38,0,a.less than $25
PRESTIGE,MAKEUP,MAKEUP TOTAL NAIL,ESTEE LAUDER INC,MAC,-186,5/1/2018,92,-2,a.less than $25
PRESTIGE,MAKEUP,MAKEUP TOTAL NAIL,ESTEE LAUDER INC,MAC,-67,6/1/2018,4,-17,a.less than $25
PRESTIGE,MAKEUP,MAKEUP TOTAL NAIL,ESTEE LAUDER INC,MAC,7143,7/1/2018,6,1191,a.less than $25
PRESTIGE,MAKEUP,MAKEUP TOTAL NAIL,ESTEE LAUDER INC,MAC,8706,8/1/2018,81,107,a.less than $25
PRESTIGE,MAKEUP,MAKEUP TOTAL NAIL,ESTEE LAUDER INC,MAC,10131,9/1/2018,29,349,a.less than $25
PRESTIGE,MAKEUP,MAKEUP TOTAL NAIL,ESTEE LAUDER INC,MAC,6187,10/1/2018,57,109,a.less than $25
PRESTIGE,MAKEUP,MAKEUP TOTAL NAIL,ESTEE LAUDER INC,MAC,3739,11/1/2018,27,138,a.less than $25
PRESTIGE,MAKEUP,MAKEUP TOTAL NAIL,ESTEE LAUDER INC,MAC,3202,12/1/2018,28,114,a.less than $25
PRESTIGE,MAKEUP,MAKEUP TOTAL NAIL,ESTEE LAUDER INC,MAC,692,1/1/2019,15,46,a.less than $25
PRESTIGE,MAKEUP,MAKEUP TOTAL NAIL,ESTEE LAUDER INC,MAC,500,2/1/2019,28,18,a.less than $25
PRESTIGE,MAKEUP,MAKEUP TOTAL NAIL,ESTEE LAUDER INC,MAC,449,3/1/2019,31,14,a.less than $25
PRESTIGE,MAKEUP,MAKEUP TOTAL NAIL,ESTEE LAUDER INC,MAC,274,4/1/2019,31,9,a.less than $25
PRESTIGE,MAKEUP,MAKEUP TOTAL NAIL,ESTEE LAUDER INC,MAC,220,5/1/2019,50,4,a.less than $25
PRESTIGE,MAKEUP,MAKEUP TOTAL NAIL,ESTEE LAUDER INC,MAC,157,6/1/2019,8,20,a.less than $25
PRESTIGE,MAKEUP,MAKEUP TOTAL NAIL,ESTEE LAUDER INC,MAC,61,7/1/2019,64,1,a.less than $25
PRESTIGE,MAKEUP,MAKEUP TOTAL NAIL,ESTEE LAUDER INC,MAC,105,8/1/2019,13,8,a.less than $25
PRESTIGE,MAKEUP,MAKEUP TOTAL SETS,ESTEE LAUDER INC,MAC,536949,8/1/2017,11,48814,c.$50 - $100
PRESTIGE,MAKEUP,MAKEUP TOTAL SETS,ESTEE LAUDER INC,MAC,39720,9/1/2017,13,3055,b.$25 - $50
PRESTIGE,MAKEUP,MAKEUP TOTAL SETS,ESTEE LAUDER INC,MAC,1790718,10/1/2017,35,51163,c.$50 - $100
PRESTIGE,MAKEUP,MAKEUP TOTAL SETS,ESTEE LAUDER INC,MAC,4933114,11/1/2017,25,197325,d.$100+
PRESTIGE,MAKEUP,MAKEUP TOTAL SETS,ESTEE LAUDER INC,MAC,9833141,12/1/2017,14,702367,d.$100+
PRESTIGE,MAKEUP,MAKEUP TOTAL SETS,ESTEE LAUDER INC,MAC,319852,1/1/2018,46,6953,c.$50 - $100
PRESTIGE,MAKEUP,MAKEUP TOTAL SETS,ESTEE LAUDER INC,MAC,219577,2/1/2018,80,2745,b.$25 - $50
PRESTIGE,MAKEUP,MAKEUP TOTAL SETS,ESTEE LAUDER INC,MAC,137214,3/1/2018,28,4901,b.$25 - $50
PRESTIGE,MAKEUP,MAKEUP TOTAL SETS,ESTEE LAUDER INC,MAC,691768,4/1/2018,4,172942,d.$100+
PRESTIGE,MAKEUP,MAKEUP TOTAL SETS,ESTEE LAUDER INC,MAC,472732,5/1/2018,88,5372,c.$50 - $100
PRESTIGE,MAKEUP,MAKEUP TOTAL SETS,ESTEE LAUDER INC,MAC,327359,6/1/2018,62,5280,c.$50 - $100
PRESTIGE,MAKEUP,MAKEUP TOTAL SETS,ESTEE LAUDER INC,MAC,2718619,7/1/2018,47,57843,c.$50 - $100
PRESTIGE,MAKEUP,MAKEUP TOTAL SETS,ESTEE LAUDER INC,MAC,1047545,8/1/2018,65,16116,c.$50 - $100
PRESTIGE,MAKEUP,MAKEUP TOTAL SETS,ESTEE LAUDER INC,MAC,1134901,9/1/2018,37,30673,c.$50 - $100
PRESTIGE,MAKEUP,MAKEUP TOTAL SETS,ESTEE LAUDER INC,MAC,5469268,10/1/2018,7,781324,d.$100+
PRESTIGE,MAKEUP,MAKEUP TOTAL SETS,ESTEE LAUDER INC,MAC,10072618,11/1/2018,100,100726,d.$100+
PRESTIGE,MAKEUP,MAKEUP TOTAL SETS,ESTEE LAUDER INC,MAC,12842421,12/1/2018,73,175924,d.$100+
PRESTIGE,MAKEUP,MAKEUP TOTAL SETS,ESTEE LAUDER INC,MAC,1609760,1/1/2019,44,36585,c.$50 - $100
PRESTIGE,MAKEUP,MAKEUP TOTAL SETS,ESTEE LAUDER INC,MAC,465485,2/1/2019,14,33249,c.$50 - $100
PRESTIGE,MAKEUP,MAKEUP TOTAL SETS,ESTEE LAUDER INC,MAC,354537,3/1/2019,38,9330,c.$50 - $100
PRESTIGE,MAKEUP,MAKEUP TOTAL SETS,ESTEE LAUDER INC,MAC,1284373,4/1/2019,58,22144,c.$50 - $100
PRESTIGE,MAKEUP,MAKEUP TOTAL SETS,ESTEE LAUDER INC,MAC,699505,5/1/2019,19,36816,c.$50 - $100
PRESTIGE,MAKEUP,MAKEUP TOTAL SETS,ESTEE LAUDER INC,MAC,880469,6/1/2019,45,19566,c.$50 - $100
PRESTIGE,MAKEUP,MAKEUP TOTAL SETS,ESTEE LAUDER INC,MAC,2600909,7/1/2019,87,29896,c.$50 - $100
PRESTIGE,MAKEUP,MAKEUP TOTAL SETS,ESTEE LAUDER INC,MAC,711499,8/1/2019,35,20329,c.$50 - $100
PRESTIGE,SKINCARE,SKINCARE TOTAL FACE,ESTEE LAUDER INC,MAC,1108050,8/1/2017,3,369350,d.$100+
PRESTIGE,SKINCARE,SKINCARE TOTAL FACE,ESTEE LAUDER INC,MAC,1357117,9/1/2017,16,84820,c.$50 - $100
PRESTIGE,SKINCARE,SKINCARE TOTAL FACE,ESTEE LAUDER INC,MAC,996258,10/1/2017,35,28465,c.$50 - $100
PRESTIGE,SKINCARE,SKINCARE TOTAL FACE,ESTEE LAUDER INC,MAC,998856,11/1/2017,77,12972,c.$50 - $100
PRESTIGE,SKINCARE,SKINCARE TOTAL FACE,ESTEE LAUDER INC,MAC,1520752,12/1/2017,11,138250,d.$100+
PRESTIGE,SKINCARE,SKINCARE TOTAL FACE,ESTEE LAUDER INC,MAC,1142416,1/1/2018,17,67201,c.$50 - $100
PRESTIGE,SKINCARE,SKINCARE TOTAL FACE,ESTEE LAUDER INC,MAC,1258170,2/1/2018,17,74010,c.$50 - $100
PRESTIGE,SKINCARE,SKINCARE TOTAL FACE,ESTEE LAUDER INC,MAC,1478557,3/1/2018,89,16613,c.$50 - $100
PRESTIGE,SKINCARE,SKINCARE TOTAL FACE,ESTEE LAUDER INC,MAC,962200,4/1/2018,4,240550,d.$100+
PRESTIGE,SKINCARE,SKINCARE TOTAL FACE,ESTEE LAUDER INC,MAC,930608,5/1/2018,34,27371,c.$50 - $100
PRESTIGE,SKINCARE,SKINCARE TOTAL FACE,ESTEE LAUDER INC,MAC,1041266,6/1/2018,89,11700,c.$50 - $100
PRESTIGE,SKINCARE,SKINCARE TOTAL FACE,ESTEE LAUDER INC,MAC,938749,7/1/2018,57,16469,c.$50 - $100
PRESTIGE,SKINCARE,SKINCARE TOTAL FACE,ESTEE LAUDER INC,MAC,932946,8/1/2018,56,16660,c.$50 - $100
PRESTIGE,SKINCARE,SKINCARE TOTAL FACE,ESTEE LAUDER INC,MAC,1454778,9/1/2018,64,22731,c.$50 - $100
PRESTIGE,SKINCARE,SKINCARE TOTAL FACE,ESTEE LAUDER INC,MAC,987568,10/1/2018,38,25989,c.$50 - $100
PRESTIGE,SKINCARE,SKINCARE TOTAL FACE,ESTEE LAUDER INC,MAC,1021753,11/1/2018,80,12772,c.$50 - $100
PRESTIGE,SKINCARE,SKINCARE TOTAL FACE,ESTEE LAUDER INC,MAC,1775814,12/1/2018,5,355163,d.$100+
PRESTIGE,SKINCARE,SKINCARE TOTAL FACE,ESTEE LAUDER INC,MAC,1007652,1/1/2019,5,201530,d.$100+
PRESTIGE,SKINCARE,SKINCARE TOTAL FACE,ESTEE LAUDER INC,MAC,1073999,2/1/2019,27,39778,c.$50 - $100
PRESTIGE,SKINCARE,SKINCARE TOTAL FACE,ESTEE LAUDER INC,MAC,1413274,3/1/2019,91,15530,c.$50 - $100
PRESTIGE,SKINCARE,SKINCARE TOTAL FACE,ESTEE LAUDER INC,MAC,1011765,4/1/2019,86,11765,c.$50 - $100
PRESTIGE,SKINCARE,SKINCARE TOTAL FACE,ESTEE LAUDER INC,MAC,842436,5/1/2019,15,56162,c.$50 - $100
PRESTIGE,SKINCARE,SKINCARE TOTAL FACE,ESTEE LAUDER INC,MAC,927865,6/1/2019,11,84351,c.$50 - $100
PRESTIGE,SKINCARE,SKINCARE TOTAL FACE,ESTEE LAUDER INC,MAC,723190,7/1/2019,96,7533,c.$50 - $100
PRESTIGE,SKINCARE,SKINCARE TOTAL FACE,ESTEE LAUDER INC,MAC,722082,8/1/2019,59,12239,c.$50 - $100
MASS,CC,EM,LOREAL SA CORP,MAYB,47899041,8/1/2017,64,748423,d.$100+
MASS,CC,EM,LOREAL SA CORP,MAYB,56992256,9/1/2017,13,4384020,d.$100+
MASS,CC,EM,LOREAL SA CORP,MAYB,48754619,10/1/2017,34,1433959,d.$100+
MASS,CC,EM,LOREAL SA CORP,MAYB,46842800,11/1/2017,54,867459,d.$100+
MASS,CC,EM,LOREAL SA CORP,MAYB,62324763,12/1/2017,35,1780708,d.$100+
MASS,CC,EM,LOREAL SA CORP,MAYB,43594407,1/1/2018,65,670683,d.$100+
MASS,CC,EM,LOREAL SA CORP,MAYB,48819318,2/1/2018,38,1284719,d.$100+
MASS,CC,EM,LOREAL SA CORP,MAYB,62644558,3/1/2018,27,2320169,d.$100+
MASS,CC,EM,LOREAL SA CORP,MAYB,44373182,4/1/2018,6,7395530,d.$100+
MASS,CC,EM,LOREAL SA CORP,MAYB,43992939,5/1/2018,51,862607,d.$100+
MASS,CC,EM,LOREAL SA CORP,MAYB,53811043,6/1/2018,94,572458,d.$100+
MASS,CC,EM,LOREAL SA CORP,MAYB,41743855,7/1/2018,46,907475,d.$100+
MASS,CC,EM,LOREAL SA CORP,MAYB,44109912,8/1/2018,75,588132,d.$100+
MASS,CC,EM,LOREAL SA CORP,MAYB,52403747,9/1/2018,26,2015529,d.$100+
MASS,CC,EM,LOREAL SA CORP,MAYB,48039001,10/1/2018,89,539764,d.$100+
MASS,CC,EM,LOREAL SA CORP,MAYB,42828422,11/1/2018,34,1259659,d.$100+
MASS,CC,EM,LOREAL SA CORP,MAYB,55067988,12/1/2018,79,697063,d.$100+
MASS,CC,EM,LOREAL SA CORP,MAYB,42404769,1/1/2019,25,1696191,d.$100+
MASS,CC,EM,LOREAL SA CORP,MAYB,46538410,2/1/2019,15,3102561,d.$100+
MASS,CC,EM,LOREAL SA CORP,MAYB,62716094,3/1/2019,98,639960,d.$100+
MASS,CC,EM,LOREAL SA CORP,MAYB,45268200,4/1/2019,8,5658525,d.$100+
MASS,CC,EM,LOREAL SA CORP,MAYB,43806908,5/1/2019,11,3982446,d.$100+
MASS,CC,EM,LOREAL SA CORP,MAYB,53302819,6/1/2019,74,720308,d.$100+
MASS,CC,EM,LOREAL SA CORP,MAYB,44125632,7/1/2019,70,630366,d.$100+
MASS,CC,EM,LOREAL SA CORP,MAYB,46911237,8/1/2019,25,1876449,d.$100+
MASS,CC,FM,LOREAL SA CORP,MAYB,31282368,8/1/2017,81,386202,d.$100+
MASS,CC,FM,LOREAL SA CORP,MAYB,37908115,9/1/2017,8,4738514,d.$100+
MASS,CC,FM,LOREAL SA CORP,MAYB,31081392,10/1/2017,65,478175,d.$100+
MASS,CC,FM,LOREAL SA CORP,MAYB,31148216,11/1/2017,29,1074076,d.$100+
MASS,CC,FM,LOREAL SA CORP,MAYB,39857832,12/1/2017,99,402604,d.$100+
MASS,CC,FM,LOREAL SA CORP,MAYB,31409875,1/1/2018,94,334148,d.$100+
MASS,CC,FM,LOREAL SA CORP,MAYB,34247569,2/1/2018,48,713491,d.$100+
MASS,CC,FM,LOREAL SA CORP,MAYB,43328758,3/1/2018,5,8665752,d.$100+
MASS,CC,FM,LOREAL SA CORP,MAYB,32343098,4/1/2018,61,530215,d.$100+
MASS,CC,FM,LOREAL SA CORP,MAYB,30841776,5/1/2018,10,3084178,d.$100+
MASS,CC,FM,LOREAL SA CORP,MAYB,37183945,6/1/2018,3,12394648,d.$100+
MASS,CC,FM,LOREAL SA CORP,MAYB,30260645,7/1/2018,11,2750968,d.$100+
MASS,CC,FM,LOREAL SA CORP,MAYB,32262553,8/1/2018,52,620434,d.$100+
MASS,CC,FM,LOREAL SA CORP,MAYB,38493480,9/1/2018,22,1749704,d.$100+
MASS,CC,FM,LOREAL SA CORP,MAYB,32527903,10/1/2018,65,500429,d.$100+
MASS,CC,FM,LOREAL SA CORP,MAYB,29915968,11/1/2018,5,5983194,d.$100+
MASS,CC,FM,LOREAL SA CORP,MAYB,38562634,12/1/2018,4,9640659,d.$100+
MASS,CC,FM,LOREAL SA CORP,MAYB,31780659,1/1/2019,86,369543,d.$100+
MASS,CC,FM,LOREAL SA CORP,MAYB,35331994,2/1/2019,21,1682476,d.$100+
MASS,CC,FM,LOREAL SA CORP,MAYB,47131783,3/1/2019,96,490956,d.$100+
MASS,CC,FM,LOREAL SA CORP,MAYB,34972863,4/1/2019,76,460169,d.$100+
MASS,CC,FM,LOREAL SA CORP,MAYB,33616530,5/1/2019,50,672331,d.$100+
MASS,CC,FM,LOREAL SA CORP,MAYB,38909519,6/1/2019,16,2431845,d.$100+
MASS,CC,FM,LOREAL SA CORP,MAYB,30962075,7/1/2019,68,455325,d.$100+
MASS,CC,FM,LOREAL SA CORP,MAYB,33317598,8/1/2019,100,333176,d.$100+
MASS,CC,KITS,LOREAL SA CORP,MAYB,342,8/1/2017,96,4,a.less than $25
MASS,CC,KITS,LOREAL SA CORP,MAYB,463,9/1/2017,44,11,a.less than $25
MASS,CC,KITS,LOREAL SA CORP,MAYB,147,10/1/2017,16,9,a.less than $25
MASS,CC,KITS,LOREAL SA CORP,MAYB,248,11/1/2017,44,6,a.less than $25
MASS,CC,KITS,LOREAL SA CORP,MAYB,162,12/1/2017,24,7,a.less than $25
MASS,CC,KITS,LOREAL SA CORP,MAYB,106,1/1/2018,37,3,a.less than $25
MASS,CC,KITS,LOREAL SA CORP,MAYB,79,2/1/2018,85,1,a.less than $25
MASS,CC,KITS,LOREAL SA CORP,MAYB,73,3/1/2018,98,1,a.less than $25
MASS,CC,KITS,LOREAL SA CORP,MAYB,83,4/1/2018,12,7,a.less than $25
MASS,CC,KITS,LOREAL SA CORP,MAYB,37,5/1/2018,96,0,a.less than $25
MASS,CC,KITS,LOREAL SA CORP,MAYB,26,6/1/2018,79,0,a.less than $25
MASS,CC,KITS,LOREAL SA CORP,MAYB,58,7/1/2018,28,2,a.less than $25
MASS,CC,KITS,LOREAL SA CORP,MAYB,34,8/1/2018,33,1,a.less than $25
MASS,CC,KITS,LOREAL SA CORP,MAYB,63,9/1/2018,55,1,a.less than $25
MASS,CC,KITS,LOREAL SA CORP,MAYB,6107,10/1/2018,40,153,a.less than $25
MASS,CC,KITS,LOREAL SA CORP,MAYB,44633,11/1/2018,4,11158,c.$50 - $100
MASS,CC,KITS,LOREAL SA CORP,MAYB,230476,12/1/2018,23,10021,c.$50 - $100
MASS,CC,KITS,LOREAL SA CORP,MAYB,400395,1/1/2019,22,18200,c.$50 - $100
MASS,CC,KITS,LOREAL SA CORP,MAYB,517207,2/1/2019,8,64651,c.$50 - $100
MASS,CC,KITS,LOREAL SA CORP,MAYB,695513,3/1/2019,58,11992,c.$50 - $100
MASS,CC,KITS,LOREAL SA CORP,MAYB,483075,4/1/2019,38,12713,c.$50 - $100
MASS,CC,KITS,LOREAL SA CORP,MAYB,423494,5/1/2019,10,42349,c.$50 - $100
MASS,CC,KITS,LOREAL SA CORP,MAYB,476792,6/1/2019,65,7335,c.$50 - $100
MASS,CC,KITS,LOREAL SA CORP,MAYB,307760,7/1/2019,83,3708,b.$25 - $50
MASS,CC,KITS,LOREAL SA CORP,MAYB,303838,8/1/2019,88,3453,b.$25 - $50
MASS,CC,LM,LOREAL SA CORP,MAYB,11044437,8/1/2017,52,212393,d.$100+
MASS,CC,LM,LOREAL SA CORP,MAYB,13601594,9/1/2017,2,6800797,d.$100+
MASS,CC,LM,LOREAL SA CORP,MAYB,12670321,10/1/2017,43,294659,d.$100+
MASS,CC,LM,LOREAL SA CORP,MAYB,11131201,11/1/2017,31,359071,d.$100+
MASS,CC,LM,LOREAL SA CORP,MAYB,14345141,12/1/2017,0,0,a.less than $25
MASS,CC,LM,LOREAL SA CORP,MAYB,9407794,1/1/2018,80,117597,d.$100+
MASS,CC,LM,LOREAL SA CORP,MAYB,11313465,2/1/2018,81,139672,d.$100+
MASS,CC,LM,LOREAL SA CORP,MAYB,13868275,3/1/2018,36,385230,d.$100+
MASS,CC,LM,LOREAL SA CORP,MAYB,10683304,4/1/2018,32,333853,d.$100+
MASS,CC,LM,LOREAL SA CORP,MAYB,10508112,5/1/2018,72,145946,d.$100+
MASS,CC,LM,LOREAL SA CORP,MAYB,12626560,6/1/2018,44,286967,d.$100+
MASS,CC,LM,LOREAL SA CORP,MAYB,10198799,7/1/2018,86,118591,d.$100+
MASS,CC,LM,LOREAL SA CORP,MAYB,10860533,8/1/2018,21,517168,d.$100+
MASS,CC,LM,LOREAL SA CORP,MAYB,13197403,9/1/2018,93,141908,d.$100+
MASS,CC,LM,LOREAL SA CORP,MAYB,12695628,10/1/2018,54,235104,d.$100+
MASS,CC,LM,LOREAL SA CORP,MAYB,11158862,11/1/2018,18,619937,d.$100+
MASS,CC,LM,LOREAL SA CORP,MAYB,14283054,12/1/2018,20,714153,d.$100+
MASS,CC,LM,LOREAL SA CORP,MAYB,10062856,1/1/2019,36,279524,d.$100+
MASS,CC,LM,LOREAL SA CORP,MAYB,13204757,2/1/2019,2,6602379,d.$100+
MASS,CC,LM,LOREAL SA CORP,MAYB,17290323,3/1/2019,36,480287,d.$100+
MASS,CC,LM,LOREAL SA CORP,MAYB,12778705,4/1/2019,36,354964,d.$100+
MASS,CC,LM,LOREAL SA CORP,MAYB,12083312,5/1/2019,95,127193,d.$100+
MASS,CC,LM,LOREAL SA CORP,MAYB,13062791,6/1/2019,82,159302,d.$100+
MASS,CC,LM,LOREAL SA CORP,MAYB,10809519,7/1/2019,15,720635,d.$100+
MASS,CC,LM,LOREAL SA CORP,MAYB,11607887,8/1/2019,46,252345,d.$100+
MASS,CC,NC,LOREAL SA CORP,MAYB,50381,8/1/2017,26,1938,a.less than $25
MASS,CC,NC,LOREAL SA CORP,MAYB,30660,9/1/2017,76,403,a.less than $25
MASS,CC,NC,LOREAL SA CORP,MAYB,16877,10/1/2017,86,196,a.less than $25
MASS,CC,NC,LOREAL SA CORP,MAYB,14233,11/1/2017,96,148,a.less than $25
MASS,CC,NC,LOREAL SA CORP,MAYB,13725,12/1/2017,17,807,a.less than $25
MASS,CC,NC,LOREAL SA CORP,MAYB,7877,1/1/2018,3,2626,b.$25 - $50
MASS,CC,NC,LOREAL SA CORP,MAYB,10471,2/1/2018,5,2094,a.less than $25
MASS,CC,NC,LOREAL SA CORP,MAYB,14227,3/1/2018,6,2371,a.less than $25
MASS,CC,NC,LOREAL SA CORP,MAYB,6979,4/1/2018,46,152,a.less than $25
MASS,CC,NC,LOREAL SA CORP,MAYB,5636,5/1/2018,52,108,a.less than $25
MASS,CC,NC,LOREAL SA CORP,MAYB,6226,6/1/2018,66,94,a.less than $25
MASS,CC,NC,LOREAL SA CORP,MAYB,3244,7/1/2018,33,98,a.less than $25
MASS,CC,NC,LOREAL SA CORP,MAYB,2948,8/1/2018,82,36,a.less than $25
MASS,CC,NC,LOREAL SA CORP,MAYB,3114,9/1/2018,53,59,a.less than $25
MASS,CC,NC,LOREAL SA CORP,MAYB,1747,10/1/2018,44,40,a.less than $25
MASS,CC,NC,LOREAL SA CORP,MAYB,1207,11/1/2018,70,17,a.less than $25
MASS,CC,NC,LOREAL SA CORP,MAYB,1320,12/1/2018,99,13,a.less than $25
MASS,CC,NC,LOREAL SA CORP,MAYB,769,1/1/2019,29,27,a.less than $25
MASS,CC,NC,LOREAL SA CORP,MAYB,1179,2/1/2019,24,49,a.less than $25
MASS,CC,NC,LOREAL SA CORP,MAYB,1446,3/1/2019,6,241,a.less than $25
MASS,CC,NC,LOREAL SA CORP,MAYB,1098,4/1/2019,3,366,a.less than $25
MASS,CC,NC,LOREAL SA CORP,MAYB,802,5/1/2019,44,18,a.less than $25
MASS,CC,NC,LOREAL SA CORP,MAYB,1039,6/1/2019,70,15,a.less than $25
MASS,CC,NC,LOREAL SA CORP,MAYB,2253,7/1/2019,16,141,a.less than $25
MASS,CC,NC,LOREAL SA CORP,MAYB,1299,8/1/2019,14,93,a.less than $25
