data_for_container/data/Revlon Dataset Updated Aug 2019.csv
Channel,Category,Sub Category,Manufacturer,Brand,Revenue,Date,Units,Price,Price Tier
MASS,MURS,MURS LQ,LOREAL SA CORP,MAYB,478402,8/1/2017,82,5834,c.$50 - $100
MASS,MURS,MURS LQ,LOREAL SA CORP,MAYB,583433,9/1/2017,10,58343,c.$50 - $100
MASS,MURS,MURS LQ,LOREAL SA CORP,MAYB,474033,10/1/2017,53,8944,c.$50 - $100
MASS,MURS,MURS LQ,LOREAL SA CORP,MAYB,473021,11/1/2017,0,0,a.less than $25
MASS,MURS,MURS LQ,LOREAL SA CORP,MAYB,595167,12/1/2017,0,0,a.less than $25
MASS,MURS,MURS LQ,LOREAL SA CORP,MAYB,421820,1/1/2018,30,14061,c.$50 - $100
MASS,MURS,MURS LQ,LOREAL SA CORP,MAYB,427698,2/1/2018,68,6290,c.$50 - $100
MASS,MURS,MURS LQ,LOREAL SA CORP,MAYB,538135,3/1/2018,72,7474,c.$50 - $100
MASS,MURS,MURS LQ,LOREAL SA CORP,MAYB,417917,4/1/2018,84,4975,b.$25 - $50
MASS,MURS,MURS LQ,LOREAL SA CORP,MAYB,425016,5/1/2018,36,11806,c.$50 - $100
MASS,MURS,MURS LQ,LOREAL SA CORP,MAYB,536040,6/1/2018,99,5415,c.$50 - $100
MASS,MURS,MURS LQ,LOREAL SA CORP,MAYB,428209,7/1/2018,70,6117,c.$50 - $100
MASS,MURS,MURS LQ,LOREAL SA CORP,MAYB,444036,8/1/2018,91,4880,b.$25 - $50
MASS,MURS,MURS LQ,LOREAL SA CORP,MAYB,529287,9/1/2018,97,5457,c.$50 - $100
MASS,MURS,MURS LQ,LOREAL SA CORP,MAYB,461908,10/1/2018,90,5132,c.$50 - $100
MASS,MURS,MURS LQ,LOREAL SA CORP,MAYB,434614,11/1/2018,96,4527,b.$25 - $50
MASS,MURS,MURS LQ,LOREAL SA CORP,MAYB,545697,12/1/2018,38,14360,c.$50 - $100
MASS,MURS,MURS LQ,LOREAL SA CORP,MAYB,420495,1/1/2019,45,9344,c.$50 - $100
MASS,MURS,MURS LQ,LOREAL SA CORP,MAYB,454238,2/1/2019,94,4832,b.$25 - $50
MASS,MURS,MURS LQ,LOREAL SA CORP,MAYB,572514,3/1/2019,1,572514,d.$100+
MASS,MURS,MURS LQ,LOREAL SA CORP,MAYB,455952,4/1/2019,28,16284,c.$50 - $100
MASS,MURS,MURS LQ,LOREAL SA CORP,MAYB,438385,5/1/2019,67,6543,c.$50 - $100
MASS,MURS,MURS LQ,LOREAL SA CORP,MAYB,532886,6/1/2019,15,35526,c.$50 - $100
MASS,MURS,MURS LQ,LOREAL SA CORP,MAYB,418755,7/1/2019,78,5369,c.$50 - $100
MASS,MURS,MURS LQ,LOREAL SA CORP,MAYB,434224,8/1/2019,71,6116,c.$50 - $100
MASS,MURS,MURS STICK,LOREAL SA CORP,MAYB,0,8/1/2017,76,0,a.less than $25
MASS,MURS,MURS STICK,LOREAL SA CORP,MAYB,0,9/1/2017,20,0,a.less than $25
MASS,MURS,MURS STICK,LOREAL SA CORP,MAYB,0,10/1/2017,4,0,a.less than $25
MASS,MURS,MURS STICK,LOREAL SA CORP,MAYB,0,11/1/2017,14,0,a.less than $25
MASS,MURS,MURS STICK,LOREAL SA CORP,MAYB,0,12/1/2017,57,0,a.less than $25
MASS,MURS,MURS STICK,LOREAL SA CORP,MAYB,0,1/1/2018,8,0,a.less than $25
MASS,MURS,MURS STICK,LOREAL SA CORP,MAYB,0,2/1/2018,6,0,a.less than $25
MASS,MURS,MURS STICK,LOREAL SA CORP,MAYB,0,3/1/2018,14,0,a.less than $25
MASS,MURS,MURS STICK,LOREAL SA CORP,MAYB,0,4/1/2018,83,0,a.less than $25
MASS,MURS,MURS STICK,LOREAL SA CORP,MAYB,0,5/1/2018,94,0,a.less than $25
MASS,MURS,MURS STICK,LOREAL SA CORP,MAYB,0,6/1/2018,86,0,a.less than $25
MASS,MURS,MURS STICK,LOREAL SA CORP,MAYB,0,7/1/2018,17,0,a.less than $25
MASS,MURS,MURS STICK,LOREAL SA CORP,MAYB,0,8/1/2018,88,0,a.less than $25
MASS,MURS,MURS STICK,LOREAL SA CORP,MAYB,0,9/1/2018,20,0,a.less than $25
MASS,MURS,MURS STICK,LOREAL SA CORP,MAYB,0,10/1/2018,23,0,a.less than $25
MASS,MURS,MURS STICK,LOREAL SA CORP,MAYB,0,11/1/2018,61,0,a.less than $25
MASS,MURS,MURS STICK,LOREAL SA CORP,MAYB,132,12/1/2018,75,2,a.less than $25
MASS,MURS,MURS STICK,LOREAL SA CORP,MAYB,11080,1/1/2019,3,3693,b.$25 - $50
MASS,MURS,MURS STICK,LOREAL SA CORP,MAYB,19163,2/1/2019,9,2129,a.less than $25
MASS,MURS,MURS STICK,LOREAL SA CORP,MAYB,23826,3/1/2019,34,701,a.less than $25
MASS,MURS,MURS STICK,LOREAL SA CORP,MAYB,16110,4/1/2019,58,278,a.less than $25
MASS,MURS,MURS STICK,LOREAL SA CORP,MAYB,14338,5/1/2019,43,333,a.less than $25
MASS,MURS,MURS STICK,LOREAL SA CORP,MAYB,18629,6/1/2019,24,776,a.less than $25
MASS,MURS,MURS STICK,LOREAL SA CORP,MAYB,20799,7/1/2019,2,10400,c.$50 - $100
MASS,MURS,MURS STICK,LOREAL SA CORP,MAYB,21353,8/1/2019,22,971,a.less than $25
MASS,MURS,MURS TWLT,LOREAL SA CORP,MAYB,14548,8/1/2017,67,217,a.less than $25
MASS,MURS,MURS TWLT,LOREAL SA CORP,MAYB,17422,9/1/2017,82,212,a.less than $25
MASS,MURS,MURS TWLT,LOREAL SA CORP,MAYB,15293,10/1/2017,75,204,a.less than $25
MASS,MURS,MURS TWLT,LOREAL SA CORP,MAYB,15421,11/1/2017,63,245,a.less than $25
MASS,MURS,MURS TWLT,LOREAL SA CORP,MAYB,21705,12/1/2017,12,1809,a.less than $25
MASS,MURS,MURS TWLT,LOREAL SA CORP,MAYB,2552,1/1/2018,86,30,a.less than $25
MASS,MURS,MURS TWLT,LOREAL SA CORP,MAYB,252,2/1/2018,23,11,a.less than $25
MASS,MURS,MURS TWLT,LOREAL SA CORP,MAYB,240,3/1/2018,85,3,a.less than $25
MASS,MURS,MURS TWLT,LOREAL SA CORP,MAYB,100,4/1/2018,16,6,a.less than $25
MASS,MURS,MURS TWLT,LOREAL SA CORP,MAYB,87,5/1/2018,22,4,a.less than $25
MASS,MURS,MURS TWLT,LOREAL SA CORP,MAYB,42,6/1/2018,89,0,a.less than $25
MASS,MURS,MURS TWLT,LOREAL SA CORP,MAYB,17,7/1/2018,91,0,a.less than $25
MASS,MURS,MURS TWLT,LOREAL SA CORP,MAYB,12,8/1/2018,12,1,a.less than $25
MASS,MURS,MURS TWLT,LOREAL SA CORP,MAYB,3,9/1/2018,99,0,a.less than $25
MASS,MURS,MURS TWLT,LOREAL SA CORP,MAYB,26,10/1/2018,2,13,a.less than $25
MASS,MURS,MURS TWLT,LOREAL SA CORP,MAYB,0,11/1/2018,52,0,a.less than $25
MASS,MURS,MURS TWLT,LOREAL SA CORP,MAYB,1,12/1/2018,29,0,a.less than $25
MASS,MURS,MURS TWLT,LOREAL SA CORP,MAYB,3,1/1/2019,73,0,a.less than $25
MASS,MURS,MURS TWLT,LOREAL SA CORP,MAYB,3,2/1/2019,15,0,a.less than $25
MASS,MURS,MURS TWLT,LOREAL SA CORP,MAYB,0,3/1/2019,33,0,a.less than $25
MASS,MURS,MURS TWLT,LOREAL SA CORP,MAYB,1,4/1/2019,82,0,a.less than $25
MASS,MURS,MURS TWLT,LOREAL SA CORP,MAYB,0,5/1/2019,92,0,a.less than $25
MASS,MURS,MURS TWLT,LOREAL SA CORP,MAYB,5,6/1/2019,2,3,a.less than $25
MASS,MURS,MURS TWLT,LOREAL SA CORP,MAYB,0,7/1/2019,42,0,a.less than $25
MASS,MURS,MURS TWLT,LOREAL SA CORP,MAYB,0,8/1/2019,52,0,a.less than $25
MASS,FACIAL SKIN CARE,CLEANSING BAR,JOHNSON & JOHNSON,NEUTROGENA,1319347.9,8/1/2017,91,14498,c.$50 - $100
MASS,FACIAL SKIN CARE,CLEANSING BAR,JOHNSON & JOHNSON,NEUTROGENA,1585018.985,9/1/2017,41,38659,c.$50 - $100
MASS,FACIAL SKIN CARE,CLEANSING BAR,JOHNSON & JOHNSON,NEUTROGENA,1236029.46,10/1/2017,42,29429,c.$50 - $100
MASS,FACIAL SKIN CARE,CLEANSING BAR,JOHNSON & JOHNSON,NEUTROGENA,1235836.783,11/1/2017,98,12611,c.$50 - $100
MASS,FACIAL SKIN CARE,CLEANSING BAR,JOHNSON & JOHNSON,NEUTROGENA,1524761.652,12/1/2017,1,1524762,d.$100+
MASS,FACIAL SKIN CARE,CLEANSING BAR,JOHNSON & JOHNSON,NEUTROGENA,1242054.97,1/1/2018,10,124205,d.$100+
MASS,FACIAL SKIN CARE,CLEANSING BAR,JOHNSON & JOHNSON,NEUTROGENA,1220227.638,2/1/2018,8,152528,d.$100+
MASS,FACIAL SKIN CARE,CLEANSING BAR,JOHNSON & JOHNSON,NEUTROGENA,1600648.857,3/1/2018,46,34797,c.$50 - $100
MASS,FACIAL SKIN CARE,CLEANSING BAR,JOHNSON & JOHNSON,NEUTROGENA,1247120.406,4/1/2018,75,16628,c.$50 - $100
MASS,FACIAL SKIN CARE,CLEANSING BAR,JOHNSON & JOHNSON,NEUTROGENA,1259343.754,5/1/2018,14,89953,c.$50 - $100
MASS,FACIAL SKIN CARE,CLEANSING BAR,JOHNSON & JOHNSON,NEUTROGENA,1581239.914,6/1/2018,26,60817,c.$50 - $100
MASS,FACIAL SKIN CARE,CLEANSING BAR,JOHNSON & JOHNSON,NEUTROGENA,1256877.145,7/1/2018,57,22050,c.$50 - $100
MASS,FACIAL SKIN CARE,CLEANSING BAR,JOHNSON & JOHNSON,NEUTROGENA,1232594.484,8/1/2018,80,15407,c.$50 - $100
MASS,FACIAL SKIN CARE,CLEANSING BAR,JOHNSON & JOHNSON,NEUTROGENA,1450290.752,9/1/2018,42,34531,c.$50 - $100
MASS,FACIAL SKIN CARE,CLEANSING BAR,JOHNSON & JOHNSON,NEUTROGENA,1168689.055,10/1/2018,72,16232,c.$50 - $100
MASS,FACIAL SKIN CARE,CLEANSING BAR,JOHNSON & JOHNSON,NEUTROGENA,1135942.051,11/1/2018,82,13853,c.$50 - $100
MASS,FACIAL SKIN CARE,CLEANSING BAR,JOHNSON & JOHNSON,NEUTROGENA,1410522.362,12/1/2018,31,45501,c.$50 - $100
MASS,FACIAL SKIN CARE,CLEANSING BAR,JOHNSON & JOHNSON,NEUTROGENA,1095463.179,1/1/2019,90,12172,c.$50 - $100
MASS,FACIAL SKIN CARE,CLEANSING BAR,JOHNSON & JOHNSON,NEUTROGENA,1104347.536,2/1/2019,8,138043,d.$100+
MASS,FACIAL SKIN CARE,CLEANSING BAR,JOHNSON & JOHNSON,NEUTROGENA,1461903.048,3/1/2019,48,30456,c.$50 - $100
MASS,FACIAL SKIN CARE,CLEANSING BAR,JOHNSON & JOHNSON,NEUTROGENA,1128615.578,4/1/2019,25,45145,c.$50 - $100
MASS,FACIAL SKIN CARE,CLEANSING BAR,JOHNSON & JOHNSON,NEUTROGENA,1180667.184,5/1/2019,68,17363,c.$50 - $100
MASS,FACIAL SKIN CARE,CLEANSING BAR,JOHNSON & JOHNSON,NEUTROGENA,1465763.37,6/1/2019,56,26174,c.$50 - $100
MASS,FACIAL SKIN CARE,CLEANSING BAR,JOHNSON & JOHNSON,NEUTROGENA,1257323.56,7/1/2019,21,59873,c.$50 - $100
MASS,FACIAL SKIN CARE,CLEANSING MASK,JOHNSON & JOHNSON,NEUTROGENA,890367.262,8/1/2017,8,111296,d.$100+
MASS,FACIAL SKIN CARE,CLEANSING MASK,JOHNSON & JOHNSON,NEUTROGENA,978710.291,9/1/2017,38,25756,c.$50 - $100
MASS,FACIAL SKIN CARE,CLEANSING MASK,JOHNSON & JOHNSON,NEUTROGENA,734192.172,10/1/2017,20,36710,c.$50 - $100
MASS,FACIAL SKIN CARE,CLEANSING MASK,JOHNSON & JOHNSON,NEUTROGENA,706766.005,11/1/2017,62,11399,c.$50 - $100
MASS,FACIAL SKIN CARE,CLEANSING MASK,JOHNSON & JOHNSON,NEUTROGENA,853930.654,12/1/2017,15,56929,c.$50 - $100
MASS,FACIAL SKIN CARE,CLEANSING MASK,JOHNSON & JOHNSON,NEUTROGENA,709971.459,1/1/2018,36,19721,c.$50 - $100
MASS,FACIAL SKIN CARE,CLEANSING MASK,JOHNSON & JOHNSON,NEUTROGENA,661726.005,2/1/2018,52,12726,c.$50 - $100
MASS,FACIAL SKIN CARE,CLEANSING MASK,JOHNSON & JOHNSON,NEUTROGENA,837866.219,3/1/2018,34,24643,c.$50 - $100
MASS,FACIAL SKIN CARE,CLEANSING MASK,JOHNSON & JOHNSON,NEUTROGENA,636993.611,4/1/2018,72,8847,c.$50 - $100
MASS,FACIAL SKIN CARE,CLEANSING MASK,JOHNSON & JOHNSON,NEUTROGENA,644032.75,5/1/2018,43,14978,c.$50 - $100
MASS,FACIAL SKIN CARE,CLEANSING MASK,JOHNSON & JOHNSON,NEUTROGENA,788507.737,6/1/2018,68,11596,c.$50 - $100
MASS,FACIAL SKIN CARE,CLEANSING MASK,JOHNSON & JOHNSON,NEUTROGENA,633832.66,7/1/2018,76,8340,c.$50 - $100
MASS,FACIAL SKIN CARE,CLEANSING MASK,JOHNSON & JOHNSON,NEUTROGENA,687557.188,8/1/2018,75,9167,c.$50 - $100
MASS,FACIAL SKIN CARE,CLEANSING MASK,JOHNSON & JOHNSON,NEUTROGENA,790060.911,9/1/2018,54,14631,c.$50 - $100
MASS,FACIAL SKIN CARE,CLEANSING MASK,JOHNSON & JOHNSON,NEUTROGENA,593385.883,10/1/2018,22,26972,c.$50 - $100
MASS,FACIAL SKIN CARE,CLEANSING MASK,JOHNSON & JOHNSON,NEUTROGENA,545231.287,11/1/2018,79,6902,c.$50 - $100
MASS,FACIAL SKIN CARE,CLEANSING MASK,JOHNSON & JOHNSON,NEUTROGENA,619184.268,12/1/2018,56,11057,c.$50 - $100
MASS,FACIAL SKIN CARE,CLEANSING MASK,JOHNSON & JOHNSON,NEUTROGENA,501685.21,1/1/2019,42,11945,c.$50 - $100
MASS,FACIAL SKIN CARE,CLEANSING MASK,JOHNSON & JOHNSON,NEUTROGENA,509866.595,2/1/2019,48,10622,c.$50 - $100
MASS,FACIAL SKIN CARE,CLEANSING MASK,JOHNSON & JOHNSON,NEUTROGENA,664322.863,3/1/2019,34,19539,c.$50 - $100
MASS,FACIAL SKIN CARE,CLEANSING MASK,JOHNSON & JOHNSON,NEUTROGENA,489752.598,4/1/2019,68,7202,c.$50 - $100
MASS,FACIAL SKIN CARE,CLEANSING MASK,JOHNSON & JOHNSON,NEUTROGENA,511800.794,5/1/2019,51,10035,c.$50 - $100
MASS,FACIAL SKIN CARE,CLEANSING MASK,JOHNSON & JOHNSON,NEUTROGENA,636359.156,6/1/2019,43,14799,c.$50 - $100
MASS,FACIAL SKIN CARE,CLEANSING MASK,JOHNSON & JOHNSON,NEUTROGENA,561774.79,7/1/2019,80,7022,c.$50 - $100
MASS,FACIAL SKIN CARE,DAY FACIAL MOISTURIZER,JOHNSON & JOHNSON,NEUTROGENA,10358605.9,8/1/2017,10,1035861,d.$100+
MASS,FACIAL SKIN CARE,DAY FACIAL MOISTURIZER,JOHNSON & JOHNSON,NEUTROGENA,11614723.84,9/1/2017,36,322631,d.$100+
MASS,FACIAL SKIN CARE,DAY FACIAL MOISTURIZER,JOHNSON & JOHNSON,NEUTROGENA,9441080.461,10/1/2017,67,140912,d.$100+
MASS,FACIAL SKIN CARE,DAY FACIAL MOISTURIZER,JOHNSON & JOHNSON,NEUTROGENA,10060686.1,11/1/2017,65,154780,d.$100+
MASS,FACIAL SKIN CARE,DAY FACIAL MOISTURIZER,JOHNSON & JOHNSON,NEUTROGENA,12737186.79,12/1/2017,65,195957,d.$100+
MASS,FACIAL SKIN CARE,DAY FACIAL MOISTURIZER,JOHNSON & JOHNSON,NEUTROGENA,11208509.37,1/1/2018,17,659324,d.$100+
MASS,FACIAL SKIN CARE,DAY FACIAL MOISTURIZER,JOHNSON & JOHNSON,NEUTROGENA,11143602.42,2/1/2018,55,202611,d.$100+
MASS,FACIAL SKIN CARE,DAY FACIAL MOISTURIZER,JOHNSON & JOHNSON,NEUTROGENA,14899183.1,3/1/2018,85,175285,d.$100+
MASS,FACIAL SKIN CARE,DAY FACIAL MOISTURIZER,JOHNSON & JOHNSON,NEUTROGENA,11100394.08,4/1/2018,99,112125,d.$100+
MASS,FACIAL SKIN CARE,DAY FACIAL MOISTURIZER,JOHNSON & JOHNSON,NEUTROGENA,11227766.72,5/1/2018,12,935647,d.$100+
MASS,FACIAL SKIN CARE,DAY FACIAL MOISTURIZER,JOHNSON & JOHNSON,NEUTROGENA,13234646.77,6/1/2018,28,472666,d.$100+
MASS,FACIAL SKIN CARE,DAY FACIAL MOISTURIZER,JOHNSON & JOHNSON,NEUTROGENA,10312305.27,7/1/2018,77,133926,d.$100+
MASS,FACIAL SKIN CARE,DAY FACIAL MOISTURIZER,JOHNSON & JOHNSON,NEUTROGENA,10139380.92,8/1/2018,82,123651,d.$100+
MASS,FACIAL SKIN CARE,DAY FACIAL MOISTURIZER,JOHNSON & JOHNSON,NEUTROGENA,12133871.54,9/1/2018,77,157583,d.$100+
MASS,FACIAL SKIN CARE,DAY FACIAL MOISTURIZER,JOHNSON & JOHNSON,NEUTROGENA,10668905.22,10/1/2018,71,150266,d.$100+
MASS,FACIAL SKIN CARE,DAY FACIAL MOISTURIZER,JOHNSON & JOHNSON,NEUTROGENA,10744252.05,11/1/2018,98,109635,d.$100+
MASS,FACIAL SKIN CARE,DAY FACIAL MOISTURIZER,JOHNSON & JOHNSON,NEUTROGENA,13859491.01,12/1/2018,76,182362,d.$100+
MASS,FACIAL SKIN CARE,DAY FACIAL MOISTURIZER,JOHNSON & JOHNSON,NEUTROGENA,11115318.95,1/1/2019,12,926277,d.$100+
MASS,FACIAL SKIN CARE,DAY FACIAL MOISTURIZER,JOHNSON & JOHNSON,NEUTROGENA,11092981.85,2/1/2019,38,291921,d.$100+
MASS,FACIAL SKIN CARE,DAY FACIAL MOISTURIZER,JOHNSON & JOHNSON,NEUTROGENA,15053607.42,3/1/2019,46,327252,d.$100+
MASS,FACIAL SKIN CARE,DAY FACIAL MOISTURIZER,JOHNSON & JOHNSON,NEUTROGENA,11271635.17,4/1/2019,11,1024694,d.$100+
MASS,FACIAL SKIN CARE,DAY FACIAL MOISTURIZER,JOHNSON & JOHNSON,NEUTROGENA,11544283.46,5/1/2019,2,5772142,d.$100+
MASS,FACIAL SKIN CARE,DAY FACIAL MOISTURIZER,JOHNSON & JOHNSON,NEUTROGENA,13292343.02,6/1/2019,8,1661543,d.$100+
MASS,FACIAL SKIN CARE,DAY FACIAL MOISTURIZER,JOHNSON & JOHNSON,NEUTROGENA,10767369.78,7/1/2019,90,119637,d.$100+
MASS,FACIAL SKIN CARE,EXFOLIATORS/SCRUBS,JOHNSON & JOHNSON,NEUTROGENA,4552572.713,8/1/2017,47,96863,c.$50 - $100
MASS,FACIAL SKIN CARE,EXFOLIATORS/SCRUBS,JOHNSON & JOHNSON,NEUTROGENA,4851099.025,9/1/2017,55,88202,c.$50 - $100
MASS,FACIAL SKIN CARE,EXFOLIATORS/SCRUBS,JOHNSON & JOHNSON,NEUTROGENA,3648386.299,10/1/2017,68,53653,c.$50 - $100
MASS,FACIAL SKIN CARE,EXFOLIATORS/SCRUBS,JOHNSON & JOHNSON,NEUTROGENA,3586208.485,11/1/2017,36,99617,c.$50 - $100
MASS,FACIAL SKIN CARE,EXFOLIATORS/SCRUBS,JOHNSON & JOHNSON,NEUTROGENA,4442970.023,12/1/2017,57,77947,c.$50 - $100
MASS,FACIAL SKIN CARE,EXFOLIATORS/SCRUBS,JOHNSON & JOHNSON,NEUTROGENA,3585323.339,1/1/2018,47,76283,c.$50 - $100
MASS,FACIAL SKIN CARE,EXFOLIATORS/SCRUBS,JOHNSON & JOHNSON,NEUTROGENA,3340557.289,2/1/2018,17,196503,d.$100+
MASS,FACIAL SKIN CARE,EXFOLIATORS/SCRUBS,JOHNSON & JOHNSON,NEUTROGENA,4342759.649,3/1/2018,64,67856,c.$50 - $100
MASS,FACIAL SKIN CARE,EXFOLIATORS/SCRUBS,JOHNSON & JOHNSON,NEUTROGENA,3310360.673,4/1/2018,53,62460,c.$50 - $100
MASS,FACIAL SKIN CARE,EXFOLIATORS/SCRUBS,JOHNSON & JOHNSON,NEUTROGENA,3285347.869,5/1/2018,29,113288,d.$100+
MASS,FACIAL SKIN CARE,EXFOLIATORS/SCRUBS,JOHNSON & JOHNSON,NEUTROGENA,4175941.233,6/1/2018,52,80307,c.$50 - $100
MASS,FACIAL SKIN CARE,EXFOLIATORS/SCRUBS,JOHNSON & JOHNSON,NEUTROGENA,3505335.337,7/1/2018,42,83460,c.$50 - $100
MASS,FACIAL SKIN CARE,EXFOLIATORS/SCRUBS,JOHNSON & JOHNSON,NEUTROGENA,3787642.09,8/1/2018,80,47346,c.$50 - $100
MASS,FACIAL SKIN CARE,EXFOLIATORS/SCRUBS,JOHNSON & JOHNSON,NEUTROGENA,4134804.261,9/1/2018,32,129213,d.$100+
MASS,FACIAL SKIN CARE,EXFOLIATORS/SCRUBS,JOHNSON & JOHNSON,NEUTROGENA,3194061.268,10/1/2018,17,187886,d.$100+
MASS,FACIAL SKIN CARE,EXFOLIATORS/SCRUBS,JOHNSON & JOHNSON,NEUTROGENA,3047046.939,11/1/2018,60,50784,c.$50 - $100
MASS,FACIAL SKIN CARE,EXFOLIATORS/SCRUBS,JOHNSON & JOHNSON,NEUTROGENA,3776214.236,12/1/2018,60,62937,c.$50 - $100
MASS,FACIAL SKIN CARE,EXFOLIATORS/SCRUBS,JOHNSON & JOHNSON,NEUTROGENA,2924869.814,1/1/2019,64,45701,c.$50 - $100
MASS,FACIAL SKIN CARE,EXFOLIATORS/SCRUBS,JOHNSON & JOHNSON,NEUTROGENA,2932307.209,2/1/2019,95,30866,c.$50 - $100
MASS,FACIAL SKIN CARE,EXFOLIATORS/SCRUBS,JOHNSON & JOHNSON,NEUTROGENA,3877476.745,3/1/2019,16,242342,d.$100+
MASS,FACIAL SKIN CARE,EXFOLIATORS/SCRUBS,JOHNSON & JOHNSON,NEUTROGENA,2888980.523,4/1/2019,51,56647,c.$50 - $100
MASS,FACIAL SKIN CARE,EXFOLIATORS/SCRUBS,JOHNSON & JOHNSON,NEUTROGENA,3007664.027,5/1/2019,34,88461,c.$50 - $100
MASS,FACIAL SKIN CARE,EXFOLIATORS/SCRUBS,JOHNSON & JOHNSON,NEUTROGENA,3796476.158,6/1/2019,43,88290,c.$50 - $100
MASS,FACIAL SKIN CARE,EXFOLIATORS/SCRUBS,JOHNSON & JOHNSON,NEUTROGENA,3107744.74,7/1/2019,28,110991,d.$100+
