data_for_container/data/Revlon Dataset Updated Aug 2019.csv
Channel,Category,Sub Category,Manufacturer,Brand,Revenue,Date,Units,Price,Price Tier
MASS,FACIAL SKIN CARE,EYE CREAM,JOHNSON & JOHNSON,NEUTROGENA,1041036.25,8/1/2017,3,347012,d.$100+
MASS,FACIAL SKIN CARE,EYE CREAM,JOHNSON & JOHNSON,NEUTROGENA,1235981.028,9/1/2017,84,14714,c.$50 - $100
MASS,FACIAL SKIN CARE,EYE CREAM,JOHNSON & JOHNSON,NEUTROGENA,1018903.402,10/1/2017,10,101890,d.$100+
MASS,FACIAL SKIN CARE,EYE CREAM,JOHNSON & JOHNSON,NEUTROGENA,1096970.021,11/1/2017,92,11924,c.$50 - $100
MASS,FACIAL SKIN CARE,EYE CREAM,JOHNSON & JOHNSON,NEUTROGENA,1264284.32,12/1/2017,57,22180,c.$50 - $100
MASS,FACIAL SKIN CARE,EYE CREAM,JOHNSON & JOHNSON,NEUTROGENA,1166997.088,1/1/2018,92,12685,c.$50 - $100
MASS,FACIAL SKIN CARE,EYE CREAM,JOHNSON & JOHNSON,NEUTROGENA,1092475.337,2/1/2018,34,32132,c.$50 - $100
MASS,FACIAL SKIN CARE,EYE CREAM,JOHNSON & JOHNSON,NEUTROGENA,1382946.286,3/1/2018,61,22671,c.$50 - $100
MASS,FACIAL SKIN CARE,EYE CREAM,JOHNSON & JOHNSON,NEUTROGENA,1036940.565,4/1/2018,92,11271,c.$50 - $100
MASS,FACIAL SKIN CARE,EYE CREAM,JOHNSON & JOHNSON,NEUTROGENA,983455.293,5/1/2018,86,11436,c.$50 - $100
MASS,FACIAL SKIN CARE,EYE CREAM,JOHNSON & JOHNSON,NEUTROGENA,1176280,6/1/2018,0,0,a.less than $25
MASS,FACIAL SKIN CARE,EYE CREAM,JOHNSON & JOHNSON,NEUTROGENA,939044.486,7/1/2018,56,16769,c.$50 - $100
MASS,FACIAL SKIN CARE,EYE CREAM,JOHNSON & JOHNSON,NEUTROGENA,965215.072,8/1/2018,25,38609,c.$50 - $100
MASS,FACIAL SKIN CARE,EYE CREAM,JOHNSON & JOHNSON,NEUTROGENA,1197336.199,9/1/2018,79,15156,c.$50 - $100
MASS,FACIAL SKIN CARE,EYE CREAM,JOHNSON & JOHNSON,NEUTROGENA,1061605.485,10/1/2018,66,16085,c.$50 - $100
MASS,FACIAL SKIN CARE,EYE CREAM,JOHNSON & JOHNSON,NEUTROGENA,1074551.563,11/1/2018,83,12946,c.$50 - $100
MASS,FACIAL SKIN CARE,EYE CREAM,JOHNSON & JOHNSON,NEUTROGENA,1298749.52,12/1/2018,11,118068,d.$100+
MASS,FACIAL SKIN CARE,EYE CREAM,JOHNSON & JOHNSON,NEUTROGENA,1007072.118,1/1/2019,87,11576,c.$50 - $100
MASS,FACIAL SKIN CARE,EYE CREAM,JOHNSON & JOHNSON,NEUTROGENA,996160.182,2/1/2019,78,12771,c.$50 - $100
MASS,FACIAL SKIN CARE,EYE CREAM,JOHNSON & JOHNSON,NEUTROGENA,1288587.134,3/1/2019,30,42953,c.$50 - $100
MASS,FACIAL SKIN CARE,EYE CREAM,JOHNSON & JOHNSON,NEUTROGENA,943700.274,4/1/2019,74,12753,c.$50 - $100
MASS,FACIAL SKIN CARE,EYE CREAM,JOHNSON & JOHNSON,NEUTROGENA,901824.25,5/1/2019,62,14546,c.$50 - $100
MASS,FACIAL SKIN CARE,EYE CREAM,JOHNSON & JOHNSON,NEUTROGENA,1012316.733,6/1/2019,28,36154,c.$50 - $100
MASS,FACIAL SKIN CARE,EYE CREAM,JOHNSON & JOHNSON,NEUTROGENA,779030.123,7/1/2019,14,55645,c.$50 - $100
MASS,FACIAL SKIN CARE,FACIAL CLEANSER WIPE,JOHNSON & JOHNSON,NEUTROGENA,1960545.791,8/1/2017,9,217838,d.$100+
MASS,FACIAL SKIN CARE,FACIAL CLEANSER WIPE,JOHNSON & JOHNSON,NEUTROGENA,2145121.008,9/1/2017,98,21889,c.$50 - $100
MASS,FACIAL SKIN CARE,FACIAL CLEANSER WIPE,JOHNSON & JOHNSON,NEUTROGENA,1505420.097,10/1/2017,17,88554,c.$50 - $100
MASS,FACIAL SKIN CARE,FACIAL CLEANSER WIPE,JOHNSON & JOHNSON,NEUTROGENA,1412571.951,11/1/2017,39,36220,c.$50 - $100
MASS,FACIAL SKIN CARE,FACIAL CLEANSER WIPE,JOHNSON & JOHNSON,NEUTROGENA,1727140.954,12/1/2017,17,101597,d.$100+
MASS,FACIAL SKIN CARE,FACIAL CLEANSER WIPE,JOHNSON & JOHNSON,NEUTROGENA,1464224.753,1/1/2018,50,29284,c.$50 - $100
MASS,FACIAL SKIN CARE,FACIAL CLEANSER WIPE,JOHNSON & JOHNSON,NEUTROGENA,1394785.607,2/1/2018,22,63399,c.$50 - $100
MASS,FACIAL SKIN CARE,FACIAL CLEANSER WIPE,JOHNSON & JOHNSON,NEUTROGENA,1882287.507,3/1/2018,61,30857,c.$50 - $100
MASS,FACIAL SKIN CARE,FACIAL CLEANSER WIPE,JOHNSON & JOHNSON,NEUTROGENA,1472897.87,4/1/2018,67,21984,c.$50 - $100
MASS,FACIAL SKIN CARE,FACIAL CLEANSER WIPE,JOHNSON & JOHNSON,NEUTROGENA,1475430.744,5/1/2018,22,67065,c.$50 - $100
MASS,FACIAL SKIN CARE,FACIAL CLEANSER WIPE,JOHNSON & JOHNSON,NEUTROGENA,1969314.26,6/1/2018,6,328219,d.$100+
MASS,FACIAL SKIN CARE,FACIAL CLEANSER WIPE,JOHNSON & JOHNSON,NEUTROGENA,1620046.335,7/1/2018,91,17803,c.$50 - $100
MASS,FACIAL SKIN CARE,FACIAL CLEANSER WIPE,JOHNSON & JOHNSON,NEUTROGENA,1833849.237,8/1/2018,82,22364,c.$50 - $100
MASS,FACIAL SKIN CARE,FACIAL CLEANSER WIPE,JOHNSON & JOHNSON,NEUTROGENA,1955314.44,9/1/2018,59,33141,c.$50 - $100
MASS,FACIAL SKIN CARE,FACIAL CLEANSER WIPE,JOHNSON & JOHNSON,NEUTROGENA,1418907.47,10/1/2018,26,54573,c.$50 - $100
MASS,FACIAL SKIN CARE,FACIAL CLEANSER WIPE,JOHNSON & JOHNSON,NEUTROGENA,1316360.662,11/1/2018,65,20252,c.$50 - $100
MASS,FACIAL SKIN CARE,FACIAL CLEANSER WIPE,JOHNSON & JOHNSON,NEUTROGENA,1682117.227,12/1/2018,65,25879,c.$50 - $100
MASS,FACIAL SKIN CARE,FACIAL CLEANSER WIPE,JOHNSON & JOHNSON,NEUTROGENA,1271605.026,1/1/2019,33,38533,c.$50 - $100
MASS,FACIAL SKIN CARE,FACIAL CLEANSER WIPE,JOHNSON & JOHNSON,NEUTROGENA,1322779.509,2/1/2019,60,22046,c.$50 - $100
MASS,FACIAL SKIN CARE,FACIAL CLEANSER WIPE,JOHNSON & JOHNSON,NEUTROGENA,1731312.836,3/1/2019,45,38474,c.$50 - $100
MASS,FACIAL SKIN CARE,FACIAL CLEANSER WIPE,JOHNSON & JOHNSON,NEUTROGENA,1274942.571,4/1/2019,59,21609,c.$50 - $100
MASS,FACIAL SKIN CARE,FACIAL CLEANSER WIPE,JOHNSON & JOHNSON,NEUTROGENA,1391601.688,5/1/2019,84,16567,c.$50 - $100
MASS,FACIAL SKIN CARE,FACIAL CLEANSER WIPE,JOHNSON & JOHNSON,NEUTROGENA,1780668.343,6/1/2019,28,63595,c.$50 - $100
MASS,FACIAL SKIN CARE,FACIAL CLEANSER WIPE,JOHNSON & JOHNSON,NEUTROGENA,1497059.576,7/1/2019,74,20231,c.$50 - $100
MASS,FACIAL SKIN CARE,FACIAL SKIN APPLIANCES,JOHNSON & JOHNSON,NEUTROGENA,679280.529,8/1/2017,8,84910,c.$50 - $100
MASS,FACIAL SKIN CARE,FACIAL SKIN APPLIANCES,JOHNSON & JOHNSON,NEUTROGENA,808779.686,9/1/2017,4,202195,d.$100+
MASS,FACIAL SKIN CARE,FACIAL SKIN APPLIANCES,JOHNSON & JOHNSON,NEUTROGENA,703383.403,10/1/2017,54,13026,c.$50 - $100
MASS,FACIAL SKIN CARE,FACIAL SKIN APPLIANCES,JOHNSON & JOHNSON,NEUTROGENA,987954.58,11/1/2017,48,20582,c.$50 - $100
MASS,FACIAL SKIN CARE,FACIAL SKIN APPLIANCES,JOHNSON & JOHNSON,NEUTROGENA,2120742.965,12/1/2017,13,163134,d.$100+
MASS,FACIAL SKIN CARE,FACIAL SKIN APPLIANCES,JOHNSON & JOHNSON,NEUTROGENA,2065976.431,1/1/2018,25,82639,c.$50 - $100
MASS,FACIAL SKIN CARE,FACIAL SKIN APPLIANCES,JOHNSON & JOHNSON,NEUTROGENA,1815669.274,2/1/2018,99,18340,c.$50 - $100
MASS,FACIAL SKIN CARE,FACIAL SKIN APPLIANCES,JOHNSON & JOHNSON,NEUTROGENA,2145891.301,3/1/2018,55,39016,c.$50 - $100
MASS,FACIAL SKIN CARE,FACIAL SKIN APPLIANCES,JOHNSON & JOHNSON,NEUTROGENA,1363695.965,4/1/2018,71,19207,c.$50 - $100
MASS,FACIAL SKIN CARE,FACIAL SKIN APPLIANCES,JOHNSON & JOHNSON,NEUTROGENA,1245633.232,5/1/2018,18,69202,c.$50 - $100
MASS,FACIAL SKIN CARE,FACIAL SKIN APPLIANCES,JOHNSON & JOHNSON,NEUTROGENA,1381390.982,6/1/2018,59,23413,c.$50 - $100
MASS,FACIAL SKIN CARE,FACIAL SKIN APPLIANCES,JOHNSON & JOHNSON,NEUTROGENA,1239695.819,7/1/2018,12,103308,d.$100+
MASS,FACIAL SKIN CARE,FACIAL SKIN APPLIANCES,JOHNSON & JOHNSON,NEUTROGENA,1768074.063,8/1/2018,50,35361,c.$50 - $100
MASS,FACIAL SKIN CARE,FACIAL SKIN APPLIANCES,JOHNSON & JOHNSON,NEUTROGENA,1912370.203,9/1/2018,18,106243,d.$100+
MASS,FACIAL SKIN CARE,FACIAL SKIN APPLIANCES,JOHNSON & JOHNSON,NEUTROGENA,1488017.146,10/1/2018,97,15340,c.$50 - $100
MASS,FACIAL SKIN CARE,FACIAL SKIN APPLIANCES,JOHNSON & JOHNSON,NEUTROGENA,1309318.394,11/1/2018,31,42236,c.$50 - $100
MASS,FACIAL SKIN CARE,FACIAL SKIN APPLIANCES,JOHNSON & JOHNSON,NEUTROGENA,1878524.881,12/1/2018,35,53672,c.$50 - $100
MASS,FACIAL SKIN CARE,FACIAL SKIN APPLIANCES,JOHNSON & JOHNSON,NEUTROGENA,1437528.02,1/1/2019,37,38852,c.$50 - $100
MASS,FACIAL SKIN CARE,FACIAL SKIN APPLIANCES,JOHNSON & JOHNSON,NEUTROGENA,1365958.096,2/1/2019,93,14688,c.$50 - $100
MASS,FACIAL SKIN CARE,FACIAL SKIN APPLIANCES,JOHNSON & JOHNSON,NEUTROGENA,1784005.031,3/1/2019,55,32436,c.$50 - $100
MASS,FACIAL SKIN CARE,FACIAL SKIN APPLIANCES,JOHNSON & JOHNSON,NEUTROGENA,1282316.336,4/1/2019,74,17329,c.$50 - $100
MASS,FACIAL SKIN CARE,FACIAL SKIN APPLIANCES,JOHNSON & JOHNSON,NEUTROGENA,1120042.038,5/1/2019,28,40002,c.$50 - $100
MASS,FACIAL SKIN CARE,FACIAL SKIN APPLIANCES,JOHNSON & JOHNSON,NEUTROGENA,1317941.945,6/1/2019,79,16683,c.$50 - $100
MASS,FACIAL SKIN CARE,FACIAL SKIN APPLIANCES,JOHNSON & JOHNSON,NEUTROGENA,1065988.379,7/1/2019,41,26000,c.$50 - $100
MASS,FACIAL SKIN CARE,FACIAL TREATMENT,JOHNSON & JOHNSON,NEUTROGENA,3081860.341,8/1/2017,64,48154,c.$50 - $100
MASS,FACIAL SKIN CARE,FACIAL TREATMENT,JOHNSON & JOHNSON,NEUTROGENA,3371073.242,9/1/2017,37,91110,c.$50 - $100
MASS,FACIAL SKIN CARE,FACIAL TREATMENT,JOHNSON & JOHNSON,NEUTROGENA,2484414.717,10/1/2017,6,414069,d.$100+
MASS,FACIAL SKIN CARE,FACIAL TREATMENT,JOHNSON & JOHNSON,NEUTROGENA,2410206.141,11/1/2017,83,29039,c.$50 - $100
MASS,FACIAL SKIN CARE,FACIAL TREATMENT,JOHNSON & JOHNSON,NEUTROGENA,2919516.025,12/1/2017,19,153659,d.$100+
MASS,FACIAL SKIN CARE,FACIAL TREATMENT,JOHNSON & JOHNSON,NEUTROGENA,2450133.762,1/1/2018,3,816711,d.$100+
MASS,FACIAL SKIN CARE,FACIAL TREATMENT,JOHNSON & JOHNSON,NEUTROGENA,2339138.535,2/1/2018,67,34913,c.$50 - $100
MASS,FACIAL SKIN CARE,FACIAL TREATMENT,JOHNSON & JOHNSON,NEUTROGENA,3018692.08,3/1/2018,52,58052,c.$50 - $100
MASS,FACIAL SKIN CARE,FACIAL TREATMENT,JOHNSON & JOHNSON,NEUTROGENA,2326436.876,4/1/2018,5,465287,d.$100+
MASS,FACIAL SKIN CARE,FACIAL TREATMENT,JOHNSON & JOHNSON,NEUTROGENA,2341929.995,5/1/2018,40,58548,c.$50 - $100
MASS,FACIAL SKIN CARE,FACIAL TREATMENT,JOHNSON & JOHNSON,NEUTROGENA,3087764.308,6/1/2018,2,1543882,d.$100+
MASS,FACIAL SKIN CARE,FACIAL TREATMENT,JOHNSON & JOHNSON,NEUTROGENA,2525552.266,7/1/2018,31,81469,c.$50 - $100
MASS,FACIAL SKIN CARE,FACIAL TREATMENT,JOHNSON & JOHNSON,NEUTROGENA,2866911.987,8/1/2018,18,159273,d.$100+
MASS,FACIAL SKIN CARE,FACIAL TREATMENT,JOHNSON & JOHNSON,NEUTROGENA,3206863.027,9/1/2018,37,86672,c.$50 - $100
MASS,FACIAL SKIN CARE,FACIAL TREATMENT,JOHNSON & JOHNSON,NEUTROGENA,2486818.987,10/1/2018,13,191294,d.$100+
MASS,FACIAL SKIN CARE,FACIAL TREATMENT,JOHNSON & JOHNSON,NEUTROGENA,2368596.816,11/1/2018,8,296075,d.$100+
MASS,FACIAL SKIN CARE,FACIAL TREATMENT,JOHNSON & JOHNSON,NEUTROGENA,2833853.353,12/1/2018,73,38820,c.$50 - $100
MASS,FACIAL SKIN CARE,FACIAL TREATMENT,JOHNSON & JOHNSON,NEUTROGENA,2231063.006,1/1/2019,68,32810,c.$50 - $100
MASS,FACIAL SKIN CARE,FACIAL TREATMENT,JOHNSON & JOHNSON,NEUTROGENA,2254087.697,2/1/2019,98,23001,c.$50 - $100
MASS,FACIAL SKIN CARE,FACIAL TREATMENT,JOHNSON & JOHNSON,NEUTROGENA,2985789.88,3/1/2019,82,36412,c.$50 - $100
MASS,FACIAL SKIN CARE,FACIAL TREATMENT,JOHNSON & JOHNSON,NEUTROGENA,2203319.132,4/1/2019,99,22256,c.$50 - $100
MASS,FACIAL SKIN CARE,FACIAL TREATMENT,JOHNSON & JOHNSON,NEUTROGENA,2298532.495,5/1/2019,96,23943,c.$50 - $100
MASS,FACIAL SKIN CARE,FACIAL TREATMENT,JOHNSON & JOHNSON,NEUTROGENA,2905419.144,6/1/2019,66,44022,c.$50 - $100
MASS,FACIAL SKIN CARE,FACIAL TREATMENT,JOHNSON & JOHNSON,NEUTROGENA,2517481.869,7/1/2019,28,89910,c.$50 - $100
MASS,FACIAL SKIN CARE,GENERAL/MULTIPURPOSE CLEANSER,JOHNSON & JOHNSON,NEUTROGENA,13983930.26,8/1/2017,15,932262,d.$100+
MASS,FACIAL SKIN CARE,GENERAL/MULTIPURPOSE CLEANSER,JOHNSON & JOHNSON,NEUTROGENA,14872768.74,9/1/2017,55,270414,d.$100+
MASS,FACIAL SKIN CARE,GENERAL/MULTIPURPOSE CLEANSER,JOHNSON & JOHNSON,NEUTROGENA,11003655.13,10/1/2017,26,423218,d.$100+
MASS,FACIAL SKIN CARE,GENERAL/MULTIPURPOSE CLEANSER,JOHNSON & JOHNSON,NEUTROGENA,10941669.92,11/1/2017,9,1215741,d.$100+
MASS,FACIAL SKIN CARE,GENERAL/MULTIPURPOSE CLEANSER,JOHNSON & JOHNSON,NEUTROGENA,13720343.44,12/1/2017,0,0,a.less than $25
MASS,FACIAL SKIN CARE,GENERAL/MULTIPURPOSE CLEANSER,JOHNSON & JOHNSON,NEUTROGENA,11244229.05,1/1/2018,83,135473,d.$100+
MASS,FACIAL SKIN CARE,GENERAL/MULTIPURPOSE CLEANSER,JOHNSON & JOHNSON,NEUTROGENA,10615565.26,2/1/2018,44,241263,d.$100+
MASS,FACIAL SKIN CARE,GENERAL/MULTIPURPOSE CLEANSER,JOHNSON & JOHNSON,NEUTROGENA,14091459.27,3/1/2018,20,704573,d.$100+
MASS,FACIAL SKIN CARE,GENERAL/MULTIPURPOSE CLEANSER,JOHNSON & JOHNSON,NEUTROGENA,10706987.56,4/1/2018,53,202019,d.$100+
MASS,FACIAL SKIN CARE,GENERAL/MULTIPURPOSE CLEANSER,JOHNSON & JOHNSON,NEUTROGENA,10838697.4,5/1/2018,17,637570,d.$100+
MASS,FACIAL SKIN CARE,GENERAL/MULTIPURPOSE CLEANSER,JOHNSON & JOHNSON,NEUTROGENA,13905391.18,6/1/2018,16,869087,d.$100+
MASS,FACIAL SKIN CARE,GENERAL/MULTIPURPOSE CLEANSER,JOHNSON & JOHNSON,NEUTROGENA,11519587.05,7/1/2018,78,147687,d.$100+
MASS,FACIAL SKIN CARE,GENERAL/MULTIPURPOSE CLEANSER,JOHNSON & JOHNSON,NEUTROGENA,12767381.99,8/1/2018,42,303985,d.$100+
MASS,FACIAL SKIN CARE,GENERAL/MULTIPURPOSE CLEANSER,JOHNSON & JOHNSON,NEUTROGENA,13840564.11,9/1/2018,38,364225,d.$100+
MASS,FACIAL SKIN CARE,GENERAL/MULTIPURPOSE CLEANSER,JOHNSON & JOHNSON,NEUTROGENA,10594360.34,10/1/2018,41,258399,d.$100+
MASS,FACIAL SKIN CARE,GENERAL/MULTIPURPOSE CLEANSER,JOHNSON & JOHNSON,NEUTROGENA,10229133.88,11/1/2018,39,262285,d.$100+
MASS,FACIAL SKIN CARE,GENERAL/MULTIPURPOSE CLEANSER,JOHNSON & JOHNSON,NEUTROGENA,12939305.63,12/1/2018,59,219310,d.$100+
MASS,FACIAL SKIN CARE,GENERAL/MULTIPURPOSE CLEANSER,JOHNSON & JOHNSON,NEUTROGENA,10070816.15,1/1/2019,100,100708,d.$100+
MASS,FACIAL SKIN CARE,GENERAL/MULTIPURPOSE CLEANSER,JOHNSON & JOHNSON,NEUTROGENA,10110568.62,2/1/2019,9,1123397,d.$100+
MASS,FACIAL SKIN CARE,GENERAL/MULTIPURPOSE CLEANSER,JOHNSON & JOHNSON,NEUTROGENA,13332478.54,3/1/2019,1,13332479,d.$100+
MASS,FACIAL SKIN CARE,GENERAL/MULTIPURPOSE CLEANSER,JOHNSON & JOHNSON,NEUTROGENA,9759821.44,4/1/2019,46,212170,d.$100+
MASS,FACIAL SKIN CARE,GENERAL/MULTIPURPOSE CLEANSER,JOHNSON & JOHNSON,NEUTROGENA,10360922.07,5/1/2019,18,575607,d.$100+
MASS,FACIAL SKIN CARE,GENERAL/MULTIPURPOSE CLEANSER,JOHNSON & JOHNSON,NEUTROGENA,12861463.58,6/1/2019,63,204150,d.$100+
MASS,FACIAL SKIN CARE,NIGHT FACIAL MOISTURIZER,JOHNSON & JOHNSON,NEUTROGENA,3589438.5,8/1/2017,6,598240,d.$100+
MASS,FACIAL SKIN CARE,NIGHT FACIAL MOISTURIZER,JOHNSON & JOHNSON,NEUTROGENA,4135699.636,9/1/2017,70,59081,c.$50 - $100
MASS,FACIAL SKIN CARE,NIGHT FACIAL MOISTURIZER,JOHNSON & JOHNSON,NEUTROGENA,3466082.212,10/1/2017,27,128373,d.$100+
MASS,FACIAL SKIN CARE,NIGHT FACIAL MOISTURIZER,JOHNSON & JOHNSON,NEUTROGENA,3837246.113,11/1/2017,50,76745,c.$50 - $100
MASS,FACIAL SKIN CARE,NIGHT FACIAL MOISTURIZER,JOHNSON & JOHNSON,NEUTROGENA,4262677.14,12/1/2017,42,101492,d.$100+
MASS,FACIAL SKIN CARE,NIGHT FACIAL MOISTURIZER,JOHNSON & JOHNSON,NEUTROGENA,4020976.082,1/1/2018,16,251311,d.$100+
MASS,FACIAL SKIN CARE,NIGHT FACIAL MOISTURIZER,JOHNSON & JOHNSON,NEUTROGENA,3623042.082,2/1/2018,17,213120,d.$100+
MASS,FACIAL SKIN CARE,NIGHT FACIAL MOISTURIZER,JOHNSON & JOHNSON,NEUTROGENA,4481307.538,3/1/2018,40,112033,d.$100+
MASS,FACIAL SKIN CARE,NIGHT FACIAL MOISTURIZER,JOHNSON & JOHNSON,NEUTROGENA,3143557.879,4/1/2018,2,1571779,d.$100+
MASS,FACIAL SKIN CARE,NIGHT FACIAL MOISTURIZER,JOHNSON & JOHNSON,NEUTROGENA,3221334.883,5/1/2018,42,76698,c.$50 - $100
MASS,FACIAL SKIN CARE,NIGHT FACIAL MOISTURIZER,JOHNSON & JOHNSON,NEUTROGENA,3504874.736,6/1/2018,37,94726,c.$50 - $100
MASS,FACIAL SKIN CARE,NIGHT FACIAL MOISTURIZER,JOHNSON & JOHNSON,NEUTROGENA,2740912.678,7/1/2018,22,124587,d.$100+
MASS,FACIAL SKIN CARE,NIGHT FACIAL MOISTURIZER,JOHNSON & JOHNSON,NEUTROGENA,2750097.483,8/1/2018,16,171881,d.$100+
MASS,FACIAL SKIN CARE,NIGHT FACIAL MOISTURIZER,JOHNSON & JOHNSON,NEUTROGENA,3447237.671,9/1/2018,3,1149079,d.$100+
MASS,FACIAL SKIN CARE,NIGHT FACIAL MOISTURIZER,JOHNSON & JOHNSON,NEUTROGENA,3139405.6,10/1/2018,6,523234,d.$100+
MASS,FACIAL SKIN CARE,NIGHT FACIAL MOISTURIZER,JOHNSON & JOHNSON,NEUTROGENA,3169801.488,11/1/2018,33,96055,c.$50 - $100
MASS,FACIAL SKIN CARE,NIGHT FACIAL MOISTURIZER,JOHNSON & JOHNSON,NEUTROGENA,3896945.811,12/1/2018,24,162373,d.$100+
MASS,FACIAL SKIN CARE,NIGHT FACIAL MOISTURIZER,JOHNSON & JOHNSON,NEUTROGENA,3003416.793,1/1/2019,67,44827,c.$50 - $100
MASS,FACIAL SKIN CARE,NIGHT FACIAL MOISTURIZER,JOHNSON & JOHNSON,NEUTROGENA,2830385.64,2/1/2019,97,29179,c.$50 - $100
MASS,FACIAL SKIN CARE,NIGHT FACIAL MOISTURIZER,JOHNSON & JOHNSON,NEUTROGENA,3750767.886,3/1/2019,31,120993,d.$100+
MASS,FACIAL SKIN CARE,NIGHT FACIAL MOISTURIZER,JOHNSON & JOHNSON,NEUTROGENA,2726748.325,4/1/2019,26,104875,d.$100+
MASS,FACIAL SKIN CARE,NIGHT FACIAL MOISTURIZER,JOHNSON & JOHNSON,NEUTROGENA,2790378.604,5/1/2019,12,232532,d.$100+
MASS,FACIAL SKIN CARE,NIGHT FACIAL MOISTURIZER,JOHNSON & JOHNSON,NEUTROGENA,3038524.311,6/1/2019,80,37982,c.$50 - $100
