data_for_container/data/Revlon Dataset Updated Aug 2019.csv
Channel,Category,Sub Category,Manufacturer,Brand,Revenue,Date,Units,Price,Price Tier
MASS,FACIAL SKIN CARE,TONER/ASTRINGENT,JOHNSON & JOHNSON,NEUTROGENA,1574267.928,8/1/2017,53,29703,c.$50 - $100
MASS,FACIAL SKIN CARE,TONER/ASTRINGENT,JOHNSON & JOHNSON,NEUTROGENA,1810905.723,9/1/2017,97,18669,c.$50 - $100
MASS,FACIAL SKIN CARE,TONER/ASTRINGENT,JOHNSON & JOHNSON,NEUTROGENA,1388647.009,10/1/2017,23,60376,c.$50 - $100
MASS,FACIAL SKIN CARE,TONER/ASTRINGENT,JOHNSON & JOHNSON,NEUTROGENA,1352955.816,11/1/2017,44,30749,c.$50 - $100
MASS,FACIAL SKIN CARE,TONER/ASTRINGENT,JOHNSON & JOHNSON,NEUTROGENA,1605406.506,12/1/2017,89,18038,c.$50 - $100
MASS,FACIAL SKIN CARE,TONER/ASTRINGENT,JOHNSON & JOHNSON,NEUTROGENA,1385883.265,1/1/2018,11,125989,d.$100+
MASS,FACIAL SKIN CARE,TONER/ASTRINGENT,JOHNSON & JOHNSON,NEUTROGENA,1362495.472,2/1/2018,20,68125,c.$50 - $100
MASS,FACIAL SKIN CARE,TONER/ASTRINGENT,JOHNSON & JOHNSON,NEUTROGENA,1775995.433,3/1/2018,21,84571,c.$50 - $100
MASS,FACIAL SKIN CARE,TONER/ASTRINGENT,JOHNSON & JOHNSON,NEUTROGENA,1388738.806,4/1/2018,63,22043,c.$50 - $100
MASS,FACIAL SKIN CARE,TONER/ASTRINGENT,JOHNSON & JOHNSON,NEUTROGENA,1388547,5/1/2018,64,21696,c.$50 - $100
MASS,FACIAL SKIN CARE,TONER/ASTRINGENT,JOHNSON & JOHNSON,NEUTROGENA,1791219.505,6/1/2018,78,22964,c.$50 - $100
MASS,FACIAL SKIN CARE,TONER/ASTRINGENT,JOHNSON & JOHNSON,NEUTROGENA,1527725.642,7/1/2018,44,34721,c.$50 - $100
MASS,FACIAL SKIN CARE,TONER/ASTRINGENT,JOHNSON & JOHNSON,NEUTROGENA,1641947.264,8/1/2018,1,1641947,d.$100+
MASS,FACIAL SKIN CARE,TONER/ASTRINGENT,JOHNSON & JOHNSON,NEUTROGENA,1850028.488,9/1/2018,47,39362,c.$50 - $100
MASS,FACIAL SKIN CARE,TONER/ASTRINGENT,JOHNSON & JOHNSON,NEUTROGENA,1429590.233,10/1/2018,56,25528,c.$50 - $100
MASS,FACIAL SKIN CARE,TONER/ASTRINGENT,JOHNSON & JOHNSON,NEUTROGENA,1359045.326,11/1/2018,2,679523,d.$100+
MASS,FACIAL SKIN CARE,TONER/ASTRINGENT,JOHNSON & JOHNSON,NEUTROGENA,1657771.73,12/1/2018,93,17826,c.$50 - $100
MASS,FACIAL SKIN CARE,TONER/ASTRINGENT,JOHNSON & JOHNSON,NEUTROGENA,1368921.474,1/1/2019,27,50701,c.$50 - $100
MASS,FACIAL SKIN CARE,TONER/ASTRINGENT,JOHNSON & JOHNSON,NEUTROGENA,1378519.41,2/1/2019,64,21539,c.$50 - $100
MASS,FACIAL SKIN CARE,TONER/ASTRINGENT,JOHNSON & JOHNSON,NEUTROGENA,1808325.981,3/1/2019,19,95175,c.$50 - $100
MASS,FACIAL SKIN CARE,TONER/ASTRINGENT,JOHNSON & JOHNSON,NEUTROGENA,1379021.391,4/1/2019,45,30645,c.$50 - $100
MASS,FACIAL SKIN CARE,TONER/ASTRINGENT,JOHNSON & JOHNSON,NEUTROGENA,1421001.044,5/1/2019,23,61783,c.$50 - $100
MASS,FACIAL SKIN CARE,TONER/ASTRINGENT,JOHNSON & JOHNSON,NEUTROGENA,1785067.095,6/1/2019,49,36430,c.$50 - $100
MASS,FACIAL SKIN CARE,TONERS,JOHNSON & JOHNSON,NEUTROGENA,506844.165,8/1/2017,15,33790,c.$50 - $100
MASS,FACIAL SKIN CARE,TONERS,JOHNSON & JOHNSON,NEUTROGENA,530437.785,9/1/2017,67,7917,c.$50 - $100
MASS,FACIAL SKIN CARE,TONERS,JOHNSON & JOHNSON,NEUTROGENA,425163.553,10/1/2017,30,14172,c.$50 - $100
MASS,FACIAL SKIN CARE,TONERS,JOHNSON & JOHNSON,NEUTROGENA,470219.45,11/1/2017,39,12057,c.$50 - $100
MASS,FACIAL SKIN CARE,TONERS,JOHNSON & JOHNSON,NEUTROGENA,487954.293,12/1/2017,95,5136,c.$50 - $100
MASS,FACIAL SKIN CARE,TONERS,JOHNSON & JOHNSON,NEUTROGENA,443107.964,1/1/2018,20,22155,c.$50 - $100
MASS,FACIAL SKIN CARE,TONERS,JOHNSON & JOHNSON,NEUTROGENA,454160.202,2/1/2018,30,15139,c.$50 - $100
MASS,FACIAL SKIN CARE,TONERS,JOHNSON & JOHNSON,NEUTROGENA,599124.968,3/1/2018,32,18723,c.$50 - $100
MASS,FACIAL SKIN CARE,TONERS,JOHNSON & JOHNSON,NEUTROGENA,432150.501,4/1/2018,12,36013,c.$50 - $100
MASS,FACIAL SKIN CARE,TONERS,JOHNSON & JOHNSON,NEUTROGENA,412251.018,5/1/2018,55,7495,c.$50 - $100
MASS,FACIAL SKIN CARE,TONERS,JOHNSON & JOHNSON,NEUTROGENA,491328.44,6/1/2018,1,491328,d.$100+
MASS,FACIAL SKIN CARE,TONERS,JOHNSON & JOHNSON,NEUTROGENA,401280.603,7/1/2018,10,40128,c.$50 - $100
MASS,FACIAL SKIN CARE,TONERS,JOHNSON & JOHNSON,NEUTROGENA,377777.585,8/1/2018,1,377778,d.$100+
MASS,FACIAL SKIN CARE,TONERS,JOHNSON & JOHNSON,NEUTROGENA,510886.346,9/1/2018,69,7404,c.$50 - $100
MASS,FACIAL SKIN CARE,TONERS,JOHNSON & JOHNSON,NEUTROGENA,493693.355,10/1/2018,6,82282,c.$50 - $100
MASS,FACIAL SKIN CARE,TONERS,JOHNSON & JOHNSON,NEUTROGENA,479745.827,11/1/2018,24,19989,c.$50 - $100
MASS,FACIAL SKIN CARE,TONERS,JOHNSON & JOHNSON,NEUTROGENA,514770.05,12/1/2018,34,15140,c.$50 - $100
MASS,FACIAL SKIN CARE,TONERS,JOHNSON & JOHNSON,NEUTROGENA,448389.818,1/1/2019,70,6406,c.$50 - $100
MASS,FACIAL SKIN CARE,TONERS,JOHNSON & JOHNSON,NEUTROGENA,485076.59,2/1/2019,97,5001,c.$50 - $100
MASS,FACIAL SKIN CARE,TONERS,JOHNSON & JOHNSON,NEUTROGENA,687537.676,3/1/2019,30,22918,c.$50 - $100
MASS,FACIAL SKIN CARE,TONERS,JOHNSON & JOHNSON,NEUTROGENA,506732.861,4/1/2019,85,5962,c.$50 - $100
MASS,FACIAL SKIN CARE,TONERS,JOHNSON & JOHNSON,NEUTROGENA,524907.372,5/1/2019,91,5768,c.$50 - $100
MASS,FACIAL SKIN CARE,TONERS,JOHNSON & JOHNSON,NEUTROGENA,622922.218,6/1/2019,26,23959,c.$50 - $100
MASS,FOOTCARE,CREAM,JOHNSON & JOHNSON,NEUTROGENA,43102.368,8/1/2017,47,917,a.less than $25
MASS,FOOTCARE,CREAM,JOHNSON & JOHNSON,NEUTROGENA,50095.278,9/1/2017,70,716,a.less than $25
MASS,FOOTCARE,CREAM,JOHNSON & JOHNSON,NEUTROGENA,20763.082,10/1/2017,44,472,a.less than $25
MASS,FOOTCARE,CREAM,JOHNSON & JOHNSON,NEUTROGENA,7389.222,11/1/2017,28,264,a.less than $25
MASS,FOOTCARE,CREAM,JOHNSON & JOHNSON,NEUTROGENA,10433.349,12/1/2017,86,121,a.less than $25
MASS,FOOTCARE,CREAM,JOHNSON & JOHNSON,NEUTROGENA,7545.133,1/1/2018,61,124,a.less than $25
MASS,FOOTCARE,CREAM,JOHNSON & JOHNSON,NEUTROGENA,14446.809,2/1/2018,32,451,a.less than $25
MASS,FOOTCARE,CREAM,JOHNSON & JOHNSON,NEUTROGENA,10312.936,3/1/2018,70,147,a.less than $25
MASS,FOOTCARE,CREAM,JOHNSON & JOHNSON,NEUTROGENA,6522.749,4/1/2018,82,80,a.less than $25
MASS,FOOTCARE,CREAM,JOHNSON & JOHNSON,NEUTROGENA,6073.095,5/1/2018,5,1215,a.less than $25
MASS,FOOTCARE,CREAM,JOHNSON & JOHNSON,NEUTROGENA,8904.952,6/1/2018,76,117,a.less than $25
MASS,FOOTCARE,CREAM,JOHNSON & JOHNSON,NEUTROGENA,8499.848,7/1/2018,9,944,a.less than $25
MASS,FOOTCARE,CREAM,JOHNSON & JOHNSON,NEUTROGENA,6981.586,8/1/2018,98,71,a.less than $25
MASS,FOOTCARE,CREAM,JOHNSON & JOHNSON,NEUTROGENA,8915.301,9/1/2018,20,446,a.less than $25
MASS,FOOTCARE,CREAM,JOHNSON & JOHNSON,NEUTROGENA,6871.368,10/1/2018,80,86,a.less than $25
MASS,FOOTCARE,CREAM,JOHNSON & JOHNSON,NEUTROGENA,5503.507,11/1/2018,10,550,a.less than $25
MASS,FOOTCARE,CREAM,JOHNSON & JOHNSON,NEUTROGENA,11884.534,12/1/2018,50,238,a.less than $25
MASS,FOOTCARE,CREAM,JOHNSON & JOHNSON,NEUTROGENA,9549.503,1/1/2019,48,199,a.less than $25
MASS,FOOTCARE,CREAM,JOHNSON & JOHNSON,NEUTROGENA,7715.774,2/1/2019,30,257,a.less than $25
MASS,FOOTCARE,CREAM,JOHNSON & JOHNSON,NEUTROGENA,8565.956,3/1/2019,62,138,a.less than $25
MASS,FOOTCARE,CREAM,JOHNSON & JOHNSON,NEUTROGENA,5019.578,4/1/2019,69,73,a.less than $25
MASS,FOOTCARE,CREAM,JOHNSON & JOHNSON,NEUTROGENA,4631.34,5/1/2019,93,50,a.less than $25
MASS,FOOTCARE,CREAM,JOHNSON & JOHNSON,NEUTROGENA,8649.829,6/1/2019,35,247,a.less than $25
MASS,HAIR CARE,CONDITIONER,JOHNSON & JOHNSON,NEUTROGENA,280062.481,8/1/2017,6,46677,c.$50 - $100
MASS,HAIR CARE,CONDITIONER,JOHNSON & JOHNSON,NEUTROGENA,324112.575,9/1/2017,96,3376,b.$25 - $50
MASS,HAIR CARE,CONDITIONER,JOHNSON & JOHNSON,NEUTROGENA,255091.443,10/1/2017,71,3593,b.$25 - $50
MASS,HAIR CARE,CONDITIONER,JOHNSON & JOHNSON,NEUTROGENA,255895.828,11/1/2017,79,3239,b.$25 - $50
MASS,HAIR CARE,CONDITIONER,JOHNSON & JOHNSON,NEUTROGENA,327451.086,12/1/2017,67,4887,b.$25 - $50
MASS,HAIR CARE,CONDITIONER,JOHNSON & JOHNSON,NEUTROGENA,256798.823,1/1/2018,82,3132,b.$25 - $50
MASS,HAIR CARE,CONDITIONER,JOHNSON & JOHNSON,NEUTROGENA,233527.389,2/1/2018,28,8340,c.$50 - $100
MASS,HAIR CARE,CONDITIONER,JOHNSON & JOHNSON,NEUTROGENA,301256.143,3/1/2018,73,4127,b.$25 - $50
MASS,HAIR CARE,CONDITIONER,JOHNSON & JOHNSON,NEUTROGENA,225490.793,4/1/2018,32,7047,c.$50 - $100
MASS,HAIR CARE,CONDITIONER,JOHNSON & JOHNSON,NEUTROGENA,226181.777,5/1/2018,86,2630,b.$25 - $50
MASS,HAIR CARE,CONDITIONER,JOHNSON & JOHNSON,NEUTROGENA,288018.726,6/1/2018,25,11521,c.$50 - $100
MASS,HAIR CARE,CONDITIONER,JOHNSON & JOHNSON,NEUTROGENA,221394.778,7/1/2018,14,15814,c.$50 - $100
MASS,HAIR CARE,CONDITIONER,JOHNSON & JOHNSON,NEUTROGENA,214021.574,8/1/2018,18,11890,c.$50 - $100
MASS,HAIR CARE,CONDITIONER,JOHNSON & JOHNSON,NEUTROGENA,262147.223,9/1/2018,76,3449,b.$25 - $50
MASS,HAIR CARE,CONDITIONER,JOHNSON & JOHNSON,NEUTROGENA,210764.634,10/1/2018,71,2969,b.$25 - $50
MASS,HAIR CARE,CONDITIONER,JOHNSON & JOHNSON,NEUTROGENA,205175.066,11/1/2018,27,7599,c.$50 - $100
MASS,HAIR CARE,CONDITIONER,JOHNSON & JOHNSON,NEUTROGENA,252927.453,12/1/2018,44,5748,c.$50 - $100
MASS,HAIR CARE,CONDITIONER,JOHNSON & JOHNSON,NEUTROGENA,196224.659,1/1/2019,42,4672,b.$25 - $50
MASS,HAIR CARE,CONDITIONER,JOHNSON & JOHNSON,NEUTROGENA,177292.046,2/1/2019,49,3618,b.$25 - $50
MASS,HAIR CARE,CONDITIONER,JOHNSON & JOHNSON,NEUTROGENA,232736.01,3/1/2019,36,6465,c.$50 - $100
MASS,HAIR CARE,CONDITIONER,JOHNSON & JOHNSON,NEUTROGENA,179100.543,4/1/2019,20,8955,c.$50 - $100
MASS,HAIR CARE,CONDITIONER,JOHNSON & JOHNSON,NEUTROGENA,175482.244,5/1/2019,99,1773,a.less than $25
MASS,HAIR CARE,CONDITIONER,JOHNSON & JOHNSON,NEUTROGENA,233383.635,6/1/2019,86,2714,b.$25 - $50
MASS,HAIR CARE,SHAMPOO,JOHNSON & JOHNSON,NEUTROGENA,3155022.357,8/1/2017,43,73373,c.$50 - $100
MASS,HAIR CARE,SHAMPOO,JOHNSON & JOHNSON,NEUTROGENA,3923281.807,9/1/2017,70,56047,c.$50 - $100
MASS,HAIR CARE,SHAMPOO,JOHNSON & JOHNSON,NEUTROGENA,3278468.815,10/1/2017,68,48213,c.$50 - $100
MASS,HAIR CARE,SHAMPOO,JOHNSON & JOHNSON,NEUTROGENA,3342898.835,11/1/2017,57,58647,c.$50 - $100
MASS,HAIR CARE,SHAMPOO,JOHNSON & JOHNSON,NEUTROGENA,4177813.935,12/1/2017,0,0,a.less than $25
MASS,HAIR CARE,SHAMPOO,JOHNSON & JOHNSON,NEUTROGENA,3429975.847,1/1/2018,54,63518,c.$50 - $100
MASS,HAIR CARE,SHAMPOO,JOHNSON & JOHNSON,NEUTROGENA,3296395.774,2/1/2018,51,64635,c.$50 - $100
MASS,HAIR CARE,SHAMPOO,JOHNSON & JOHNSON,NEUTROGENA,4143219.903,3/1/2018,1,4143220,d.$100+
MASS,HAIR CARE,SHAMPOO,JOHNSON & JOHNSON,NEUTROGENA,3152114.849,4/1/2018,65,48494,c.$50 - $100
MASS,HAIR CARE,SHAMPOO,JOHNSON & JOHNSON,NEUTROGENA,3150270.038,5/1/2018,95,33161,c.$50 - $100
MASS,HAIR CARE,SHAMPOO,JOHNSON & JOHNSON,NEUTROGENA,3854839.465,6/1/2018,98,39335,c.$50 - $100
MASS,HAIR CARE,SHAMPOO,JOHNSON & JOHNSON,NEUTROGENA,3126643.339,7/1/2018,44,71060,c.$50 - $100
MASS,HAIR CARE,SHAMPOO,JOHNSON & JOHNSON,NEUTROGENA,3153087.527,8/1/2018,62,50856,c.$50 - $100
MASS,HAIR CARE,SHAMPOO,JOHNSON & JOHNSON,NEUTROGENA,4005989.817,9/1/2018,27,148370,d.$100+
MASS,HAIR CARE,SHAMPOO,JOHNSON & JOHNSON,NEUTROGENA,3334288.849,10/1/2018,42,79388,c.$50 - $100
MASS,HAIR CARE,SHAMPOO,JOHNSON & JOHNSON,NEUTROGENA,3255025.101,11/1/2018,43,75698,c.$50 - $100
MASS,HAIR CARE,SHAMPOO,JOHNSON & JOHNSON,NEUTROGENA,4151930.609,12/1/2018,44,94362,c.$50 - $100
MASS,HAIR CARE,SHAMPOO,JOHNSON & JOHNSON,NEUTROGENA,3391789.772,1/1/2019,28,121135,d.$100+
MASS,HAIR CARE,SHAMPOO,JOHNSON & JOHNSON,NEUTROGENA,3427052.649,2/1/2019,69,49667,c.$50 - $100
MASS,HAIR CARE,SHAMPOO,JOHNSON & JOHNSON,NEUTROGENA,4382727.071,3/1/2019,0,0,a.less than $25
MASS,HAIR CARE,SHAMPOO,JOHNSON & JOHNSON,NEUTROGENA,3317013.246,4/1/2019,2,1658507,d.$100+
MASS,HAIR CARE,SHAMPOO,JOHNSON & JOHNSON,NEUTROGENA,3196346.922,5/1/2019,53,60308,c.$50 - $100
MASS,HAIR CARE,SHAMPOO,JOHNSON & JOHNSON,NEUTROGENA,4000657.875,6/1/2019,97,41244,c.$50 - $100
MASS,HAIR CARE,TREATMENT,JOHNSON & JOHNSON,NEUTROGENA,277580.172,8/1/2017,97,2862,b.$25 - $50
MASS,HAIR CARE,TREATMENT,JOHNSON & JOHNSON,NEUTROGENA,320996.357,9/1/2017,72,4458,b.$25 - $50
MASS,HAIR CARE,TREATMENT,JOHNSON & JOHNSON,NEUTROGENA,247964.652,10/1/2017,55,4508,b.$25 - $50
MASS,HAIR CARE,TREATMENT,JOHNSON & JOHNSON,NEUTROGENA,244008.361,11/1/2017,51,4784,b.$25 - $50
MASS,HAIR CARE,TREATMENT,JOHNSON & JOHNSON,NEUTROGENA,322806.368,12/1/2017,16,20175,c.$50 - $100
MASS,HAIR CARE,TREATMENT,JOHNSON & JOHNSON,NEUTROGENA,242006.746,1/1/2018,29,8345,c.$50 - $100
MASS,HAIR CARE,TREATMENT,JOHNSON & JOHNSON,NEUTROGENA,197974.747,2/1/2018,99,2000,a.less than $25
MASS,HAIR CARE,TREATMENT,JOHNSON & JOHNSON,NEUTROGENA,255068.834,3/1/2018,77,3313,b.$25 - $50
MASS,HAIR CARE,TREATMENT,JOHNSON & JOHNSON,NEUTROGENA,194464.565,4/1/2018,85,2288,a.less than $25
MASS,HAIR CARE,TREATMENT,JOHNSON & JOHNSON,NEUTROGENA,186538.892,5/1/2018,97,1923,a.less than $25
MASS,HAIR CARE,TREATMENT,JOHNSON & JOHNSON,NEUTROGENA,236659.505,6/1/2018,19,12456,c.$50 - $100
MASS,HAIR CARE,TREATMENT,JOHNSON & JOHNSON,NEUTROGENA,200697.34,7/1/2018,37,5424,c.$50 - $100
MASS,HAIR CARE,TREATMENT,JOHNSON & JOHNSON,NEUTROGENA,187618.557,8/1/2018,15,12508,c.$50 - $100
MASS,HAIR CARE,TREATMENT,JOHNSON & JOHNSON,NEUTROGENA,222767.039,9/1/2018,91,2448,a.less than $25
MASS,HAIR CARE,TREATMENT,JOHNSON & JOHNSON,NEUTROGENA,181062.534,10/1/2018,67,2702,b.$25 - $50
MASS,HAIR CARE,TREATMENT,JOHNSON & JOHNSON,NEUTROGENA,168398.967,11/1/2018,85,1981,a.less than $25
MASS,HAIR CARE,TREATMENT,JOHNSON & JOHNSON,NEUTROGENA,209953.606,12/1/2018,8,26244,c.$50 - $100
MASS,HAIR CARE,TREATMENT,JOHNSON & JOHNSON,NEUTROGENA,153501.608,1/1/2019,86,1785,a.less than $25
MASS,HAIR CARE,TREATMENT,JOHNSON & JOHNSON,NEUTROGENA,136580.064,2/1/2019,10,13658,c.$50 - $100
MASS,HAIR CARE,TREATMENT,JOHNSON & JOHNSON,NEUTROGENA,167797.008,3/1/2019,58,2893,b.$25 - $50
MASS,HAIR CARE,TREATMENT,JOHNSON & JOHNSON,NEUTROGENA,125153.761,4/1/2019,91,1375,a.less than $25
MASS,HAIR CARE,TREATMENT,JOHNSON & JOHNSON,NEUTROGENA,120290.901,5/1/2019,100,1203,a.less than $25
MASS,HAIR CARE,TREATMENT,JOHNSON & JOHNSON,NEUTROGENA,152124.355,6/1/2019,41,3710,b.$25 - $50
MASS,HBL,HAND/ARM,JOHNSON & JOHNSON,NEUTROGENA,404835.88,8/1/2017,40,10121,c.$50 - $100
MASS,HBL,HAND/ARM,JOHNSON & JOHNSON,NEUTROGENA,576059.238,9/1/2017,61,9444,c.$50 - $100
MASS,HBL,HAND/ARM,JOHNSON & JOHNSON,NEUTROGENA,563040.398,10/1/2017,51,11040,c.$50 - $100
MASS,HBL,HAND/ARM,JOHNSON & JOHNSON,NEUTROGENA,763381.549,11/1/2017,67,11394,c.$50 - $100
MASS,HBL,HAND/ARM,JOHNSON & JOHNSON,NEUTROGENA,1628580.229,12/1/2017,100,16286,c.$50 - $100
MASS,HBL,HAND/ARM,JOHNSON & JOHNSON,NEUTROGENA,908515.308,1/1/2018,6,151419,d.$100+
MASS,HBL,HAND/ARM,JOHNSON & JOHNSON,NEUTROGENA,760590.137,2/1/2018,44,17286,c.$50 - $100
MASS,HBL,HAND/ARM,JOHNSON & JOHNSON,NEUTROGENA,918332.904,3/1/2018,42,21865,c.$50 - $100
MASS,HBL,HAND/ARM,JOHNSON & JOHNSON,NEUTROGENA,557333.944,4/1/2018,52,10718,c.$50 - $100
MASS,HBL,HAND/ARM,JOHNSON & JOHNSON,NEUTROGENA,511674.221,5/1/2018,91,5623,c.$50 - $100
MASS,HBL,HAND/ARM,JOHNSON & JOHNSON,NEUTROGENA,504635.352,6/1/2018,83,6080,c.$50 - $100
MASS,HBL,HAND/ARM,JOHNSON & JOHNSON,NEUTROGENA,380457.117,7/1/2018,11,34587,c.$50 - $100
MASS,HBL,HAND/ARM,JOHNSON & JOHNSON,NEUTROGENA,393259.485,8/1/2018,18,21848,c.$50 - $100
MASS,HBL,HAND/ARM,JOHNSON & JOHNSON,NEUTROGENA,502548.831,9/1/2018,55,9137,c.$50 - $100
MASS,HBL,HAND/ARM,JOHNSON & JOHNSON,NEUTROGENA,539141.447,10/1/2018,91,5925,c.$50 - $100
MASS,HBL,HAND/ARM,JOHNSON & JOHNSON,NEUTROGENA,833329.294,11/1/2018,43,19380,c.$50 - $100
MASS,HBL,HAND/ARM,JOHNSON & JOHNSON,NEUTROGENA,1589491.998,12/1/2018,63,25230,c.$50 - $100
MASS,HBL,HAND/ARM,JOHNSON & JOHNSON,NEUTROGENA,1125506.141,1/1/2019,70,16079,c.$50 - $100
MASS,HBL,HAND/ARM,JOHNSON & JOHNSON,NEUTROGENA,782022.033,2/1/2019,31,25227,c.$50 - $100
MASS,HBL,HAND/ARM,JOHNSON & JOHNSON,NEUTROGENA,930602.88,3/1/2019,49,18992,c.$50 - $100
MASS,HBL,HAND/ARM,JOHNSON & JOHNSON,NEUTROGENA,627834.968,4/1/2019,7,89691,c.$50 - $100
MASS,HBL,HAND/ARM,JOHNSON & JOHNSON,NEUTROGENA,483081.095,5/1/2019,30,16103,c.$50 - $100
MASS,HBL,HAND/ARM,JOHNSON & JOHNSON,NEUTROGENA,487812.122,6/1/2019,19,25674,c.$50 - $100
